testlog

2019年2月15日4时53分7秒	通过fd发送了一次数据，fd为:22
2019年2月15日4时53分7秒	通过fd发送了一次数据，fd为:21
2019年2月15日4时53分7秒	通过fd发送了一次数据，fd为:23
2019年2月15日4时53分7秒	通过fd发送了一次数据，fd为:25
2019年2月15日4时53分7秒	通过fd发送了一次数据，fd为:26
2019年2月15日4时53分7秒	通过fd发送了一次数据，fd为:27
2019年2月15日4时53分7秒	通过fd发送了一次数据，fd为:28
2019年2月15日4时53分7秒	通过fd发送了一次数据，fd为:30
2019年2月15日4时53分7秒	通过fd发送了一次数据，fd为:21
2019年2月15日4时53分7秒	通过fd发送了一次数据，fd为:22
2019年2月15日4时53分7秒	通过fd发送了一次数据，fd为:23
2019年2月15日4时53分7秒	通过fd发送了一次数据，fd为:21
2019年2月15日4时53分7秒	通过fd发送了一次数据，fd为:22
2019年2月15日4时53分7秒	通过fd发送了一次数据，fd为:21
2019年2月15日4时53分7秒	通过fd发送了一次数据，fd为:
2019年2月15日4时53分7秒	通过fd发送了一次数据，fd为:23
2019年2月15日4时53分7秒	通过fd发送了一次数据，fd为:22
2019年2月15日4时53分7秒	通过fd发送了一次数据，fd为:21
2019年2月15日4时53分7秒	通过fd发送了一次数据，fd为:22
2019年2月15日4时53分7秒	通过fd发送了一次数据，fd为:23
2019年2月15日4时53分7秒	通过fd发送了一次数据，fd为:22
2019年2月15日4时53分7秒	通过fd发送了一次数据，fd为:21
2019年2月15日4时53分7秒	通过fd发送了一次数据，fd为:22
2019年2月15日4时53分7秒	通过fd发送了一次数据，fd为:21
2019年2月15日4时53分7秒	通过fd发送了一次数据，fd为:21
2019年2月15日4时53分7秒	通过fd发送了一次数据，fd为:21
2019年2月15日4时53分7秒	通过fd发送了一次数据，fd为:21
2019年2月15日4时53分7秒	通过fd发送了一次数据，fd为:21
2019年2月15日4时53分7秒	通过fd发送了一次数据，fd为:21
2019年2月15日4时53分7秒	通过fd发送了一次数据，fd为:
2019年2月15日4时53分7秒	通过fd发送了一次数据，fd为:21
2019年2月15日4时53分7秒	通过fd发送了一次数据，fd为:21
2019年2月15日4时53分7秒	通过fd发送了一次数据，fd为:21
2019年2月15日4时53分7秒	通过fd发送了一次数据，fd为:22
2019年2月15日4时53分7秒	通过fd发送了一次数据，fd为:21
2019年2月15日4时53分7秒	通过fd发送了一次数据，fd为:21
2019年2月15日4时53分7秒	通过fd发送了一次数据，fd为:22
2019年2月15日4时53分7秒	通过fd发送了一次数据，fd为:21
2019年2月15日4时53分7秒	通过fd发送了一次数据，fd为:22
2019年2月15日4时53分7秒	通过fd发送了一次数据，fd为:21
2019年2月15日4时53分7秒	通过fd发送了一次数据，fd为:21
2019年2月15日4时53分7秒	通过fd发送了一次数据，fd为:21
2019年2月15日4时53分7秒	通过fd发送了一次数据，fd为:21
2019年2月15日4时53分7秒	通过fd发送了一次数据，fd为:21
2019年2月15日4时53分7秒	通过fd发送了一次数据，fd为:
2019年2月15日4时53分8秒	通过fd发送了一次数据，fd为:21
2019年2月15日4时53分8秒	发送失败:21
2019年2月15日4时53分8秒	通过fd发送了一次数据，fd为:22
2019年2月15日4时53分8秒	通过fd发送了一次数据，fd为:21
2019年2月15日4时53分8秒	通过fd发送了一次数据，fd为:22
2019年2月15日4时53分8秒	通过fd发送了一次数据，fd为:21
2019年2月15日4时53分8秒	通过fd发送了一次数据，fd为:21
2019年2月15日4时53分8秒	通过fd发送了一次数据，fd为:22
2019年2月15日4时53分8秒	通过fd发送了一次数据，fd为:21
2019年2月15日4时53分8秒	通过fd发送了一次数据，fd为:21
2019年2月15日4时53分8秒	通过fd发送了一次数据，fd为:21
2019年2月15日4时53分8秒	通过fd发送了一次数据，fd为:22
2019年2月15日4时53分8秒	通过fd发送了一次数据，fd为:21
2019年2月15日4时53分8秒	通过fd发送了一次数据，fd为:21
2019年2月15日4时53分8秒	通过fd发送了一次数据，fd为:
22
2019年2月15日4时53分8秒	通过fd发送了一次数据，fd为:21
2019年2月15日4时53分8秒	通过fd发送了一次数据，fd为:21
2019年2月15日4时53分8秒	通过fd发送了一次数据，fd为:22
2019年2月15日4时53分8秒	通过fd发送了一次数据，fd为:21
2019年2月15日4时53分8秒	通过fd发送了一次数据，fd为:22
2019年2月15日4时53分8秒	通过fd发送了一次数据，fd为:21
2019年2月15日4时53分8秒	通过fd发送了一次数据，fd为:21
2019年2月15日4时53分8秒	通过fd发送了一次数据，fd为:22
2019年2月15日4时53分8秒	通过fd发送了一次数据，fd为:21
2019年2月15日4时53分8秒	通过fd发送了一次数据，fd为:22
2019年2月15日4时53分8秒	通过fd发送了一次数据，fd为:21
2019年2月15日4时53分8秒	通过fd发送了一次数据，fd为:21
2019年2月15日4时53分8秒	通过fd发送了一次数据，fd为:21
2019年2月15日4时53分8秒	通过fd发送了一次数据，fd为:22
2019年2月15日4时53分8秒	通过fd发送了一次数据，fd为:
testlog

2019年2月15日4时53分58秒	通过fd发送了一次数据，fd为:21
2019年2月15日4时53分58秒	通过fd发送了一次数据，fd为:22
2019年2月15日4时53分58秒	通过fd发送了一次数据，fd为:23
2019年2月15日4时53分58秒	通过fd发送了一次数据，fd为:25
2019年2月15日4时53分58秒	通过fd发送了一次数据，fd为:26
2019年2月15日4时53分58秒	通过fd发送了一次数据，fd为:21
2019年2月15日4时53分58秒	通过fd发送了一次数据，fd为:22
2019年2月15日4时53分58秒	通过fd发送了一次数据，fd为:21
2019年2月15日4时53分58秒	通过fd发送了一次数据，fd为:22
2019年2月15日4时53分58秒	通过fd发送了一次数据，fd为:21
2019年2月15日4时53分58秒	通过fd发送了一次数据，fd为:22
2019年2月15日4时53分58秒	通过fd发送了一次数据，fd为:21
2019年2月15日4时53分58秒	通过fd发送了一次数据，fd为:22
2019年2月15日4时53分58秒	通过fd发送了一次数据，fd为:
2019年2月15日4时53分58秒	通过fd发送了一次数据，fd为:22
2019年2月15日4时53分58秒	通过fd发送了一次数据，fd为:21
2019年2月15日4时53分58秒	通过fd发送了一次数据，fd为:21
2019年2月15日4时53分58秒	通过fd发送了一次数据，fd为:22
2019年2月15日4时53分58秒	通过fd发送了一次数据，fd为:21
2019年2月15日4时53分58秒	通过fd发送了一次数据，fd为:21
2019年2月15日4时53分58秒	通过fd发送了一次数据，fd为:22
2019年2月15日4时53分58秒	通过fd发送了一次数据，fd为:21
2019年2月15日4时53分58秒	通过fd发送了一次数据，fd为:21
2019年2月15日4时53分58秒	通过fd发送了一次数据，fd为:21
2019年2月15日4时53分58秒	通过fd发送了一次数据，fd为:22
2019年2月15日4时53分58秒	通过fd发送了一次数据，fd为:21
2019年2月15日4时53分58秒	通过fd发送了一次数据，fd为:22
2019年2月15日4时53分58秒	通过fd发送了一次数据，fd为:
2019年2月15日4时53分58秒	通过fd发送了一次数据，fd为:22
2019年2月15日4时53分58秒	通过fd发送了一次数据，fd为:21
2019年2月15日4时53分58秒	通过fd发送了一次数据，fd为:22
2019年2月15日4时53分58秒	通过fd发送了一次数据，fd为:21
2019年2月15日4时53分58秒	通过fd发送了一次数据，fd为:22

2019年2月15日4时53分59秒	通过fd发送了一次数据，fd为:21
2019年2月15日4时53分59秒	通过fd发送了一次数据，fd为:22
2019年2月15日4时53分59秒	通过fd发送了一次数据，fd为:21
2019年2月15日4时53分59秒	通过fd发送了一次数据，fd为:22
2019年2月15日4时53分59秒	通过fd发送了一次数据，fd为:21
2019年2月15日4时53分59秒	通过fd发送了一次数据，fd为:22
2019年2月15日4时53分59秒	通过fd发送了一次数据，fd为:21
2019年2月15日4时53分59秒	通过fd发送了一次数据，fd为:22
2019年2月15日4时53分59秒	通过fd发送了一次数据，fd为:21
2019年2月15日4时53分59秒	通过fd发送了一次数据，fd为:22
2019年2月15日4时53分59秒	通过fd发送了一次数据，fd为:21
2019年2月15日4时53分59秒	通过fd发送了一次数据，fd为:22
2019年2月15日4时53分59秒	通过fd发送了一次数据，fd为:21
2019年2月15日4时53分59秒	通过fd发送了一次数据，fd为:
22
2019年2月15日4时53分59秒	通过fd发送了一次数据，fd为:21
2019年2月15日4时53分59秒	通过fd发送了一次数据，fd为:22
2019年2月15日4时53分59秒	通过fd发送了一次数据，fd为:21
2019年2月15日4时53分59秒	通过fd发送了一次数据，fd为:21
2019年2月15日4时53分59秒	通过fd发送了一次数据，fd为:21
2019年2月15日4时53分59秒	通过fd发送了一次数据，fd为:22
2019年2月15日4时53分59秒	通过fd发送了一次数据，fd为:21
2019年2月15日4时53分59秒	通过fd发送了一次数据，fd为:22
2019年2月15日4时53分59秒	通过fd发送了一次数据，fd为:21
2019年2月15日4时53分59秒	通过fd发送了一次数据，fd为:21
2019年2月15日4时53分59秒	通过fd发送了一次数据，fd为:21
2019年2月15日4时53分59秒	通过fd发送了一次数据，fd为:21
2019年2月15日4时53分59秒	通过fd发送了一次数据，fd为:21
2019年2月15日4时53分59秒	通过fd发送了一次数据，fd为:
2019年2月15日4时53分59秒	通过fd发送了一次数据，fd为:21
2019年2月15日4时53分59秒	通过fd发送了一次数据，fd为:22
2019年2月15日4时53分59秒	通过fd发送了一次数据，fd为:21
2019年2月15日4时53分59秒	通过fd发送了一次数据，fd为:22
2019年2月15日4时53分59秒	通过fd发送了一次数据，fd为:21
2019年2月15日4时53分59秒	通过fd发送了一次数据，fd为:22
2019年2月15日4时53分59秒	通过fd发送了一次数据，fd为:21
2019年2月15日4时53分59秒	通过fd发送了一次数据，fd为:22
2019年2月15日4时53分59秒	通过fd发送了一次数据，fd为:21
2019年2月15日4时53分59秒	通过fd发送了一次数据，fd为:22
2019年2月15日4时53分59秒	通过fd发送了一次数据，fd为:21
2019年2月15日4时53分59秒	通过fd发送了一次数据，fd为:22
2019年2月15日4时53分59秒	通过fd发送了一次数据，fd为:21
2019年2月15日4时53分59秒	通过fd发送了一次数据，fd为:
testlog

2019年2月15日4时54分28秒	通过fd发送了一次数据，fd为:21
2019年2月15日4时54分28秒	通过fd发送了一次数据，fd为:22
2019年2月15日4时54分28秒	通过fd发送了一次数据，fd为:23
2019年2月15日4时54分28秒	通过fd发送了一次数据，fd为:25
2019年2月15日4时54分28秒	通过fd发送了一次数据，fd为:23
2019年2月15日4时54分28秒	通过fd发送了一次数据，fd为:21
2019年2月15日4时54分28秒	通过fd发送了一次数据，fd为:22
2019年2月15日4时54分28秒	通过fd发送了一次数据，fd为:21
2019年2月15日4时54分28秒	通过fd发送了一次数据，fd为:22
2019年2月15日4时54分28秒	通过fd发送了一次数据，fd为:25
2019年2月15日4时54分28秒	通过fd发送了一次数据，fd为:21
2019年2月15日4时54分28秒	通过fd发送了一次数据，fd为:22
2019年2月15日4时54分28秒	通过fd发送了一次数据，fd为:21
2019年2月15日4时54分28秒	通过fd发送了一次数据，fd为:
2019年2月15日4时54分28秒	通过fd发送了一次数据，fd为:21
2019年2月15日4时54分28秒	通过fd发送了一次数据，fd为:21
2019年2月15日4时54分28秒	通过fd发送了一次数据，fd为:22
2019年2月15日4时54分28秒	通过fd发送了一次数据，fd为:21
2019年2月15日4时54分28秒	通过fd发送了一次数据，fd为:22
2019年2月15日4时54分28秒	通过fd发送了一次数据，fd为:21
2019年2月15日4时54分28秒	通过fd发送了一次数据，fd为:22
2019年2月15日4时54分28秒	通过fd发送了一次数据，fd为:21
2019年2月15日4时54分28秒	通过fd发送了一次数据，fd为:21
2019年2月15日4时54分28秒	通过fd发送了一次数据，fd为:22
2019年2月15日4时54分28秒	通过fd发送了一次数据，fd为:21

2019年2月15日4时54分28秒	通过fd发送了一次数据，fd为:22
2019年2月15日4时54分29秒	通过fd发送了一次数据，fd为:21
2019年2月15日4时54分29秒	通过fd发送了一次数据，fd为:23
2019年2月15日4时54分29秒	通过fd发送了一次数据，fd为:21
2019年2月15日4时54分29秒	通过fd发送了一次数据，fd为:23
2019年2月15日4时54分29秒	通过fd发送了一次数据，fd为:21
2019年2月15日4时54分29秒	通过fd发送了一次数据，fd为:23
2019年2月15日4时54分29秒	通过fd发送了一次数据，fd为:21
2019年2月15日4时54分29秒	通过fd发送了一次数据，fd为:23
2019年2月15日4时54分29秒	通过fd发送了一次数据，fd为:21
2019年2月15日4时54分29秒	通过fd发送了一次数据，fd为:23
2019年2月15日4时54分29秒	通过fd发送了一次数据，fd为:21
2019年2月15日4时54分29秒	通过fd发送了一次数据，fd为:21
2019年2月15日4时54分29秒	通过fd发送了一次数据，fd为:
2019年2月15日4时54分29秒	通过fd发送了一次数据，fd为:21
2019年2月15日4时54分29秒	通过fd发送了一次数据，fd为:21
2019年2月15日4时54分29秒	通过fd发送了一次数据，fd为:21
2019年2月15日4时54分29秒	通过fd发送了一次数据，fd为:23
2019年2月15日4时54分29秒	通过fd发送了一次数据，fd为:21
2019年2月15日4时54分29秒	通过fd发送了一次数据，fd为:23
2019年2月15日4时54分29秒	通过fd发送了一次数据，fd为:21
2019年2月15日4时54分29秒	通过fd发送了一次数据，fd为:21
2019年2月15日4时54分29秒	通过fd发送了一次数据，fd为:23
2019年2月15日4时54分29秒	通过fd发送了一次数据，fd为:21
2019年2月15日4时54分29秒	通过fd发送了一次数据，fd为:21
2019年2月15日4时54分29秒	通过fd发送了一次数据，fd为:21
2019年2月15日4时54分29秒	通过fd发送了一次数据，fd为:23
2019年2月15日4时54分29秒	通过fd发送了一次数据，fd为:
2019年2月15日4时54分29秒	通过fd发送了一次数据，fd为:23
2019年2月15日4时54分29秒	通过fd发送了一次数据，fd为:21
2019年2月15日4时54分29秒	通过fd发送了一次数据，fd为:23
2019年2月15日4时54分29秒	通过fd发送了一次数据，fd为:25
2019年2月15日4时54分29秒	通过fd发送了一次数据，fd为:23
2019年2月15日4时54分29秒	通过fd发送了一次数据，fd为:23
2019年2月15日4时54分29秒	通过fd发送了一次数据，fd为:23
2019年2月15日4时54分29秒	通过fd发送了一次数据，fd为:25
2019年2月15日4时54分29秒	通过fd发送了一次数据，fd为:23
2019年2月15日4时54分29秒	通过fd发送了一次数据，fd为:23
2019年2月15日4时54分29秒	通过fd发送了一次数据，fd为:23
2019年2月15日4时54分29秒	通过fd发送了一次数据，fd为:25
2019年2月15日4时54分29秒	通过fd发送了一次数据，fd为:23
2019年2月15日4时54分29秒	通过fd发送了一次数据，fd为:
23
2019年2月15日4时54分29秒	通过fd发送了一次数据，fd为:25
2019年2月15日4时54分29秒	通过fd发送了一次数据，fd为:23
2019年2月15日4时54分29秒	通过fd发送了一次数据，fd为:23
2019年2月15日4时54分29秒	通过fd发送了一次数据，fd为:25
2019年2月15日4时54分29秒	通过fd发送了一次数据，fd为:23
2019年2月15日4时54分29秒	通过fd发送了一次数据，fd为:26
2019年2月15日4时54分29秒	通过fd发送了一次数据，fd为:23
2019年2月15日4时54分29秒	通过fd发送了一次数据，fd为:23
2019年2月15日4时54分29秒	通过fd发送了一次数据，fd为:26
2019年2月15日4时54分29秒	通过fd发送了一次数据，fd为:23
2019年2月15日4时54分29秒	通过fd发送了一次数据，fd为:23
2019年2月15日4时54分29秒	通过fd发送了一次数据，fd为:23
2019年2月15日4时54分29秒	通过fd发送了一次数据，fd为:26
2019年2月15日4时54分29秒	通过fd发送了一次数据，fd为:
2019年2月15日4时54分29秒	通过fd发送了一次数据，fd为:23
2019年2月15日4时54分29秒	通过fd发送了一次数据，fd为:23
2019年2月15日4时54分29秒	通过fd发送了一次数据，fd为:26
2019年2月15日4时54分29秒	通过fd发送了一次数据，fd为:23
2019年2月15日4时54分29秒	通过fd发送了一次数据，fd为:26
2019年2月15日4时54分29秒	通过fd发送了一次数据，fd为:23
2019年2月15日4时54分29秒	通过fd发送了一次数据，fd为:23
2019年2月15日4时54分29秒	通过fd发送了一次数据，fd为:27
2019年2月15日4时54分29秒	通过fd发送了一次数据，fd为:27
2019年2月15日4时54分29秒	通过fd发送了一次数据，fd为:28
2019年2月15日4时54分29秒	通过fd发送了一次数据，fd为:27
2019年2月15日4时54分29秒	通过fd发送了一次数据，fd为:28
2019年2月15日4时54分29秒	通过fd发送了一次数据，fd为:27
2019年2月15日4时54分29秒	通过fd发送了一次数据，fd为:
2019年2月15日4时54分29秒	通过fd发送了一次数据，fd为:27
2019年2月15日4时54分29秒	通过fd发送了一次数据，fd为:28
2019年2月15日4时54分29秒	通过fd发送了一次数据，fd为:27
2019年2月15日4时54分29秒	通过fd发送了一次数据，fd为:28
2019年2月15日4时54分29秒	通过fd发送了一次数据，fd为:27
2019年2月15日4时54分29秒	通过fd发送了一次数据，fd为:28
2019年2月15日4时54分29秒	通过fd发送了一次数据，fd为:27
2019年2月15日4时54分29秒	通过fd发送了一次数据，fd为:27
2019年2月15日4时54分29秒	通过fd发送了一次数据，fd为:27
2019年2月15日4时54分29秒	通过fd发送了一次数据，fd为:27
2019年2月15日4时54分29秒	通过fd发送了一次数据，fd为:27
2019年2月15日4时54分29秒	通过fd发送了一次数据，fd为:27
2019年2月15日4时54分29秒	通过fd发送了一次数据，fd为:28
2019年2月15日4时54分29秒	通过fd发送了一次数据，fd为:
2019年2月15日4时54分29秒	通过fd发送了一次数据，fd为:27
2019年2月15日4时54分29秒	通过fd发送了一次数据，fd为:29
2019年2月15日4时54分29秒	通过fd发送了一次数据，fd为:30
2019年2月15日4时54分29秒	通过fd发送了一次数据，fd为:29
2019年2月15日4时54分29秒	通过fd发送了一次数据，fd为:30
2019年2月15日4时54分29秒	通过fd发送了一次数据，fd为:31
2019年2月15日4时54分29秒	通过fd发送了一次数据，fd为:31
2019年2月15日4时54分29秒	通过fd发送了一次数据，fd为:32
2019年2月15日4时54分29秒	通过fd发送了一次数据，fd为:31
2019年2月15日4时54分29秒	通过fd发送了一次数据，fd为:32
2019年2月15日4时54分29秒	通过fd发送了一次数据，fd为:31
2019年2月15日4时54分29秒	通过fd发送了一次数据，fd为:32
2019年2月15日4时54分29秒	通过fd发送了一次数据，fd为:31
2019年2月15日4时54分29秒	通过fd发送了一次数据，fd为:
2019年2月15日4时54分29秒	通过fd发送了一次数据，fd为:31
2019年2月15日4时54分29秒	通过fd发送了一次数据，fd为:32
2019年2月15日4时54分29秒	通过fd发送了一次数据，fd为:31
2019年2月15日4时54分29秒	通过fd发送了一次数据，fd为:32
2019年2月15日4时54分29秒	通过fd发送了一次数据，fd为:33
2019年2月15日4时54分29秒	通过fd发送了一次数据，fd为:32
2019年2月15日4时54分29秒	通过fd发送了一次数据，fd为:33
2019年2月15日4时54分29秒	通过fd发送了一次数据，fd为:32
2019年2月15日4时54分29秒	通过fd发送了一次数据，fd为:33
2019年2月15日4时54分29秒	通过fd发送了一次数据，fd为:32
2019年2月15日4时54分29秒	通过fd发送了一次数据，fd为:32
2019年2月15日4时54分29秒	通过fd发送了一次数据，fd为:32
2019年2月15日4时54分29秒	通过fd发送了一次数据，fd为:33
2019年2月15日4时54分29秒	通过fd发送了一次数据，fd为:
2019年2月15日4时54分29秒	通过fd发送了一次数据，fd为:32
2019年2月15日4时54分29秒	通过fd发送了一次数据，fd为:33
2019年2月15日4时54分29秒	通过fd发送了一次数据，fd为:32
2019年2月15日4时54分29秒	通过fd发送了一次数据，fd为:33
2019年2月15日4时54分29秒	通过fd发送了一次数据，fd为:32
2019年2月15日4时54分29秒	通过fd发送了一次数据，fd为:33
2019年2月15日4时54分29秒	通过fd发送了一次数据，fd为:32
2019年2月15日4时54分29秒	通过fd发送了一次数据，fd为:32
2019年2月15日4时54分29秒	通过fd发送了一次数据，fd为:32
2019年2月15日4时54分29秒	通过fd发送了一次数据，fd为:32
2019年2月15日4时54分29秒	通过fd发送了一次数据，fd为:33
2019年2月15日4时54分29秒	通过fd发送了一次数据，fd为:32
2019年2月15日4时54分29秒	通过fd发送了一次数据，fd为:32
2019年2月15日4时54分29秒	通过fd发送了一次数据，fd为:
32
2019年2月15日4时54分29秒	通过fd发送了一次数据，fd为:32
2019年2月15日4时54分29秒	通过fd发送了一次数据，fd为:33
2019年2月15日4时54分29秒	通过fd发送了一次数据，fd为:34
2019年2月15日4时54分29秒	通过fd发送了一次数据，fd为:33
2019年2月15日4时54分29秒	通过fd发送了一次数据，fd为:33
2019年2月15日4时54分29秒	通过fd发送了一次数据，fd为:33
2019年2月15日4时54分29秒	通过fd发送了一次数据，fd为:33
2019年2月15日4时54分29秒	通过fd发送了一次数据，fd为:33
2019年2月15日4时54分29秒	通过fd发送了一次数据，fd为:34
2019年2月15日4时54分29秒	通过fd发送了一次数据，fd为:34
2019年2月15日4时54分29秒	通过fd发送了一次数据，fd为:34
2019年2月15日4时54分29秒	通过fd发送了一次数据，fd为:34
2019年2月15日4时54分29秒	通过fd发送了一次数据，fd为:38
2019年2月15日4时54分29秒	通过fd发送了一次数据，fd为:
2019年2月15日4时54分29秒	通过fd发送了一次数据，fd为:38
2019年2月15日4时54分29秒	通过fd发送了一次数据，fd为:34
2019年2月15日4时54分29秒	通过fd发送了一次数据，fd为:34
2019年2月15日4时54分29秒	通过fd发送了一次数据，fd为:38
2019年2月15日4时54分29秒	通过fd发送了一次数据，fd为:34
2019年2月15日4时54分29秒	通过fd发送了一次数据，fd为:34
2019年2月15日4时54分29秒	通过fd发送了一次数据，fd为:38
2019年2月15日4时54分29秒	通过fd发送了一次数据，fd为:34
2019年2月15日4时54分29秒	通过fd发送了一次数据，fd为:38
2019年2月15日4时54分29秒	通过fd发送了一次数据，fd为:34
2019年2月15日4时54分29秒	通过fd发送了一次数据，fd为:34
2019年2月15日4时54分29秒	通过fd发送了一次数据，fd为:34
2019年2月15日4时54分29秒	通过fd发送了一次数据，fd为:38
2019年2月15日4时54分29秒	通过fd发送了一次数据，fd为:
2019年2月15日4时54分29秒	通过fd发送了一次数据，fd为:38
2019年2月15日4时54分29秒	通过fd发送了一次数据，fd为:34
2019年2月15日4时54分29秒	通过fd发送了一次数据，fd为:34
2019年2月15日4时54分29秒	通过fd发送了一次数据，fd为:38
2019年2月15日4时54分29秒	通过fd发送了一次数据，fd为:34
2019年2月15日4时54分29秒	通过fd发送了一次数据，fd为:38
2019年2月15日4时54分29秒	通过fd发送了一次数据，fd为:34
2019年2月15日4时54分29秒	通过fd发送了一次数据，fd为:34
2019年2月15日4时54分29秒	通过fd发送了一次数据，fd为:38
2019年2月15日4时54分29秒	通过fd发送了一次数据，fd为:34
2019年2月15日4时54分29秒	通过fd发送了一次数据，fd为:34
2019年2月15日4时54分29秒	通过fd发送了一次数据，fd为:38
2019年2月15日4时54分29秒	通过fd发送了一次数据，fd为:34
2019年2月15日4时54分29秒	通过fd发送了一次数据，fd为:
2019年2月15日4时54分29秒	通过fd发送了一次数据，fd为:43
2019年2月15日4时54分29秒	通过fd发送了一次数据，fd为:34
2019年2月15日4时54分29秒	通过fd发送了一次数据，fd为:34
2019年2月15日4时54分29秒	通过fd发送了一次数据，fd为:34
2019年2月15日4时54分29秒	通过fd发送了一次数据，fd为:43
2019年2月15日4时54分29秒	通过fd发送了一次数据，fd为:34
2019年2月15日4时54分29秒	通过fd发送了一次数据，fd为:34
2019年2月15日4时54分29秒	通过fd发送了一次数据，fd为:43
2019年2月15日4时54分29秒	通过fd发送了一次数据，fd为:34
2019年2月15日4时54分29秒	通过fd发送了一次数据，fd为:47
2019年2月15日4时54分29秒	通过fd发送了一次数据，fd为:47
2019年2月15日4时54分29秒	通过fd发送了一次数据，fd为:47
2019年2月15日4时54分29秒	通过fd发送了一次数据，fd为:47
2019年2月15日4时54分29秒	通过fd发送了一次数据，fd为:
2019年2月15日4时54分29秒	通过fd发送了一次数据，fd为:49
2019年2月15日4时54分29秒	通过fd发送了一次数据，fd为:47
2019年2月15日4时54分29秒	通过fd发送了一次数据，fd为:49
2019年2月15日4时54分29秒	通过fd发送了一次数据，fd为:47
2019年2月15日4时54分29秒	通过fd发送了一次数据，fd为:49
2019年2月15日4时54分29秒	通过fd发送了一次数据，fd为:47
2019年2月15日4时54分29秒	通过fd发送了一次数据，fd为:49
2019年2月15日4时54分29秒	通过fd发送了一次数据，fd为:49
2019年2月15日4时54分29秒	通过fd发送了一次数据，fd为:50
2019年2月15日4时54分29秒	通过fd发送了一次数据，fd为:49
2019年2月15日4时54分29秒	通过fd发送了一次数据，fd为:50
2019年2月15日4时54分29秒	通过fd发送了一次数据，fd为:49
2019年2月15日4时54分29秒	通过fd发送了一次数据，fd为:49
2019年2月15日4时54分29秒	通过fd发送了一次数据，fd为:
49
2019年2月15日4时54分29秒	通过fd发送了一次数据，fd为:49
2019年2月15日4时54分29秒	通过fd发送了一次数据，fd为:49
2019年2月15日4时54分29秒	通过fd发送了一次数据，fd为:50
2019年2月15日4时54分29秒	通过fd发送了一次数据，fd为:49
2019年2月15日4时54分29秒	通过fd发送了一次数据，fd为:50
2019年2月15日4时54分29秒	通过fd发送了一次数据，fd为:49
2019年2月15日4时54分29秒	通过fd发送了一次数据，fd为:49
2019年2月15日4时54分29秒	通过fd发送了一次数据，fd为:50
2019年2月15日4时54分29秒	通过fd发送了一次数据，fd为:49
2019年2月15日4时54分29秒	通过fd发送了一次数据，fd为:49
2019年2月15日4时54分29秒	通过fd发送了一次数据，fd为:49
2019年2月15日4时54分29秒	通过fd发送了一次数据，fd为:50
2019年2月15日4时54分29秒	通过fd发送了一次数据，fd为:49
2019年2月15日4时54分29秒	通过fd发送了一次数据，fd为:
2019年2月15日4时54分29秒	通过fd发送了一次数据，fd为:51
2019年2月15日4时54分29秒	通过fd发送了一次数据，fd为:50
2019年2月15日4时54分29秒	通过fd发送了一次数据，fd为:51
2019年2月15日4时54分29秒	通过fd发送了一次数据，fd为:50
2019年2月15日4时54分29秒	通过fd发送了一次数据，fd为:50
2019年2月15日4时54分29秒	通过fd发送了一次数据，fd为:50
2019年2月15日4时54分29秒	通过fd发送了一次数据，fd为:51
2019年2月15日4时54分29秒	通过fd发送了一次数据，fd为:50
2019年2月15日4时54分29秒	通过fd发送了一次数据，fd为:51
2019年2月15日4时54分29秒	通过fd发送了一次数据，fd为:50
2019年2月15日4时54分29秒	通过fd发送了一次数据，fd为:51
2019年2月15日4时54分29秒	通过fd发送了一次数据，fd为:50
2019年2月15日4时54分29秒	通过fd发送了一次数据，fd为:50
2019年2月15日4时54分29秒	通过fd发送了一次数据，fd为:
2019年2月15日4时54分29秒	通过fd发送了一次数据，fd为:50
2019年2月15日4时54分30秒	通过fd发送了一次数据，fd为:51
2019年2月15日4时54分30秒	通过fd发送了一次数据，fd为:50
2019年2月15日4时54分30秒	通过fd发送了一次数据，fd为:50
2019年2月15日4时54分30秒	通过fd发送了一次数据，fd为:51
2019年2月15日4时54分30秒	通过fd发送了一次数据，fd为:50
2019年2月15日4时54分30秒	通过fd发送了一次数据，fd为:54
2019年2月15日4时54分30秒	通过fd发送了一次数据，fd为:50
2019年2月15日4时54分30秒	通过fd发送了一次数据，fd为:54
2019年2月15日4时54分30秒	通过fd发送了一次数据，fd为:50
2019年2月15日4时54分30秒	通过fd发送了一次数据，fd为:54
2019年2月15日4时54分30秒	通过fd发送了一次数据，fd为:78
2019年2月15日4时54分30秒	通过fd发送了一次数据，fd为:54
2019年2月15日4时54分30秒	通过fd发送了一次数据，fd为:
2019年2月15日4时54分30秒	通过fd发送了一次数据，fd为:54
2019年2月15日4时54分30秒	通过fd发送了一次数据，fd为:78
2019年2月15日4时54分30秒	通过fd发送了一次数据，fd为:54
2019年2月15日4时54分30秒	通过fd发送了一次数据，fd为:78
2019年2月15日4时54分30秒	通过fd发送了一次数据，fd为:54
2019年2月15日4时54分30秒	通过fd发送了一次数据，fd为:78
2019年2月15日4时54分30秒	通过fd发送了一次数据，fd为:54
2019年2月15日4时54分30秒	通过fd发送了一次数据，fd为:54
2019年2月15日4时54分30秒	通过fd发送了一次数据，fd为:54
2019年2月15日4时54分30秒	通过fd发送了一次数据，fd为:78
2019年2月15日4时54分30秒	通过fd发送了一次数据，fd为:54
2019年2月15日4时54分30秒	通过fd发送了一次数据，fd为:78
2019年2月15日4时54分30秒	通过fd发送了一次数据，fd为:54
2019年2月15日4时54分30秒	通过fd发送了一次数据，fd为:
2019年2月15日4时54分30秒	通过fd发送了一次数据，fd为:54
2019年2月15日4时54分30秒	通过fd发送了一次数据，fd为:78
2019年2月15日4时54分30秒	通过fd发送了一次数据，fd为:54
2019年2月15日4时54分30秒	通过fd发送了一次数据，fd为:54
2019年2月15日4时54分30秒	通过fd发送了一次数据，fd为:54
2019年2月15日4时54分30秒	通过fd发送了一次数据，fd为:78
2019年2月15日4时54分30秒	通过fd发送了一次数据，fd为:54
2019年2月15日4时54分30秒	通过fd发送了一次数据，fd为:54
2019年2月15日4时54分30秒	通过fd发送了一次数据，fd为:78
2019年2月15日4时54分30秒	通过fd发送了一次数据，fd为:54
2019年2月15日4时54分30秒	通过fd发送了一次数据，fd为:78
2019年2月15日4时54分30秒	通过fd发送了一次数据，fd为:54
2019年2月15日4时54分30秒	通过fd发送了一次数据，fd为:78
2019年2月15日4时54分30秒	通过fd发送了一次数据，fd为:
2019年2月15日4时54分30秒	通过fd发送了一次数据，fd为:78
2019年2月15日4时54分30秒	通过fd发送了一次数据，fd为:54
2019年2月15日4时54分30秒	通过fd发送了一次数据，fd为:78
2019年2月15日4时54分30秒	通过fd发送了一次数据，fd为:80
2019年2月15日4时54分30秒	通过fd发送了一次数据，fd为:80
2019年2月15日4时54分30秒	通过fd发送了一次数据，fd为:81
2019年2月15日4时54分30秒	通过fd发送了一次数据，fd为:80
2019年2月15日4时54分30秒	通过fd发送了一次数据，fd为:81
2019年2月15日4时54分30秒	通过fd发送了一次数据，fd为:80
2019年2月15日4时54分30秒	通过fd发送了一次数据，fd为:81
2019年2月15日4时54分30秒	通过fd发送了一次数据，fd为:80
2019年2月15日4时54分30秒	通过fd发送了一次数据，fd为:81
2019年2月15日4时54分30秒	通过fd发送了一次数据，fd为:80
2019年2月15日4时54分30秒	通过fd发送了一次数据，fd为:
2019年2月15日4时54分30秒	通过fd发送了一次数据，fd为:81
2019年2月15日4时54分30秒	通过fd发送了一次数据，fd为:81
2019年2月15日4时54分30秒	通过fd发送了一次数据，fd为:81
2019年2月15日4时54分30秒	通过fd发送了一次数据，fd为:82
2019年2月15日4时54分30秒	通过fd发送了一次数据，fd为:81
2019年2月15日4时54分30秒	通过fd发送了一次数据，fd为:81
2019年2月15日4时54分30秒	通过fd发送了一次数据，fd为:82
2019年2月15日4时54分30秒	通过fd发送了一次数据，fd为:81
2019年2月15日4时54分30秒	通过fd发送了一次数据，fd为:81
2019年2月15日4时54分30秒	通过fd发送了一次数据，fd为:82
2019年2月15日4时54分30秒	通过fd发送了一次数据，fd为:81
2019年2月15日4时54分30秒	通过fd发送了一次数据，fd为:82
2019年2月15日4时54分30秒	通过fd发送了一次数据，fd为:81
2019年2月15日4时54分30秒	通过fd发送了一次数据，fd为:
2019年2月15日4时54分30秒	通过fd发送了一次数据，fd为:81
2019年2月15日4时54分30秒	通过fd发送了一次数据，fd为:81
2019年2月15日4时54分30秒	通过fd发送了一次数据，fd为:81
2019年2月15日4时54分30秒	通过fd发送了一次数据，fd为:81
2019年2月15日4时54分30秒	通过fd发送了一次数据，fd为:83
2019年2月15日4时54分30秒	通过fd发送了一次数据，fd为:81
2019年2月15日4时54分30秒	通过fd发送了一次数据，fd为:83
2019年2月15日4时54分30秒	通过fd发送了一次数据，fd为:81
2019年2月15日4时54分30秒	通过fd发送了一次数据，fd为:83
2019年2月15日4时54分30秒	通过fd发送了一次数据，fd为:81
2019年2月15日4时54分30秒	通过fd发送了一次数据，fd为:83
2019年2月15日4时54分30秒	通过fd发送了一次数据，fd为:81
2019年2月15日4时54分30秒	通过fd发送了一次数据，fd为:81
2019年2月15日4时54分30秒	通过fd发送了一次数据，fd为:
2019年2月15日4时54分30秒	通过fd发送了一次数据，fd为:83
2019年2月15日4时54分30秒	通过fd发送了一次数据，fd为:81
2019年2月15日4时54分30秒	通过fd发送了一次数据，fd为:81
2019年2月15日4时54分30秒	通过fd发送了一次数据，fd为:81
2019年2月15日4时54分30秒	通过fd发送了一次数据，fd为:81
2019年2月15日4时54分30秒	通过fd发送了一次数据，fd为:83
2019年2月15日4时54分30秒	通过fd发送了一次数据，fd为:81
2019年2月15日4时54分30秒	通过fd发送了一次数据，fd为:83
2019年2月15日4时54分30秒	通过fd发送了一次数据，fd为:81
2019年2月15日4时54分30秒	通过fd发送了一次数据，fd为:81
2019年2月15日4时54分30秒	通过fd发送了一次数据，fd为:83
2019年2月15日4时54分30秒	通过fd发送了一次数据，fd为:81
2019年2月15日4时54分30秒	通过fd发送了一次数据，fd为:81
2019年2月15日4时54分30秒	通过fd发送了一次数据，fd为:
2019年2月15日4时54分30秒	通过fd发送了一次数据，fd为:81
2019年2月15日4时54分30秒	通过fd发送了一次数据，fd为:83
2019年2月15日4时54分30秒	通过fd发送了一次数据，fd为:81
2019年2月15日4时54分30秒	通过fd发送了一次数据，fd为:81
2019年2月15日4时54分30秒	通过fd发送了一次数据，fd为:81
2019年2月15日4时54分30秒	通过fd发送了一次数据，fd为:81
2019年2月15日4时54分30秒	通过fd发送了一次数据，fd为:83
2019年2月15日4时54分30秒	通过fd发送了一次数据，fd为:81
2019年2月15日4时54分30秒	通过fd发送了一次数据，fd为:83
2019年2月15日4时54分30秒	通过fd发送了一次数据，fd为:81
2019年2月15日4时54分30秒	通过fd发送了一次数据，fd为:81
2019年2月15日4时54分30秒	通过fd发送了一次数据，fd为:83
2019年2月15日4时54分30秒	通过fd发送了一次数据，fd为:81
2019年2月15日4时54分30秒	通过fd发送了一次数据，fd为:
2019年2月15日4时54分30秒	通过fd发送了一次数据，fd为:81
2019年2月15日4时54分30秒	通过fd发送了一次数据，fd为:81
2019年2月15日4时54分30秒	通过fd发送了一次数据，fd为:83
2019年2月15日4时54分30秒	通过fd发送了一次数据，fd为:81
2019年2月15日4时54分30秒	通过fd发送了一次数据，fd为:83
2019年2月15日4时54分30秒	通过fd发送了一次数据，fd为:81
2019年2月15日4时54分30秒	通过fd发送了一次数据，fd为:81
2019年2月15日4时54分30秒	通过fd发送了一次数据，fd为:81
2019年2月15日4时54分30秒	通过fd发送了一次数据，fd为:83
2019年2月15日4时54分30秒	通过fd发送了一次数据，fd为:81
2019年2月15日4时54分30秒	通过fd发送了一次数据，fd为:81
2019年2月15日4时54分30秒	通过fd发送了一次数据，fd为:81
2019年2月15日4时54分30秒	通过fd发送了一次数据，fd为:83
2019年2月15日4时54分30秒	通过fd发送了一次数据，fd为:
2019年2月15日4时54分30秒	通过fd发送了一次数据，fd为:83
2019年2月15日4时54分30秒	通过fd发送了一次数据，fd为:81
2019年2月15日4时54分30秒	通过fd发送了一次数据，fd为:83
2019年2月15日4时54分30秒	通过fd发送了一次数据，fd为:81
2019年2月15日4时54分30秒	通过fd发送了一次数据，fd为:81
2019年2月15日4时54分30秒	通过fd发送了一次数据，fd为:83
2019年2月15日4时54分30秒	通过fd发送了一次数据，fd为:81
2019年2月15日4时54分30秒	通过fd发送了一次数据，fd为:83
2019年2月15日4时54分30秒	通过fd发送了一次数据，fd为:81
2019年2月15日4时54分30秒	通过fd发送了一次数据，fd为:81
2019年2月15日4时54分30秒	通过fd发送了一次数据，fd为:81
2019年2月15日4时54分30秒	通过fd发送了一次数据，fd为:81
2019年2月15日4时54分30秒	通过fd发送了一次数据，fd为:83
2019年2月15日4时54分30秒	通过fd发送了一次数据，fd为:
2019年2月15日4时54分30秒	通过fd发送了一次数据，fd为:83
2019年2月15日4时54分30秒	通过fd发送了一次数据，fd为:81
2019年2月15日4时54分30秒	通过fd发送了一次数据，fd为:81
2019年2月15日4时54分30秒	通过fd发送了一次数据，fd为:83
2019年2月15日4时54分30秒	通过fd发送了一次数据，fd为:81
2019年2月15日4时54分30秒	通过fd发送了一次数据，fd为:83
2019年2月15日4时54分30秒	通过fd发送了一次数据，fd为:81
2019年2月15日4时54分30秒	通过fd发送了一次数据，fd为:81
2019年2月15日4时54分30秒	通过fd发送了一次数据，fd为:83
2019年2月15日4时54分30秒	通过fd发送了一次数据，fd为:81
2019年2月15日4时54分30秒	通过fd发送了一次数据，fd为:81
2019年2月15日4时54分30秒	通过fd发送了一次数据，fd为:84
2019年2月15日4时54分30秒	通过fd发送了一次数据，fd为:81
2019年2月15日4时54分30秒	通过fd发送了一次数据，fd为:
84
2019年2月15日4时54分30秒	通过fd发送了一次数据，fd为:81
2019年2月15日4时54分30秒	通过fd发送了一次数据，fd为:84
2019年2月15日4时54分30秒	通过fd发送了一次数据，fd为:81
2019年2月15日4时54分30秒	通过fd发送了一次数据，fd为:84
2019年2月15日4时54分30秒	通过fd发送了一次数据，fd为:81
2019年2月15日4时54分30秒	通过fd发送了一次数据，fd为:81
2019年2月15日4时54分30秒	通过fd发送了一次数据，fd为:81
2019年2月15日4时54分30秒	通过fd发送了一次数据，fd为:81
2019年2月15日4时54分30秒	通过fd发送了一次数据，fd为:84
2019年2月15日4时54分30秒	通过fd发送了一次数据，fd为:81
2019年2月15日4时54分30秒	通过fd发送了一次数据，fd为:84
2019年2月15日4时54分30秒	通过fd发送了一次数据，fd为:81
2019年2月15日4时54分30秒	通过fd发送了一次数据，fd为:84
2019年2月15日4时54分30秒	通过fd发送了一次数据，fd为:
2019年2月15日4时54分30秒	通过fd发送了一次数据，fd为:84
2019年2月15日4时54分30秒	通过fd发送了一次数据，fd为:81
2019年2月15日4时54分30秒	通过fd发送了一次数据，fd为:84
2019年2月15日4时54分30秒	通过fd发送了一次数据，fd为:81
2019年2月15日4时54分30秒	通过fd发送了一次数据，fd为:84
2019年2月15日4时54分30秒	通过fd发送了一次数据，fd为:81
2019年2月15日4时54分30秒	通过fd发送了一次数据，fd为:84
2019年2月15日4时54分30秒	通过fd发送了一次数据，fd为:81
2019年2月15日4时54分30秒	通过fd发送了一次数据，fd为:84
2019年2月15日4时54分30秒	通过fd发送了一次数据，fd为:81
2019年2月15日4时54分30秒	通过fd发送了一次数据，fd为:84
2019年2月15日4时54分30秒	通过fd发送了一次数据，fd为:81
2019年2月15日4时54分30秒	通过fd发送了一次数据，fd为:84
2019年2月15日4时54分30秒	通过fd发送了一次数据，fd为:
2019年2月15日4时54分30秒	通过fd发送了一次数据，fd为:84
2019年2月15日4时54分30秒	通过fd发送了一次数据，fd为:81
2019年2月15日4时54分30秒	通过fd发送了一次数据，fd为:81
2019年2月15日4时54分30秒	通过fd发送了一次数据，fd为:84
2019年2月15日4时54分30秒	通过fd发送了一次数据，fd为:81
2019年2月15日4时54分30秒	通过fd发送了一次数据，fd为:84
2019年2月15日4时54分30秒	通过fd发送了一次数据，fd为:81
2019年2月15日4时54分30秒	通过fd发送了一次数据，fd为:81
2019年2月15日4时54分30秒	通过fd发送了一次数据，fd为:84
2019年2月15日4时54分30秒	通过fd发送了一次数据，fd为:81
2019年2月15日4时54分30秒	通过fd发送了一次数据，fd为:81
2019年2月15日4时54分30秒	通过fd发送了一次数据，fd为:84
2019年2月15日4时54分30秒	通过fd发送了一次数据，fd为:81
2019年2月15日4时54分30秒	通过fd发送了一次数据，fd为:
84
2019年2月15日4时54分30秒	通过fd发送了一次数据，fd为:81
2019年2月15日4时54分30秒	通过fd发送了一次数据，fd为:84
2019年2月15日4时54分30秒	通过fd发送了一次数据，fd为:81
2019年2月15日4时54分30秒	通过fd发送了一次数据，fd为:81
2019年2月15日4时54分30秒	通过fd发送了一次数据，fd为:84
2019年2月15日4时54分30秒	通过fd发送了一次数据，fd为:81
2019年2月15日4时54分30秒	通过fd发送了一次数据，fd为:84
2019年2月15日4时54分31秒	通过fd发送了一次数据，fd为:81
2019年2月15日4时54分31秒	通过fd发送了一次数据，fd为:84
2019年2月15日4时54分31秒	通过fd发送了一次数据，fd为:81
2019年2月15日4时54分31秒	通过fd发送了一次数据，fd为:84
2019年2月15日4时54分31秒	通过fd发送了一次数据，fd为:81
2019年2月15日4时54分31秒	通过fd发送了一次数据，fd为:84
2019年2月15日4时54分31秒	通过fd发送了一次数据，fd为:
2019年2月15日4时54分31秒	通过fd发送了一次数据，fd为:85
2019年2月15日4时54分31秒	通过fd发送了一次数据，fd为:81
2019年2月15日4时54分31秒	通过fd发送了一次数据，fd为:85
2019年2月15日4时54分31秒	通过fd发送了一次数据，fd为:81
2019年2月15日4时54分31秒	通过fd发送了一次数据，fd为:81
2019年2月15日4时54分31秒	通过fd发送了一次数据，fd为:81
2019年2月15日4时54分31秒	通过fd发送了一次数据，fd为:81
2019年2月15日4时54分31秒	通过fd发送了一次数据，fd为:85
2019年2月15日4时54分31秒	通过fd发送了一次数据，fd为:81
2019年2月15日4时54分31秒	通过fd发送了一次数据，fd为:81
2019年2月15日4时54分31秒	通过fd发送了一次数据，fd为:81
2019年2月15日4时54分31秒	通过fd发送了一次数据，fd为:85
2019年2月15日4时54分31秒	通过fd发送了一次数据，fd为:81
2019年2月15日4时54分31秒	通过fd发送了一次数据，fd为:
2019年2月15日4时54分31秒	通过fd发送了一次数据，fd为:81
2019年2月15日4时54分31秒	通过fd发送了一次数据，fd为:81
2019年2月15日4时54分31秒	通过fd发送了一次数据，fd为:85
2019年2月15日4时54分31秒	通过fd发送了一次数据，fd为:81
2019年2月15日4时54分31秒	通过fd发送了一次数据，fd为:85
2019年2月15日4时54分31秒	通过fd发送了一次数据，fd为:86
2019年2月15日4时54分31秒	通过fd发送了一次数据，fd为:87
2019年2月15日4时54分31秒	通过fd发送了一次数据，fd为:86
2019年2月15日4时54分31秒	通过fd发送了一次数据，fd为:87
2019年2月15日4时54分31秒	通过fd发送了一次数据，fd为:86
2019年2月15日4时54分31秒	通过fd发送了一次数据，fd为:86
2019年2月15日4时54分31秒	通过fd发送了一次数据，fd为:86
2019年2月15日4时54分31秒	通过fd发送了一次数据，fd为:87
2019年2月15日4时54分31秒	通过fd发送了一次数据，fd为:
2019年2月15日4时54分31秒	通过fd发送了一次数据，fd为:87
2019年2月15日4时54分31秒	通过fd发送了一次数据，fd为:86
2019年2月15日4时54分31秒	通过fd发送了一次数据，fd为:86
2019年2月15日4时54分31秒	通过fd发送了一次数据，fd为:87
2019年2月15日4时54分31秒	通过fd发送了一次数据，fd为:86
2019年2月15日4时54分31秒	通过fd发送了一次数据，fd为:86
2019年2月15日4时54分31秒	通过fd发送了一次数据，fd为:87
2019年2月15日4时54分31秒	通过fd发送了一次数据，fd为:86
2019年2月15日4时54分31秒	通过fd发送了一次数据，fd为:86
2019年2月15日4时54分31秒	通过fd发送了一次数据，fd为:86
2019年2月15日4时54分31秒	通过fd发送了一次数据，fd为:86
2019年2月15日4时54分31秒	通过fd发送了一次数据，fd为:87
2019年2月15日4时54分31秒	通过fd发送了一次数据，fd为:90
2019年2月15日4时54分31秒	通过fd发送了一次数据，fd为:
2019年2月15日4时54分31秒	通过fd发送了一次数据，fd为:90
2019年2月15日4时54分31秒	通过fd发送了一次数据，fd为:87
2019年2月15日4时54分31秒	通过fd发送了一次数据，fd为:90
2019年2月15日4时54分31秒	通过fd发送了一次数据，fd为:87
2019年2月15日4时54分31秒	通过fd发送了一次数据，fd为:90
2019年2月15日4时54分31秒	通过fd发送了一次数据，fd为:87
2019年2月15日4时54分31秒	通过fd发送了一次数据，fd为:87
2019年2月15日4时54分31秒	通过fd发送了一次数据，fd为:90
2019年2月15日4时54分31秒	通过fd发送了一次数据，fd为:87
2019年2月15日4时54分31秒	通过fd发送了一次数据，fd为:90
2019年2月15日4时54分31秒	通过fd发送了一次数据，fd为:87
2019年2月15日4时54分31秒	通过fd发送了一次数据，fd为:87
2019年2月15日4时54分31秒	通过fd发送了一次数据，fd为:90
2019年2月15日4时54分31秒	通过fd发送了一次数据，fd为:
2019年2月15日4时54分31秒	通过fd发送了一次数据，fd为:90
2019年2月15日4时54分31秒	通过fd发送了一次数据，fd为:90
2019年2月15日4时54分31秒	通过fd发送了一次数据，fd为:92
2019年2月15日4时54分31秒	通过fd发送了一次数据，fd为:90
2019年2月15日4时54分31秒	通过fd发送了一次数据，fd为:90
2019年2月15日4时54分31秒	通过fd发送了一次数据，fd为:92
2019年2月15日4时54分31秒	通过fd发送了一次数据，fd为:90
2019年2月15日4时54分31秒	通过fd发送了一次数据，fd为:92
2019年2月15日4时54分31秒	通过fd发送了一次数据，fd为:90
2019年2月15日4时54分31秒	通过fd发送了一次数据，fd为:90
2019年2月15日4时54分31秒	通过fd发送了一次数据，fd为:92
2019年2月15日4时54分31秒	通过fd发送了一次数据，fd为:90
2019年2月15日4时54分31秒	通过fd发送了一次数据，fd为:92
2019年2月15日4时54分31秒	通过fd发送了一次数据，fd为:
90
2019年2月15日4时54分31秒	通过fd发送了一次数据，fd为:92
2019年2月15日4时54分31秒	通过fd发送了一次数据，fd为:90
2019年2月15日4时54分31秒	通过fd发送了一次数据，fd为:90
2019年2月15日4时54分31秒	通过fd发送了一次数据，fd为:92
2019年2月15日4时54分31秒	通过fd发送了一次数据，fd为:90
2019年2月15日4时54分31秒	通过fd发送了一次数据，fd为:92
2019年2月15日4时54分31秒	通过fd发送了一次数据，fd为:90
2019年2月15日4时54分31秒	通过fd发送了一次数据，fd为:92
2019年2月15日4时54分31秒	通过fd发送了一次数据，fd为:94
2019年2月15日4时54分31秒	通过fd发送了一次数据，fd为:92
2019年2月15日4时54分31秒	通过fd发送了一次数据，fd为:92
2019年2月15日4时54分31秒	通过fd发送了一次数据，fd为:92
2019年2月15日4时54分31秒	通过fd发送了一次数据，fd为:94
2019年2月15日4时54分31秒	通过fd发送了一次数据，fd为:
2019年2月15日4时54分31秒	通过fd发送了一次数据，fd为:94
2019年2月15日4时54分31秒	通过fd发送了一次数据，fd为:92
2019年2月15日4时54分31秒	通过fd发送了一次数据，fd为:94
2019年2月15日4时54分31秒	通过fd发送了一次数据，fd为:94
2019年2月15日4时54分31秒	通过fd发送了一次数据，fd为:94
2019年2月15日4时54分31秒	通过fd发送了一次数据，fd为:94
2019年2月15日4时54分31秒	通过fd发送了一次数据，fd为:96
2019年2月15日4时54分31秒	通过fd发送了一次数据，fd为:94
2019年2月15日4时54分31秒	通过fd发送了一次数据，fd为:94
2019年2月15日4时54分31秒	通过fd发送了一次数据，fd为:94
2019年2月15日4时54分31秒	通过fd发送了一次数据，fd为:96
2019年2月15日4时54分31秒	通过fd发送了一次数据，fd为:94
2019年2月15日4时54分31秒	通过fd发送了一次数据，fd为:96
2019年2月15日4时54分31秒	通过fd发送了一次数据，fd为:
94
2019年2月15日4时54分31秒	通过fd发送了一次数据，fd为:96
2019年2月15日4时54分31秒	通过fd发送了一次数据，fd为:94
2019年2月15日4时54分31秒	通过fd发送了一次数据，fd为:96
2019年2月15日4时54分31秒	通过fd发送了一次数据，fd为:94
2019年2月15日4时54分31秒	通过fd发送了一次数据，fd为:96
2019年2月15日4时54分31秒	通过fd发送了一次数据，fd为:94
2019年2月15日4时54分31秒	通过fd发送了一次数据，fd为:96
2019年2月15日4时54分31秒	通过fd发送了一次数据，fd为:94
2019年2月15日4时54分31秒	通过fd发送了一次数据，fd为:96
2019年2月15日4时54分31秒	通过fd发送了一次数据，fd为:94
2019年2月15日4时54分31秒	通过fd发送了一次数据，fd为:96
2019年2月15日4时54分31秒	通过fd发送了一次数据，fd为:94
2019年2月15日4时54分31秒	通过fd发送了一次数据，fd为:96
2019年2月15日4时54分31秒	通过fd发送了一次数据，fd为:
2019年2月15日4时54分31秒	通过fd发送了一次数据，fd为:96
2019年2月15日4时54分31秒	通过fd发送了一次数据，fd为:94
2019年2月15日4时54分31秒	通过fd发送了一次数据，fd为:96
2019年2月15日4时54分31秒	通过fd发送了一次数据，fd为:94
2019年2月15日4时54分31秒	通过fd发送了一次数据，fd为:94
2019年2月15日4时54分31秒	通过fd发送了一次数据，fd为:96
2019年2月15日4时54分31秒	通过fd发送了一次数据，fd为:94
2019年2月15日4时54分31秒	通过fd发送了一次数据，fd为:96
2019年2月15日4时54分31秒	通过fd发送了一次数据，fd为:94
2019年2月15日4时54分31秒	通过fd发送了一次数据，fd为:94
2019年2月15日4时54分31秒	通过fd发送了一次数据，fd为:94
2019年2月15日4时54分31秒	通过fd发送了一次数据，fd为:96
2019年2月15日4时54分31秒	通过fd发送了一次数据，fd为:94
2019年2月15日4时54分31秒	通过fd发送了一次数据，fd为:
2019年2月15日4时54分31秒	通过fd发送了一次数据，fd为:94
2019年2月15日4时54分31秒	通过fd发送了一次数据，fd为:98
2019年2月15日4时54分31秒	通过fd发送了一次数据，fd为:94
2019年2月15日4时54分31秒	通过fd发送了一次数据，fd为:98
2019年2月15日4时54分31秒	通过fd发送了一次数据，fd为:94
2019年2月15日4时54分31秒	通过fd发送了一次数据，fd为:94
2019年2月15日4时54分31秒	通过fd发送了一次数据，fd为:98
2019年2月15日4时54分31秒	通过fd发送了一次数据，fd为:94
2019年2月15日4时54分31秒	通过fd发送了一次数据，fd为:98
2019年2月15日4时54分31秒	通过fd发送了一次数据，fd为:94
2019年2月15日4时54分31秒	通过fd发送了一次数据，fd为:98
2019年2月15日4时54分31秒	通过fd发送了一次数据，fd为:94
2019年2月15日4时54分31秒	通过fd发送了一次数据，fd为:98
2019年2月15日4时54分31秒	通过fd发送了一次数据，fd为:
2019年2月15日4时54分31秒	通过fd发送了一次数据，fd为:94
2019年2月15日4时54分31秒	通过fd发送了一次数据，fd为:99
2019年2月15日4时54分31秒	通过fd发送了一次数据，fd为:94
2019年2月15日4时54分31秒	通过fd发送了一次数据，fd为:99
2019年2月15日4时54分31秒	通过fd发送了一次数据，fd为:99
2019年2月15日4时54分31秒	通过fd发送了一次数据，fd为:100
2019年2月15日4时54分31秒	通过fd发送了一次数据，fd为:99
2019年2月15日4时54分31秒	通过fd发送了一次数据，fd为:100
2019年2月15日4时54分31秒	通过fd发送了一次数据，fd为:101
2019年2月15日4时54分31秒	通过fd发送了一次数据，fd为:102
2019年2月15日4时54分31秒	通过fd发送了一次数据，fd为:101
2019年2月15日4时54分31秒	通过fd发送了一次数据，fd为:102
2019年2月15日4时54分31秒	通过fd发送了一次数据，fd为:101
2019年2月15日4时54分31秒	通过fd发送了一次数据，fd为:
102
2019年2月15日4时54分31秒	通过fd发送了一次数据，fd为:101
2019年2月15日4时54分31秒	通过fd发送了一次数据，fd为:102
2019年2月15日4时54分31秒	通过fd发送了一次数据，fd为:101
2019年2月15日4时54分31秒	通过fd发送了一次数据，fd为:103
2019年2月15日4时54分31秒	通过fd发送了一次数据，fd为:101
2019年2月15日4时54分31秒	通过fd发送了一次数据，fd为:103
2019年2月15日4时54分31秒	通过fd发送了一次数据，fd为:101
2019年2月15日4时54分31秒	通过fd发送了一次数据，fd为:101
2019年2月15日4时54分31秒	通过fd发送了一次数据，fd为:101
2019年2月15日4时54分31秒	通过fd发送了一次数据，fd为:103
2019年2月15日4时54分31秒	通过fd发送了一次数据，fd为:103
2019年2月15日4时54分31秒	通过fd发送了一次数据，fd为:104
2019年2月15日4时54分31秒	通过fd发送了一次数据，fd为:103
2019年2月15日4时54分31秒	通过fd发送了一次数据，fd为:
103
2019年2月15日4时54分31秒	通过fd发送了一次数据，fd为:103
2019年2月15日4时54分31秒	通过fd发送了一次数据，fd为:104
2019年2月15日4时54分31秒	通过fd发送了一次数据，fd为:105
2019年2月15日4时54分31秒	通过fd发送了一次数据，fd为:104
2019年2月15日4时54分31秒	通过fd发送了一次数据，fd为:105
2019年2月15日4时54分31秒	通过fd发送了一次数据，fd为:104
2019年2月15日4时54分31秒	通过fd发送了一次数据，fd为:105
2019年2月15日4时54分31秒	通过fd发送了一次数据，fd为:104
2019年2月15日4时54分31秒	通过fd发送了一次数据，fd为:105
2019年2月15日4时54分31秒	通过fd发送了一次数据，fd为:106
2019年2月15日4时54分31秒	通过fd发送了一次数据，fd为:105
2019年2月15日4时54分31秒	通过fd发送了一次数据，fd为:106
2019年2月15日4时54分31秒	通过fd发送了一次数据，fd为:105
2019年2月15日4时54分31秒	通过fd发送了一次数据，fd为:
2019年2月15日4时54分31秒	通过fd发送了一次数据，fd为:105
2019年2月15日4时54分31秒	通过fd发送了一次数据，fd为:105
2019年2月15日4时54分31秒	通过fd发送了一次数据，fd为:106
2019年2月15日4时54分31秒	通过fd发送了一次数据，fd为:105
2019年2月15日4时54分31秒	通过fd发送了一次数据，fd为:106
2019年2月15日4时54分31秒	通过fd发送了一次数据，fd为:105
2019年2月15日4时54分31秒	通过fd发送了一次数据，fd为:106
2019年2月15日4时54分31秒	通过fd发送了一次数据，fd为:105
2019年2月15日4时54分31秒	通过fd发送了一次数据，fd为:106
2019年2月15日4时54分31秒	通过fd发送了一次数据，fd为:105
2019年2月15日4时54分31秒	通过fd发送了一次数据，fd为:105
2019年2月15日4时54分31秒	通过fd发送了一次数据，fd为:106
2019年2月15日4时54分31秒	通过fd发送了一次数据，fd为:105
2019年2月15日4时54分31秒	通过fd发送了一次数据，fd为:
2019年2月15日4时54分31秒	通过fd发送了一次数据，fd为:106
2019年2月15日4时54分31秒	通过fd发送了一次数据，fd为:105
2019年2月15日4时54分31秒	通过fd发送了一次数据，fd为:105
2019年2月15日4时54分31秒	通过fd发送了一次数据，fd为:106
2019年2月15日4时54分31秒	通过fd发送了一次数据，fd为:105
2019年2月15日4时54分31秒	通过fd发送了一次数据，fd为:105
2019年2月15日4时54分31秒	通过fd发送了一次数据，fd为:105
2019年2月15日4时54分31秒	通过fd发送了一次数据，fd为:105
2019年2月15日4时54分31秒	通过fd发送了一次数据，fd为:105
2019年2月15日4时54分31秒	通过fd发送了一次数据，fd为:106
2019年2月15日4时54分31秒	通过fd发送了一次数据，fd为:105
2019年2月15日4时54分31秒	通过fd发送了一次数据，fd为:106
2019年2月15日4时54分31秒	通过fd发送了一次数据，fd为:105
2019年2月15日4时54分31秒	通过fd发送了一次数据，fd为:
2019年2月15日4时54分31秒	通过fd发送了一次数据，fd为:106
2019年2月15日4时54分31秒	通过fd发送了一次数据，fd为:105
2019年2月15日4时54分31秒	通过fd发送了一次数据，fd为:106
2019年2月15日4时54分31秒	通过fd发送了一次数据，fd为:105
2019年2月15日4时54分31秒	通过fd发送了一次数据，fd为:106
2019年2月15日4时54分31秒	通过fd发送了一次数据，fd为:105
2019年2月15日4时54分31秒	通过fd发送了一次数据，fd为:106
2019年2月15日4时54分31秒	通过fd发送了一次数据，fd为:106
2019年2月15日4时54分31秒	通过fd发送了一次数据，fd为:107
2019年2月15日4时54分31秒	通过fd发送了一次数据，fd为:106
2019年2月15日4时54分31秒	通过fd发送了一次数据，fd为:106
2019年2月15日4时54分31秒	通过fd发送了一次数据，fd为:106
2019年2月15日4时54分31秒	通过fd发送了一次数据，fd为:106
2019年2月15日4时54分31秒	通过fd发送了一次数据，fd为:
2019年2月15日4时54分31秒	通过fd发送了一次数据，fd为:107
2019年2月15日4时54分31秒	通过fd发送了一次数据，fd为:106
2019年2月15日4时54分31秒	通过fd发送了一次数据，fd为:106
2019年2月15日4时54分31秒	通过fd发送了一次数据，fd为:106
2019年2月15日4时54分31秒	通过fd发送了一次数据，fd为:108
2019年2月15日4时54分31秒	通过fd发送了一次数据，fd为:106
2019年2月15日4时54分31秒	通过fd发送了一次数据，fd为:108
2019年2月15日4时54分31秒	通过fd发送了一次数据，fd为:106
2019年2月15日4时54分31秒	通过fd发送了一次数据，fd为:106
2019年2月15日4时54分31秒	通过fd发送了一次数据，fd为:106
2019年2月15日4时54分31秒	通过fd发送了一次数据，fd为:106
2019年2月15日4时54分31秒	通过fd发送了一次数据，fd为:106
2019年2月15日4时54分31秒	通过fd发送了一次数据，fd为:106
2019年2月15日4时54分31秒	通过fd发送了一次数据，fd为:
2019年2月15日4时54分31秒	通过fd发送了一次数据，fd为:106

2019年2月15日4时54分31秒	通过fd发送了一次数据，fd为:108
2019年2月15日4时54分32秒	通过fd发送了一次数据，fd为:106
2019年2月15日4时54分32秒	通过fd发送了一次数据，fd为:108
2019年2月15日4时54分32秒	通过fd发送了一次数据，fd为:108
2019年2月15日4时54分32秒	通过fd发送了一次数据，fd为:108
2019年2月15日4时54分32秒	通过fd发送了一次数据，fd为:108
2019年2月15日4时54分32秒	通过fd发送了一次数据，fd为:108
2019年2月15日4时54分32秒	通过fd发送了一次数据，fd为:112
2019年2月15日4时54分32秒	通过fd发送了一次数据，fd为:108
2019年2月15日4时54分32秒	通过fd发送了一次数据，fd为:108
2019年2月15日4时54分32秒	通过fd发送了一次数据，fd为:112
2019年2月15日4时54分32秒	通过fd发送了一次数据，fd为:108
2019年2月15日4时54分32秒	通过fd发送了一次数据，fd为:112
2019年2月15日4时54分32秒	通过fd发送了一次数据，fd为:
2019年2月15日4时54分32秒	通过fd发送了一次数据，fd为:112
2019年2月15日4时54分32秒	通过fd发送了一次数据，fd为:112
2019年2月15日4时54分32秒	通过fd发送了一次数据，fd为:113
2019年2月15日4时54分32秒	通过fd发送了一次数据，fd为:112
2019年2月15日4时54分32秒	通过fd发送了一次数据，fd为:113
2019年2月15日4时54分32秒	通过fd发送了一次数据，fd为:112
2019年2月15日4时54分32秒	通过fd发送了一次数据，fd为:113
2019年2月15日4时54分32秒	通过fd发送了一次数据，fd为:112
2019年2月15日4时54分32秒	通过fd发送了一次数据，fd为:112
2019年2月15日4时54分32秒	通过fd发送了一次数据，fd为:113
2019年2月15日4时54分32秒	通过fd发送了一次数据，fd为:112
2019年2月15日4时54分32秒	通过fd发送了一次数据，fd为:112
2019年2月15日4时54分32秒	通过fd发送了一次数据，fd为:113
2019年2月15日4时54分32秒	通过fd发送了一次数据，fd为:
2019年2月15日4时54分32秒	通过fd发送了一次数据，fd为:112
2019年2月15日4时54分32秒	通过fd发送了一次数据，fd为:112
2019年2月15日4时54分32秒	通过fd发送了一次数据，fd为:112
2019年2月15日4时54分32秒	通过fd发送了一次数据，fd为:113
2019年2月15日4时54分32秒	通过fd发送了一次数据，fd为:112
2019年2月15日4时54分32秒	通过fd发送了一次数据，fd为:112
2019年2月15日4时54分32秒	通过fd发送了一次数据，fd为:112
2019年2月15日4时54分32秒	通过fd发送了一次数据，fd为:112
2019年2月15日4时54分32秒	通过fd发送了一次数据，fd为:113
2019年2月15日4时54分32秒	通过fd发送了一次数据，fd为:112
2019年2月15日4时54分32秒	通过fd发送了一次数据，fd为:112
2019年2月15日4时54分32秒	通过fd发送了一次数据，fd为:113
2019年2月15日4时54分32秒	通过fd发送了一次数据，fd为:112
2019年2月15日4时54分32秒	通过fd发送了一次数据，fd为:
113
2019年2月15日4时54分32秒	通过fd发送了一次数据，fd为:112
2019年2月15日4时54分32秒	通过fd发送了一次数据，fd为:113
2019年2月15日4时54分32秒	通过fd发送了一次数据，fd为:112
2019年2月15日4时54分32秒	通过fd发送了一次数据，fd为:113
2019年2月15日4时54分32秒	通过fd发送了一次数据，fd为:112
2019年2月15日4时54分32秒	通过fd发送了一次数据，fd为:113
2019年2月15日4时54分32秒	通过fd发送了一次数据，fd为:112
2019年2月15日4时54分32秒	通过fd发送了一次数据，fd为:113
2019年2月15日4时54分32秒	通过fd发送了一次数据，fd为:112
2019年2月15日4时54分32秒	通过fd发送了一次数据，fd为:112
2019年2月15日4时54分32秒	通过fd发送了一次数据，fd为:112
2019年2月15日4时54分32秒	通过fd发送了一次数据，fd为:112
2019年2月15日4时54分32秒	通过fd发送了一次数据，fd为:112
2019年2月15日4时54分32秒	通过fd发送了一次数据，fd为:
2019年2月15日4时54分32秒	通过fd发送了一次数据，fd为:114
2019年2月15日4时54分32秒	通过fd发送了一次数据，fd为:112
2019年2月15日4时54分32秒	通过fd发送了一次数据，fd为:112
2019年2月15日4时54分32秒	通过fd发送了一次数据，fd为:114
2019年2月15日4时54分32秒	通过fd发送了一次数据，fd为:112
2019年2月15日4时54分32秒	通过fd发送了一次数据，fd为:112
2019年2月15日4时54分32秒	通过fd发送了一次数据，fd为:112
2019年2月15日4时54分32秒	通过fd发送了一次数据，fd为:112
2019年2月15日4时54分32秒	通过fd发送了一次数据，fd为:112
2019年2月15日4时54分32秒	通过fd发送了一次数据，fd为:114
2019年2月15日4时54分32秒	通过fd发送了一次数据，fd为:112
2019年2月15日4时54分32秒	通过fd发送了一次数据，fd为:112
2019年2月15日4时54分32秒	通过fd发送了一次数据，fd为:112
2019年2月15日4时54分32秒	通过fd发送了一次数据，fd为:
2019年2月15日4时54分32秒	通过fd发送了一次数据，fd为:114
2019年2月15日4时54分32秒	通过fd发送了一次数据，fd为:112
2019年2月15日4时54分32秒	通过fd发送了一次数据，fd为:114
2019年2月15日4时54分32秒	通过fd发送了一次数据，fd为:112
2019年2月15日4时54分32秒	通过fd发送了一次数据，fd为:114
2019年2月15日4时54分32秒	通过fd发送了一次数据，fd为:112
2019年2月15日4时54分32秒	通过fd发送了一次数据，fd为:114
2019年2月15日4时54分32秒	通过fd发送了一次数据，fd为:112
2019年2月15日4时54分32秒	通过fd发送了一次数据，fd为:112
2019年2月15日4时54分32秒	通过fd发送了一次数据，fd为:114
2019年2月15日4时54分32秒	通过fd发送了一次数据，fd为:112
2019年2月15日4时54分32秒	通过fd发送了一次数据，fd为:112
2019年2月15日4时54分32秒	通过fd发送了一次数据，fd为:114
2019年2月15日4时54分32秒	通过fd发送了一次数据，fd为:
112
2019年2月15日4时54分32秒	通过fd发送了一次数据，fd为:114
2019年2月15日4时54分32秒	通过fd发送了一次数据，fd为:112
2019年2月15日4时54分32秒	通过fd发送了一次数据，fd为:114
2019年2月15日4时54分32秒	通过fd发送了一次数据，fd为:112
2019年2月15日4时54分32秒	通过fd发送了一次数据，fd为:112
2019年2月15日4时54分32秒	通过fd发送了一次数据，fd为:114
2019年2月15日4时54分32秒	通过fd发送了一次数据，fd为:112
2019年2月15日4时54分32秒	通过fd发送了一次数据，fd为:112
2019年2月15日4时54分32秒	通过fd发送了一次数据，fd为:112
2019年2月15日4时54分32秒	通过fd发送了一次数据，fd为:114
2019年2月15日4时54分32秒	通过fd发送了一次数据，fd为:112
2019年2月15日4时54分32秒	通过fd发送了一次数据，fd为:115
2019年2月15日4时54分32秒	通过fd发送了一次数据，fd为:112
2019年2月15日4时54分32秒	通过fd发送了一次数据，fd为:
2019年2月15日4时54分32秒	通过fd发送了一次数据，fd为:112
2019年2月15日4时54分32秒	通过fd发送了一次数据，fd为:115
2019年2月15日4时54分32秒	通过fd发送了一次数据，fd为:115
2019年2月15日4时54分32秒	通过fd发送了一次数据，fd为:115
2019年2月15日4时54分32秒	通过fd发送了一次数据，fd为:115
2019年2月15日4时54分32秒	通过fd发送了一次数据，fd为:116
2019年2月15日4时54分32秒	通过fd发送了一次数据，fd为:115
2019年2月15日4时54分32秒	通过fd发送了一次数据，fd为:116
2019年2月15日4时54分32秒	通过fd发送了一次数据，fd为:115
2019年2月15日4时54分32秒	通过fd发送了一次数据，fd为:116
2019年2月15日4时54分32秒	通过fd发送了一次数据，fd为:115
2019年2月15日4时54分32秒	通过fd发送了一次数据，fd为:117
2019年2月15日4时54分32秒	通过fd发送了一次数据，fd为:115
2019年2月15日4时54分32秒	通过fd发送了一次数据，fd为:
115
2019年2月15日4时54分32秒	通过fd发送了一次数据，fd为:115
2019年2月15日4时54分32秒	通过fd发送了一次数据，fd为:115
2019年2月15日4时54分32秒	通过fd发送了一次数据，fd为:117
2019年2月15日4时54分32秒	通过fd发送了一次数据，fd为:115
2019年2月15日4时54分32秒	通过fd发送了一次数据，fd为:117
2019年2月15日4时54分32秒	通过fd发送了一次数据，fd为:115
2019年2月15日4时54分32秒	通过fd发送了一次数据，fd为:115
2019年2月15日4时54分32秒	通过fd发送了一次数据，fd为:117
2019年2月15日4时54分32秒	通过fd发送了一次数据，fd为:115
2019年2月15日4时54分32秒	通过fd发送了一次数据，fd为:117
2019年2月15日4时54分32秒	通过fd发送了一次数据，fd为:117
2019年2月15日4时54分32秒	通过fd发送了一次数据，fd为:117
2019年2月15日4时54分32秒	通过fd发送了一次数据，fd为:118
2019年2月15日4时54分32秒	通过fd发送了一次数据，fd为:
2019年2月15日4时54分32秒	通过fd发送了一次数据，fd为:117
2019年2月15日4时54分32秒	通过fd发送了一次数据，fd为:117
2019年2月15日4时54分32秒	通过fd发送了一次数据，fd为:118
2019年2月15日4时54分32秒	通过fd发送了一次数据，fd为:117
2019年2月15日4时54分32秒	通过fd发送了一次数据，fd为:118
2019年2月15日4时54分32秒	通过fd发送了一次数据，fd为:117
2019年2月15日4时54分32秒	通过fd发送了一次数据，fd为:117
2019年2月15日4时54分32秒	通过fd发送了一次数据，fd为:117
2019年2月15日4时54分32秒	通过fd发送了一次数据，fd为:119
2019年2月15日4时54分32秒	通过fd发送了一次数据，fd为:119
2019年2月15日4时54分32秒	通过fd发送了一次数据，fd为:120
2019年2月15日4时54分32秒	通过fd发送了一次数据，fd为:119
2019年2月15日4时54分32秒	通过fd发送了一次数据，fd为:119
2019年2月15日4时54分32秒	通过fd发送了一次数据，fd为:
2019年2月15日4时54分32秒	通过fd发送了一次数据，fd为:119
2019年2月15日4时54分32秒	通过fd发送了一次数据，fd为:120
2019年2月15日4时54分32秒	通过fd发送了一次数据，fd为:119
2019年2月15日4时54分32秒	通过fd发送了一次数据，fd为:119
2019年2月15日4时54分32秒	通过fd发送了一次数据，fd为:119
2019年2月15日4时54分32秒	通过fd发送了一次数据，fd为:121
2019年2月15日4时54分32秒	通过fd发送了一次数据，fd为:119
2019年2月15日4时54分32秒	通过fd发送了一次数据，fd为:121
2019年2月15日4时54分32秒	通过fd发送了一次数据，fd为:119
2019年2月15日4时54分32秒	通过fd发送了一次数据，fd为:119
2019年2月15日4时54分32秒	通过fd发送了一次数据，fd为:121
2019年2月15日4时54分32秒	通过fd发送了一次数据，fd为:119
2019年2月15日4时54分32秒	通过fd发送了一次数据，fd为:119
2019年2月15日4时54分32秒	通过fd发送了一次数据，fd为:
2019年2月15日4时54分32秒	通过fd发送了一次数据，fd为:119
2019年2月15日4时54分32秒	通过fd发送了一次数据，fd为:119
2019年2月15日4时54分32秒	通过fd发送了一次数据，fd为:119
2019年2月15日4时54分32秒	通过fd发送了一次数据，fd为:121
2019年2月15日4时54分32秒	通过fd发送了一次数据，fd为:119
2019年2月15日4时54分32秒	通过fd发送了一次数据，fd为:119
2019年2月15日4时54分32秒	通过fd发送了一次数据，fd为:121
2019年2月15日4时54分32秒	通过fd发送了一次数据，fd为:119
2019年2月15日4时54分32秒	通过fd发送了一次数据，fd为:119
2019年2月15日4时54分32秒	通过fd发送了一次数据，fd为:119
2019年2月15日4时54分32秒	通过fd发送了一次数据，fd为:121
2019年2月15日4时54分32秒	通过fd发送了一次数据，fd为:119
2019年2月15日4时54分32秒	通过fd发送了一次数据，fd为:122
2019年2月15日4时54分32秒	通过fd发送了一次数据，fd为:
2019年2月15日4时54分32秒	通过fd发送了一次数据，fd为:119
2019年2月15日4时54分32秒	通过fd发送了一次数据，fd为:119
2019年2月15日4时54分32秒	通过fd发送了一次数据，fd为:122
2019年2月15日4时54分32秒	通过fd发送了一次数据，fd为:119
2019年2月15日4时54分32秒	通过fd发送了一次数据，fd为:122
2019年2月15日4时54分32秒	通过fd发送了一次数据，fd为:119
2019年2月15日4时54分32秒	通过fd发送了一次数据，fd为:119
2019年2月15日4时54分32秒	通过fd发送了一次数据，fd为:119
2019年2月15日4时54分32秒	通过fd发送了一次数据，fd为:122
2019年2月15日4时54分32秒	通过fd发送了一次数据，fd为:119
2019年2月15日4时54分32秒	通过fd发送了一次数据，fd为:122
2019年2月15日4时54分32秒	通过fd发送了一次数据，fd为:119
2019年2月15日4时54分32秒	通过fd发送了一次数据，fd为:119
2019年2月15日4时54分32秒	通过fd发送了一次数据，fd为:
122
2019年2月15日4时54分32秒	通过fd发送了一次数据，fd为:119
2019年2月15日4时54分32秒	通过fd发送了一次数据，fd为:119
2019年2月15日4时54分32秒	通过fd发送了一次数据，fd为:122
2019年2月15日4时54分32秒	通过fd发送了一次数据，fd为:119
2019年2月15日4时54分32秒	通过fd发送了一次数据，fd为:122
2019年2月15日4时54分32秒	通过fd发送了一次数据，fd为:119
2019年2月15日4时54分32秒	通过fd发送了一次数据，fd为:122
2019年2月15日4时54分32秒	通过fd发送了一次数据，fd为:119
2019年2月15日4时54分32秒	通过fd发送了一次数据，fd为:122
2019年2月15日4时54分32秒	通过fd发送了一次数据，fd为:119
2019年2月15日4时54分32秒	通过fd发送了一次数据，fd为:122
2019年2月15日4时54分32秒	通过fd发送了一次数据，fd为:119
2019年2月15日4时54分32秒	通过fd发送了一次数据，fd为:122
2019年2月15日4时54分32秒	通过fd发送了一次数据，fd为:
2019年2月15日4时54分32秒	通过fd发送了一次数据，fd为:119
2019年2月15日4时54分32秒	通过fd发送了一次数据，fd为:119
2019年2月15日4时54分32秒	通过fd发送了一次数据，fd为:119
2019年2月15日4时54分32秒	通过fd发送了一次数据，fd为:119
2019年2月15日4时54分32秒	通过fd发送了一次数据，fd为:122
2019年2月15日4时54分33秒	通过fd发送了一次数据，fd为:119
2019年2月15日4时54分33秒	通过fd发送了一次数据，fd为:122
2019年2月15日4时54分33秒	通过fd发送了一次数据，fd为:119
2019年2月15日4时54分33秒	通过fd发送了一次数据，fd为:122
2019年2月15日4时54分33秒	通过fd发送了一次数据，fd为:119
2019年2月15日4时54分33秒	通过fd发送了一次数据，fd为:122
2019年2月15日4时54分33秒	通过fd发送了一次数据，fd为:119
2019年2月15日4时54分33秒	通过fd发送了一次数据，fd为:122
2019年2月15日4时54分33秒	通过fd发送了一次数据，fd为:
2019年2月15日4时54分33秒	通过fd发送了一次数据，fd为:124
2019年2月15日4时54分33秒	通过fd发送了一次数据，fd为:119
2019年2月15日4时54分33秒	通过fd发送了一次数据，fd为:124
2019年2月15日4时54分33秒	通过fd发送了一次数据，fd为:119
2019年2月15日4时54分33秒	通过fd发送了一次数据，fd为:124
2019年2月15日4时54分33秒	通过fd发送了一次数据，fd为:119
2019年2月15日4时54分33秒	通过fd发送了一次数据，fd为:119
2019年2月15日4时54分33秒	通过fd发送了一次数据，fd为:119
2019年2月15日4时54分33秒	通过fd发送了一次数据，fd为:125
2019年2月15日4时54分33秒	通过fd发送了一次数据，fd为:119
2019年2月15日4时54分33秒	通过fd发送了一次数据，fd为:125
2019年2月15日4时54分33秒	通过fd发送了一次数据，fd为:119
2019年2月15日4时54分33秒	通过fd发送了一次数据，fd为:125
2019年2月15日4时54分33秒	通过fd发送了一次数据，fd为:
119
2019年2月15日4时54分33秒	通过fd发送了一次数据，fd为:125
2019年2月15日4时54分33秒	通过fd发送了一次数据，fd为:119
2019年2月15日4时54分33秒	通过fd发送了一次数据，fd为:119
2019年2月15日4时54分33秒	通过fd发送了一次数据，fd为:119
2019年2月15日4时54分33秒	通过fd发送了一次数据，fd为:125
2019年2月15日4时54分33秒	通过fd发送了一次数据，fd为:119
2019年2月15日4时54分33秒	通过fd发送了一次数据，fd为:119
2019年2月15日4时54分33秒	通过fd发送了一次数据，fd为:125
2019年2月15日4时54分33秒	通过fd发送了一次数据，fd为:119
2019年2月15日4时54分33秒	通过fd发送了一次数据，fd为:119
2019年2月15日4时54分33秒	通过fd发送了一次数据，fd为:125
2019年2月15日4时54分33秒	通过fd发送了一次数据，fd为:119
2019年2月15日4时54分33秒	通过fd发送了一次数据，fd为:125
2019年2月15日4时54分33秒	通过fd发送了一次数据，fd为:
2019年2月15日4时54分33秒	通过fd发送了一次数据，fd为:119
2019年2月15日4时54分33秒	通过fd发送了一次数据，fd为:119
2019年2月15日4时54分33秒	通过fd发送了一次数据，fd为:125
2019年2月15日4时54分33秒	通过fd发送了一次数据，fd为:125
2019年2月15日4时54分33秒	通过fd发送了一次数据，fd为:127
2019年2月15日4时54分33秒	通过fd发送了一次数据，fd为:128
2019年2月15日4时54分33秒	通过fd发送了一次数据，fd为:127
2019年2月15日4时54分33秒	通过fd发送了一次数据，fd为:128
2019年2月15日4时54分33秒	通过fd发送了一次数据，fd为:127
2019年2月15日4时54分33秒	通过fd发送了一次数据，fd为:127
2019年2月15日4时54分33秒	通过fd发送了一次数据，fd为:129
2019年2月15日4时54分33秒	通过fd发送了一次数据，fd为:127
2019年2月15日4时54分33秒	通过fd发送了一次数据，fd为:129
2019年2月15日4时54分33秒	通过fd发送了一次数据，fd为:
127
2019年2月15日4时54分33秒	通过fd发送了一次数据，fd为:129
2019年2月15日4时54分33秒	通过fd发送了一次数据，fd为:127
2019年2月15日4时54分33秒	通过fd发送了一次数据，fd为:127
2019年2月15日4时54分33秒	通过fd发送了一次数据，fd为:127
2019年2月15日4时54分33秒	通过fd发送了一次数据，fd为:129
2019年2月15日4时54分33秒	通过fd发送了一次数据，fd为:127
2019年2月15日4时54分33秒	通过fd发送了一次数据，fd为:127
2019年2月15日4时54分33秒	通过fd发送了一次数据，fd为:127
2019年2月15日4时54分33秒	通过fd发送了一次数据，fd为:129
2019年2月15日4时54分33秒	通过fd发送了一次数据，fd为:127
2019年2月15日4时54分33秒	通过fd发送了一次数据，fd为:129
2019年2月15日4时54分33秒	通过fd发送了一次数据，fd为:129
2019年2月15日4时54分33秒	通过fd发送了一次数据，fd为:130
2019年2月15日4时54分33秒	通过fd发送了一次数据，fd为:
2019年2月15日4时54分33秒	通过fd发送了一次数据，fd为:130
2019年2月15日4时54分33秒	通过fd发送了一次数据，fd为:129
2019年2月15日4时54分33秒	通过fd发送了一次数据，fd为:129
2019年2月15日4时54分33秒	通过fd发送了一次数据，fd为:130
2019年2月15日4时54分33秒	通过fd发送了一次数据，fd为:129
2019年2月15日4时54分33秒	通过fd发送了一次数据，fd为:130
2019年2月15日4时54分33秒	通过fd发送了一次数据，fd为:129
2019年2月15日4时54分33秒	通过fd发送了一次数据，fd为:130
2019年2月15日4时54分33秒	通过fd发送了一次数据，fd为:129
2019年2月15日4时54分33秒	通过fd发送了一次数据，fd为:129
2019年2月15日4时54分33秒	通过fd发送了一次数据，fd为:130
2019年2月15日4时54分33秒	通过fd发送了一次数据，fd为:129
2019年2月15日4时54分33秒	通过fd发送了一次数据，fd为:129
2019年2月15日4时54分33秒	通过fd发送了一次数据，fd为:
2019年2月15日4时54分33秒	通过fd发送了一次数据，fd为:129
2019年2月15日4时54分33秒	通过fd发送了一次数据，fd为:129
2019年2月15日4时54分33秒	通过fd发送了一次数据，fd为:129
2019年2月15日4时54分33秒	通过fd发送了一次数据，fd为:129
2019年2月15日4时54分33秒	通过fd发送了一次数据，fd为:130
2019年2月15日4时54分33秒	通过fd发送了一次数据，fd为:129
2019年2月15日4时54分33秒	通过fd发送了一次数据，fd为:129
2019年2月15日4时54分33秒	通过fd发送了一次数据，fd为:130
2019年2月15日4时54分33秒	通过fd发送了一次数据，fd为:129
2019年2月15日4时54分33秒	通过fd发送了一次数据，fd为:130
2019年2月15日4时54分33秒	通过fd发送了一次数据，fd为:129
2019年2月15日4时54分33秒	通过fd发送了一次数据，fd为:129
2019年2月15日4时54分33秒	通过fd发送了一次数据，fd为:129
2019年2月15日4时54分33秒	通过fd发送了一次数据，fd为:
2019年2月15日4时54分33秒	通过fd发送了一次数据，fd为:129
2019年2月15日4时54分33秒	通过fd发送了一次数据，fd为:130
2019年2月15日4时54分33秒	通过fd发送了一次数据，fd为:130
2019年2月15日4时54分33秒	通过fd发送了一次数据，fd为:131
2019年2月15日4时54分33秒	通过fd发送了一次数据，fd为:130
2019年2月15日4时54分33秒	通过fd发送了一次数据，fd为:131
2019年2月15日4时54分33秒	通过fd发送了一次数据，fd为:130
2019年2月15日4时54分33秒	通过fd发送了一次数据，fd为:131
2019年2月15日4时54分33秒	通过fd发送了一次数据，fd为:130
2019年2月15日4时54分33秒	通过fd发送了一次数据，fd为:130
2019年2月15日4时54分33秒	通过fd发送了一次数据，fd为:131
2019年2月15日4时54分33秒	通过fd发送了一次数据，fd为:130
2019年2月15日4时54分33秒	通过fd发送了一次数据，fd为:130
2019年2月15日4时54分33秒	通过fd发送了一次数据，fd为:
131
2019年2月15日4时54分33秒	通过fd发送了一次数据，fd为:130
2019年2月15日4时54分33秒	通过fd发送了一次数据，fd为:130
2019年2月15日4时54分33秒	通过fd发送了一次数据，fd为:131
2019年2月15日4时54分33秒	通过fd发送了一次数据，fd为:131
2019年2月15日4时54分33秒	通过fd发送了一次数据，fd为:131
2019年2月15日4时54分33秒	通过fd发送了一次数据，fd为:131
2019年2月15日4时54分33秒	通过fd发送了一次数据，fd为:132
2019年2月15日4时54分33秒	通过fd发送了一次数据，fd为:131
2019年2月15日4时54分33秒	通过fd发送了一次数据，fd为:132
2019年2月15日4时54分33秒	通过fd发送了一次数据，fd为:131
2019年2月15日4时54分33秒	通过fd发送了一次数据，fd为:132
2019年2月15日4时54分33秒	通过fd发送了一次数据，fd为:131
2019年2月15日4时54分33秒	通过fd发送了一次数据，fd为:131
2019年2月15日4时54分33秒	通过fd发送了一次数据，fd为:
2019年2月15日4时54分33秒	通过fd发送了一次数据，fd为:131
2019年2月15日4时54分33秒	通过fd发送了一次数据，fd为:132
2019年2月15日4时54分33秒	通过fd发送了一次数据，fd为:131
2019年2月15日4时54分33秒	通过fd发送了一次数据，fd为:132
2019年2月15日4时54分33秒	通过fd发送了一次数据，fd为:131
2019年2月15日4时54分33秒	通过fd发送了一次数据，fd为:132
2019年2月15日4时54分33秒	通过fd发送了一次数据，fd为:131
2019年2月15日4时54分33秒	通过fd发送了一次数据，fd为:131
2019年2月15日4时54分33秒	通过fd发送了一次数据，fd为:132
2019年2月15日4时54分33秒	通过fd发送了一次数据，fd为:133
2019年2月15日4时54分33秒	通过fd发送了一次数据，fd为:132
2019年2月15日4时54分33秒	通过fd发送了一次数据，fd为:132
2019年2月15日4时54分33秒	通过fd发送了一次数据，fd为:133
2019年2月15日4时54分33秒	通过fd发送了一次数据，fd为:
132
2019年2月15日4时54分33秒	通过fd发送了一次数据，fd为:132
2019年2月15日4时54分33秒	通过fd发送了一次数据，fd为:133
2019年2月15日4时54分33秒	通过fd发送了一次数据，fd为:132
2019年2月15日4时54分33秒	通过fd发送了一次数据，fd为:133
2019年2月15日4时54分33秒	通过fd发送了一次数据，fd为:132
2019年2月15日4时54分33秒	通过fd发送了一次数据，fd为:133
2019年2月15日4时54分33秒	通过fd发送了一次数据，fd为:132
2019年2月15日4时54分33秒	通过fd发送了一次数据，fd为:132
2019年2月15日4时54分33秒	通过fd发送了一次数据，fd为:133
2019年2月15日4时54分33秒	通过fd发送了一次数据，fd为:132
2019年2月15日4时54分33秒	通过fd发送了一次数据，fd为:132
2019年2月15日4时54分33秒	通过fd发送了一次数据，fd为:133
2019年2月15日4时54分33秒	通过fd发送了一次数据，fd为:132
2019年2月15日4时54分33秒	通过fd发送了一次数据，fd为:
2019年2月15日4时54分33秒	通过fd发送了一次数据，fd为:133
2019年2月15日4时54分33秒	通过fd发送了一次数据，fd为:132
2019年2月15日4时54分33秒	通过fd发送了一次数据，fd为:133
2019年2月15日4时54分33秒	通过fd发送了一次数据，fd为:134
2019年2月15日4时54分33秒	通过fd发送了一次数据，fd为:135
2019年2月15日4时54分33秒	通过fd发送了一次数据，fd为:134
2019年2月15日4时54分33秒	通过fd发送了一次数据，fd为:134
2019年2月15日4时54分33秒	通过fd发送了一次数据，fd为:135
2019年2月15日4时54分33秒	通过fd发送了一次数据，fd为:134
2019年2月15日4时54分33秒	通过fd发送了一次数据，fd为:136
2019年2月15日4时54分33秒	通过fd发送了一次数据，fd为:134
2019年2月15日4时54分33秒	通过fd发送了一次数据，fd为:134
2019年2月15日4时54分33秒	通过fd发送了一次数据，fd为:136
2019年2月15日4时54分33秒	通过fd发送了一次数据，fd为:
137
2019年2月15日4时54分33秒	通过fd发送了一次数据，fd为:136
2019年2月15日4时54分33秒	通过fd发送了一次数据，fd为:137
2019年2月15日4时54分33秒	通过fd发送了一次数据，fd为:136
2019年2月15日4时54分33秒	通过fd发送了一次数据，fd为:137
2019年2月15日4时54分33秒	通过fd发送了一次数据，fd为:136
2019年2月15日4时54分33秒	通过fd发送了一次数据，fd为:136
2019年2月15日4时54分33秒	通过fd发送了一次数据，fd为:137
2019年2月15日4时54分33秒	通过fd发送了一次数据，fd为:136
2019年2月15日4时54分33秒	通过fd发送了一次数据，fd为:137
2019年2月15日4时54分33秒	通过fd发送了一次数据，fd为:136
2019年2月15日4时54分33秒	通过fd发送了一次数据，fd为:136
2019年2月15日4时54分33秒	通过fd发送了一次数据，fd为:137
2019年2月15日4时54分33秒	通过fd发送了一次数据，fd为:136
2019年2月15日4时54分33秒	通过fd发送了一次数据，fd为:
2019年2月15日4时54分33秒	通过fd发送了一次数据，fd为:137
2019年2月15日4时54分33秒	通过fd发送了一次数据，fd为:136
2019年2月15日4时54分33秒	通过fd发送了一次数据，fd为:136
2019年2月15日4时54分33秒	通过fd发送了一次数据，fd为:136
2019年2月15日4时54分33秒	通过fd发送了一次数据，fd为:138
2019年2月15日4时54分33秒	通过fd发送了一次数据，fd为:136
2019年2月15日4时54分33秒	通过fd发送了一次数据，fd为:138
2019年2月15日4时54分33秒	通过fd发送了一次数据，fd为:136
2019年2月15日4时54分33秒	通过fd发送了一次数据，fd为:136
2019年2月15日4时54分33秒	通过fd发送了一次数据，fd为:136
2019年2月15日4时54分33秒	通过fd发送了一次数据，fd为:136
2019年2月15日4时54分33秒	通过fd发送了一次数据，fd为:138
2019年2月15日4时54分33秒	通过fd发送了一次数据，fd为:136
2019年2月15日4时54分33秒	通过fd发送了一次数据，fd为:
2019年2月15日4时54分33秒	通过fd发送了一次数据，fd为:139
2019年2月15日4时54分33秒	通过fd发送了一次数据，fd为:136
2019年2月15日4时54分33秒	通过fd发送了一次数据，fd为:139
2019年2月15日4时54分33秒	通过fd发送了一次数据，fd为:140
2019年2月15日4时54分33秒	通过fd发送了一次数据，fd为:139
2019年2月15日4时54分33秒	通过fd发送了一次数据，fd为:140
2019年2月15日4时54分33秒	通过fd发送了一次数据，fd为:139
2019年2月15日4时54分33秒	通过fd发送了一次数据，fd为:139
2019年2月15日4时54分33秒	通过fd发送了一次数据，fd为:139
2019年2月15日4时54分33秒	通过fd发送了一次数据，fd为:139
2019年2月15日4时54分33秒	通过fd发送了一次数据，fd为:140
2019年2月15日4时54分33秒	通过fd发送了一次数据，fd为:139
2019年2月15日4时54分33秒	通过fd发送了一次数据，fd为:140
2019年2月15日4时54分33秒	通过fd发送了一次数据，fd为:
2019年2月15日4时54分33秒	通过fd发送了一次数据，fd为:139
2019年2月15日4时54分33秒	通过fd发送了一次数据，fd为:140
2019年2月15日4时54分33秒	通过fd发送了一次数据，fd为:139
2019年2月15日4时54分33秒	通过fd发送了一次数据，fd为:139
2019年2月15日4时54分33秒	通过fd发送了一次数据，fd为:139
2019年2月15日4时54分33秒	通过fd发送了一次数据，fd为:139
2019年2月15日4时54分33秒	通过fd发送了一次数据，fd为:139
2019年2月15日4时54分33秒	通过fd发送了一次数据，fd为:139
2019年2月15日4时54分33秒	通过fd发送了一次数据，fd为:140
2019年2月15日4时54分33秒	通过fd发送了一次数据，fd为:139
2019年2月15日4时54分33秒	通过fd发送了一次数据，fd为:140
2019年2月15日4时54分33秒	通过fd发送了一次数据，fd为:139
2019年2月15日4时54分33秒	通过fd发送了一次数据，fd为:140
2019年2月15日4时54分33秒	通过fd发送了一次数据，fd为:
2019年2月15日4时54分33秒	通过fd发送了一次数据，fd为:140
2019年2月15日4时54分33秒	通过fd发送了一次数据，fd为:139
2019年2月15日4时54分33秒	通过fd发送了一次数据，fd为:140
2019年2月15日4时54分33秒	通过fd发送了一次数据，fd为:139
2019年2月15日4时54分33秒	通过fd发送了一次数据，fd为:140
2019年2月15日4时54分34秒	通过fd发送了一次数据，fd为:139
2019年2月15日4时54分34秒	通过fd发送了一次数据，fd为:140
2019年2月15日4时54分34秒	通过fd发送了一次数据，fd为:139
2019年2月15日4时54分34秒	通过fd发送了一次数据，fd为:139
2019年2月15日4时54分34秒	通过fd发送了一次数据，fd为:140
2019年2月15日4时54分34秒	通过fd发送了一次数据，fd为:139
2019年2月15日4时54分34秒	通过fd发送了一次数据，fd为:140
2019年2月15日4时54分34秒	通过fd发送了一次数据，fd为:139
2019年2月15日4时54分34秒	通过fd发送了一次数据，fd为:
2019年2月15日4时54分34秒	通过fd发送了一次数据，fd为:139
2019年2月15日4时54分34秒	通过fd发送了一次数据，fd为:140
2019年2月15日4时54分34秒	通过fd发送了一次数据，fd为:139
2019年2月15日4时54分34秒	通过fd发送了一次数据，fd为:140
2019年2月15日4时54分34秒	通过fd发送了一次数据，fd为:139
2019年2月15日4时54分34秒	通过fd发送了一次数据，fd为:140
2019年2月15日4时54分34秒	通过fd发送了一次数据，fd为:139
2019年2月15日4时54分34秒	通过fd发送了一次数据，fd为:139
2019年2月15日4时54分34秒	通过fd发送了一次数据，fd为:140
2019年2月15日4时54分34秒	通过fd发送了一次数据，fd为:139
2019年2月15日4时54分34秒	通过fd发送了一次数据，fd为:140
2019年2月15日4时54分34秒	通过fd发送了一次数据，fd为:139
2019年2月15日4时54分34秒	通过fd发送了一次数据，fd为:140
2019年2月15日4时54分34秒	通过fd发送了一次数据，fd为:
2019年2月15日4时54分34秒	通过fd发送了一次数据，fd为:140
2019年2月15日4时54分34秒	通过fd发送了一次数据，fd为:139
2019年2月15日4时54分34秒	通过fd发送了一次数据，fd为:139
2019年2月15日4时54分34秒	通过fd发送了一次数据，fd为:140
2019年2月15日4时54分34秒	通过fd发送了一次数据，fd为:139
2019年2月15日4时54分34秒	通过fd发送了一次数据，fd为:139
2019年2月15日4时54分34秒	通过fd发送了一次数据，fd为:139
2019年2月15日4时54分34秒	通过fd发送了一次数据，fd为:141
2019年2月15日4时54分34秒	通过fd发送了一次数据，fd为:139
2019年2月15日4时54分34秒	通过fd发送了一次数据，fd为:141
2019年2月15日4时54分34秒	通过fd发送了一次数据，fd为:139
2019年2月15日4时54分34秒	通过fd发送了一次数据，fd为:141
2019年2月15日4时54分34秒	通过fd发送了一次数据，fd为:139
2019年2月15日4时54分34秒	通过fd发送了一次数据，fd为:
2019年2月15日4时54分34秒	通过fd发送了一次数据，fd为:142
2019年2月15日4时54分34秒	通过fd发送了一次数据，fd为:141
2019年2月15日4时54分34秒	通过fd发送了一次数据，fd为:141
2019年2月15日4时54分34秒	通过fd发送了一次数据，fd为:142
2019年2月15日4时54分34秒	通过fd发送了一次数据，fd为:141
2019年2月15日4时54分34秒	通过fd发送了一次数据，fd为:141
2019年2月15日4时54分34秒	通过fd发送了一次数据，fd为:142
2019年2月15日4时54分34秒	通过fd发送了一次数据，fd为:141
2019年2月15日4时54分34秒	通过fd发送了一次数据，fd为:141
2019年2月15日4时54分34秒	通过fd发送了一次数据，fd为:142
2019年2月15日4时54分34秒	通过fd发送了一次数据，fd为:141
2019年2月15日4时54分34秒	通过fd发送了一次数据，fd为:142
2019年2月15日4时54分34秒	通过fd发送了一次数据，fd为:141
2019年2月15日4时54分34秒	通过fd发送了一次数据，fd为:
2019年2月15日4时54分34秒	通过fd发送了一次数据，fd为:142
2019年2月15日4时54分34秒	通过fd发送了一次数据，fd为:141
2019年2月15日4时54分34秒	通过fd发送了一次数据，fd为:143
2019年2月15日4时54分34秒	通过fd发送了一次数据，fd为:141
2019年2月15日4时54分34秒	通过fd发送了一次数据，fd为:143
2019年2月15日4时54分34秒	通过fd发送了一次数据，fd为:141
2019年2月15日4时54分34秒	通过fd发送了一次数据，fd为:143
2019年2月15日4时54分34秒	通过fd发送了一次数据，fd为:141
2019年2月15日4时54分34秒	通过fd发送了一次数据，fd为:141
2019年2月15日4时54分34秒	通过fd发送了一次数据，fd为:143
2019年2月15日4时54分34秒	通过fd发送了一次数据，fd为:141
2019年2月15日4时54分34秒	通过fd发送了一次数据，fd为:141
2019年2月15日4时54分34秒	通过fd发送了一次数据，fd为:141
2019年2月15日4时54分34秒	通过fd发送了一次数据，fd为:
2019年2月15日4时54分34秒	通过fd发送了一次数据，fd为:141
2019年2月15日4时54分34秒	通过fd发送了一次数据，fd为:143
2019年2月15日4时54分34秒	通过fd发送了一次数据，fd为:141
2019年2月15日4时54分34秒	通过fd发送了一次数据，fd为:141
2019年2月15日4时54分34秒	通过fd发送了一次数据，fd为:141
2019年2月15日4时54分34秒	通过fd发送了一次数据，fd为:143
2019年2月15日4时54分34秒	通过fd发送了一次数据，fd为:141
2019年2月15日4时54分34秒	通过fd发送了一次数据，fd为:143
2019年2月15日4时54分34秒	通过fd发送了一次数据，fd为:141
2019年2月15日4时54分34秒	通过fd发送了一次数据，fd为:143
2019年2月15日4时54分34秒	通过fd发送了一次数据，fd为:141
2019年2月15日4时54分34秒	通过fd发送了一次数据，fd为:143
2019年2月15日4时54分34秒	通过fd发送了一次数据，fd为:141
2019年2月15日4时54分34秒	通过fd发送了一次数据，fd为:
2019年2月15日4时54分34秒	通过fd发送了一次数据，fd为:141
2019年2月15日4时54分34秒	通过fd发送了一次数据，fd为:141
2019年2月15日4时54分34秒	通过fd发送了一次数据，fd为:141
2019年2月15日4时54分34秒	通过fd发送了一次数据，fd为:144
2019年2月15日4时54分34秒	通过fd发送了一次数据，fd为:141
2019年2月15日4时54分34秒	通过fd发送了一次数据，fd为:141
2019年2月15日4时54分34秒	通过fd发送了一次数据，fd为:144
2019年2月15日4时54分34秒	通过fd发送了一次数据，fd为:141
2019年2月15日4时54分34秒	通过fd发送了一次数据，fd为:144
2019年2月15日4时54分34秒	通过fd发送了一次数据，fd为:141
2019年2月15日4时54分34秒	通过fd发送了一次数据，fd为:141
2019年2月15日4时54分34秒	通过fd发送了一次数据，fd为:144
2019年2月15日4时54分34秒	通过fd发送了一次数据，fd为:141
2019年2月15日4时54分34秒	通过fd发送了一次数据，fd为:
2019年2月15日4时54分34秒	通过fd发送了一次数据，fd为:141
2019年2月15日4时54分34秒	通过fd发送了一次数据，fd为:144
2019年2月15日4时54分34秒	通过fd发送了一次数据，fd为:141
2019年2月15日4时54分34秒	通过fd发送了一次数据，fd为:141
2019年2月15日4时54分34秒	通过fd发送了一次数据，fd为:144
2019年2月15日4时54分34秒	通过fd发送了一次数据，fd为:141
2019年2月15日4时54分34秒	通过fd发送了一次数据，fd为:144
2019年2月15日4时54分34秒	通过fd发送了一次数据，fd为:141
2019年2月15日4时54分34秒	通过fd发送了一次数据，fd为:141
2019年2月15日4时54分34秒	通过fd发送了一次数据，fd为:141
2019年2月15日4时54分34秒	通过fd发送了一次数据，fd为:144
2019年2月15日4时54分34秒	通过fd发送了一次数据，fd为:141
2019年2月15日4时54分34秒	通过fd发送了一次数据，fd为:141
2019年2月15日4时54分34秒	通过fd发送了一次数据，fd为:
141
2019年2月15日4时54分34秒	通过fd发送了一次数据，fd为:141
2019年2月15日4时54分34秒	通过fd发送了一次数据，fd为:144
2019年2月15日4时54分34秒	通过fd发送了一次数据，fd为:141
2019年2月15日4时54分34秒	通过fd发送了一次数据，fd为:141
2019年2月15日4时54分34秒	通过fd发送了一次数据，fd为:144
2019年2月15日4时54分34秒	通过fd发送了一次数据，fd为:141
2019年2月15日4时54分34秒	通过fd发送了一次数据，fd为:141
2019年2月15日4时54分34秒	通过fd发送了一次数据，fd为:144
2019年2月15日4时54分34秒	通过fd发送了一次数据，fd为:141
2019年2月15日4时54分34秒	通过fd发送了一次数据，fd为:144
2019年2月15日4时54分34秒	通过fd发送了一次数据，fd为:141
2019年2月15日4时54分34秒	通过fd发送了一次数据，fd为:141
2019年2月15日4时54分34秒	通过fd发送了一次数据，fd为:144
2019年2月15日4时54分34秒	通过fd发送了一次数据，fd为:
2019年2月15日4时54分34秒	通过fd发送了一次数据，fd为:144
2019年2月15日4时54分34秒	通过fd发送了一次数据，fd为:141
2019年2月15日4时54分34秒	通过fd发送了一次数据，fd为:144
2019年2月15日4时54分34秒	通过fd发送了一次数据，fd为:144
2019年2月15日4时54分34秒	通过fd发送了一次数据，fd为:144
2019年2月15日4时54分34秒	通过fd发送了一次数据，fd为:145
2019年2月15日4时54分34秒	通过fd发送了一次数据，fd为:144
2019年2月15日4时54分34秒	通过fd发送了一次数据，fd为:144
2019年2月15日4时54分34秒	通过fd发送了一次数据，fd为:144
2019年2月15日4时54分34秒	通过fd发送了一次数据，fd为:144
2019年2月15日4时54分34秒	通过fd发送了一次数据，fd为:144
2019年2月15日4时54分34秒	通过fd发送了一次数据，fd为:145
2019年2月15日4时54分34秒	通过fd发送了一次数据，fd为:144
2019年2月15日4时54分34秒	通过fd发送了一次数据，fd为:
145
2019年2月15日4时54分34秒	通过fd发送了一次数据，fd为:144
2019年2月15日4时54分34秒	通过fd发送了一次数据，fd为:145
2019年2月15日4时54分34秒	通过fd发送了一次数据，fd为:144
2019年2月15日4时54分34秒	通过fd发送了一次数据，fd为:145
2019年2月15日4时54分34秒	通过fd发送了一次数据，fd为:144
2019年2月15日4时54分34秒	通过fd发送了一次数据，fd为:144
2019年2月15日4时54分34秒	通过fd发送了一次数据，fd为:145
2019年2月15日4时54分34秒	通过fd发送了一次数据，fd为:144
2019年2月15日4时54分34秒	通过fd发送了一次数据，fd为:145
2019年2月15日4时54分34秒	通过fd发送了一次数据，fd为:144
2019年2月15日4时54分34秒	通过fd发送了一次数据，fd为:144
2019年2月15日4时54分34秒	通过fd发送了一次数据，fd为:145
2019年2月15日4时54分34秒	通过fd发送了一次数据，fd为:144
2019年2月15日4时54分34秒	通过fd发送了一次数据，fd为:
145
2019年2月15日4时54分34秒	通过fd发送了一次数据，fd为:144
2019年2月15日4时54分34秒	通过fd发送了一次数据，fd为:145
2019年2月15日4时54分34秒	通过fd发送了一次数据，fd为:144
2019年2月15日4时54分34秒	通过fd发送了一次数据，fd为:145
2019年2月15日4时54分34秒	通过fd发送了一次数据，fd为:144
2019年2月15日4时54分34秒	通过fd发送了一次数据，fd为:145
2019年2月15日4时54分34秒	通过fd发送了一次数据，fd为:144
2019年2月15日4时54分34秒	通过fd发送了一次数据，fd为:145
2019年2月15日4时54分34秒	通过fd发送了一次数据，fd为:144
2019年2月15日4时54分34秒	通过fd发送了一次数据，fd为:145
2019年2月15日4时54分34秒	通过fd发送了一次数据，fd为:146
2019年2月15日4时54分34秒	通过fd发送了一次数据，fd为:147
2019年2月15日4时54分34秒	通过fd发送了一次数据，fd为:146
2019年2月15日4时54分34秒	通过fd发送了一次数据，fd为:
2019年2月15日4时54分34秒	通过fd发送了一次数据，fd为:147
2019年2月15日4时54分34秒	通过fd发送了一次数据，fd为:146
2019年2月15日4时54分34秒	通过fd发送了一次数据，fd为:147
2019年2月15日4时54分34秒	通过fd发送了一次数据，fd为:146
2019年2月15日4时54分34秒	通过fd发送了一次数据，fd为:148
2019年2月15日4时54分34秒	通过fd发送了一次数据，fd为:148
2019年2月15日4时54分34秒	通过fd发送了一次数据，fd为:150
2019年2月15日4时54分34秒	通过fd发送了一次数据，fd为:151
2019年2月15日4时54分34秒	通过fd发送了一次数据，fd为:150
2019年2月15日4时54分34秒	通过fd发送了一次数据，fd为:151
2019年2月15日4时54分34秒	通过fd发送了一次数据，fd为:153
2019年2月15日4时54分34秒	通过fd发送了一次数据，fd为:151
2019年2月15日4时54分34秒	通过fd发送了一次数据，fd为:153
2019年2月15日4时54分34秒	通过fd发送了一次数据，fd为:
2019年2月15日4时54分34秒	通过fd发送了一次数据，fd为:153
2019年2月15日4时54分34秒	通过fd发送了一次数据，fd为:151
2019年2月15日4时54分34秒	通过fd发送了一次数据，fd为:151
2019年2月15日4时54分34秒	通过fd发送了一次数据，fd为:153
2019年2月15日4时54分34秒	通过fd发送了一次数据，fd为:151
2019年2月15日4时54分34秒	通过fd发送了一次数据，fd为:153
2019年2月15日4时54分34秒	通过fd发送了一次数据，fd为:157
2019年2月15日4时54分34秒	通过fd发送了一次数据，fd为:153
2019年2月15日4时54分34秒	通过fd发送了一次数据，fd为:153
2019年2月15日4时54分34秒	通过fd发送了一次数据，fd为:157
2019年2月15日4时54分34秒	通过fd发送了一次数据，fd为:157
2019年2月15日4时54分34秒	通过fd发送了一次数据，fd为:159
2019年2月15日4时54分34秒	通过fd发送了一次数据，fd为:157
2019年2月15日4时54分34秒	通过fd发送了一次数据，fd为:
159
2019年2月15日4时54分34秒	通过fd发送了一次数据，fd为:157
2019年2月15日4时54分34秒	通过fd发送了一次数据，fd为:157
2019年2月15日4时54分34秒	通过fd发送了一次数据，fd为:159
2019年2月15日4时54分34秒	通过fd发送了一次数据，fd为:157
2019年2月15日4时54分34秒	通过fd发送了一次数据，fd为:157
2019年2月15日4时54分34秒	发送失败:157
2019年2月15日4时54分34秒	通过fd发送了一次数据，fd为:159
2019年2月15日4时54分34秒	通过fd发送了一次数据，fd为:157
2019年2月15日4时54分34秒	通过fd发送了一次数据，fd为:159
2019年2月15日4时54分34秒	通过fd发送了一次数据，fd为:157
2019年2月15日4时54分34秒	通过fd发送了一次数据，fd为:157

2019年2月15日4时54分35秒	通过fd发送了一次数据，fd为:159
2019年2月15日4时54分35秒	通过fd发送了一次数据，fd为:157
2019年2月15日4时54分35秒	通过fd发送了一次数据，fd为:159
2019年2月15日4时54分35秒	通过fd发送了一次数据，fd为:157
2019年2月15日4时54分35秒	通过fd发送了一次数据，fd为:157
2019年2月15日4时54分35秒	通过fd发送了一次数据，fd为:157
2019年2月15日4时54分35秒	通过fd发送了一次数据，fd为:157
2019年2月15日4时54分35秒	通过fd发送了一次数据，fd为:157
2019年2月15日4时54分35秒	通过fd发送了一次数据，fd为:157
2019年2月15日4时54分35秒	通过fd发送了一次数据，fd为:157
2019年2月15日4时54分35秒	通过fd发送了一次数据，fd为:157
2019年2月15日4时54分35秒	通过fd发送了一次数据，fd为:157
2019年2月15日4时54分35秒	通过fd发送了一次数据，fd为:157
2019年2月15日4时54分35秒	通过fd发送了一次数据，fd为:
2019年2月15日4时54分35秒	通过fd发送了一次数据，fd为:157
2019年2月15日4时54分35秒	通过fd发送了一次数据，fd为:157
2019年2月15日4时54分35秒	通过fd发送了一次数据，fd为:157
2019年2月15日4时54分35秒	通过fd发送了一次数据，fd为:157
2019年2月15日4时54分35秒	通过fd发送了一次数据，fd为:157
2019年2月15日4时54分35秒	通过fd发送了一次数据，fd为:157
2019年2月15日4时54分35秒	通过fd发送了一次数据，fd为:157
2019年2月15日4时54分35秒	通过fd发送了一次数据，fd为:159
2019年2月15日4时54分35秒	通过fd发送了一次数据，fd为:159
2019年2月15日4时54分35秒	通过fd发送了一次数据，fd为:160
2019年2月15日4时54分35秒	通过fd发送了一次数据，fd为:159
2019年2月15日4时54分35秒	通过fd发送了一次数据，fd为:159
2019年2月15日4时54分35秒	通过fd发送了一次数据，fd为:159
2019年2月15日4时54分35秒	通过fd发送了一次数据，fd为:
2019年2月15日4时54分35秒	通过fd发送了一次数据，fd为:159
2019年2月15日4时54分35秒	通过fd发送了一次数据，fd为:159
2019年2月15日4时54分35秒	通过fd发送了一次数据，fd为:159
2019年2月15日4时54分35秒	通过fd发送了一次数据，fd为:159
2019年2月15日4时54分35秒	通过fd发送了一次数据，fd为:159
2019年2月15日4时54分35秒	通过fd发送了一次数据，fd为:160
2019年2月15日4时54分35秒	通过fd发送了一次数据，fd为:159
2019年2月15日4时54分35秒	通过fd发送了一次数据，fd为:160
2019年2月15日4时54分35秒	通过fd发送了一次数据，fd为:159
2019年2月15日4时54分35秒	通过fd发送了一次数据，fd为:160
2019年2月15日4时54分35秒	通过fd发送了一次数据，fd为:159
2019年2月15日4时54分35秒	通过fd发送了一次数据，fd为:160
2019年2月15日4时54分35秒	通过fd发送了一次数据，fd为:159
2019年2月15日4时54分35秒	通过fd发送了一次数据，fd为:
2019年2月15日4时54分35秒	通过fd发送了一次数据，fd为:160
2019年2月15日4时54分35秒	通过fd发送了一次数据，fd为:159
2019年2月15日4时54分35秒	通过fd发送了一次数据，fd为:160
2019年2月15日4时54分35秒	通过fd发送了一次数据，fd为:161
2019年2月15日4时54分35秒	通过fd发送了一次数据，fd为:160
2019年2月15日4时54分35秒	通过fd发送了一次数据，fd为:161
2019年2月15日4时54分35秒	通过fd发送了一次数据，fd为:160
2019年2月15日4时54分35秒	通过fd发送了一次数据，fd为:161
2019年2月15日4时54分35秒	通过fd发送了一次数据，fd为:161
2019年2月15日4时54分35秒	通过fd发送了一次数据，fd为:161
2019年2月15日4时54分35秒	通过fd发送了一次数据，fd为:162
2019年2月15日4时54分35秒	通过fd发送了一次数据，fd为:161
2019年2月15日4时54分35秒	通过fd发送了一次数据，fd为:162
2019年2月15日4时54分35秒	通过fd发送了一次数据，fd为:
2019年2月15日4时54分35秒	通过fd发送了一次数据，fd为:161
2019年2月15日4时54分35秒	通过fd发送了一次数据，fd为:161
2019年2月15日4时54分35秒	通过fd发送了一次数据，fd为:162
2019年2月15日4时54分35秒	通过fd发送了一次数据，fd为:161
2019年2月15日4时54分35秒	通过fd发送了一次数据，fd为:162
2019年2月15日4时54分35秒	通过fd发送了一次数据，fd为:161
2019年2月15日4时54分35秒	通过fd发送了一次数据，fd为:162
2019年2月15日4时54分35秒	通过fd发送了一次数据，fd为:161
2019年2月15日4时54分35秒	通过fd发送了一次数据，fd为:162
2019年2月15日4时54分35秒	通过fd发送了一次数据，fd为:161
2019年2月15日4时54分35秒	通过fd发送了一次数据，fd为:162
2019年2月15日4时54分35秒	通过fd发送了一次数据，fd为:161
2019年2月15日4时54分35秒	通过fd发送了一次数据，fd为:162
2019年2月15日4时54分35秒	通过fd发送了一次数据，fd为:
2019年2月15日4时54分35秒	通过fd发送了一次数据，fd为:162
2019年2月15日4时54分35秒	通过fd发送了一次数据，fd为:161
2019年2月15日4时54分35秒	通过fd发送了一次数据，fd为:161
2019年2月15日4时54分35秒	通过fd发送了一次数据，fd为:161
2019年2月15日4时54分35秒	通过fd发送了一次数据，fd为:162
2019年2月15日4时54分35秒	通过fd发送了一次数据，fd为:161
2019年2月15日4时54分35秒	通过fd发送了一次数据，fd为:163
2019年2月15日4时54分35秒	通过fd发送了一次数据，fd为:161
2019年2月15日4时54分35秒	通过fd发送了一次数据，fd为:161
2019年2月15日4时54分35秒	通过fd发送了一次数据，fd为:161
2019年2月15日4时54分35秒	通过fd发送了一次数据，fd为:161
2019年2月15日4时54分35秒	通过fd发送了一次数据，fd为:161
2019年2月15日4时54分35秒	通过fd发送了一次数据，fd为:161
2019年2月15日4时54分35秒	通过fd发送了一次数据，fd为:
163
2019年2月15日4时54分35秒	通过fd发送了一次数据，fd为:161
2019年2月15日4时54分35秒	通过fd发送了一次数据，fd为:163
2019年2月15日4时54分35秒	通过fd发送了一次数据，fd为:161
2019年2月15日4时54分35秒	通过fd发送了一次数据，fd为:163
2019年2月15日4时54分35秒	通过fd发送了一次数据，fd为:161
2019年2月15日4时54分35秒	通过fd发送了一次数据，fd为:161
2019年2月15日4时54分35秒	通过fd发送了一次数据，fd为:161
2019年2月15日4时54分35秒	通过fd发送了一次数据，fd为:161
2019年2月15日4时54分35秒	通过fd发送了一次数据，fd为:161
2019年2月15日4时54分35秒	通过fd发送了一次数据，fd为:161
2019年2月15日4时54分35秒	通过fd发送了一次数据，fd为:164
2019年2月15日4时54分35秒	通过fd发送了一次数据，fd为:161
2019年2月15日4时54分35秒	通过fd发送了一次数据，fd为:164
2019年2月15日4时54分35秒	通过fd发送了一次数据，fd为:
2019年2月15日4时54分35秒	通过fd发送了一次数据，fd为:164
2019年2月15日4时54分35秒	通过fd发送了一次数据，fd为:161
2019年2月15日4时54分35秒	通过fd发送了一次数据，fd为:161
2019年2月15日4时54分35秒	通过fd发送了一次数据，fd为:164
2019年2月15日4时54分35秒	通过fd发送了一次数据，fd为:161
2019年2月15日4时54分35秒	通过fd发送了一次数据，fd为:161
2019年2月15日4时54分35秒	通过fd发送了一次数据，fd为:161
2019年2月15日4时54分35秒	通过fd发送了一次数据，fd为:161
2019年2月15日4时54分35秒	通过fd发送了一次数据，fd为:161
2019年2月15日4时54分35秒	通过fd发送了一次数据，fd为:165
2019年2月15日4时54分35秒	通过fd发送了一次数据，fd为:161
2019年2月15日4时54分35秒	通过fd发送了一次数据，fd为:161
2019年2月15日4时54分35秒	通过fd发送了一次数据，fd为:165
2019年2月15日4时54分35秒	通过fd发送了一次数据，fd为:
161
2019年2月15日4时54分35秒	通过fd发送了一次数据，fd为:165
2019年2月15日4时54分35秒	通过fd发送了一次数据，fd为:161
2019年2月15日4时54分35秒	通过fd发送了一次数据，fd为:161
2019年2月15日4时54分35秒	通过fd发送了一次数据，fd为:161
2019年2月15日4时54分35秒	通过fd发送了一次数据，fd为:165
2019年2月15日4时54分35秒	通过fd发送了一次数据，fd为:161
2019年2月15日4时54分35秒	通过fd发送了一次数据，fd为:165
2019年2月15日4时54分35秒	通过fd发送了一次数据，fd为:161
2019年2月15日4时54分35秒	通过fd发送了一次数据，fd为:165
2019年2月15日4时54分35秒	通过fd发送了一次数据，fd为:161
2019年2月15日4时54分35秒	通过fd发送了一次数据，fd为:165
2019年2月15日4时54分35秒	通过fd发送了一次数据，fd为:161
2019年2月15日4时54分35秒	通过fd发送了一次数据，fd为:165
2019年2月15日4时54分35秒	通过fd发送了一次数据，fd为:
2019年2月15日4时54分35秒	通过fd发送了一次数据，fd为:165
2019年2月15日4时54分35秒	通过fd发送了一次数据，fd为:161
2019年2月15日4时54分35秒	通过fd发送了一次数据，fd为:165
2019年2月15日4时54分35秒	通过fd发送了一次数据，fd为:161
2019年2月15日4时54分35秒	通过fd发送了一次数据，fd为:161
2019年2月15日4时54分35秒	通过fd发送了一次数据，fd为:161
2019年2月15日4时54分35秒	通过fd发送了一次数据，fd为:165
2019年2月15日4时54分35秒	通过fd发送了一次数据，fd为:161
2019年2月15日4时54分35秒	通过fd发送了一次数据，fd为:161
2019年2月15日4时54分35秒	通过fd发送了一次数据，fd为:161
2019年2月15日4时54分35秒	通过fd发送了一次数据，fd为:161
2019年2月15日4时54分35秒	通过fd发送了一次数据，fd为:165
2019年2月15日4时54分35秒	通过fd发送了一次数据，fd为:161
2019年2月15日4时54分35秒	通过fd发送了一次数据，fd为:
2019年2月15日4时54分35秒	通过fd发送了一次数据，fd为:161
2019年2月15日4时54分35秒	通过fd发送了一次数据，fd为:161
2019年2月15日4时54分35秒	通过fd发送了一次数据，fd为:161
2019年2月15日4时54分35秒	通过fd发送了一次数据，fd为:165
2019年2月15日4时54分35秒	通过fd发送了一次数据，fd为:161
2019年2月15日4时54分35秒	通过fd发送了一次数据，fd为:165
2019年2月15日4时54分35秒	通过fd发送了一次数据，fd为:166
2019年2月15日4时54分35秒	通过fd发送了一次数据，fd为:165
2019年2月15日4时54分35秒	通过fd发送了一次数据，fd为:165
2019年2月15日4时54分35秒	通过fd发送了一次数据，fd为:165
2019年2月15日4时54分35秒	发送失败:165
2019年2月15日4时54分35秒	通过fd发送了一次数据，fd为:165
2019年2月15日4时54分35秒	通过fd发送了一次数据，fd为:165
2019年2月15日4时54分35秒	通过fd发送了一次数据，fd为:165
2019年2月15日4时54分35秒	通过fd发送了一次数据，fd为:
2019年2月15日4时54分35秒	通过fd发送了一次数据，fd为:165
2019年2月15日4时54分35秒	通过fd发送了一次数据，fd为:165
2019年2月15日4时54分35秒	通过fd发送了一次数据，fd为:165
2019年2月15日4时54分35秒	通过fd发送了一次数据，fd为:166
2019年2月15日4时54分35秒	通过fd发送了一次数据，fd为:165
2019年2月15日4时54分35秒	通过fd发送了一次数据，fd为:167
2019年2月15日4时54分35秒	通过fd发送了一次数据，fd为:165
2019年2月15日4时54分35秒	通过fd发送了一次数据，fd为:167
2019年2月15日4时54分35秒	通过fd发送了一次数据，fd为:165
2019年2月15日4时54分35秒	通过fd发送了一次数据，fd为:165
2019年2月15日4时54分35秒	通过fd发送了一次数据，fd为:165
2019年2月15日4时54分35秒	通过fd发送了一次数据，fd为:167
2019年2月15日4时54分35秒	通过fd发送了一次数据，fd为:165
2019年2月15日4时54分35秒	通过fd发送了一次数据，fd为:
167
2019年2月15日4时54分35秒	通过fd发送了一次数据，fd为:165
2019年2月15日4时54分35秒	通过fd发送了一次数据，fd为:165
2019年2月15日4时54分35秒	通过fd发送了一次数据，fd为:165
2019年2月15日4时54分35秒	通过fd发送了一次数据，fd为:168
2019年2月15日4时54分35秒	通过fd发送了一次数据，fd为:165
2019年2月15日4时54分35秒	通过fd发送了一次数据，fd为:168
2019年2月15日4时54分35秒	通过fd发送了一次数据，fd为:165
2019年2月15日4时54分35秒	通过fd发送了一次数据，fd为:165
2019年2月15日4时54分36秒	通过fd发送了一次数据，fd为:165
2019年2月15日4时54分36秒	通过fd发送了一次数据，fd为:168
2019年2月15日4时54分36秒	通过fd发送了一次数据，fd为:168
2019年2月15日4时54分36秒	通过fd发送了一次数据，fd为:168
2019年2月15日4时54分36秒	通过fd发送了一次数据，fd为:169
2019年2月15日4时54分36秒	通过fd发送了一次数据，fd为:
2019年2月15日4时54分36秒	通过fd发送了一次数据，fd为:168
2019年2月15日4时54分36秒	通过fd发送了一次数据，fd为:168
2019年2月15日4时54分36秒	通过fd发送了一次数据，fd为:168
2019年2月15日4时54分36秒	通过fd发送了一次数据，fd为:168
2019年2月15日4时54分36秒	通过fd发送了一次数据，fd为:168
2019年2月15日4时54分36秒	通过fd发送了一次数据，fd为:168
2019年2月15日4时54分36秒	通过fd发送了一次数据，fd为:168
2019年2月15日4时54分36秒	通过fd发送了一次数据，fd为:169
2019年2月15日4时54分36秒	通过fd发送了一次数据，fd为:168
2019年2月15日4时54分36秒	通过fd发送了一次数据，fd为:168
2019年2月15日4时54分36秒	通过fd发送了一次数据，fd为:169
2019年2月15日4时54分36秒	通过fd发送了一次数据，fd为:168
2019年2月15日4时54分36秒	通过fd发送了一次数据，fd为:169
2019年2月15日4时54分36秒	通过fd发送了一次数据，fd为:
2019年2月15日4时54分36秒	通过fd发送了一次数据，fd为:171
2019年2月15日4时54分36秒	通过fd发送了一次数据，fd为:170
2019年2月15日4时54分36秒	通过fd发送了一次数据，fd为:171
2019年2月15日4时54分36秒	通过fd发送了一次数据，fd为:172
2019年2月15日4时54分36秒	通过fd发送了一次数据，fd为:171
2019年2月15日4时54分36秒	通过fd发送了一次数据，fd为:171
2019年2月15日4时54分36秒	通过fd发送了一次数据，fd为:171
2019年2月15日4时54分36秒	通过fd发送了一次数据，fd为:172
2019年2月15日4时54分36秒	通过fd发送了一次数据，fd为:173
2019年2月15日4时54分36秒	通过fd发送了一次数据，fd为:172
2019年2月15日4时54分36秒	通过fd发送了一次数据，fd为:172
2019年2月15日4时54分36秒	发送失败:172
2019年2月15日4时54分36秒	通过fd发送了一次数据，fd为:172
2019年2月15日4时54分36秒	通过fd发送了一次数据，fd为:173
2019年2月15日4时54分36秒	通过fd发送了一次数据，fd为:
2019年2月15日4时54分36秒	通过fd发送了一次数据，fd为:173
2019年2月15日4时54分36秒	通过fd发送了一次数据，fd为:172
2019年2月15日4时54分36秒	通过fd发送了一次数据，fd为:172
2019年2月15日4时54分36秒	通过fd发送了一次数据，fd为:172
2019年2月15日4时54分36秒	通过fd发送了一次数据，fd为:172
2019年2月15日4时54分36秒	通过fd发送了一次数据，fd为:172
2019年2月15日4时54分36秒	通过fd发送了一次数据，fd为:173
2019年2月15日4时54分36秒	通过fd发送了一次数据，fd为:172
2019年2月15日4时54分36秒	通过fd发送了一次数据，fd为:173
2019年2月15日4时54分36秒	通过fd发送了一次数据，fd为:172
2019年2月15日4时54分36秒	通过fd发送了一次数据，fd为:173
2019年2月15日4时54分36秒	通过fd发送了一次数据，fd为:172
2019年2月15日4时54分36秒	通过fd发送了一次数据，fd为:173
2019年2月15日4时54分36秒	通过fd发送了一次数据，fd为:
172
2019年2月15日4时54分36秒	通过fd发送了一次数据，fd为:172
2019年2月15日4时54分36秒	通过fd发送了一次数据，fd为:172
2019年2月15日4时54分36秒	通过fd发送了一次数据，fd为:172
2019年2月15日4时54分36秒	通过fd发送了一次数据，fd为:173
2019年2月15日4时54分36秒	通过fd发送了一次数据，fd为:172
2019年2月15日4时54分36秒	通过fd发送了一次数据，fd为:172
2019年2月15日4时54分36秒	通过fd发送了一次数据，fd为:173
2019年2月15日4时54分36秒	通过fd发送了一次数据，fd为:172
2019年2月15日4时54分36秒	通过fd发送了一次数据，fd为:173
2019年2月15日4时54分36秒	通过fd发送了一次数据，fd为:172
2019年2月15日4时54分36秒	通过fd发送了一次数据，fd为:173
2019年2月15日4时54分36秒	通过fd发送了一次数据，fd为:172
2019年2月15日4时54分36秒	通过fd发送了一次数据，fd为:173
2019年2月15日4时54分36秒	通过fd发送了一次数据，fd为:
2019年2月15日4时54分36秒	通过fd发送了一次数据，fd为:173
2019年2月15日4时54分36秒	通过fd发送了一次数据，fd为:172
2019年2月15日4时54分36秒	通过fd发送了一次数据，fd为:173
2019年2月15日4时54分36秒	通过fd发送了一次数据，fd为:172
2019年2月15日4时54分36秒	通过fd发送了一次数据，fd为:173
2019年2月15日4时54分36秒	通过fd发送了一次数据，fd为:172
2019年2月15日4时54分36秒	通过fd发送了一次数据，fd为:172
2019年2月15日4时54分36秒	通过fd发送了一次数据，fd为:172
2019年2月15日4时54分36秒	通过fd发送了一次数据，fd为:172
2019年2月15日4时54分36秒	通过fd发送了一次数据，fd为:173
2019年2月15日4时54分36秒	通过fd发送了一次数据，fd为:172
2019年2月15日4时54分36秒	通过fd发送了一次数据，fd为:172
2019年2月15日4时54分36秒	通过fd发送了一次数据，fd为:173
2019年2月15日4时54分36秒	通过fd发送了一次数据，fd为:
172
2019年2月15日4时54分36秒	通过fd发送了一次数据，fd为:172
2019年2月15日4时54分36秒	通过fd发送了一次数据，fd为:173
2019年2月15日4时54分36秒	通过fd发送了一次数据，fd为:172
2019年2月15日4时54分36秒	通过fd发送了一次数据，fd为:173
2019年2月15日4时54分36秒	通过fd发送了一次数据，fd为:174
2019年2月15日4时54分36秒	通过fd发送了一次数据，fd为:173
2019年2月15日4时54分36秒	通过fd发送了一次数据，fd为:173
2019年2月15日4时54分36秒	通过fd发送了一次数据，fd为:173
2019年2月15日4时54分36秒	通过fd发送了一次数据，fd为:174
2019年2月15日4时54分36秒	通过fd发送了一次数据，fd为:173
2019年2月15日4时54分36秒	通过fd发送了一次数据，fd为:174
2019年2月15日4时54分36秒	通过fd发送了一次数据，fd为:173
2019年2月15日4时54分36秒	通过fd发送了一次数据，fd为:173
2019年2月15日4时54分36秒	通过fd发送了一次数据，fd为:
2019年2月15日4时54分36秒	通过fd发送了一次数据，fd为:174
2019年2月15日4时54分36秒	通过fd发送了一次数据，fd为:173
2019年2月15日4时54分36秒	通过fd发送了一次数据，fd为:173
2019年2月15日4时54分36秒	通过fd发送了一次数据，fd为:173
2019年2月15日4时54分36秒	通过fd发送了一次数据，fd为:174
2019年2月15日4时54分36秒	通过fd发送了一次数据，fd为:173
2019年2月15日4时54分36秒	通过fd发送了一次数据，fd为:175
2019年2月15日4时54分36秒	通过fd发送了一次数据，fd为:176
2019年2月15日4时54分36秒	通过fd发送了一次数据，fd为:175
2019年2月15日4时54分36秒	通过fd发送了一次数据，fd为:176
2019年2月15日4时54分36秒	通过fd发送了一次数据，fd为:175
2019年2月15日4时54分36秒	通过fd发送了一次数据，fd为:175
2019年2月15日4时54分36秒	通过fd发送了一次数据，fd为:175
2019年2月15日4时54分36秒	通过fd发送了一次数据，fd为:
2019年2月15日4时54分36秒	通过fd发送了一次数据，fd为:177
2019年2月15日4时54分36秒	通过fd发送了一次数据，fd为:176
2019年2月15日4时54分36秒	通过fd发送了一次数据，fd为:177
2019年2月15日4时54分36秒	通过fd发送了一次数据，fd为:176
2019年2月15日4时54分36秒	通过fd发送了一次数据，fd为:177
2019年2月15日4时54分36秒	通过fd发送了一次数据，fd为:176
2019年2月15日4时54分36秒	通过fd发送了一次数据，fd为:177
2019年2月15日4时54分36秒	通过fd发送了一次数据，fd为:176
2019年2月15日4时54分36秒	通过fd发送了一次数据，fd为:177
2019年2月15日4时54分36秒	通过fd发送了一次数据，fd为:176
2019年2月15日4时54分36秒	通过fd发送了一次数据，fd为:176
2019年2月15日4时54分36秒	通过fd发送了一次数据，fd为:176
2019年2月15日4时54分36秒	通过fd发送了一次数据，fd为:177
2019年2月15日4时54分36秒	通过fd发送了一次数据，fd为:
176
2019年2月15日4时54分36秒	通过fd发送了一次数据，fd为:177
2019年2月15日4时54分36秒	通过fd发送了一次数据，fd为:176
2019年2月15日4时54分36秒	通过fd发送了一次数据，fd为:176
2019年2月15日4时54分36秒	通过fd发送了一次数据，fd为:176
2019年2月15日4时54分36秒	通过fd发送了一次数据，fd为:177
2019年2月15日4时54分36秒	通过fd发送了一次数据，fd为:176
2019年2月15日4时54分36秒	通过fd发送了一次数据，fd为:176
2019年2月15日4时54分36秒	通过fd发送了一次数据，fd为:176
2019年2月15日4时54分36秒	通过fd发送了一次数据，fd为:177
2019年2月15日4时54分36秒	通过fd发送了一次数据，fd为:176
2019年2月15日4时54分36秒	通过fd发送了一次数据，fd为:177
2019年2月15日4时54分36秒	通过fd发送了一次数据，fd为:178
2019年2月15日4时54分36秒	通过fd发送了一次数据，fd为:177
2019年2月15日4时54分37秒	通过fd发送了一次数据，fd为:
2019年2月15日4时54分37秒	通过fd发送了一次数据，fd为:177
2019年2月15日4时54分37秒	通过fd发送了一次数据，fd为:178
2019年2月15日4时54分37秒	通过fd发送了一次数据，fd为:178
2019年2月15日4时54分37秒	通过fd发送了一次数据，fd为:177
2019年2月15日4时54分37秒	通过fd发送了一次数据，fd为:178
2019年2月15日4时54分37秒	通过fd发送了一次数据，fd为:177
2019年2月15日4时54分37秒	通过fd发送了一次数据，fd为:177
2019年2月15日4时54分37秒	通过fd发送了一次数据，fd为:177
2019年2月15日4时54分37秒	通过fd发送了一次数据，fd为:178
2019年2月15日4时54分37秒	通过fd发送了一次数据，fd为:177
2019年2月15日4时54分37秒	通过fd发送了一次数据，fd为:178
2019年2月15日4时54分37秒	通过fd发送了一次数据，fd为:177
2019年2月15日4时54分37秒	通过fd发送了一次数据，fd为:177
2019年2月15日4时54分37秒	通过fd发送了一次数据，fd为:
178
2019年2月15日4时54分37秒	通过fd发送了一次数据，fd为:177
2019年2月15日4时54分37秒	通过fd发送了一次数据，fd为:178
2019年2月15日4时54分37秒	通过fd发送了一次数据，fd为:177
2019年2月15日4时54分37秒	通过fd发送了一次数据，fd为:177
2019年2月15日4时54分37秒	通过fd发送了一次数据，fd为:178
2019年2月15日4时54分37秒	通过fd发送了一次数据，fd为:177
2019年2月15日4时54分37秒	通过fd发送了一次数据，fd为:177
2019年2月15日4时54分37秒	通过fd发送了一次数据，fd为:178
2019年2月15日4时54分37秒	通过fd发送了一次数据，fd为:177
2019年2月15日4时54分37秒	通过fd发送了一次数据，fd为:177
2019年2月15日4时54分37秒	通过fd发送了一次数据，fd为:179
2019年2月15日4时54分37秒	通过fd发送了一次数据，fd为:177
2019年2月15日4时54分37秒	通过fd发送了一次数据，fd为:179
2019年2月15日4时54分37秒	通过fd发送了一次数据，fd为:
2019年2月15日4时54分37秒	通过fd发送了一次数据，fd为:179
2019年2月15日4时54分37秒	通过fd发送了一次数据，fd为:180
2019年2月15日4时54分37秒	通过fd发送了一次数据，fd为:179
2019年2月15日4时54分37秒	通过fd发送了一次数据，fd为:179
2019年2月15日4时54分37秒	通过fd发送了一次数据，fd为:181
2019年2月15日4时54分37秒	通过fd发送了一次数据，fd为:179
2019年2月15日4时54分37秒	通过fd发送了一次数据，fd为:179
2019年2月15日4时54分37秒	通过fd发送了一次数据，fd为:181
2019年2月15日4时54分37秒	通过fd发送了一次数据，fd为:179
2019年2月15日4时54分37秒	通过fd发送了一次数据，fd为:179
2019年2月15日4时54分37秒	通过fd发送了一次数据，fd为:179
2019年2月15日4时54分37秒	通过fd发送了一次数据，fd为:179
2019年2月15日4时54分37秒	通过fd发送了一次数据，fd为:179
2019年2月15日4时54分37秒	通过fd发送了一次数据，fd为:
181
2019年2月15日4时54分37秒	通过fd发送了一次数据，fd为:179
2019年2月15日4时54分37秒	通过fd发送了一次数据，fd为:181
2019年2月15日4时54分37秒	通过fd发送了一次数据，fd为:179
2019年2月15日4时54分37秒	通过fd发送了一次数据，fd为:182
2019年2月15日4时54分37秒	通过fd发送了一次数据，fd为:183
2019年2月15日4时54分37秒	通过fd发送了一次数据，fd为:182
2019年2月15日4时54分37秒	通过fd发送了一次数据，fd为:183
2019年2月15日4时54分37秒	通过fd发送了一次数据，fd为:182
2019年2月15日4时54分37秒	通过fd发送了一次数据，fd为:183
2019年2月15日4时54分37秒	通过fd发送了一次数据，fd为:182
2019年2月15日4时54分37秒	通过fd发送了一次数据，fd为:183
2019年2月15日4时54分37秒	通过fd发送了一次数据，fd为:184
2019年2月15日4时54分37秒	通过fd发送了一次数据，fd为:183
2019年2月15日4时54分37秒	通过fd发送了一次数据，fd为:
2019年2月15日4时54分37秒	通过fd发送了一次数据，fd为:183
2019年2月15日4时54分37秒	通过fd发送了一次数据，fd为:184
2019年2月15日4时54分37秒	通过fd发送了一次数据，fd为:183
2019年2月15日4时54分37秒	通过fd发送了一次数据，fd为:184
2019年2月15日4时54分37秒	通过fd发送了一次数据，fd为:185
2019年2月15日4时54分37秒	通过fd发送了一次数据，fd为:184
2019年2月15日4时54分37秒	通过fd发送了一次数据，fd为:185
2019年2月15日4时54分37秒	通过fd发送了一次数据，fd为:184
2019年2月15日4时54分37秒	通过fd发送了一次数据，fd为:185
2019年2月15日4时54分37秒	通过fd发送了一次数据，fd为:184
2019年2月15日4时54分37秒	通过fd发送了一次数据，fd为:185
2019年2月15日4时54分37秒	通过fd发送了一次数据，fd为:184
2019年2月15日4时54分37秒	通过fd发送了一次数据，fd为:185
2019年2月15日4时54分37秒	通过fd发送了一次数据，fd为:
2019年2月15日4时54分37秒	通过fd发送了一次数据，fd为:185
2019年2月15日4时54分37秒	通过fd发送了一次数据，fd为:184
2019年2月15日4时54分37秒	通过fd发送了一次数据，fd为:184
2019年2月15日4时54分37秒	通过fd发送了一次数据，fd为:185
2019年2月15日4时54分37秒	通过fd发送了一次数据，fd为:184
2019年2月15日4时54分37秒	通过fd发送了一次数据，fd为:186
2019年2月15日4时54分37秒	通过fd发送了一次数据，fd为:184
2019年2月15日4时54分37秒	通过fd发送了一次数据，fd为:186
2019年2月15日4时54分37秒	通过fd发送了一次数据，fd为:184
2019年2月15日4时54分37秒	通过fd发送了一次数据，fd为:186
2019年2月15日4时54分37秒	通过fd发送了一次数据，fd为:184
2019年2月15日4时54分37秒	通过fd发送了一次数据，fd为:184
2019年2月15日4时54分37秒	通过fd发送了一次数据，fd为:186
2019年2月15日4时54分37秒	通过fd发送了一次数据，fd为:
2019年2月15日4时54分37秒	通过fd发送了一次数据，fd为:184
2019年2月15日4时54分37秒	通过fd发送了一次数据，fd为:187
2019年2月15日4时54分37秒	通过fd发送了一次数据，fd为:184
2019年2月15日4时54分37秒	通过fd发送了一次数据，fd为:184
2019年2月15日4时54分37秒	通过fd发送了一次数据，fd为:187
2019年2月15日4时54分37秒	通过fd发送了一次数据，fd为:184
2019年2月15日4时54分37秒	通过fd发送了一次数据，fd为:187
2019年2月15日4时54分37秒	通过fd发送了一次数据，fd为:184
2019年2月15日4时54分37秒	通过fd发送了一次数据，fd为:184
2019年2月15日4时54分37秒	通过fd发送了一次数据，fd为:187
2019年2月15日4时54分37秒	通过fd发送了一次数据，fd为:188
2019年2月15日4时54分37秒	通过fd发送了一次数据，fd为:187
2019年2月15日4时54分37秒	通过fd发送了一次数据，fd为:188
2019年2月15日4时54分37秒	通过fd发送了一次数据，fd为:
2019年2月15日4时54分37秒	通过fd发送了一次数据，fd为:188
2019年2月15日4时54分37秒	通过fd发送了一次数据，fd为:187
2019年2月15日4时54分37秒	通过fd发送了一次数据，fd为:187
2019年2月15日4时54分37秒	通过fd发送了一次数据，fd为:188
2019年2月15日4时54分37秒	通过fd发送了一次数据，fd为:187
2019年2月15日4时54分37秒	通过fd发送了一次数据，fd为:188
2019年2月15日4时54分37秒	通过fd发送了一次数据，fd为:188

2019年2月15日4时54分38秒	通过fd发送了一次数据，fd为:188
2019年2月15日4时54分38秒	通过fd发送了一次数据，fd为:188
2019年2月15日4时54分38秒	通过fd发送了一次数据，fd为:189
2019年2月15日4时54分38秒	通过fd发送了一次数据，fd为:188
2019年2月15日4时54分38秒	通过fd发送了一次数据，fd为:189
2019年2月15日4时54分38秒	通过fd发送了一次数据，fd为:188
2019年2月15日4时54分38秒	通过fd发送了一次数据，fd为:188
2019年2月15日4时54分38秒	通过fd发送了一次数据，fd为:189
2019年2月15日4时54分38秒	通过fd发送了一次数据，fd为:188
2019年2月15日4时54分38秒	通过fd发送了一次数据，fd为:188
2019年2月15日4时54分38秒	通过fd发送了一次数据，fd为:189
2019年2月15日4时54分38秒	通过fd发送了一次数据，fd为:188
2019年2月15日4时54分38秒	通过fd发送了一次数据，fd为:189
2019年2月15日4时54分38秒	通过fd发送了一次数据，fd为:
2019年2月15日4时54分38秒	通过fd发送了一次数据，fd为:189
2019年2月15日4时54分38秒	通过fd发送了一次数据，fd为:188
2019年2月15日4时54分38秒	通过fd发送了一次数据，fd为:189
2019年2月15日4时54分38秒	通过fd发送了一次数据，fd为:188
2019年2月15日4时54分38秒	通过fd发送了一次数据，fd为:190
2019年2月15日4时54分38秒	通过fd发送了一次数据，fd为:190
2019年2月15日4时54分38秒	通过fd发送了一次数据，fd为:191
2019年2月15日4时54分38秒	通过fd发送了一次数据，fd为:190
2019年2月15日4时54分38秒	通过fd发送了一次数据，fd为:191
2019年2月15日4时54分38秒	通过fd发送了一次数据，fd为:190
2019年2月15日4时54分38秒	通过fd发送了一次数据，fd为:191
2019年2月15日4时54分38秒	通过fd发送了一次数据，fd为:190
2019年2月15日4时54分38秒	通过fd发送了一次数据，fd为:191
2019年2月15日4时54分38秒	通过fd发送了一次数据，fd为:
2019年2月15日4时54分38秒	通过fd发送了一次数据，fd为:190
2019年2月15日4时54分38秒	通过fd发送了一次数据，fd为:191
2019年2月15日4时54分38秒	通过fd发送了一次数据，fd为:190
2019年2月15日4时54分38秒	通过fd发送了一次数据，fd为:190
2019年2月15日4时54分38秒	通过fd发送了一次数据，fd为:191
2019年2月15日4时54分38秒	通过fd发送了一次数据，fd为:190
2019年2月15日4时54分38秒	通过fd发送了一次数据，fd为:190
2019年2月15日4时54分38秒	通过fd发送了一次数据，fd为:190
2019年2月15日4时54分38秒	通过fd发送了一次数据，fd为:190
2019年2月15日4时54分38秒	通过fd发送了一次数据，fd为:190
2019年2月15日4时54分38秒	通过fd发送了一次数据，fd为:191
2019年2月15日4时54分38秒	通过fd发送了一次数据，fd为:190
2019年2月15日4时54分38秒	通过fd发送了一次数据，fd为:191
2019年2月15日4时54分38秒	通过fd发送了一次数据，fd为:
2019年2月15日4时54分38秒	通过fd发送了一次数据，fd为:190
2019年2月15日4时54分38秒	通过fd发送了一次数据，fd为:190
2019年2月15日4时54分38秒	通过fd发送了一次数据，fd为:191
2019年2月15日4时54分38秒	通过fd发送了一次数据，fd为:190
2019年2月15日4时54分38秒	通过fd发送了一次数据，fd为:191
2019年2月15日4时54分38秒	通过fd发送了一次数据，fd为:190
2019年2月15日4时54分38秒	通过fd发送了一次数据，fd为:191
2019年2月15日4时54分38秒	通过fd发送了一次数据，fd为:190
2019年2月15日4时54分38秒	通过fd发送了一次数据，fd为:190
2019年2月15日4时54分38秒	通过fd发送了一次数据，fd为:191
2019年2月15日4时54分38秒	通过fd发送了一次数据，fd为:190
2019年2月15日4时54分38秒	通过fd发送了一次数据，fd为:191
2019年2月15日4时54分38秒	通过fd发送了一次数据，fd为:190
2019年2月15日4时54分38秒	通过fd发送了一次数据，fd为:
192
2019年2月15日4时54分38秒	通过fd发送了一次数据，fd为:190
2019年2月15日4时54分38秒	通过fd发送了一次数据，fd为:192
2019年2月15日4时54分38秒	通过fd发送了一次数据，fd为:190
2019年2月15日4时54分38秒	通过fd发送了一次数据，fd为:190
2019年2月15日4时54分38秒	通过fd发送了一次数据，fd为:192
2019年2月15日4时54分38秒	通过fd发送了一次数据，fd为:190
2019年2月15日4时54分38秒	通过fd发送了一次数据，fd为:192
2019年2月15日4时54分38秒	通过fd发送了一次数据，fd为:190
2019年2月15日4时54分38秒	通过fd发送了一次数据，fd为:193
2019年2月15日4时54分38秒	通过fd发送了一次数据，fd为:190
2019年2月15日4时54分38秒	通过fd发送了一次数据，fd为:190
2019年2月15日4时54分38秒	通过fd发送了一次数据，fd为:193
2019年2月15日4时54分38秒	通过fd发送了一次数据，fd为:190
2019年2月15日4时54分38秒	通过fd发送了一次数据，fd为:
2019年2月15日4时54分38秒	通过fd发送了一次数据，fd为:190
2019年2月15日4时54分38秒	通过fd发送了一次数据，fd为:190
2019年2月15日4时54分38秒	通过fd发送了一次数据，fd为:193
2019年2月15日4时54分38秒	通过fd发送了一次数据，fd为:190
2019年2月15日4时54分38秒	通过fd发送了一次数据，fd为:193
2019年2月15日4时54分38秒	通过fd发送了一次数据，fd为:190
2019年2月15日4时54分38秒	通过fd发送了一次数据，fd为:193
2019年2月15日4时54分38秒	通过fd发送了一次数据，fd为:194
2019年2月15日4时54分38秒	通过fd发送了一次数据，fd为:193
2019年2月15日4时54分38秒	通过fd发送了一次数据，fd为:193
2019年2月15日4时54分38秒	通过fd发送了一次数据，fd为:194
2019年2月15日4时54分38秒	通过fd发送了一次数据，fd为:193
2019年2月15日4时54分38秒	通过fd发送了一次数据，fd为:193
2019年2月15日4时54分38秒	通过fd发送了一次数据，fd为:
2019年2月15日4时54分38秒	通过fd发送了一次数据，fd为:193
2019年2月15日4时54分38秒	通过fd发送了一次数据，fd为:193
2019年2月15日4时54分38秒	通过fd发送了一次数据，fd为:193
2019年2月15日4时54分38秒	通过fd发送了一次数据，fd为:194
2019年2月15日4时54分38秒	通过fd发送了一次数据，fd为:193
2019年2月15日4时54分38秒	通过fd发送了一次数据，fd为:195
2019年2月15日4时54分38秒	通过fd发送了一次数据，fd为:195
2019年2月15日4时54分38秒	通过fd发送了一次数据，fd为:195
2019年2月15日4时54分38秒	通过fd发送了一次数据，fd为:196
2019年2月15日4时54分38秒	通过fd发送了一次数据，fd为:195
2019年2月15日4时54分38秒	通过fd发送了一次数据，fd为:196
2019年2月15日4时54分38秒	通过fd发送了一次数据，fd为:195
2019年2月15日4时54分38秒	通过fd发送了一次数据，fd为:195
2019年2月15日4时54分38秒	通过fd发送了一次数据，fd为:
2019年2月15日4时54分38秒	通过fd发送了一次数据，fd为:195
2019年2月15日4时54分38秒	通过fd发送了一次数据，fd为:196
2019年2月15日4时54分38秒	通过fd发送了一次数据，fd为:195
2019年2月15日4时54分38秒	通过fd发送了一次数据，fd为:196
2019年2月15日4时54分38秒	通过fd发送了一次数据，fd为:195
2019年2月15日4时54分38秒	通过fd发送了一次数据，fd为:195
2019年2月15日4时54分38秒	通过fd发送了一次数据，fd为:195
2019年2月15日4时54分38秒	通过fd发送了一次数据，fd为:195
2019年2月15日4时54分38秒	通过fd发送了一次数据，fd为:195
2019年2月15日4时54分38秒	通过fd发送了一次数据，fd为:197
2019年2月15日4时54分38秒	通过fd发送了一次数据，fd为:195
2019年2月15日4时54分38秒	通过fd发送了一次数据，fd为:195
2019年2月15日4时54分38秒	通过fd发送了一次数据，fd为:195
2019年2月15日4时54分38秒	通过fd发送了一次数据，fd为:
2019年2月15日4时54分38秒	通过fd发送了一次数据，fd为:195
2019年2月15日4时54分38秒	通过fd发送了一次数据，fd为:197
2019年2月15日4时54分38秒	通过fd发送了一次数据，fd为:195
2019年2月15日4时54分38秒	通过fd发送了一次数据，fd为:197
2019年2月15日4时54分38秒	通过fd发送了一次数据，fd为:195
2019年2月15日4时54分38秒	通过fd发送了一次数据，fd为:197
2019年2月15日4时54分38秒	通过fd发送了一次数据，fd为:195
2019年2月15日4时54分38秒	通过fd发送了一次数据，fd为:195






2019年2月15日4时54分56秒	通过fd发送了一次数据，fd为:195
2019年2月15日4时54分57秒	通过fd发送了一次数据，fd为:197
2019年2月15日4时54分57秒	通过fd发送了一次数据，fd为:195
2019年2月15日4时54分57秒	通过fd发送了一次数据，fd为:199
2019年2月15日4时54分57秒	通过fd发送了一次数据，fd为:200
2019年2月15日4时54分57秒	通过fd发送了一次数据，fd为:201
2019年2月15日4时54分57秒	通过fd发送了一次数据，fd为:202
2019年2月15日4时54分57秒	通过fd发送了一次数据，fd为:203
2019年2月15日4时54分57秒	通过fd发送了一次数据，fd为:198
2019年2月15日4时54分57秒	通过fd发送了一次数据，fd为:195
2019年2月15日4时54分57秒	通过fd发送了一次数据，fd为:197
2019年2月15日4时54分57秒	通过fd发送了一次数据，fd为:199
2019年2月15日4时54分57秒	通过fd发送了一次数据，fd为:200
2019年2月15日4时54分57秒	通过fd发送了一次数据，fd为:
2019年2月15日4时54分57秒	通过fd发送了一次数据，fd为:197
2019年2月15日4时54分57秒	通过fd发送了一次数据，fd为:202
2019年2月15日4时54分57秒	通过fd发送了一次数据，fd为:198
2019年2月15日4时54分57秒	通过fd发送了一次数据，fd为:201
2019年2月15日4时54分57秒	通过fd发送了一次数据，fd为:197
2019年2月15日4时54分57秒	通过fd发送了一次数据，fd为:202
2019年2月15日4时54分57秒	通过fd发送了一次数据，fd为:199
2019年2月15日4时54分57秒	通过fd发送了一次数据，fd为:198
2019年2月15日4时54分57秒	通过fd发送了一次数据，fd为:201
2019年2月15日4时54分57秒	通过fd发送了一次数据，fd为:199
2019年2月15日4时54分57秒	通过fd发送了一次数据，fd为:197
2019年2月15日4时54分57秒	通过fd发送了一次数据，fd为:198
2019年2月15日4时54分57秒	通过fd发送了一次数据，fd为:197
2019年2月15日4时54分57秒	通过fd发送了一次数据，fd为:
2019年2月15日4时54分57秒	通过fd发送了一次数据，fd为:197
2019年2月15日4时54分57秒	通过fd发送了一次数据，fd为:197
2019年2月15日4时54分57秒	通过fd发送了一次数据，fd为:198
2019年2月15日4时54分57秒	通过fd发送了一次数据，fd为:197
2019年2月15日4时54分57秒	通过fd发送了一次数据，fd为:197
2019年2月15日4时54分57秒	通过fd发送了一次数据，fd为:198
2019年2月15日4时54分57秒	通过fd发送了一次数据，fd为:197
2019年2月15日4时54分57秒	通过fd发送了一次数据，fd为:197
2019年2月15日4时54分57秒	通过fd发送了一次数据，fd为:198
2019年2月15日4时54分57秒	通过fd发送了一次数据，fd为:197
2019年2月15日4时54分57秒	通过fd发送了一次数据，fd为:198
2019年2月15日4时54分57秒	通过fd发送了一次数据，fd为:197
2019年2月15日4时54分57秒	通过fd发送了一次数据，fd为:198
2019年2月15日4时54分57秒	通过fd发送了一次数据，fd为:
2019年2月15日4时54分57秒	通过fd发送了一次数据，fd为:198
2019年2月15日4时54分57秒	通过fd发送了一次数据，fd为:199
2019年2月15日4时54分57秒	通过fd发送了一次数据，fd为:198
2019年2月15日4时54分57秒	通过fd发送了一次数据，fd为:199
2019年2月15日4时54分57秒	通过fd发送了一次数据，fd为:198
2019年2月15日4时54分57秒	通过fd发送了一次数据，fd为:199
2019年2月15日4时54分57秒	通过fd发送了一次数据，fd为:198
2019年2月15日4时54分57秒	通过fd发送了一次数据，fd为:198
2019年2月15日4时54分57秒	通过fd发送了一次数据，fd为:199
2019年2月15日4时54分57秒	通过fd发送了一次数据，fd为:198
2019年2月15日4时54分58秒	通过fd发送了一次数据，fd为:199
2019年2月15日4时54分58秒	通过fd发送了一次数据，fd为:198
2019年2月15日4时54分58秒	通过fd发送了一次数据，fd为:199
2019年2月15日4时54分58秒	通过fd发送了一次数据，fd为:
2019年2月15日4时54分58秒	通过fd发送了一次数据，fd为:198
2019年2月15日4时54分58秒	通过fd发送了一次数据，fd为:198
2019年2月15日4时54分58秒	通过fd发送了一次数据，fd为:199
2019年2月15日4时54分58秒	通过fd发送了一次数据，fd为:198
2019年2月15日4时54分58秒	通过fd发送了一次数据，fd为:199
2019年2月15日4时54分58秒	通过fd发送了一次数据，fd为:198
2019年2月15日4时54分58秒	通过fd发送了一次数据，fd为:198
2019年2月15日4时54分58秒	通过fd发送了一次数据，fd为:199
2019年2月15日4时54分58秒	通过fd发送了一次数据，fd为:198
2019年2月15日4时54分58秒	通过fd发送了一次数据，fd为:198
2019年2月15日4时54分58秒	通过fd发送了一次数据，fd为:199
2019年2月15日4时54分58秒	通过fd发送了一次数据，fd为:198
2019年2月15日4时54分58秒	通过fd发送了一次数据，fd为:199
2019年2月15日4时54分58秒	通过fd发送了一次数据，fd为:
198
2019年2月15日4时54分58秒	通过fd发送了一次数据，fd为:199
2019年2月15日4时54分58秒	通过fd发送了一次数据，fd为:198
2019年2月15日4时54分58秒	通过fd发送了一次数据，fd为:199
2019年2月15日4时54分58秒	通过fd发送了一次数据，fd为:198
2019年2月15日4时54分58秒	通过fd发送了一次数据，fd为:199
2019年2月15日4时54分58秒	通过fd发送了一次数据，fd为:198
2019年2月15日4时54分58秒	通过fd发送了一次数据，fd为:198
2019年2月15日4时54分58秒	通过fd发送了一次数据，fd为:198
2019年2月15日4时54分58秒	通过fd发送了一次数据，fd为:199
2019年2月15日4时54分58秒	通过fd发送了一次数据，fd为:198
2019年2月15日4时54分58秒	通过fd发送了一次数据，fd为:198
2019年2月15日4时54分58秒	通过fd发送了一次数据，fd为:198
2019年2月15日4时54分58秒	通过fd发送了一次数据，fd为:199
2019年2月15日4时54分58秒	通过fd发送了一次数据，fd为:
198
2019年2月15日4时54分58秒	通过fd发送了一次数据，fd为:199
2019年2月15日4时54分58秒	通过fd发送了一次数据，fd为:198
2019年2月15日4时54分58秒	通过fd发送了一次数据，fd为:198
2019年2月15日4时54分58秒	通过fd发送了一次数据，fd为:199
2019年2月15日4时54分58秒	通过fd发送了一次数据，fd为:198
2019年2月15日4时54分58秒	通过fd发送了一次数据，fd为:198
2019年2月15日4时54分58秒	通过fd发送了一次数据，fd为:199
2019年2月15日4时54分58秒	通过fd发送了一次数据，fd为:198
2019年2月15日4时54分58秒	通过fd发送了一次数据，fd为:199
2019年2月15日4时54分58秒	通过fd发送了一次数据，fd为:199
2019年2月15日4时54分58秒	通过fd发送了一次数据，fd为:201
2019年2月15日4时54分58秒	通过fd发送了一次数据，fd为:199
2019年2月15日4时54分58秒	通过fd发送了一次数据，fd为:201
2019年2月15日4时54分58秒	通过fd发送了一次数据，fd为:
199
2019年2月15日4时54分58秒	通过fd发送了一次数据，fd为:201
2019年2月15日4时54分58秒	通过fd发送了一次数据，fd为:199
2019年2月15日4时54分58秒	通过fd发送了一次数据，fd为:201
2019年2月15日4时54分58秒	通过fd发送了一次数据，fd为:201
2019年2月15日4时54分58秒	通过fd发送了一次数据，fd为:202
2019年2月15日4时54分58秒	通过fd发送了一次数据，fd为:201
2019年2月15日4时54分58秒	通过fd发送了一次数据，fd为:202
2019年2月15日4时54分58秒	通过fd发送了一次数据，fd为:201
2019年2月15日4时54分58秒	通过fd发送了一次数据，fd为:202
2019年2月15日4时54分58秒	通过fd发送了一次数据，fd为:201
2019年2月15日4时54分58秒	通过fd发送了一次数据，fd为:202
2019年2月15日4时54分58秒	通过fd发送了一次数据，fd为:201
2019年2月15日4时54分58秒	通过fd发送了一次数据，fd为:202
2019年2月15日4时54分58秒	通过fd发送了一次数据，fd为:
2019年2月15日4时54分58秒	通过fd发送了一次数据，fd为:202
2019年2月15日4时54分58秒	通过fd发送了一次数据，fd为:201
2019年2月15日4时54分58秒	通过fd发送了一次数据，fd为:202
2019年2月15日4时54分58秒	通过fd发送了一次数据，fd为:201
2019年2月15日4时54分58秒	通过fd发送了一次数据，fd为:202
2019年2月15日4时54分58秒	通过fd发送了一次数据，fd为:201
2019年2月15日4时54分58秒	通过fd发送了一次数据，fd为:202
2019年2月15日4时54分58秒	通过fd发送了一次数据，fd为:201
2019年2月15日4时54分58秒	通过fd发送了一次数据，fd为:202
2019年2月15日4时54分58秒	通过fd发送了一次数据，fd为:201
2019年2月15日4时54分58秒	通过fd发送了一次数据，fd为:202
2019年2月15日4时54分58秒	通过fd发送了一次数据，fd为:203
2019年2月15日4时54分58秒	通过fd发送了一次数据，fd为:202
2019年2月15日4时54分58秒	通过fd发送了一次数据，fd为:
2019年2月15日4时54分58秒	通过fd发送了一次数据，fd为:203
2019年2月15日4时54分58秒	通过fd发送了一次数据，fd为:202
2019年2月15日4时54分58秒	通过fd发送了一次数据，fd为:203
2019年2月15日4时54分58秒	通过fd发送了一次数据，fd为:202
2019年2月15日4时54分58秒	通过fd发送了一次数据，fd为:203
2019年2月15日4时54分58秒	通过fd发送了一次数据，fd为:204
2019年2月15日4时54分58秒	通过fd发送了一次数据，fd为:205
2019年2月15日4时54分58秒	通过fd发送了一次数据，fd为:204
2019年2月15日4时54分58秒	通过fd发送了一次数据，fd为:204
2019年2月15日4时54分58秒	通过fd发送了一次数据，fd为:205
2019年2月15日4时54分58秒	通过fd发送了一次数据，fd为:204
2019年2月15日4时54分58秒	通过fd发送了一次数据，fd为:205
2019年2月15日4时54分58秒	通过fd发送了一次数据，fd为:204
2019年2月15日4时54分58秒	通过fd发送了一次数据，fd为:
2019年2月15日4时54分58秒	通过fd发送了一次数据，fd为:204
2019年2月15日4时54分58秒	通过fd发送了一次数据，fd为:205
2019年2月15日4时54分58秒	通过fd发送了一次数据，fd为:204
2019年2月15日4时54分58秒	通过fd发送了一次数据，fd为:205
2019年2月15日4时54分58秒	通过fd发送了一次数据，fd为:206
2019年2月15日4时54分58秒	通过fd发送了一次数据，fd为:205
2019年2月15日4时54分58秒	通过fd发送了一次数据，fd为:206
2019年2月15日4时54分58秒	通过fd发送了一次数据，fd为:205
2019年2月15日4时54分58秒	通过fd发送了一次数据，fd为:206
2019年2月15日4时54分58秒	通过fd发送了一次数据，fd为:205
2019年2月15日4时54分58秒	通过fd发送了一次数据，fd为:206
2019年2月15日4时54分58秒	通过fd发送了一次数据，fd为:205
2019年2月15日4时54分58秒	通过fd发送了一次数据，fd为:206
2019年2月15日4时54分58秒	通过fd发送了一次数据，fd为:
2019年2月15日4时54分58秒	通过fd发送了一次数据，fd为:205
2019年2月15日4时54分58秒	通过fd发送了一次数据，fd为:205
2019年2月15日4时54分58秒	通过fd发送了一次数据，fd为:207
2019年2月15日4时54分58秒	通过fd发送了一次数据，fd为:205
2019年2月15日4时54分58秒	通过fd发送了一次数据，fd为:207
2019年2月15日4时54分58秒	通过fd发送了一次数据，fd为:207
2019年2月15日4时54分58秒	通过fd发送了一次数据，fd为:208
2019年2月15日4时54分58秒	通过fd发送了一次数据，fd为:207
2019年2月15日4时54分58秒	通过fd发送了一次数据，fd为:207
2019年2月15日4时54分58秒	通过fd发送了一次数据，fd为:207
2019年2月15日4时54分58秒	通过fd发送了一次数据，fd为:207
2019年2月15日4时54分58秒	通过fd发送了一次数据，fd为:208
2019年2月15日4时54分58秒	通过fd发送了一次数据，fd为:209
2019年2月15日4时54分58秒	通过fd发送了一次数据，fd为:
2019年2月15日4时54分58秒	通过fd发送了一次数据，fd为:209
2019年2月15日4时54分58秒	通过fd发送了一次数据，fd为:208
2019年2月15日4时54分58秒	通过fd发送了一次数据，fd为:209
2019年2月15日4时54分58秒	通过fd发送了一次数据，fd为:208
2019年2月15日4时54分58秒	通过fd发送了一次数据，fd为:209
2019年2月15日4时54分58秒	通过fd发送了一次数据，fd为:208
2019年2月15日4时54分58秒	通过fd发送了一次数据，fd为:209
2019年2月15日4时54分58秒	通过fd发送了一次数据，fd为:208
2019年2月15日4时54分58秒	通过fd发送了一次数据，fd为:208
2019年2月15日4时54分58秒	通过fd发送了一次数据，fd为:209
2019年2月15日4时54分58秒	通过fd发送了一次数据，fd为:208
2019年2月15日4时54分58秒	通过fd发送了一次数据，fd为:209
2019年2月15日4时54分58秒	通过fd发送了一次数据，fd为:208
2019年2月15日4时54分58秒	通过fd发送了一次数据，fd为:
2019年2月15日4时54分58秒	通过fd发送了一次数据，fd为:210
2019年2月15日4时54分58秒	通过fd发送了一次数据，fd为:208
2019年2月15日4时54分58秒	通过fd发送了一次数据，fd为:210
2019年2月15日4时54分58秒	通过fd发送了一次数据，fd为:208
2019年2月15日4时54分58秒	通过fd发送了一次数据，fd为:210
2019年2月15日4时54分58秒	通过fd发送了一次数据，fd为:208
2019年2月15日4时54分58秒	通过fd发送了一次数据，fd为:208
2019年2月15日4时54分58秒	通过fd发送了一次数据，fd为:208
2019年2月15日4时54分58秒	通过fd发送了一次数据，fd为:210
2019年2月15日4时54分58秒	通过fd发送了一次数据，fd为:208
2019年2月15日4时54分58秒	通过fd发送了一次数据，fd为:210
2019年2月15日4时54分58秒	通过fd发送了一次数据，fd为:208
2019年2月15日4时54分58秒	通过fd发送了一次数据，fd为:208
2019年2月15日4时54分58秒	通过fd发送了一次数据，fd为:
2019年2月15日4时54分58秒	通过fd发送了一次数据，fd为:208
2019年2月15日4时54分58秒	通过fd发送了一次数据，fd为:208
2019年2月15日4时54分58秒	通过fd发送了一次数据，fd为:210
2019年2月15日4时54分58秒	通过fd发送了一次数据，fd为:208
2019年2月15日4时54分58秒	通过fd发送了一次数据，fd为:211
2019年2月15日4时54分58秒	通过fd发送了一次数据，fd为:212
2019年2月15日4时54分58秒	通过fd发送了一次数据，fd为:211
2019年2月15日4时54分58秒	通过fd发送了一次数据，fd为:212
2019年2月15日4时54分58秒	通过fd发送了一次数据，fd为:211
2019年2月15日4时54分58秒	通过fd发送了一次数据，fd为:212
2019年2月15日4时54分58秒	通过fd发送了一次数据，fd为:211
2019年2月15日4时54分58秒	通过fd发送了一次数据，fd为:211
2019年2月15日4时54分58秒	通过fd发送了一次数据，fd为:212
2019年2月15日4时54分58秒	通过fd发送了一次数据，fd为:
2019年2月15日4时54分58秒	通过fd发送了一次数据，fd为:211
2019年2月15日4时54分58秒	通过fd发送了一次数据，fd为:212
2019年2月15日4时54分58秒	通过fd发送了一次数据，fd为:211
2019年2月15日4时54分58秒	通过fd发送了一次数据，fd为:212
2019年2月15日4时54分58秒	通过fd发送了一次数据，fd为:211
2019年2月15日4时54分58秒	通过fd发送了一次数据，fd为:212
2019年2月15日4时54分58秒	通过fd发送了一次数据，fd为:211
2019年2月15日4时54分58秒	通过fd发送了一次数据，fd为:212
2019年2月15日4时54分58秒	通过fd发送了一次数据，fd为:211
2019年2月15日4时54分58秒	通过fd发送了一次数据，fd为:211
2019年2月15日4时54分58秒	通过fd发送了一次数据，fd为:211
2019年2月15日4时54分58秒	通过fd发送了一次数据，fd为:211
2019年2月15日4时54分58秒	通过fd发送了一次数据，fd为:211

2019年2月15日4时54分59秒	通过fd发送了一次数据，fd为:212
2019年2月15日4时54分59秒	通过fd发送了一次数据，fd为:211
2019年2月15日4时54分59秒	通过fd发送了一次数据，fd为:212
2019年2月15日4时54分59秒	通过fd发送了一次数据，fd为:211
2019年2月15日4时54分59秒	通过fd发送了一次数据，fd为:211
2019年2月15日4时54分59秒	通过fd发送了一次数据，fd为:211
2019年2月15日4时54分59秒	通过fd发送了一次数据，fd为:212
2019年2月15日4时54分59秒	通过fd发送了一次数据，fd为:211
2019年2月15日4时54分59秒	通过fd发送了一次数据，fd为:212
2019年2月15日4时54分59秒	通过fd发送了一次数据，fd为:211
2019年2月15日4时54分59秒	通过fd发送了一次数据，fd为:212
2019年2月15日4时54分59秒	通过fd发送了一次数据，fd为:211
2019年2月15日4时54分59秒	通过fd发送了一次数据，fd为:212
2019年2月15日4时54分59秒	通过fd发送了一次数据，fd为:
2019年2月15日4时54分59秒	通过fd发送了一次数据，fd为:212
2019年2月15日4时54分59秒	通过fd发送了一次数据，fd为:212
2019年2月15日4时54分59秒	通过fd发送了一次数据，fd为:212
2019年2月15日4时54分59秒	通过fd发送了一次数据，fd为:213
2019年2月15日4时54分59秒	通过fd发送了一次数据，fd为:212
2019年2月15日4时54分59秒	通过fd发送了一次数据，fd为:213
2019年2月15日4时54分59秒	通过fd发送了一次数据，fd为:212
2019年2月15日4时54分59秒	通过fd发送了一次数据，fd为:213
2019年2月15日4时54分59秒	通过fd发送了一次数据，fd为:212
2019年2月15日4时54分59秒	通过fd发送了一次数据，fd为:212
2019年2月15日4时54分59秒	通过fd发送了一次数据，fd为:213
2019年2月15日4时54分59秒	通过fd发送了一次数据，fd为:213
2019年2月15日4时54分59秒	通过fd发送了一次数据，fd为:214
2019年2月15日4时54分59秒	通过fd发送了一次数据，fd为:
2019年2月15日4时54分59秒	通过fd发送了一次数据，fd为:214
2019年2月15日4时54分59秒	通过fd发送了一次数据，fd为:213
2019年2月15日4时54分59秒	通过fd发送了一次数据，fd为:213
2019年2月15日4时54分59秒	通过fd发送了一次数据，fd为:213
2019年2月15日4时54分59秒	通过fd发送了一次数据，fd为:214
2019年2月15日4时54分59秒	通过fd发送了一次数据，fd为:213
2019年2月15日4时54分59秒	通过fd发送了一次数据，fd为:214
2019年2月15日4时54分59秒	通过fd发送了一次数据，fd为:213
2019年2月15日4时54分59秒	通过fd发送了一次数据，fd为:215
2019年2月15日4时54分59秒	通过fd发送了一次数据，fd为:213
2019年2月15日4时54分59秒	通过fd发送了一次数据，fd为:213
2019年2月15日4时54分59秒	通过fd发送了一次数据，fd为:213
2019年2月15日4时54分59秒	通过fd发送了一次数据，fd为:213
2019年2月15日4时54分59秒	通过fd发送了一次数据，fd为:
2019年2月15日4时54分59秒	通过fd发送了一次数据，fd为:215
2019年2月15日4时54分59秒	通过fd发送了一次数据，fd为:216
2019年2月15日4时54分59秒	通过fd发送了一次数据，fd为:215
2019年2月15日4时54分59秒	通过fd发送了一次数据，fd为:216
2019年2月15日4时54分59秒	通过fd发送了一次数据，fd为:215
2019年2月15日4时54分59秒	通过fd发送了一次数据，fd为:216
2019年2月15日4时54分59秒	通过fd发送了一次数据，fd为:215
2019年2月15日4时54分59秒	通过fd发送了一次数据，fd为:215
2019年2月15日4时54分59秒	通过fd发送了一次数据，fd为:217
2019年2月15日4时54分59秒	通过fd发送了一次数据，fd为:215
2019年2月15日4时54分59秒	通过fd发送了一次数据，fd为:217
2019年2月15日4时54分59秒	通过fd发送了一次数据，fd为:215
2019年2月15日4时54分59秒	通过fd发送了一次数据，fd为:217
2019年2月15日4时54分59秒	通过fd发送了一次数据，fd为:
215
2019年2月15日4时54分59秒	通过fd发送了一次数据，fd为:215
2019年2月15日4时54分59秒	通过fd发送了一次数据，fd为:215
2019年2月15日4时54分59秒	通过fd发送了一次数据，fd为:217
2019年2月15日4时54分59秒	通过fd发送了一次数据，fd为:215
2019年2月15日4时54分59秒	通过fd发送了一次数据，fd为:215
2019年2月15日4时54分59秒	通过fd发送了一次数据，fd为:218
2019年2月15日4时54分59秒	通过fd发送了一次数据，fd为:215
2019年2月15日4时54分59秒	通过fd发送了一次数据，fd为:215
2019年2月15日4时54分59秒	通过fd发送了一次数据，fd为:215
2019年2月15日4时54分59秒	通过fd发送了一次数据，fd为:215
2019年2月15日4时54分59秒	通过fd发送了一次数据，fd为:218
2019年2月15日4时54分59秒	通过fd发送了一次数据，fd为:218
2019年2月15日4时54分59秒	通过fd发送了一次数据，fd为:219
2019年2月15日4时54分59秒	通过fd发送了一次数据，fd为:
2019年2月15日4时54分59秒	通过fd发送了一次数据，fd为:219
2019年2月15日4时54分59秒	通过fd发送了一次数据，fd为:218
2019年2月15日4时54分59秒	通过fd发送了一次数据，fd为:218
2019年2月15日4时54分59秒	通过fd发送了一次数据，fd为:218
2019年2月15日4时54分59秒	通过fd发送了一次数据，fd为:218
2019年2月15日4时54分59秒	通过fd发送了一次数据，fd为:218
2019年2月15日4时54分59秒	通过fd发送了一次数据，fd为:218
2019年2月15日4时54分59秒	通过fd发送了一次数据，fd为:218
2019年2月15日4时54分59秒	通过fd发送了一次数据，fd为:219
2019年2月15日4时54分59秒	通过fd发送了一次数据，fd为:220
2019年2月15日4时54分59秒	通过fd发送了一次数据，fd为:219
2019年2月15日4时54分59秒	通过fd发送了一次数据，fd为:219
2019年2月15日4时54分59秒	通过fd发送了一次数据，fd为:219
2019年2月15日4时54分59秒	通过fd发送了一次数据，fd为:
2019年2月15日4时54分59秒	通过fd发送了一次数据，fd为:219
2019年2月15日4时54分59秒	通过fd发送了一次数据，fd为:220
2019年2月15日4时54分59秒	通过fd发送了一次数据，fd为:219
2019年2月15日4时54分59秒	通过fd发送了一次数据，fd为:220
2019年2月15日4时54分59秒	通过fd发送了一次数据，fd为:219
2019年2月15日4时54分59秒	通过fd发送了一次数据，fd为:219
2019年2月15日4时54分59秒	通过fd发送了一次数据，fd为:220
2019年2月15日4时54分59秒	通过fd发送了一次数据，fd为:219
2019年2月15日4时54分59秒	通过fd发送了一次数据，fd为:219
2019年2月15日4时54分59秒	通过fd发送了一次数据，fd为:219
2019年2月15日4时54分59秒	通过fd发送了一次数据，fd为:220
2019年2月15日4时54分59秒	通过fd发送了一次数据，fd为:219
2019年2月15日4时54分59秒	通过fd发送了一次数据，fd为:221
2019年2月15日4时54分59秒	通过fd发送了一次数据，fd为:
2019年2月15日4时54分59秒	通过fd发送了一次数据，fd为:220
2019年2月15日4时54分59秒	通过fd发送了一次数据，fd为:219
2019年2月15日4时54分59秒	通过fd发送了一次数据，fd为:220
2019年2月15日4时54分59秒	通过fd发送了一次数据，fd为:219
2019年2月15日4时54分59秒	通过fd发送了一次数据，fd为:220
2019年2月15日4时54分59秒	通过fd发送了一次数据，fd为:219
2019年2月15日4时54分59秒	通过fd发送了一次数据，fd为:220
2019年2月15日4时54分59秒	通过fd发送了一次数据，fd为:219
2019年2月15日4时54分59秒	通过fd发送了一次数据，fd为:220
2019年2月15日4时54分59秒	通过fd发送了一次数据，fd为:219
2019年2月15日4时54分59秒	通过fd发送了一次数据，fd为:220
2019年2月15日4时54分59秒	通过fd发送了一次数据，fd为:219
2019年2月15日4时54分59秒	通过fd发送了一次数据，fd为:219
2019年2月15日4时54分59秒	通过fd发送了一次数据，fd为:
2019年2月15日4时54分59秒	通过fd发送了一次数据，fd为:219
2019年2月15日4时54分59秒	通过fd发送了一次数据，fd为:220
2019年2月15日4时54分59秒	通过fd发送了一次数据，fd为:219
2019年2月15日4时54分59秒	通过fd发送了一次数据，fd为:219
2019年2月15日4时54分59秒	通过fd发送了一次数据，fd为:220
2019年2月15日4时54分59秒	通过fd发送了一次数据，fd为:220
2019年2月15日4时54分59秒	通过fd发送了一次数据，fd为:220
2019年2月15日4时54分59秒	通过fd发送了一次数据，fd为:221
2019年2月15日4时54分59秒	通过fd发送了一次数据，fd为:220
2019年2月15日4时54分59秒	通过fd发送了一次数据，fd为:221
2019年2月15日4时54分59秒	通过fd发送了一次数据，fd为:220
2019年2月15日4时54分59秒	通过fd发送了一次数据，fd为:221
2019年2月15日4时54分59秒	通过fd发送了一次数据，fd为:220
2019年2月15日4时54分59秒	通过fd发送了一次数据，fd为:
2019年2月15日4时54分59秒	通过fd发送了一次数据，fd为:220
2019年2月15日4时54分59秒	通过fd发送了一次数据，fd为:221
2019年2月15日4时54分59秒	通过fd发送了一次数据，fd为:220
2019年2月15日4时54分59秒	通过fd发送了一次数据，fd为:221
2019年2月15日4时54分59秒	通过fd发送了一次数据，fd为:220
2019年2月15日4时54分59秒	通过fd发送了一次数据，fd为:220
2019年2月15日4时54分59秒	通过fd发送了一次数据，fd为:220
2019年2月15日4时54分59秒	通过fd发送了一次数据，fd为:220
2019年2月15日4时54分59秒	通过fd发送了一次数据，fd为:220
2019年2月15日4时54分59秒	通过fd发送了一次数据，fd为:220
2019年2月15日4时54分59秒	通过fd发送了一次数据，fd为:220
2019年2月15日4时54分59秒	通过fd发送了一次数据，fd为:221
2019年2月15日4时54分59秒	通过fd发送了一次数据，fd为:220
2019年2月15日4时54分59秒	通过fd发送了一次数据，fd为:
220
2019年2月15日4时54分59秒	通过fd发送了一次数据，fd为:221
2019年2月15日4时54分59秒	通过fd发送了一次数据，fd为:220
2019年2月15日4时54分59秒	通过fd发送了一次数据，fd为:220
2019年2月15日4时54分59秒	通过fd发送了一次数据，fd为:221
2019年2月15日4时54分59秒	通过fd发送了一次数据，fd为:220
2019年2月15日4时54分59秒	通过fd发送了一次数据，fd为:221
2019年2月15日4时54分59秒	通过fd发送了一次数据，fd为:220
2019年2月15日4时54分59秒	通过fd发送了一次数据，fd为:221
2019年2月15日4时54分59秒	通过fd发送了一次数据，fd为:220
2019年2月15日4时54分59秒	通过fd发送了一次数据，fd为:222
2019年2月15日4时54分59秒	通过fd发送了一次数据，fd为:223
2019年2月15日4时54分59秒	通过fd发送了一次数据，fd为:222
2019年2月15日4时54分59秒	通过fd发送了一次数据，fd为:222
2019年2月15日4时54分59秒	通过fd发送了一次数据，fd为:
2019年2月15日4时54分59秒	通过fd发送了一次数据，fd为:223
2019年2月15日4时54分59秒	通过fd发送了一次数据，fd为:222
2019年2月15日4时54分59秒	通过fd发送了一次数据，fd为:223
2019年2月15日4时54分59秒	通过fd发送了一次数据，fd为:222
2019年2月15日4时54分59秒	通过fd发送了一次数据，fd为:223
2019年2月15日4时54分59秒	通过fd发送了一次数据，fd为:222
2019年2月15日4时54分59秒	通过fd发送了一次数据，fd为:222
2019年2月15日4时54分59秒	通过fd发送了一次数据，fd为:224
2019年2月15日4时54分59秒	通过fd发送了一次数据，fd为:222
2019年2月15日4时54分59秒	通过fd发送了一次数据，fd为:224
2019年2月15日4时54分59秒	通过fd发送了一次数据，fd为:222
2019年2月15日4时54分59秒	通过fd发送了一次数据，fd为:222
2019年2月15日4时54分59秒	通过fd发送了一次数据，fd为:222
2019年2月15日4时54分59秒	通过fd发送了一次数据，fd为:
2019年2月15日4时54分59秒	通过fd发送了一次数据，fd为:222
2019年2月15日4时54分59秒	通过fd发送了一次数据，fd为:224
2019年2月15日4时54分59秒	通过fd发送了一次数据，fd为:222
2019年2月15日4时54分59秒	通过fd发送了一次数据，fd为:224
2019年2月15日4时54分59秒	通过fd发送了一次数据，fd为:222
2019年2月15日4时54分59秒	通过fd发送了一次数据，fd为:224
2019年2月15日4时54分59秒	通过fd发送了一次数据，fd为:225
2019年2月15日4时54分59秒	通过fd发送了一次数据，fd为:224
2019年2月15日4时54分59秒	通过fd发送了一次数据，fd为:225
2019年2月15日4时54分59秒	通过fd发送了一次数据，fd为:224
2019年2月15日4时54分59秒	通过fd发送了一次数据，fd为:224
2019年2月15日4时54分59秒	通过fd发送了一次数据，fd为:224
2019年2月15日4时54分59秒	通过fd发送了一次数据，fd为:224
2019年2月15日4时54分59秒	通过fd发送了一次数据，fd为:
2019年2月15日4时54分59秒	通过fd发送了一次数据，fd为:224
2019年2月15日4时54分59秒	通过fd发送了一次数据，fd为:224
2019年2月15日4时54分59秒	通过fd发送了一次数据，fd为:225
2019年2月15日4时54分59秒	通过fd发送了一次数据，fd为:224
2019年2月15日4时54分59秒	通过fd发送了一次数据，fd为:224
2019年2月15日4时54分59秒	通过fd发送了一次数据，fd为:225
2019年2月15日4时54分59秒	通过fd发送了一次数据，fd为:224
2019年2月15日4时54分59秒	通过fd发送了一次数据，fd为:225
2019年2月15日4时54分59秒	通过fd发送了一次数据，fd为:224
2019年2月15日4时54分59秒	通过fd发送了一次数据，fd为:224
2019年2月15日4时54分59秒	通过fd发送了一次数据，fd为:225
2019年2月15日4时54分59秒	通过fd发送了一次数据，fd为:224
2019年2月15日4时54分59秒	通过fd发送了一次数据，fd为:224
2019年2月15日4时54分59秒	通过fd发送了一次数据，fd为:
2019年2月15日4时54分59秒	通过fd发送了一次数据，fd为:225
2019年2月15日4时54分59秒	通过fd发送了一次数据，fd为:226
2019年2月15日4时54分59秒	通过fd发送了一次数据，fd为:227
2019年2月15日4时54分59秒	通过fd发送了一次数据，fd为:226
2019年2月15日4时54分59秒	通过fd发送了一次数据，fd为:227
2019年2月15日4时54分59秒	通过fd发送了一次数据，fd为:226
2019年2月15日4时54分59秒	通过fd发送了一次数据，fd为:227
2019年2月15日4时54分59秒	通过fd发送了一次数据，fd为:226
2019年2月15日4时54分59秒	通过fd发送了一次数据，fd为:226
2019年2月15日4时54分59秒	通过fd发送了一次数据，fd为:227
2019年2月15日4时54分59秒	通过fd发送了一次数据，fd为:226
2019年2月15日4时54分59秒	通过fd发送了一次数据，fd为:228
2019年2月15日4时54分59秒	通过fd发送了一次数据，fd为:226
2019年2月15日4时54分59秒	通过fd发送了一次数据，fd为:
2019年2月15日4时54分59秒	通过fd发送了一次数据，fd为:228
2019年2月15日4时54分59秒	通过fd发送了一次数据，fd为:226
2019年2月15日4时54分59秒	通过fd发送了一次数据，fd为:226
2019年2月15日4时54分59秒	通过fd发送了一次数据，fd为:228
2019年2月15日4时54分59秒	通过fd发送了一次数据，fd为:226
2019年2月15日4时54分59秒	通过fd发送了一次数据，fd为:228
2019年2月15日4时54分59秒	通过fd发送了一次数据，fd为:226
2019年2月15日4时54分59秒	通过fd发送了一次数据，fd为:226
2019年2月15日4时54分59秒	通过fd发送了一次数据，fd为:228
2019年2月15日4时54分59秒	通过fd发送了一次数据，fd为:226
2019年2月15日4时54分59秒	通过fd发送了一次数据，fd为:228
2019年2月15日4时54分59秒	通过fd发送了一次数据，fd为:226
2019年2月15日4时54分59秒	通过fd发送了一次数据，fd为:228
2019年2月15日4时54分59秒	通过fd发送了一次数据，fd为:
2019年2月15日4时54分59秒	通过fd发送了一次数据，fd为:228
2019年2月15日4时54分59秒	通过fd发送了一次数据，fd为:226
2019年2月15日4时54分59秒	通过fd发送了一次数据，fd为:228
2019年2月15日4时54分59秒	通过fd发送了一次数据，fd为:226
2019年2月15日4时54分59秒	通过fd发送了一次数据，fd为:228
2019年2月15日4时54分59秒	通过fd发送了一次数据，fd为:226
2019年2月15日4时55分0秒	通过fd发送了一次数据，fd为:226
2019年2月15日4时55分0秒	通过fd发送了一次数据，fd为:228
2019年2月15日4时55分0秒	通过fd发送了一次数据，fd为:226
2019年2月15日4时55分0秒	通过fd发送了一次数据，fd为:226
2019年2月15日4时55分0秒	通过fd发送了一次数据，fd为:228
2019年2月15日4时55分0秒	通过fd发送了一次数据，fd为:226
2019年2月15日4时55分0秒	通过fd发送了一次数据，fd为:226
2019年2月15日4时55分0秒	通过fd发送了一次数据，fd为:
2019年2月15日4时55分0秒	通过fd发送了一次数据，fd为:228
2019年2月15日4时55分0秒	通过fd发送了一次数据，fd为:226
2019年2月15日4时55分0秒	通过fd发送了一次数据，fd为:226
2019年2月15日4时55分0秒	通过fd发送了一次数据，fd为:226
2019年2月15日4时55分0秒	通过fd发送了一次数据，fd为:228
2019年2月15日4时55分0秒	通过fd发送了一次数据，fd为:226
2019年2月15日4时55分0秒	通过fd发送了一次数据，fd为:228
2019年2月15日4时55分0秒	通过fd发送了一次数据，fd为:226
2019年2月15日4时55分0秒	通过fd发送了一次数据，fd为:228
2019年2月15日4时55分0秒	通过fd发送了一次数据，fd为:226
2019年2月15日4时55分0秒	通过fd发送了一次数据，fd为:228
2019年2月15日4时55分0秒	通过fd发送了一次数据，fd为:226
2019年2月15日4时55分0秒	通过fd发送了一次数据，fd为:226
2019年2月15日4时55分0秒	通过fd发送了一次数据，fd为:
2019年2月15日4时55分0秒	通过fd发送了一次数据，fd为:226
2019年2月15日4时55分0秒	通过fd发送了一次数据，fd为:229
2019年2月15日4时55分0秒	通过fd发送了一次数据，fd为:226
2019年2月15日4时55分0秒	通过fd发送了一次数据，fd为:226
2019年2月15日4时55分0秒	通过fd发送了一次数据，fd为:229
2019年2月15日4时55分0秒	通过fd发送了一次数据，fd为:226
2019年2月15日4时55分0秒	通过fd发送了一次数据，fd为:229
2019年2月15日4时55分0秒	通过fd发送了一次数据，fd为:230
2019年2月15日4时55分0秒	通过fd发送了一次数据，fd为:229
2019年2月15日4时55分0秒	通过fd发送了一次数据，fd为:229
2019年2月15日4时55分0秒	通过fd发送了一次数据，fd为:229
2019年2月15日4时55分0秒	通过fd发送了一次数据，fd为:230
2019年2月15日4时55分0秒	通过fd发送了一次数据，fd为:229
2019年2月15日4时55分0秒	通过fd发送了一次数据，fd为:
2019年2月15日4时55分0秒	通过fd发送了一次数据，fd为:229
2019年2月15日4时55分0秒	通过fd发送了一次数据，fd为:229
2019年2月15日4时55分0秒	通过fd发送了一次数据，fd为:229
2019年2月15日4时55分0秒	通过fd发送了一次数据，fd为:230
2019年2月15日4时55分0秒	通过fd发送了一次数据，fd为:229
2019年2月15日4时55分0秒	通过fd发送了一次数据，fd为:231
2019年2月15日4时55分0秒	通过fd发送了一次数据，fd为:229
2019年2月15日4时55分0秒	通过fd发送了一次数据，fd为:231
2019年2月15日4时55分0秒	通过fd发送了一次数据，fd为:229
2019年2月15日4时55分0秒	通过fd发送了一次数据，fd为:231
2019年2月15日4时55分0秒	通过fd发送了一次数据，fd为:232
2019年2月15日4时55分0秒	通过fd发送了一次数据，fd为:233
2019年2月15日4时55分0秒	通过fd发送了一次数据，fd为:232
2019年2月15日4时55分0秒	通过fd发送了一次数据，fd为:
2019年2月15日4时55分0秒	通过fd发送了一次数据，fd为:232
2019年2月15日4时55分0秒	通过fd发送了一次数据，fd为:232
2019年2月15日4时55分0秒	通过fd发送了一次数据，fd为:233
2019年2月15日4时55分0秒	通过fd发送了一次数据，fd为:232
2019年2月15日4时55分0秒	通过fd发送了一次数据，fd为:232
2019年2月15日4时55分0秒	通过fd发送了一次数据，fd为:233
2019年2月15日4时55分0秒	通过fd发送了一次数据，fd为:232
2019年2月15日4时55分0秒	通过fd发送了一次数据，fd为:233
2019年2月15日4时55分0秒	通过fd发送了一次数据，fd为:232
2019年2月15日4时55分0秒	通过fd发送了一次数据，fd为:233
2019年2月15日4时55分0秒	通过fd发送了一次数据，fd为:232
2019年2月15日4时55分0秒	通过fd发送了一次数据，fd为:233
2019年2月15日4时55分0秒	通过fd发送了一次数据，fd为:232
2019年2月15日4时55分0秒	通过fd发送了一次数据，fd为:
2019年2月15日4时55分0秒	通过fd发送了一次数据，fd为:233
2019年2月15日4时55分0秒	通过fd发送了一次数据，fd为:232
2019年2月15日4时55分0秒	通过fd发送了一次数据，fd为:232
2019年2月15日4时55分0秒	通过fd发送了一次数据，fd为:233
2019年2月15日4时55分0秒	通过fd发送了一次数据，fd为:232
2019年2月15日4时55分0秒	通过fd发送了一次数据，fd为:233
2019年2月15日4时55分0秒	通过fd发送了一次数据，fd为:234
2019年2月15日4时55分0秒	通过fd发送了一次数据，fd为:233
2019年2月15日4时55分0秒	通过fd发送了一次数据，fd为:234
2019年2月15日4时55分0秒	通过fd发送了一次数据，fd为:233
2019年2月15日4时55分0秒	通过fd发送了一次数据，fd为:234
2019年2月15日4时55分0秒	通过fd发送了一次数据，fd为:233
2019年2月15日4时55分0秒	通过fd发送了一次数据，fd为:234
2019年2月15日4时55分0秒	通过fd发送了一次数据，fd为:
2019年2月15日4时55分0秒	通过fd发送了一次数据，fd为:234
2019年2月15日4时55分0秒	通过fd发送了一次数据，fd为:233
2019年2月15日4时55分0秒	通过fd发送了一次数据，fd为:234
2019年2月15日4时55分0秒	通过fd发送了一次数据，fd为:233
2019年2月15日4时55分0秒	通过fd发送了一次数据，fd为:233
2019年2月15日4时55分0秒	通过fd发送了一次数据，fd为:234
2019年2月15日4时55分0秒	通过fd发送了一次数据，fd为:233
2019年2月15日4时55分0秒	通过fd发送了一次数据，fd为:234
2019年2月15日4时55分0秒	通过fd发送了一次数据，fd为:235
2019年2月15日4时55分0秒	通过fd发送了一次数据，fd为:234
2019年2月15日4时55分0秒	通过fd发送了一次数据，fd为:234
2019年2月15日4时55分0秒	通过fd发送了一次数据，fd为:234
2019年2月15日4时55分0秒	通过fd发送了一次数据，fd为:235
2019年2月15日4时55分0秒	通过fd发送了一次数据，fd为:
2019年2月15日4时55分0秒	通过fd发送了一次数据，fd为:234
2019年2月15日4时55分0秒	通过fd发送了一次数据，fd为:235
2019年2月15日4时55分0秒	通过fd发送了一次数据，fd为:234
2019年2月15日4时55分0秒	通过fd发送了一次数据，fd为:235
2019年2月15日4时55分0秒	通过fd发送了一次数据，fd为:234
2019年2月15日4时55分0秒	通过fd发送了一次数据，fd为:234
2019年2月15日4时55分0秒	通过fd发送了一次数据，fd为:234
2019年2月15日4时55分0秒	通过fd发送了一次数据，fd为:235
2019年2月15日4时55分0秒	通过fd发送了一次数据，fd为:234
2019年2月15日4时55分0秒	通过fd发送了一次数据，fd为:235
2019年2月15日4时55分0秒	通过fd发送了一次数据，fd为:236
2019年2月15日4时55分0秒	通过fd发送了一次数据，fd为:235
2019年2月15日4时55分0秒	通过fd发送了一次数据，fd为:235
2019年2月15日4时55分0秒	通过fd发送了一次数据，fd为:
236
2019年2月15日4时55分0秒	通过fd发送了一次数据，fd为:235
2019年2月15日4时55分0秒	通过fd发送了一次数据，fd为:235
2019年2月15日4时55分0秒	通过fd发送了一次数据，fd为:235
2019年2月15日4时55分0秒	通过fd发送了一次数据，fd为:236
2019年2月15日4时55分0秒	通过fd发送了一次数据，fd为:235
2019年2月15日4时55分0秒	通过fd发送了一次数据，fd为:235
2019年2月15日4时55分0秒	通过fd发送了一次数据，fd为:236
2019年2月15日4时55分0秒	通过fd发送了一次数据，fd为:235
2019年2月15日4时55分0秒	通过fd发送了一次数据，fd为:236
2019年2月15日4时55分0秒	通过fd发送了一次数据，fd为:235
2019年2月15日4时55分0秒	通过fd发送了一次数据，fd为:235
2019年2月15日4时55分0秒	通过fd发送了一次数据，fd为:236
2019年2月15日4时55分0秒	通过fd发送了一次数据，fd为:237
2019年2月15日4时55分0秒	通过fd发送了一次数据，fd为:
2019年2月15日4时55分0秒	通过fd发送了一次数据，fd为:237
2019年2月15日4时55分0秒	通过fd发送了一次数据，fd为:236
2019年2月15日4时55分0秒	通过fd发送了一次数据，fd为:236
2019年2月15日4时55分0秒	通过fd发送了一次数据，fd为:238
2019年2月15日4时55分0秒	通过fd发送了一次数据，fd为:236
2019年2月15日4时55分0秒	通过fd发送了一次数据，fd为:238
2019年2月15日4时55分0秒	通过fd发送了一次数据，fd为:236
2019年2月15日4时55分0秒	通过fd发送了一次数据，fd为:238
2019年2月15日4时55分0秒	通过fd发送了一次数据，fd为:236
2019年2月15日4时55分0秒	通过fd发送了一次数据，fd为:236
2019年2月15日4时55分0秒	通过fd发送了一次数据，fd为:236
2019年2月15日4时55分0秒	通过fd发送了一次数据，fd为:238
2019年2月15日4时55分0秒	通过fd发送了一次数据，fd为:236
2019年2月15日4时55分0秒	通过fd发送了一次数据，fd为:
2019年2月15日4时55分0秒	通过fd发送了一次数据，fd为:236
2019年2月15日4时55分0秒	通过fd发送了一次数据，fd为:238
2019年2月15日4时55分0秒	通过fd发送了一次数据，fd为:236
2019年2月15日4时55分0秒	通过fd发送了一次数据，fd为:238
2019年2月15日4时55分0秒	通过fd发送了一次数据，fd为:236
2019年2月15日4时55分0秒	通过fd发送了一次数据，fd为:236
2019年2月15日4时55分0秒	通过fd发送了一次数据，fd为:238
2019年2月15日4时55分0秒	通过fd发送了一次数据，fd为:236
2019年2月15日4时55分0秒	通过fd发送了一次数据，fd为:238
2019年2月15日4时55分0秒	通过fd发送了一次数据，fd为:239
2019年2月15日4时55分0秒	通过fd发送了一次数据，fd为:238
2019年2月15日4时55分0秒	通过fd发送了一次数据，fd为:238
2019年2月15日4时55分0秒	通过fd发送了一次数据，fd为:239
2019年2月15日4时55分0秒	通过fd发送了一次数据，fd为:
238
2019年2月15日4时55分1秒	通过fd发送了一次数据，fd为:240
2019年2月15日4时55分1秒	通过fd发送了一次数据，fd为:238
2019年2月15日4时55分1秒	通过fd发送了一次数据，fd为:240
2019年2月15日4时55分1秒	通过fd发送了一次数据，fd为:240
2019年2月15日4时55分1秒	通过fd发送了一次数据，fd为:240
2019年2月15日4时55分1秒	通过fd发送了一次数据，fd为:241
2019年2月15日4时55分1秒	通过fd发送了一次数据，fd为:240
2019年2月15日4时55分1秒	通过fd发送了一次数据，fd为:240
2019年2月15日4时55分1秒	通过fd发送了一次数据，fd为:240
2019年2月15日4时55分1秒	通过fd发送了一次数据，fd为:240
2019年2月15日4时55分1秒	通过fd发送了一次数据，fd为:241
2019年2月15日4时55分1秒	通过fd发送了一次数据，fd为:241
2019年2月15日4时55分1秒	通过fd发送了一次数据，fd为:241
2019年2月15日4时55分1秒	通过fd发送了一次数据，fd为:
2019年2月15日4时55分1秒	通过fd发送了一次数据，fd为:241
2019年2月15日4时55分1秒	通过fd发送了一次数据，fd为:242
2019年2月15日4时55分1秒	通过fd发送了一次数据，fd为:241
2019年2月15日4时55分1秒	通过fd发送了一次数据，fd为:241
2019年2月15日4时55分1秒	通过fd发送了一次数据，fd为:241
2019年2月15日4时55分1秒	通过fd发送了一次数据，fd为:241
2019年2月15日4时55分1秒	通过fd发送了一次数据，fd为:241
2019年2月15日4时55分1秒	通过fd发送了一次数据，fd为:241
2019年2月15日4时55分1秒	通过fd发送了一次数据，fd为:241
2019年2月15日4时55分1秒	通过fd发送了一次数据，fd为:241
2019年2月15日4时55分1秒	通过fd发送了一次数据，fd为:243
2019年2月15日4时55分1秒	通过fd发送了一次数据，fd为:241
2019年2月15日4时55分1秒	通过fd发送了一次数据，fd为:241
2019年2月15日4时55分1秒	通过fd发送了一次数据，fd为:
2019年2月15日4时55分1秒	通过fd发送了一次数据，fd为:241
2019年2月15日4时55分1秒	通过fd发送了一次数据，fd为:241
2019年2月15日4时55分1秒	通过fd发送了一次数据，fd为:243
2019年2月15日4时55分1秒	通过fd发送了一次数据，fd为:241
2019年2月15日4时55分1秒	通过fd发送了一次数据，fd为:243
2019年2月15日4时55分1秒	通过fd发送了一次数据，fd为:241
2019年2月15日4时55分1秒	通过fd发送了一次数据，fd为:241
2019年2月15日4时55分1秒	通过fd发送了一次数据，fd为:241
2019年2月15日4时55分1秒	通过fd发送了一次数据，fd为:241
2019年2月15日4时55分1秒	通过fd发送了一次数据，fd为:243
2019年2月15日4时55分1秒	通过fd发送了一次数据，fd为:241
2019年2月15日4时55分1秒	通过fd发送了一次数据，fd为:244
2019年2月15日4时55分1秒	通过fd发送了一次数据，fd为:241
2019年2月15日4时55分1秒	通过fd发送了一次数据，fd为:
2019年2月15日4时55分1秒	通过fd发送了一次数据，fd为:241
2019年2月15日4时55分1秒	通过fd发送了一次数据，fd为:241
2019年2月15日4时55分1秒	通过fd发送了一次数据，fd为:244
2019年2月15日4时55分1秒	通过fd发送了一次数据，fd为:244
2019年2月15日4时55分1秒	通过fd发送了一次数据，fd为:244
2019年2月15日4时55分1秒	通过fd发送了一次数据，fd为:244
2019年2月15日4时55分1秒	通过fd发送了一次数据，fd为:245
2019年2月15日4时55分1秒	通过fd发送了一次数据，fd为:244
2019年2月15日4时55分1秒	通过fd发送了一次数据，fd为:244
2019年2月15日4时55分1秒	通过fd发送了一次数据，fd为:244
2019年2月15日4时55分1秒	通过fd发送了一次数据，fd为:245
2019年2月15日4时55分1秒	通过fd发送了一次数据，fd为:244
2019年2月15日4时55分1秒	通过fd发送了一次数据，fd为:245
2019年2月15日4时55分1秒	通过fd发送了一次数据，fd为:
2019年2月15日4时55分1秒	通过fd发送了一次数据，fd为:244
2019年2月15日4时55分1秒	通过fd发送了一次数据，fd为:244
2019年2月15日4时55分1秒	通过fd发送了一次数据，fd为:244
2019年2月15日4时55分1秒	通过fd发送了一次数据，fd为:244
2019年2月15日4时55分1秒	通过fd发送了一次数据，fd为:245
2019年2月15日4时55分1秒	通过fd发送了一次数据，fd为:244
2019年2月15日4时55分1秒	通过fd发送了一次数据，fd为:245
2019年2月15日4时55分1秒	通过fd发送了一次数据，fd为:244
2019年2月15日4时55分1秒	通过fd发送了一次数据，fd为:244
2019年2月15日4时55分1秒	通过fd发送了一次数据，fd为:244
2019年2月15日4时55分1秒	通过fd发送了一次数据，fd为:244
2019年2月15日4时55分1秒	通过fd发送了一次数据，fd为:244
2019年2月15日4时55分1秒	通过fd发送了一次数据，fd为:245
2019年2月15日4时55分1秒	通过fd发送了一次数据，fd为:
2019年2月15日4时55分1秒	通过fd发送了一次数据，fd为:244
2019年2月15日4时55分1秒	通过fd发送了一次数据，fd为:244
2019年2月15日4时55分1秒	通过fd发送了一次数据，fd为:246
2019年2月15日4时55分1秒	通过fd发送了一次数据，fd为:244
2019年2月15日4时55分1秒	通过fd发送了一次数据，fd为:246
2019年2月15日4时55分1秒	通过fd发送了一次数据，fd为:244
2019年2月15日4时55分1秒	通过fd发送了一次数据，fd为:246
2019年2月15日4时55分1秒	通过fd发送了一次数据，fd为:244
2019年2月15日4时55分1秒	通过fd发送了一次数据，fd为:244
2019年2月15日4时55分1秒	通过fd发送了一次数据，fd为:246
2019年2月15日4时55分1秒	通过fd发送了一次数据，fd为:244
2019年2月15日4时55分1秒	通过fd发送了一次数据，fd为:246
2019年2月15日4时55分1秒	通过fd发送了一次数据，fd为:244
2019年2月15日4时55分1秒	通过fd发送了一次数据，fd为:
2019年2月15日4时55分1秒	通过fd发送了一次数据，fd为:244
2019年2月15日4时55分1秒	通过fd发送了一次数据，fd为:244
2019年2月15日4时55分1秒	通过fd发送了一次数据，fd为:246
2019年2月15日4时55分1秒	通过fd发送了一次数据，fd为:244
2019年2月15日4时55分1秒	通过fd发送了一次数据，fd为:244
2019年2月15日4时55分1秒	通过fd发送了一次数据，fd为:246
2019年2月15日4时55分1秒	通过fd发送了一次数据，fd为:244
2019年2月15日4时55分1秒	通过fd发送了一次数据，fd为:244
2019年2月15日4时55分1秒	通过fd发送了一次数据，fd为:246
2019年2月15日4时55分1秒	通过fd发送了一次数据，fd为:244
2019年2月15日4时55分1秒	通过fd发送了一次数据，fd为:246
2019年2月15日4时55分1秒	通过fd发送了一次数据，fd为:244
2019年2月15日4时55分1秒	通过fd发送了一次数据，fd为:244
2019年2月15日4时55分1秒	通过fd发送了一次数据，fd为:
2019年2月15日4时55分1秒	通过fd发送了一次数据，fd为:244
2019年2月15日4时55分1秒	通过fd发送了一次数据，fd为:246
2019年2月15日4时55分1秒	通过fd发送了一次数据，fd为:244
2019年2月15日4时55分1秒	通过fd发送了一次数据，fd为:244
2019年2月15日4时55分1秒	通过fd发送了一次数据，fd为:246
2019年2月15日4时55分1秒	通过fd发送了一次数据，fd为:244
2019年2月15日4时55分1秒	通过fd发送了一次数据，fd为:246
2019年2月15日4时55分1秒	通过fd发送了一次数据，fd为:247
2019年2月15日4时55分1秒	通过fd发送了一次数据，fd为:246
2019年2月15日4时55分1秒	通过fd发送了一次数据，fd为:246
2019年2月15日4时55分1秒	通过fd发送了一次数据，fd为:247
2019年2月15日4时55分1秒	通过fd发送了一次数据，fd为:246
2019年2月15日4时55分1秒	通过fd发送了一次数据，fd为:247
2019年2月15日4时55分1秒	通过fd发送了一次数据，fd为:
2019年2月15日4时55分1秒	通过fd发送了一次数据，fd为:246
2019年2月15日4时55分1秒	通过fd发送了一次数据，fd为:247
2019年2月15日4时55分1秒	通过fd发送了一次数据，fd为:246
2019年2月15日4时55分1秒	通过fd发送了一次数据，fd为:246
2019年2月15日4时55分1秒	通过fd发送了一次数据，fd为:248
2019年2月15日4时55分1秒	通过fd发送了一次数据，fd为:249
2019年2月15日4时55分1秒	通过fd发送了一次数据，fd为:248
2019年2月15日4时55分1秒	通过fd发送了一次数据，fd为:249
2019年2月15日4时55分1秒	通过fd发送了一次数据，fd为:248
2019年2月15日4时55分1秒	通过fd发送了一次数据，fd为:249
2019年2月15日4时55分1秒	通过fd发送了一次数据，fd为:249
2019年2月15日4时55分1秒	通过fd发送了一次数据，fd为:249
2019年2月15日4时55分1秒	通过fd发送了一次数据，fd为:250
2019年2月15日4时55分1秒	通过fd发送了一次数据，fd为:
2019年2月15日4时55分1秒	通过fd发送了一次数据，fd为:249
2019年2月15日4时55分1秒	通过fd发送了一次数据，fd为:250
2019年2月15日4时55分1秒	通过fd发送了一次数据，fd为:249
2019年2月15日4时55分1秒	通过fd发送了一次数据，fd为:249
2019年2月15日4时55分1秒	通过fd发送了一次数据，fd为:250
2019年2月15日4时55分1秒	通过fd发送了一次数据，fd为:249
2019年2月15日4时55分1秒	通过fd发送了一次数据，fd为:249
2019年2月15日4时55分1秒	通过fd发送了一次数据，fd为:250
2019年2月15日4时55分1秒	通过fd发送了一次数据，fd为:249
2019年2月15日4时55分1秒	通过fd发送了一次数据，fd为:249
2019年2月15日4时55分1秒	通过fd发送了一次数据，fd为:249
2019年2月15日4时55分1秒	通过fd发送了一次数据，fd为:249
2019年2月15日4时55分1秒	通过fd发送了一次数据，fd为:249
2019年2月15日4时55分1秒	通过fd发送了一次数据，fd为:
250
2019年2月15日4时55分1秒	通过fd发送了一次数据，fd为:249
2019年2月15日4时55分1秒	通过fd发送了一次数据，fd为:250
2019年2月15日4时55分1秒	通过fd发送了一次数据，fd为:249
2019年2月15日4时55分1秒	通过fd发送了一次数据，fd为:250
2019年2月15日4时55分1秒	通过fd发送了一次数据，fd为:249
2019年2月15日4时55分1秒	通过fd发送了一次数据，fd为:250
2019年2月15日4时55分1秒	通过fd发送了一次数据，fd为:249
2019年2月15日4时55分1秒	通过fd发送了一次数据，fd为:250
2019年2月15日4时55分1秒	通过fd发送了一次数据，fd为:249
2019年2月15日4时55分1秒	通过fd发送了一次数据，fd为:250
2019年2月15日4时55分1秒	通过fd发送了一次数据，fd为:249
2019年2月15日4时55分1秒	通过fd发送了一次数据，fd为:250
2019年2月15日4时55分1秒	通过fd发送了一次数据，fd为:249
2019年2月15日4时55分1秒	通过fd发送了一次数据，fd为:
250
2019年2月15日4时55分1秒	通过fd发送了一次数据，fd为:249
2019年2月15日4时55分1秒	通过fd发送了一次数据，fd为:250
2019年2月15日4时55分1秒	通过fd发送了一次数据，fd为:249
2019年2月15日4时55分1秒	通过fd发送了一次数据，fd为:250
2019年2月15日4时55分1秒	通过fd发送了一次数据，fd为:250
2019年2月15日4时55分1秒	通过fd发送了一次数据，fd为:250
2019年2月15日4时55分1秒	通过fd发送了一次数据，fd为:250
2019年2月15日4时55分1秒	通过fd发送了一次数据，fd为:250
2019年2月15日4时55分1秒	通过fd发送了一次数据，fd为:251
2019年2月15日4时55分1秒	通过fd发送了一次数据，fd为:250
2019年2月15日4时55分1秒	通过fd发送了一次数据，fd为:251
2019年2月15日4时55分1秒	通过fd发送了一次数据，fd为:251
2019年2月15日4时55分1秒	通过fd发送了一次数据，fd为:252
2019年2月15日4时55分1秒	通过fd发送了一次数据，fd为:
2019年2月15日4时55分1秒	通过fd发送了一次数据，fd为:252
2019年2月15日4时55分1秒	通过fd发送了一次数据，fd为:251
2019年2月15日4时55分1秒	通过fd发送了一次数据，fd为:251
2019年2月15日4时55分1秒	通过fd发送了一次数据，fd为:251
2019年2月15日4时55分1秒	通过fd发送了一次数据，fd为:253
2019年2月15日4时55分1秒	通过fd发送了一次数据，fd为:253
2019年2月15日4时55分1秒	通过fd发送了一次数据，fd为:253
2019年2月15日4时55分1秒	通过fd发送了一次数据，fd为:253
2019年2月15日4时55分1秒	通过fd发送了一次数据，fd为:253
2019年2月15日4时55分1秒	通过fd发送了一次数据，fd为:254
2019年2月15日4时55分1秒	通过fd发送了一次数据，fd为:253
2019年2月15日4时55分1秒	通过fd发送了一次数据，fd为:254
2019年2月15日4时55分1秒	通过fd发送了一次数据，fd为:253
2019年2月15日4时55分1秒	通过fd发送了一次数据，fd为:
2019年2月15日4时55分1秒	通过fd发送了一次数据，fd为:253
2019年2月15日4时55分1秒	通过fd发送了一次数据，fd为:254
2019年2月15日4时55分1秒	通过fd发送了一次数据，fd为:253
2019年2月15日4时55分1秒	通过fd发送了一次数据，fd为:254
2019年2月15日4时55分1秒	通过fd发送了一次数据，fd为:253
2019年2月15日4时55分1秒	通过fd发送了一次数据，fd为:254
2019年2月15日4时55分1秒	通过fd发送了一次数据，fd为:253
2019年2月15日4时55分1秒	通过fd发送了一次数据，fd为:253
2019年2月15日4时55分1秒	通过fd发送了一次数据，fd为:254
2019年2月15日4时55分1秒	通过fd发送了一次数据，fd为:253
2019年2月15日4时55分1秒	通过fd发送了一次数据，fd为:254
2019年2月15日4时55分1秒	通过fd发送了一次数据，fd为:253
2019年2月15日4时55分1秒	通过fd发送了一次数据，fd为:255
2019年2月15日4时55分1秒	通过fd发送了一次数据，fd为:
2019年2月15日4时55分1秒	通过fd发送了一次数据，fd为:255
2019年2月15日4时55分1秒	通过fd发送了一次数据，fd为:253
2019年2月15日4时55分1秒	通过fd发送了一次数据，fd为:255
2019年2月15日4时55分1秒	通过fd发送了一次数据，fd为:253
2019年2月15日4时55分1秒	通过fd发送了一次数据，fd为:255
2019年2月15日4时55分1秒	通过fd发送了一次数据，fd为:253
2019年2月15日4时55分1秒	通过fd发送了一次数据，fd为:253
2019年2月15日4时55分1秒	通过fd发送了一次数据，fd为:253
2019年2月15日4时55分1秒	通过fd发送了一次数据，fd为:255
2019年2月15日4时55分1秒	通过fd发送了一次数据，fd为:253
2019年2月15日4时55分1秒	通过fd发送了一次数据，fd为:253
2019年2月15日4时55分1秒	通过fd发送了一次数据，fd为:253
2019年2月15日4时55分1秒	通过fd发送了一次数据，fd为:255
2019年2月15日4时55分1秒	通过fd发送了一次数据，fd为:
2019年2月15日4时55分1秒	通过fd发送了一次数据，fd为:255
2019年2月15日4时55分1秒	通过fd发送了一次数据，fd为:255
2019年2月15日4时55分1秒	通过fd发送了一次数据，fd为:255
2019年2月15日4时55分1秒	通过fd发送了一次数据，fd为:256
2019年2月15日4时55分1秒	通过fd发送了一次数据，fd为:255
2019年2月15日4时55分1秒	通过fd发送了一次数据，fd为:255
2019年2月15日4时55分1秒	通过fd发送了一次数据，fd为:255
2019年2月15日4时55分1秒	通过fd发送了一次数据，fd为:256
2019年2月15日4时55分1秒	通过fd发送了一次数据，fd为:255
2019年2月15日4时55分1秒	通过fd发送了一次数据，fd为:256
2019年2月15日4时55分1秒	通过fd发送了一次数据，fd为:255
2019年2月15日4时55分1秒	通过fd发送了一次数据，fd为:255
2019年2月15日4时55分1秒	通过fd发送了一次数据，fd为:255
2019年2月15日4时55分1秒	通过fd发送了一次数据，fd为:
2019年2月15日4时55分1秒	通过fd发送了一次数据，fd为:255
2019年2月15日4时55分1秒	通过fd发送了一次数据，fd为:256
2019年2月15日4时55分1秒	通过fd发送了一次数据，fd为:255
2019年2月15日4时55分1秒	通过fd发送了一次数据，fd为:255
2019年2月15日4时55分1秒	通过fd发送了一次数据，fd为:255

2019年2月15日4时55分1秒	通过fd发送了一次数据，fd为:256
2019年2月15日4时55分1秒	通过fd发送了一次数据，fd为:255
2019年2月15日4时55分2秒	通过fd发送了一次数据，fd为:257
2019年2月15日4时55分2秒	通过fd发送了一次数据，fd为:255
2019年2月15日4时55分2秒	通过fd发送了一次数据，fd为:255
2019年2月15日4时55分2秒	通过fd发送了一次数据，fd为:255
2019年2月15日4时55分2秒	通过fd发送了一次数据，fd为:257
2019年2月15日4时55分2秒	通过fd发送了一次数据，fd为:255
2019年2月15日4时55分2秒	通过fd发送了一次数据，fd为:257
2019年2月15日4时55分2秒	通过fd发送了一次数据，fd为:255
2019年2月15日4时55分2秒	通过fd发送了一次数据，fd为:255
2019年2月15日4时55分2秒	通过fd发送了一次数据，fd为:255
2019年2月15日4时55分2秒	通过fd发送了一次数据，fd为:258
2019年2月15日4时55分2秒	通过fd发送了一次数据，fd为:
259
2019年2月15日4时55分2秒	通过fd发送了一次数据，fd为:258
2019年2月15日4时55分2秒	通过fd发送了一次数据，fd为:258
2019年2月15日4时55分2秒	通过fd发送了一次数据，fd为:259
2019年2月15日4时55分2秒	通过fd发送了一次数据，fd为:258
2019年2月15日4时55分2秒	通过fd发送了一次数据，fd为:259
2019年2月15日4时55分2秒	通过fd发送了一次数据，fd为:258
2019年2月15日4时55分2秒	通过fd发送了一次数据，fd为:259
2019年2月15日4时55分2秒	通过fd发送了一次数据，fd为:258
2019年2月15日4时55分2秒	通过fd发送了一次数据，fd为:258
2019年2月15日4时55分2秒	通过fd发送了一次数据，fd为:258
2019年2月15日4时55分2秒	通过fd发送了一次数据，fd为:258
2019年2月15日4时55分2秒	通过fd发送了一次数据，fd为:259
2019年2月15日4时55分2秒	通过fd发送了一次数据，fd为:258
2019年2月15日4时55分2秒	通过fd发送了一次数据，fd为:
2019年2月15日4时55分2秒	通过fd发送了一次数据，fd为:258
2019年2月15日4时55分2秒	通过fd发送了一次数据，fd为:259
2019年2月15日4时55分2秒	通过fd发送了一次数据，fd为:258
2019年2月15日4时55分2秒	通过fd发送了一次数据，fd为:259
2019年2月15日4时55分2秒	通过fd发送了一次数据，fd为:258
2019年2月15日4时55分2秒	通过fd发送了一次数据，fd为:259
2019年2月15日4时55分2秒	通过fd发送了一次数据，fd为:260
2019年2月15日4时55分2秒	通过fd发送了一次数据，fd为:259
2019年2月15日4时55分2秒	通过fd发送了一次数据，fd为:260
2019年2月15日4时55分2秒	通过fd发送了一次数据，fd为:259
2019年2月15日4时55分2秒	通过fd发送了一次数据，fd为:260
2019年2月15日4时55分2秒	通过fd发送了一次数据，fd为:259
2019年2月15日4时55分2秒	通过fd发送了一次数据，fd为:259
2019年2月15日4时55分2秒	通过fd发送了一次数据，fd为:
2019年2月15日4时55分2秒	通过fd发送了一次数据，fd为:259
2019年2月15日4时55分2秒	通过fd发送了一次数据，fd为:260
2019年2月15日4时55分2秒	通过fd发送了一次数据，fd为:259
2019年2月15日4时55分2秒	通过fd发送了一次数据，fd为:260
2019年2月15日4时55分2秒	通过fd发送了一次数据，fd为:259
2019年2月15日4时55分2秒	通过fd发送了一次数据，fd为:259
2019年2月15日4时55分2秒	通过fd发送了一次数据，fd为:260
2019年2月15日4时55分2秒	通过fd发送了一次数据，fd为:259
2019年2月15日4时55分2秒	通过fd发送了一次数据，fd为:260
2019年2月15日4时55分2秒	通过fd发送了一次数据，fd为:259
2019年2月15日4时55分2秒	通过fd发送了一次数据，fd为:260
2019年2月15日4时55分2秒	通过fd发送了一次数据，fd为:259
2019年2月15日4时55分2秒	通过fd发送了一次数据，fd为:260
2019年2月15日4时55分2秒	通过fd发送了一次数据，fd为:
2019年2月15日4时55分2秒	通过fd发送了一次数据，fd为:260
2019年2月15日4时55分2秒	通过fd发送了一次数据，fd为:259
2019年2月15日4时55分2秒	通过fd发送了一次数据，fd为:259
2019年2月15日4时55分2秒	通过fd发送了一次数据，fd为:261
2019年2月15日4时55分2秒	通过fd发送了一次数据，fd为:259
2019年2月15日4时55分2秒	通过fd发送了一次数据，fd为:261
2019年2月15日4时55分2秒	通过fd发送了一次数据，fd为:259
2019年2月15日4时55分2秒	通过fd发送了一次数据，fd为:259
2019年2月15日4时55分2秒	通过fd发送了一次数据，fd为:262
2019年2月15日4时55分2秒	通过fd发送了一次数据，fd为:259
2019年2月15日4时55分2秒	通过fd发送了一次数据，fd为:259
2019年2月15日4时55分2秒	通过fd发送了一次数据，fd为:262
2019年2月15日4时55分2秒	通过fd发送了一次数据，fd为:259
2019年2月15日4时55分2秒	通过fd发送了一次数据，fd为:
259
2019年2月15日4时55分2秒	通过fd发送了一次数据，fd为:262
2019年2月15日4时55分2秒	通过fd发送了一次数据，fd为:259
2019年2月15日4时55分2秒	通过fd发送了一次数据，fd为:262
2019年2月15日4时55分2秒	通过fd发送了一次数据，fd为:259
2019年2月15日4时55分2秒	通过fd发送了一次数据，fd为:259
2019年2月15日4时55分2秒	通过fd发送了一次数据，fd为:262
2019年2月15日4时55分2秒	通过fd发送了一次数据，fd为:259
2019年2月15日4时55分2秒	通过fd发送了一次数据，fd为:263
2019年2月15日4时55分2秒	通过fd发送了一次数据，fd为:259
2019年2月15日4时55分2秒	通过fd发送了一次数据，fd为:259
2019年2月15日4时55分2秒	通过fd发送了一次数据，fd为:259
2019年2月15日4时55分2秒	通过fd发送了一次数据，fd为:259
2019年2月15日4时55分2秒	通过fd发送了一次数据，fd为:259
2019年2月15日4时55分2秒	通过fd发送了一次数据，fd为:
2019年2月15日4时55分2秒	通过fd发送了一次数据，fd为:259
2019年2月15日4时55分2秒	通过fd发送了一次数据，fd为:263
2019年2月15日4时55分2秒	通过fd发送了一次数据，fd为:263
2019年2月15日4时55分2秒	通过fd发送了一次数据，fd为:264
2019年2月15日4时55分2秒	通过fd发送了一次数据，fd为:263
2019年2月15日4时55分2秒	通过fd发送了一次数据，fd为:263
2019年2月15日4时55分2秒	通过fd发送了一次数据，fd为:263
2019年2月15日4时55分2秒	通过fd发送了一次数据，fd为:264
2019年2月15日4时55分2秒	通过fd发送了一次数据，fd为:263
2019年2月15日4时55分2秒	通过fd发送了一次数据，fd为:264
2019年2月15日4时55分2秒	通过fd发送了一次数据，fd为:263
2019年2月15日4时55分2秒	通过fd发送了一次数据，fd为:263
2019年2月15日4时55分2秒	通过fd发送了一次数据，fd为:263
2019年2月15日4时55分2秒	通过fd发送了一次数据，fd为:
2019年2月15日4时55分2秒	通过fd发送了一次数据，fd为:263
2019年2月15日4时55分2秒	通过fd发送了一次数据，fd为:264
2019年2月15日4时55分2秒	通过fd发送了一次数据，fd为:263
2019年2月15日4时55分2秒	通过fd发送了一次数据，fd为:263
2019年2月15日4时55分2秒	通过fd发送了一次数据，fd为:264
2019年2月15日4时55分2秒	通过fd发送了一次数据，fd为:263
2019年2月15日4时55分2秒	通过fd发送了一次数据，fd为:263
2019年2月15日4时55分2秒	通过fd发送了一次数据，fd为:264
2019年2月15日4时55分2秒	通过fd发送了一次数据，fd为:263
2019年2月15日4时55分2秒	通过fd发送了一次数据，fd为:263
2019年2月15日4时55分2秒	通过fd发送了一次数据，fd为:264
2019年2月15日4时55分2秒	通过fd发送了一次数据，fd为:263
2019年2月15日4时55分2秒	通过fd发送了一次数据，fd为:263
2019年2月15日4时55分2秒	通过fd发送了一次数据，fd为:
2019年2月15日4时55分2秒	通过fd发送了一次数据，fd为:264
2019年2月15日4时55分2秒	通过fd发送了一次数据，fd为:263
2019年2月15日4时55分2秒	通过fd发送了一次数据，fd为:263
2019年2月15日4时55分2秒	通过fd发送了一次数据，fd为:264
2019年2月15日4时55分2秒	通过fd发送了一次数据，fd为:263
2019年2月15日4时55分2秒	通过fd发送了一次数据，fd为:263
2019年2月15日4时55分2秒	通过fd发送了一次数据，fd为:263
2019年2月15日4时55分2秒	通过fd发送了一次数据，fd为:263
2019年2月15日4时55分2秒	通过fd发送了一次数据，fd为:264
2019年2月15日4时55分2秒	通过fd发送了一次数据，fd为:263
2019年2月15日4时55分2秒	通过fd发送了一次数据，fd为:263
2019年2月15日4时55分2秒	通过fd发送了一次数据，fd为:264
2019年2月15日4时55分2秒	通过fd发送了一次数据，fd为:263
2019年2月15日4时55分2秒	通过fd发送了一次数据，fd为:
2019年2月15日4时55分2秒	通过fd发送了一次数据，fd为:263
2019年2月15日4时55分2秒	通过fd发送了一次数据，fd为:264
2019年2月15日4时55分2秒	通过fd发送了一次数据，fd为:263
2019年2月15日4时55分2秒	通过fd发送了一次数据，fd为:264
2019年2月15日4时55分2秒	通过fd发送了一次数据，fd为:263
2019年2月15日4时55分2秒	通过fd发送了一次数据，fd为:265
2019年2月15日4时55分2秒	通过fd发送了一次数据，fd为:263
2019年2月15日4时55分2秒	通过fd发送了一次数据，fd为:264
2019年2月15日4时55分2秒	通过fd发送了一次数据，fd为:264
2019年2月15日4时55分2秒	通过fd发送了一次数据，fd为:265
2019年2月15日4时55分2秒	通过fd发送了一次数据，fd为:264
2019年2月15日4时55分2秒	通过fd发送了一次数据，fd为:264
2019年2月15日4时55分2秒	通过fd发送了一次数据，fd为:264
2019年2月15日4时55分2秒	通过fd发送了一次数据，fd为:
2019年2月15日4时55分2秒	通过fd发送了一次数据，fd为:264
2019年2月15日4时55分2秒	通过fd发送了一次数据，fd为:264
2019年2月15日4时55分2秒	通过fd发送了一次数据，fd为:265
2019年2月15日4时55分2秒	通过fd发送了一次数据，fd为:264
2019年2月15日4时55分2秒	通过fd发送了一次数据，fd为:264
2019年2月15日4时55分2秒	通过fd发送了一次数据，fd为:265
2019年2月15日4时55分2秒	通过fd发送了一次数据，fd为:264
2019年2月15日4时55分2秒	通过fd发送了一次数据，fd为:265
2019年2月15日4时55分2秒	通过fd发送了一次数据，fd为:264
2019年2月15日4时55分2秒	通过fd发送了一次数据，fd为:264
2019年2月15日4时55分2秒	通过fd发送了一次数据，fd为:264
2019年2月15日4时55分2秒	通过fd发送了一次数据，fd为:264
2019年2月15日4时55分2秒	通过fd发送了一次数据，fd为:266
2019年2月15日4时55分2秒	通过fd发送了一次数据，fd为:
2019年2月15日4时55分2秒	通过fd发送了一次数据，fd为:266
2019年2月15日4时55分2秒	通过fd发送了一次数据，fd为:264
2019年2月15日4时55分2秒	通过fd发送了一次数据，fd为:266
2019年2月15日4时55分2秒	通过fd发送了一次数据，fd为:264
2019年2月15日4时55分2秒	通过fd发送了一次数据，fd为:266
2019年2月15日4时55分2秒	通过fd发送了一次数据，fd为:264
2019年2月15日4时55分2秒	通过fd发送了一次数据，fd为:264
2019年2月15日4时55分2秒	通过fd发送了一次数据，fd为:264
2019年2月15日4时55分2秒	通过fd发送了一次数据，fd为:266
2019年2月15日4时55分2秒	通过fd发送了一次数据，fd为:264
2019年2月15日4时55分2秒	通过fd发送了一次数据，fd为:267
2019年2月15日4时55分2秒	通过fd发送了一次数据，fd为:264
2019年2月15日4时55分2秒	通过fd发送了一次数据，fd为:267
2019年2月15日4时55分2秒	通过fd发送了一次数据，fd为:
2019年2月15日4时55分2秒	通过fd发送了一次数据，fd为:264
2019年2月15日4时55分2秒	通过fd发送了一次数据，fd为:267
2019年2月15日4时55分2秒	通过fd发送了一次数据，fd为:264
2019年2月15日4时55分2秒	通过fd发送了一次数据，fd为:264
2019年2月15日4时55分2秒	通过fd发送了一次数据，fd为:267
2019年2月15日4时55分2秒	通过fd发送了一次数据，fd为:264
2019年2月15日4时55分2秒	通过fd发送了一次数据，fd为:267
2019年2月15日4时55分2秒	通过fd发送了一次数据，fd为:264
2019年2月15日4时55分2秒	通过fd发送了一次数据，fd为:264
2019年2月15日4时55分2秒	通过fd发送了一次数据，fd为:264
2019年2月15日4时55分2秒	通过fd发送了一次数据，fd为:264
2019年2月15日4时55分2秒	通过fd发送了一次数据，fd为:267
2019年2月15日4时55分2秒	通过fd发送了一次数据，fd为:264
2019年2月15日4时55分2秒	通过fd发送了一次数据，fd为:
267
2019年2月15日4时55分2秒	通过fd发送了一次数据，fd为:268
2019年2月15日4时55分2秒	通过fd发送了一次数据，fd为:267
2019年2月15日4时55分2秒	通过fd发送了一次数据，fd为:267
2019年2月15日4时55分2秒	通过fd发送了一次数据，fd为:268
2019年2月15日4时55分2秒	通过fd发送了一次数据，fd为:267
2019年2月15日4时55分2秒	通过fd发送了一次数据，fd为:267
2019年2月15日4时55分2秒	通过fd发送了一次数据，fd为:267
2019年2月15日4时55分2秒	通过fd发送了一次数据，fd为:268
2019年2月15日4时55分2秒	通过fd发送了一次数据，fd为:267
2019年2月15日4时55分2秒	通过fd发送了一次数据，fd为:267
2019年2月15日4时55分2秒	通过fd发送了一次数据，fd为:267
2019年2月15日4时55分2秒	通过fd发送了一次数据，fd为:267
2019年2月15日4时55分2秒	通过fd发送了一次数据，fd为:267
2019年2月15日4时55分3秒	通过fd发送了一次数据，fd为:
2019年2月15日4时55分3秒	通过fd发送了一次数据，fd为:267
2019年2月15日4时55分3秒	通过fd发送了一次数据，fd为:268
2019年2月15日4时55分3秒	通过fd发送了一次数据，fd为:267
2019年2月15日4时55分3秒	通过fd发送了一次数据，fd为:269
2019年2月15日4时55分3秒	通过fd发送了一次数据，fd为:267
2019年2月15日4时55分3秒	通过fd发送了一次数据，fd为:269
2019年2月15日4时55分3秒	通过fd发送了一次数据，fd为:267
2019年2月15日4时55分3秒	通过fd发送了一次数据，fd为:267
2019年2月15日4时55分3秒	通过fd发送了一次数据，fd为:269
2019年2月15日4时55分3秒	通过fd发送了一次数据，fd为:270
2019年2月15日4时55分3秒	通过fd发送了一次数据，fd为:269
2019年2月15日4时55分3秒	通过fd发送了一次数据，fd为:270
2019年2月15日4时55分3秒	通过fd发送了一次数据，fd为:269
2019年2月15日4时55分3秒	通过fd发送了一次数据，fd为:
2019年2月15日4时55分3秒	通过fd发送了一次数据，fd为:269
2019年2月15日4时55分3秒	通过fd发送了一次数据，fd为:270
2019年2月15日4时55分3秒	通过fd发送了一次数据，fd为:270
2019年2月15日4时55分3秒	通过fd发送了一次数据，fd为:271
2019年2月15日4时55分3秒	通过fd发送了一次数据，fd为:270
2019年2月15日4时55分3秒	通过fd发送了一次数据，fd为:270
2019年2月15日4时55分3秒	通过fd发送了一次数据，fd为:270
2019年2月15日4时55分3秒	通过fd发送了一次数据，fd为:270
2019年2月15日4时55分3秒	通过fd发送了一次数据，fd为:270
2019年2月15日4时55分3秒	通过fd发送了一次数据，fd为:270
2019年2月15日4时55分3秒	通过fd发送了一次数据，fd为:271
2019年2月15日4时55分3秒	通过fd发送了一次数据，fd为:270
2019年2月15日4时55分3秒	通过fd发送了一次数据，fd为:271
2019年2月15日4时55分3秒	通过fd发送了一次数据，fd为:
2019年2月15日4时55分3秒	通过fd发送了一次数据，fd为:271
2019年2月15日4时55分3秒	通过fd发送了一次数据，fd为:272
2019年2月15日4时55分3秒	通过fd发送了一次数据，fd为:271
2019年2月15日4时55分3秒	通过fd发送了一次数据，fd为:272
2019年2月15日4时55分3秒	通过fd发送了一次数据，fd为:271
2019年2月15日4时55分3秒	通过fd发送了一次数据，fd为:271
2019年2月15日4时55分3秒	通过fd发送了一次数据，fd为:272
2019年2月15日4时55分3秒	通过fd发送了一次数据，fd为:271
2019年2月15日4时55分3秒	通过fd发送了一次数据，fd为:271
2019年2月15日4时55分3秒	通过fd发送了一次数据，fd为:271
2019年2月15日4时55分3秒	通过fd发送了一次数据，fd为:271
2019年2月15日4时55分3秒	通过fd发送了一次数据，fd为:272
2019年2月15日4时55分3秒	通过fd发送了一次数据，fd为:271
2019年2月15日4时55分3秒	通过fd发送了一次数据，fd为:
2019年2月15日4时55分3秒	通过fd发送了一次数据，fd为:271
2019年2月15日4时55分3秒	通过fd发送了一次数据，fd为:271
2019年2月15日4时55分3秒	通过fd发送了一次数据，fd为:272
2019年2月15日4时55分3秒	通过fd发送了一次数据，fd为:271
2019年2月15日4时55分3秒	通过fd发送了一次数据，fd为:271
2019年2月15日4时55分3秒	通过fd发送了一次数据，fd为:271
2019年2月15日4时55分3秒	通过fd发送了一次数据，fd为:271
2019年2月15日4时55分3秒	通过fd发送了一次数据，fd为:272
2019年2月15日4时55分3秒	通过fd发送了一次数据，fd为:271
2019年2月15日4时55分3秒	通过fd发送了一次数据，fd为:271
2019年2月15日4时55分3秒	通过fd发送了一次数据，fd为:271
2019年2月15日4时55分3秒	通过fd发送了一次数据，fd为:272
2019年2月15日4时55分3秒	通过fd发送了一次数据，fd为:271
2019年2月15日4时55分3秒	通过fd发送了一次数据，fd为:
2019年2月15日4时55分3秒	通过fd发送了一次数据，fd为:271
2019年2月15日4时55分3秒	通过fd发送了一次数据，fd为:272
2019年2月15日4时55分3秒	通过fd发送了一次数据，fd为:271
2019年2月15日4时55分3秒	通过fd发送了一次数据，fd为:271
2019年2月15日4时55分3秒	通过fd发送了一次数据，fd为:271
2019年2月15日4时55分3秒	通过fd发送了一次数据，fd为:272
2019年2月15日4时55分3秒	通过fd发送了一次数据，fd为:271
2019年2月15日4时55分3秒	通过fd发送了一次数据，fd为:272
2019年2月15日4时55分3秒	通过fd发送了一次数据，fd为:271
2019年2月15日4时55分3秒	通过fd发送了一次数据，fd为:271
2019年2月15日4时55分3秒	通过fd发送了一次数据，fd为:271
2019年2月15日4时55分3秒	通过fd发送了一次数据，fd为:272
2019年2月15日4时55分3秒	通过fd发送了一次数据，fd为:271
2019年2月15日4时55分3秒	通过fd发送了一次数据，fd为:
2019年2月15日4时55分3秒	通过fd发送了一次数据，fd为:271
2019年2月15日4时55分3秒	通过fd发送了一次数据，fd为:272
2019年2月15日4时55分3秒	通过fd发送了一次数据，fd为:271
2019年2月15日4时55分3秒	通过fd发送了一次数据，fd为:271
2019年2月15日4时55分3秒	通过fd发送了一次数据，fd为:271
2019年2月15日4时55分3秒	通过fd发送了一次数据，fd为:271
2019年2月15日4时55分3秒	通过fd发送了一次数据，fd为:272
2019年2月15日4时55分3秒	通过fd发送了一次数据，fd为:271
2019年2月15日4时55分3秒	通过fd发送了一次数据，fd为:272
2019年2月15日4时55分3秒	通过fd发送了一次数据，fd为:271
2019年2月15日4时55分3秒	通过fd发送了一次数据，fd为:272
2019年2月15日4时55分3秒	通过fd发送了一次数据，fd为:271
2019年2月15日4时55分3秒	通过fd发送了一次数据，fd为:272
2019年2月15日4时55分3秒	通过fd发送了一次数据，fd为:
271
2019年2月15日4时55分3秒	通过fd发送了一次数据，fd为:272
2019年2月15日4时55分3秒	通过fd发送了一次数据，fd为:272
2019年2月15日4时55分3秒	通过fd发送了一次数据，fd为:272
2019年2月15日4时55分3秒	通过fd发送了一次数据，fd为:272
2019年2月15日4时55分3秒	通过fd发送了一次数据，fd为:273
2019年2月15日4时55分3秒	通过fd发送了一次数据，fd为:272
2019年2月15日4时55分3秒	通过fd发送了一次数据，fd为:273
2019年2月15日4时55分3秒	通过fd发送了一次数据，fd为:272
2019年2月15日4时55分3秒	通过fd发送了一次数据，fd为:272
2019年2月15日4时55分3秒	通过fd发送了一次数据，fd为:272
2019年2月15日4时55分3秒	通过fd发送了一次数据，fd为:272
2019年2月15日4时55分3秒	通过fd发送了一次数据，fd为:274
2019年2月15日4时55分3秒	通过fd发送了一次数据，fd为:272
2019年2月15日4时55分3秒	通过fd发送了一次数据，fd为:
2019年2月15日4时55分3秒	通过fd发送了一次数据，fd为:272
2019年2月15日4时55分3秒	通过fd发送了一次数据，fd为:272
2019年2月15日4时55分3秒	通过fd发送了一次数据，fd为:272
2019年2月15日4时55分3秒	通过fd发送了一次数据，fd为:272
2019年2月15日4时55分3秒	通过fd发送了一次数据，fd为:272
2019年2月15日4时55分3秒	通过fd发送了一次数据，fd为:272
2019年2月15日4时55分3秒	通过fd发送了一次数据，fd为:275
2019年2月15日4时55分3秒	通过fd发送了一次数据，fd为:272
2019年2月15日4时55分3秒	通过fd发送了一次数据，fd为:275
2019年2月15日4时55分3秒	通过fd发送了一次数据，fd为:272
2019年2月15日4时55分3秒	通过fd发送了一次数据，fd为:275
2019年2月15日4时55分3秒	通过fd发送了一次数据，fd为:272
2019年2月15日4时55分3秒	通过fd发送了一次数据，fd为:272
2019年2月15日4时55分3秒	通过fd发送了一次数据，fd为:
2019年2月15日4时55分3秒	通过fd发送了一次数据，fd为:272
2019年2月15日4时55分3秒	通过fd发送了一次数据，fd为:275
2019年2月15日4时55分3秒	通过fd发送了一次数据，fd为:272
2019年2月15日4时55分3秒	通过fd发送了一次数据，fd为:275
2019年2月15日4时55分3秒	通过fd发送了一次数据，fd为:276
2019年2月15日4时55分3秒	通过fd发送了一次数据，fd为:277
2019年2月15日4时55分3秒	通过fd发送了一次数据，fd为:276
2019年2月15日4时55分3秒	通过fd发送了一次数据，fd为:276
2019年2月15日4时55分3秒	通过fd发送了一次数据，fd为:277
2019年2月15日4时55分3秒	通过fd发送了一次数据，fd为:276
2019年2月15日4时55分3秒	通过fd发送了一次数据，fd为:277
2019年2月15日4时55分3秒	通过fd发送了一次数据，fd为:276
2019年2月15日4时55分3秒	通过fd发送了一次数据，fd为:277
2019年2月15日4时55分3秒	通过fd发送了一次数据，fd为:
2019年2月15日4时55分3秒	通过fd发送了一次数据，fd为:278
2019年2月15日4时55分3秒	通过fd发送了一次数据，fd为:276
2019年2月15日4时55分3秒	通过fd发送了一次数据，fd为:276
2019年2月15日4时55分3秒	通过fd发送了一次数据，fd为:276
2019年2月15日4时55分3秒	通过fd发送了一次数据，fd为:278
2019年2月15日4时55分3秒	通过fd发送了一次数据，fd为:276
2019年2月15日4时55分3秒	通过fd发送了一次数据，fd为:278
2019年2月15日4时55分3秒	通过fd发送了一次数据，fd为:276
2019年2月15日4时55分3秒	通过fd发送了一次数据，fd为:278
2019年2月15日4时55分3秒	通过fd发送了一次数据，fd为:276
2019年2月15日4时55分3秒	通过fd发送了一次数据，fd为:278
2019年2月15日4时55分3秒	通过fd发送了一次数据，fd为:276
2019年2月15日4时55分3秒	通过fd发送了一次数据，fd为:278
2019年2月15日4时55分3秒	通过fd发送了一次数据，fd为:
276
2019年2月15日4时55分3秒	通过fd发送了一次数据，fd为:278
2019年2月15日4时55分3秒	通过fd发送了一次数据，fd为:276
2019年2月15日4时55分3秒	通过fd发送了一次数据，fd为:278
2019年2月15日4时55分3秒	通过fd发送了一次数据，fd为:276
2019年2月15日4时55分3秒	通过fd发送了一次数据，fd为:278
2019年2月15日4时55分3秒	通过fd发送了一次数据，fd为:276
2019年2月15日4时55分3秒	通过fd发送了一次数据，fd为:276
2019年2月15日4时55分3秒	通过fd发送了一次数据，fd为:276
2019年2月15日4时55分3秒	通过fd发送了一次数据，fd为:278
2019年2月15日4时55分3秒	通过fd发送了一次数据，fd为:276
2019年2月15日4时55分3秒	通过fd发送了一次数据，fd为:278
2019年2月15日4时55分3秒	通过fd发送了一次数据，fd为:276
2019年2月15日4时55分3秒	通过fd发送了一次数据，fd为:279
2019年2月15日4时55分3秒	通过fd发送了一次数据，fd为:
2019年2月15日4时55分3秒	通过fd发送了一次数据，fd为:276
2019年2月15日4时55分3秒	通过fd发送了一次数据，fd为:276
2019年2月15日4时55分3秒	通过fd发送了一次数据，fd为:276
2019年2月15日4时55分3秒	通过fd发送了一次数据，fd为:279
2019年2月15日4时55分3秒	通过fd发送了一次数据，fd为:276
2019年2月15日4时55分3秒	通过fd发送了一次数据，fd为:276
2019年2月15日4时55分3秒	通过fd发送了一次数据，fd为:279
2019年2月15日4时55分3秒	通过fd发送了一次数据，fd为:276
2019年2月15日4时55分3秒	通过fd发送了一次数据，fd为:279
2019年2月15日4时55分3秒	通过fd发送了一次数据，fd为:276
2019年2月15日4时55分3秒	通过fd发送了一次数据，fd为:280
2019年2月15日4时55分3秒	通过fd发送了一次数据，fd为:281
2019年2月15日4时55分3秒	通过fd发送了一次数据，fd为:280
2019年2月15日4时55分3秒	通过fd发送了一次数据，fd为:
280
2019年2月15日4时55分3秒	通过fd发送了一次数据，fd为:281
2019年2月15日4时55分3秒	通过fd发送了一次数据，fd为:280
2019年2月15日4时55分3秒	通过fd发送了一次数据，fd为:281
2019年2月15日4时55分3秒	通过fd发送了一次数据，fd为:280
2019年2月15日4时55分3秒	通过fd发送了一次数据，fd为:280
2019年2月15日4时55分3秒	通过fd发送了一次数据，fd为:282
2019年2月15日4时55分3秒	通过fd发送了一次数据，fd为:280
2019年2月15日4时55分3秒	通过fd发送了一次数据，fd为:282
2019年2月15日4时55分3秒	通过fd发送了一次数据，fd为:280
2019年2月15日4时55分3秒	通过fd发送了一次数据，fd为:282
2019年2月15日4时55分3秒	通过fd发送了一次数据，fd为:283
2019年2月15日4时55分3秒	通过fd发送了一次数据，fd为:282
2019年2月15日4时55分3秒	通过fd发送了一次数据，fd为:282
2019年2月15日4时55分3秒	通过fd发送了一次数据，fd为:
2019年2月15日4时55分3秒	通过fd发送了一次数据，fd为:282
2019年2月15日4时55分3秒	通过fd发送了一次数据，fd为:283
2019年2月15日4时55分3秒	通过fd发送了一次数据，fd为:282
2019年2月15日4时55分3秒	通过fd发送了一次数据，fd为:283
2019年2月15日4时55分3秒	通过fd发送了一次数据，fd为:282
2019年2月15日4时55分3秒	通过fd发送了一次数据，fd为:283
2019年2月15日4时55分3秒	通过fd发送了一次数据，fd为:282
2019年2月15日4时55分3秒	通过fd发送了一次数据，fd为:283
2019年2月15日4时55分3秒	通过fd发送了一次数据，fd为:283
2019年2月15日4时55分3秒	通过fd发送了一次数据，fd为:283
2019年2月15日4时55分3秒	通过fd发送了一次数据，fd为:283
2019年2月15日4时55分3秒	通过fd发送了一次数据，fd为:284
2019年2月15日4时55分3秒	通过fd发送了一次数据，fd为:284
2019年2月15日4时55分3秒	通过fd发送了一次数据，fd为:
2019年2月15日4时55分3秒	通过fd发送了一次数据，fd为:285
2019年2月15日4时55分3秒	通过fd发送了一次数据，fd为:286
2019年2月15日4时55分3秒	通过fd发送了一次数据，fd为:285
2019年2月15日4时55分3秒	通过fd发送了一次数据，fd为:286
2019年2月15日4时55分3秒	通过fd发送了一次数据，fd为:285
2019年2月15日4时55分3秒	通过fd发送了一次数据，fd为:286
2019年2月15日4时55分3秒	通过fd发送了一次数据，fd为:285
2019年2月15日4时55分3秒	通过fd发送了一次数据，fd为:286
2019年2月15日4时55分3秒	通过fd发送了一次数据，fd为:287
2019年2月15日4时55分3秒	通过fd发送了一次数据，fd为:286
2019年2月15日4时55分3秒	通过fd发送了一次数据，fd为:287
2019年2月15日4时55分3秒	通过fd发送了一次数据，fd为:286
2019年2月15日4时55分3秒	通过fd发送了一次数据，fd为:287
2019年2月15日4时55分3秒	通过fd发送了一次数据，fd为:
2019年2月15日4时55分3秒	通过fd发送了一次数据，fd为:287
2019年2月15日4时55分3秒	通过fd发送了一次数据，fd为:286
2019年2月15日4时55分3秒	通过fd发送了一次数据，fd为:287
2019年2月15日4时55分3秒	通过fd发送了一次数据，fd为:286
2019年2月15日4时55分3秒	通过fd发送了一次数据，fd为:287
2019年2月15日4时55分3秒	通过fd发送了一次数据，fd为:286
2019年2月15日4时55分3秒	通过fd发送了一次数据，fd为:286
2019年2月15日4时55分3秒	通过fd发送了一次数据，fd为:286
2019年2月15日4时55分3秒	通过fd发送了一次数据，fd为:287
2019年2月15日4时55分3秒	通过fd发送了一次数据，fd为:286
2019年2月15日4时55分3秒	通过fd发送了一次数据，fd为:287
2019年2月15日4时55分3秒	通过fd发送了一次数据，fd为:286
2019年2月15日4时55分3秒	通过fd发送了一次数据，fd为:287
2019年2月15日4时55分3秒	通过fd发送了一次数据，fd为:
2019年2月15日4时55分3秒	通过fd发送了一次数据，fd为:286
2019年2月15日4时55分3秒	通过fd发送了一次数据，fd为:287
2019年2月15日4时55分3秒	通过fd发送了一次数据，fd为:286
2019年2月15日4时55分3秒	通过fd发送了一次数据，fd为:286
2019年2月15日4时55分3秒	通过fd发送了一次数据，fd为:286
2019年2月15日4时55分3秒	通过fd发送了一次数据，fd为:286
2019年2月15日4时55分3秒	通过fd发送了一次数据，fd为:287
2019年2月15日4时55分4秒	通过fd发送了一次数据，fd为:286
2019年2月15日4时55分4秒	通过fd发送了一次数据，fd为:287
2019年2月15日4时55分4秒	通过fd发送了一次数据，fd为:286
2019年2月15日4时55分4秒	通过fd发送了一次数据，fd为:287
2019年2月15日4时55分4秒	通过fd发送了一次数据，fd为:286
2019年2月15日4时55分4秒	通过fd发送了一次数据，fd为:287
2019年2月15日4时55分4秒	通过fd发送了一次数据，fd为:
2019年2月15日4时55分4秒	通过fd发送了一次数据，fd为:287
2019年2月15日4时55分4秒	通过fd发送了一次数据，fd为:286
2019年2月15日4时55分4秒	通过fd发送了一次数据，fd为:286
2019年2月15日4时55分4秒	通过fd发送了一次数据，fd为:287
2019年2月15日4时55分4秒	通过fd发送了一次数据，fd为:286
2019年2月15日4时55分4秒	通过fd发送了一次数据，fd为:286
2019年2月15日4时55分4秒	通过fd发送了一次数据，fd为:286
2019年2月15日4时55分4秒	通过fd发送了一次数据，fd为:286
2019年2月15日4时55分4秒	通过fd发送了一次数据，fd为:286
2019年2月15日4时55分4秒	通过fd发送了一次数据，fd为:287
2019年2月15日4时55分4秒	通过fd发送了一次数据，fd为:288
2019年2月15日4时55分4秒	通过fd发送了一次数据，fd为:287
2019年2月15日4时55分4秒	通过fd发送了一次数据，fd为:287
2019年2月15日4时55分4秒	通过fd发送了一次数据，fd为:
2019年2月15日4时55分4秒	通过fd发送了一次数据，fd为:288
2019年2月15日4时55分4秒	通过fd发送了一次数据，fd为:287
2019年2月15日4时55分4秒	通过fd发送了一次数据，fd为:287
2019年2月15日4时55分4秒	通过fd发送了一次数据，fd为:288
2019年2月15日4时55分4秒	通过fd发送了一次数据，fd为:287
2019年2月15日4时55分4秒	通过fd发送了一次数据，fd为:288
2019年2月15日4时55分4秒	通过fd发送了一次数据，fd为:287
2019年2月15日4时55分4秒	通过fd发送了一次数据，fd为:289
2019年2月15日4时55分4秒	通过fd发送了一次数据，fd为:290
2019年2月15日4时55分4秒	通过fd发送了一次数据，fd为:289
2019年2月15日4时55分4秒	通过fd发送了一次数据，fd为:290
2019年2月15日4时55分4秒	通过fd发送了一次数据，fd为:289
2019年2月15日4时55分4秒	通过fd发送了一次数据，fd为:289
2019年2月15日4时55分4秒	通过fd发送了一次数据，fd为:
2019年2月15日4时55分4秒	通过fd发送了一次数据，fd为:290
2019年2月15日4时55分4秒	通过fd发送了一次数据，fd为:289
2019年2月15日4时55分4秒	通过fd发送了一次数据，fd为:290
2019年2月15日4时55分4秒	通过fd发送了一次数据，fd为:289
2019年2月15日4时55分4秒	通过fd发送了一次数据，fd为:289
2019年2月15日4时55分4秒	通过fd发送了一次数据，fd为:290
2019年2月15日4时55分4秒	通过fd发送了一次数据，fd为:289
2019年2月15日4时55分4秒	通过fd发送了一次数据，fd为:289
2019年2月15日4时55分4秒	通过fd发送了一次数据，fd为:290
2019年2月15日4时55分4秒	通过fd发送了一次数据，fd为:289
2019年2月15日4时55分4秒	通过fd发送了一次数据，fd为:290
2019年2月15日4时55分4秒	通过fd发送了一次数据，fd为:289
2019年2月15日4时55分4秒	通过fd发送了一次数据，fd为:289
2019年2月15日4时55分4秒	通过fd发送了一次数据，fd为:
2019年2月15日4时55分4秒	通过fd发送了一次数据，fd为:289
2019年2月15日4时55分4秒	通过fd发送了一次数据，fd为:290
2019年2月15日4时55分4秒	通过fd发送了一次数据，fd为:289
2019年2月15日4时55分4秒	通过fd发送了一次数据，fd为:290
2019年2月15日4时55分4秒	通过fd发送了一次数据，fd为:289
2019年2月15日4时55分4秒	通过fd发送了一次数据，fd为:289
2019年2月15日4时55分4秒	通过fd发送了一次数据，fd为:290
2019年2月15日4时55分4秒	通过fd发送了一次数据，fd为:289
2019年2月15日4时55分4秒	通过fd发送了一次数据，fd为:289
2019年2月15日4时55分4秒	通过fd发送了一次数据，fd为:289
2019年2月15日4时55分4秒	通过fd发送了一次数据，fd为:289
2019年2月15日4时55分4秒	通过fd发送了一次数据，fd为:290
2019年2月15日4时55分4秒	通过fd发送了一次数据，fd为:289
2019年2月15日4时55分4秒	通过fd发送了一次数据，fd为:
2019年2月15日4时55分4秒	通过fd发送了一次数据，fd为:289
2019年2月15日4时55分4秒	通过fd发送了一次数据，fd为:289
2019年2月15日4时55分4秒	通过fd发送了一次数据，fd为:290
2019年2月15日4时55分4秒	通过fd发送了一次数据，fd为:290
2019年2月15日4时55分4秒	通过fd发送了一次数据，fd为:290
2019年2月15日4时55分4秒	通过fd发送了一次数据，fd为:290
2019年2月15日4时55分4秒	通过fd发送了一次数据，fd为:290
2019年2月15日4时55分4秒	通过fd发送了一次数据，fd为:291
2019年2月15日4时55分4秒	通过fd发送了一次数据，fd为:290
2019年2月15日4时55分4秒	通过fd发送了一次数据，fd为:290
2019年2月15日4时55分4秒	通过fd发送了一次数据，fd为:290
2019年2月15日4时55分4秒	通过fd发送了一次数据，fd为:291
2019年2月15日4时55分4秒	通过fd发送了一次数据，fd为:290
2019年2月15日4时55分4秒	通过fd发送了一次数据，fd为:
2019年2月15日4时55分4秒	通过fd发送了一次数据，fd为:290
2019年2月15日4时55分4秒	通过fd发送了一次数据，fd为:290
2019年2月15日4时55分4秒	通过fd发送了一次数据，fd为:291
2019年2月15日4时55分4秒	通过fd发送了一次数据，fd为:292
2019年2月15日4时55分4秒	通过fd发送了一次数据，fd为:290
2019年2月15日4时55分4秒	通过fd发送了一次数据，fd为:290
2019年2月15日4时55分4秒	通过fd发送了一次数据，fd为:291
2019年2月15日4时55分4秒	通过fd发送了一次数据，fd为:292
2019年2月15日4时55分4秒	通过fd发送了一次数据，fd为:291
2019年2月15日4时55分4秒	通过fd发送了一次数据，fd为:291
2019年2月15日4时55分4秒	通过fd发送了一次数据，fd为:291
2019年2月15日4时55分4秒	通过fd发送了一次数据，fd为:292
2019年2月15日4时55分4秒	通过fd发送了一次数据，fd为:291
2019年2月15日4时55分4秒	通过fd发送了一次数据，fd为:
2019年2月15日4时55分4秒	通过fd发送了一次数据，fd为:292
2019年2月15日4时55分4秒	通过fd发送了一次数据，fd为:291
2019年2月15日4时55分4秒	通过fd发送了一次数据，fd为:292
2019年2月15日4时55分4秒	通过fd发送了一次数据，fd为:291
2019年2月15日4时55分4秒	通过fd发送了一次数据，fd为:291
2019年2月15日4时55分4秒	通过fd发送了一次数据，fd为:291
2019年2月15日4时55分4秒	通过fd发送了一次数据，fd为:291
2019年2月15日4时55分4秒	通过fd发送了一次数据，fd为:291
2019年2月15日4时55分4秒	通过fd发送了一次数据，fd为:292
2019年2月15日4时55分4秒	通过fd发送了一次数据，fd为:291
2019年2月15日4时55分4秒	通过fd发送了一次数据，fd为:292
2019年2月15日4时55分4秒	通过fd发送了一次数据，fd为:291
2019年2月15日4时55分4秒	通过fd发送了一次数据，fd为:291
2019年2月15日4时55分4秒	通过fd发送了一次数据，fd为:
2019年2月15日4时55分4秒	通过fd发送了一次数据，fd为:291
2019年2月15日4时55分4秒	通过fd发送了一次数据，fd为:292
2019年2月15日4时55分4秒	通过fd发送了一次数据，fd为:292
2019年2月15日4时55分4秒	通过fd发送了一次数据，fd为:292
2019年2月15日4时55分4秒	通过fd发送了一次数据，fd为:293
2019年2月15日4时55分4秒	通过fd发送了一次数据，fd为:292
2019年2月15日4时55分4秒	通过fd发送了一次数据，fd为:292
2019年2月15日4时55分4秒	通过fd发送了一次数据，fd为:293
2019年2月15日4时55分4秒	通过fd发送了一次数据，fd为:292
2019年2月15日4时55分4秒	通过fd发送了一次数据，fd为:292
2019年2月15日4时55分4秒	通过fd发送了一次数据，fd为:293
2019年2月15日4时55分4秒	通过fd发送了一次数据，fd为:292
2019年2月15日4时55分4秒	通过fd发送了一次数据，fd为:293
2019年2月15日4时55分4秒	通过fd发送了一次数据，fd为:
292
2019年2月15日4时55分4秒	通过fd发送了一次数据，fd为:292
2019年2月15日4时55分4秒	通过fd发送了一次数据，fd为:292
2019年2月15日4时55分4秒	通过fd发送了一次数据，fd为:293
2019年2月15日4时55分4秒	通过fd发送了一次数据，fd为:292
2019年2月15日4时55分4秒	通过fd发送了一次数据，fd为:293
2019年2月15日4时55分4秒	通过fd发送了一次数据，fd为:292
2019年2月15日4时55分4秒	通过fd发送了一次数据，fd为:293
2019年2月15日4时55分4秒	通过fd发送了一次数据，fd为:292
2019年2月15日4时55分4秒	通过fd发送了一次数据，fd为:293
2019年2月15日4时55分4秒	通过fd发送了一次数据，fd为:292
2019年2月15日4时55分4秒	通过fd发送了一次数据，fd为:292
2019年2月15日4时55分4秒	通过fd发送了一次数据，fd为:292
2019年2月15日4时55分4秒	通过fd发送了一次数据，fd为:293
2019年2月15日4时55分4秒	通过fd发送了一次数据，fd为:
292
2019年2月15日4时55分4秒	通过fd发送了一次数据，fd为:293
2019年2月15日4时55分4秒	通过fd发送了一次数据，fd为:292
2019年2月15日4时55分4秒	通过fd发送了一次数据，fd为:293
2019年2月15日4时55分4秒	通过fd发送了一次数据，fd为:292
2019年2月15日4时55分4秒	通过fd发送了一次数据，fd为:292
2019年2月15日4时55分4秒	通过fd发送了一次数据，fd为:292
2019年2月15日4时55分4秒	通过fd发送了一次数据，fd为:293
2019年2月15日4时55分4秒	通过fd发送了一次数据，fd为:294
2019年2月15日4时55分4秒	通过fd发送了一次数据，fd为:293
2019年2月15日4时55分4秒	通过fd发送了一次数据，fd为:293
2019年2月15日4时55分4秒	通过fd发送了一次数据，fd为:294
2019年2月15日4时55分4秒	通过fd发送了一次数据，fd为:293
2019年2月15日4时55分4秒	通过fd发送了一次数据，fd为:294
2019年2月15日4时55分4秒	通过fd发送了一次数据，fd为:
293
2019年2月15日4时55分4秒	通过fd发送了一次数据，fd为:294
2019年2月15日4时55分4秒	通过fd发送了一次数据，fd为:293
2019年2月15日4时55分4秒	通过fd发送了一次数据，fd为:294
2019年2月15日4时55分4秒	通过fd发送了一次数据，fd为:293
2019年2月15日4时55分4秒	通过fd发送了一次数据，fd为:293
2019年2月15日4时55分4秒	通过fd发送了一次数据，fd为:294
2019年2月15日4时55分4秒	通过fd发送了一次数据，fd为:293
2019年2月15日4时55分4秒	通过fd发送了一次数据，fd为:293
2019年2月15日4时55分4秒	通过fd发送了一次数据，fd为:294
2019年2月15日4时55分4秒	通过fd发送了一次数据，fd为:293
2019年2月15日4时55分4秒	通过fd发送了一次数据，fd为:294
2019年2月15日4时55分4秒	通过fd发送了一次数据，fd为:293
2019年2月15日4时55分4秒	通过fd发送了一次数据，fd为:293
2019年2月15日4时55分4秒	通过fd发送了一次数据，fd为:
2019年2月15日4时55分4秒	通过fd发送了一次数据，fd为:293
2019年2月15日4时55分4秒	通过fd发送了一次数据，fd为:294
2019年2月15日4时55分4秒	通过fd发送了一次数据，fd为:293
2019年2月15日4时55分4秒	通过fd发送了一次数据，fd为:293
2019年2月15日4时55分4秒	通过fd发送了一次数据，fd为:294
2019年2月15日4时55分4秒	通过fd发送了一次数据，fd为:293
2019年2月15日4时55分4秒	通过fd发送了一次数据，fd为:294
2019年2月15日4时55分4秒	通过fd发送了一次数据，fd为:293
2019年2月15日4时55分4秒	通过fd发送了一次数据，fd为:294
2019年2月15日4时55分4秒	通过fd发送了一次数据，fd为:293
2019年2月15日4时55分4秒	通过fd发送了一次数据，fd为:294
2019年2月15日4时55分4秒	通过fd发送了一次数据，fd为:293
2019年2月15日4时55分4秒	通过fd发送了一次数据，fd为:293
2019年2月15日4时55分4秒	通过fd发送了一次数据，fd为:
2019年2月15日4时55分4秒	通过fd发送了一次数据，fd为:293
2019年2月15日4时55分4秒	通过fd发送了一次数据，fd为:294
2019年2月15日4时55分4秒	通过fd发送了一次数据，fd为:295
2019年2月15日4时55分4秒	通过fd发送了一次数据，fd为:294
2019年2月15日4时55分4秒	通过fd发送了一次数据，fd为:294
2019年2月15日4时55分4秒	通过fd发送了一次数据，fd为:294
2019年2月15日4时55分4秒	通过fd发送了一次数据，fd为:294
2019年2月15日4时55分4秒	通过fd发送了一次数据，fd为:295
2019年2月15日4时55分4秒	通过fd发送了一次数据，fd为:294
2019年2月15日4时55分4秒	通过fd发送了一次数据，fd为:294
2019年2月15日4时55分4秒	通过fd发送了一次数据，fd为:294
2019年2月15日4时55分4秒	通过fd发送了一次数据，fd为:294
2019年2月15日4时55分4秒	通过fd发送了一次数据，fd为:294
2019年2月15日4时55分4秒	通过fd发送了一次数据，fd为:
2019年2月15日4时55分4秒	通过fd发送了一次数据，fd为:295
2019年2月15日4时55分4秒	通过fd发送了一次数据，fd为:295
2019年2月15日4时55分4秒	通过fd发送了一次数据，fd为:296
2019年2月15日4时55分4秒	通过fd发送了一次数据，fd为:295
2019年2月15日4时55分4秒	通过fd发送了一次数据，fd为:296
2019年2月15日4时55分4秒	通过fd发送了一次数据，fd为:295
2019年2月15日4时55分4秒	通过fd发送了一次数据，fd为:296
2019年2月15日4时55分4秒	通过fd发送了一次数据，fd为:295
2019年2月15日4时55分4秒	通过fd发送了一次数据，fd为:296
2019年2月15日4时55分4秒	通过fd发送了一次数据，fd为:295
2019年2月15日4时55分4秒	通过fd发送了一次数据，fd为:297
2019年2月15日4时55分4秒	通过fd发送了一次数据，fd为:295
2019年2月15日4时55分4秒	通过fd发送了一次数据，fd为:297
2019年2月15日4时55分4秒	通过fd发送了一次数据，fd为:
2019年2月15日4时55分4秒	通过fd发送了一次数据，fd为:295
2019年2月15日4时55分4秒	通过fd发送了一次数据，fd为:295
2019年2月15日4时55分4秒	通过fd发送了一次数据，fd为:297
2019年2月15日4时55分4秒	通过fd发送了一次数据，fd为:295
2019年2月15日4时55分4秒	通过fd发送了一次数据，fd为:297
2019年2月15日4时55分4秒	通过fd发送了一次数据，fd为:295
2019年2月15日4时55分4秒	通过fd发送了一次数据，fd为:297
2019年2月15日4时55分4秒	通过fd发送了一次数据，fd为:295
2019年2月15日4时55分4秒	通过fd发送了一次数据，fd为:295
2019年2月15日4时55分4秒	通过fd发送了一次数据，fd为:297
2019年2月15日4时55分4秒	通过fd发送了一次数据，fd为:295
2019年2月15日4时55分4秒	通过fd发送了一次数据，fd为:297
2019年2月15日4时55分4秒	通过fd发送了一次数据，fd为:295
2019年2月15日4时55分4秒	通过fd发送了一次数据，fd为:
2019年2月15日4时55分4秒	通过fd发送了一次数据，fd为:297
2019年2月15日4时55分4秒	通过fd发送了一次数据，fd为:295
2019年2月15日4时55分4秒	通过fd发送了一次数据，fd为:295
2019年2月15日4时55分4秒	通过fd发送了一次数据，fd为:297
2019年2月15日4时55分4秒	通过fd发送了一次数据，fd为:295
2019年2月15日4时55分4秒	通过fd发送了一次数据，fd为:297

2019年2月15日4时55分5秒	通过fd发送了一次数据，fd为:295
2019年2月15日4时55分5秒	通过fd发送了一次数据，fd为:295
2019年2月15日4时55分5秒	通过fd发送了一次数据，fd为:297
2019年2月15日4时55分5秒	通过fd发送了一次数据，fd为:295
2019年2月15日4时55分5秒	通过fd发送了一次数据，fd为:295
2019年2月15日4时55分5秒	通过fd发送了一次数据，fd为:295
2019年2月15日4时55分5秒	通过fd发送了一次数据，fd为:295
2019年2月15日4时55分5秒	通过fd发送了一次数据，fd为:295
2019年2月15日4时55分5秒	通过fd发送了一次数据，fd为:295
2019年2月15日4时55分5秒	通过fd发送了一次数据，fd为:297
2019年2月15日4时55分5秒	通过fd发送了一次数据，fd为:295
2019年2月15日4时55分5秒	通过fd发送了一次数据，fd为:297
2019年2月15日4时55分5秒	通过fd发送了一次数据，fd为:295
2019年2月15日4时55分5秒	通过fd发送了一次数据，fd为:
2019年2月15日4时55分5秒	通过fd发送了一次数据，fd为:297
2019年2月15日4时55分5秒	通过fd发送了一次数据，fd为:295
2019年2月15日4时55分5秒	通过fd发送了一次数据，fd为:297
2019年2月15日4时55分5秒	通过fd发送了一次数据，fd为:295
2019年2月15日4时55分5秒	通过fd发送了一次数据，fd为:297
2019年2月15日4时55分5秒	通过fd发送了一次数据，fd为:297
2019年2月15日4时55分5秒	通过fd发送了一次数据，fd为:297
2019年2月15日4时55分5秒	通过fd发送了一次数据，fd为:297
2019年2月15日4时55分5秒	通过fd发送了一次数据，fd为:297
2019年2月15日4时55分5秒	通过fd发送了一次数据，fd为:297
2019年2月15日4时55分5秒	通过fd发送了一次数据，fd为:298
2019年2月15日4时55分5秒	通过fd发送了一次数据，fd为:297
2019年2月15日4时55分5秒	通过fd发送了一次数据，fd为:297
2019年2月15日4时55分5秒	通过fd发送了一次数据，fd为:
2019年2月15日4时55分5秒	通过fd发送了一次数据，fd为:297
2019年2月15日4时55分5秒	通过fd发送了一次数据，fd为:298
2019年2月15日4时55分5秒	通过fd发送了一次数据，fd为:297
2019年2月15日4时55分5秒	通过fd发送了一次数据，fd为:298
2019年2月15日4时55分5秒	通过fd发送了一次数据，fd为:297
2019年2月15日4时55分5秒	通过fd发送了一次数据，fd为:297
2019年2月15日4时55分5秒	通过fd发送了一次数据，fd为:297
2019年2月15日4时55分5秒	通过fd发送了一次数据，fd为:298
2019年2月15日4时55分5秒	通过fd发送了一次数据，fd为:297
2019年2月15日4时55分5秒	通过fd发送了一次数据，fd为:297
2019年2月15日4时55分5秒	通过fd发送了一次数据，fd为:297
2019年2月15日4时55分5秒	通过fd发送了一次数据，fd为:298
2019年2月15日4时55分5秒	通过fd发送了一次数据，fd为:297
2019年2月15日4时55分5秒	通过fd发送了一次数据，fd为:
2019年2月15日4时55分5秒	通过fd发送了一次数据，fd为:298
2019年2月15日4时55分5秒	通过fd发送了一次数据，fd为:297
2019年2月15日4时55分5秒	通过fd发送了一次数据，fd为:297
2019年2月15日4时55分5秒	通过fd发送了一次数据，fd为:298
2019年2月15日4时55分5秒	通过fd发送了一次数据，fd为:298
2019年2月15日4时55分5秒	通过fd发送了一次数据，fd为:299
2019年2月15日4时55分5秒	通过fd发送了一次数据，fd为:298
2019年2月15日4时55分5秒	通过fd发送了一次数据，fd为:299
2019年2月15日4时55分5秒	通过fd发送了一次数据，fd为:298
2019年2月15日4时55分5秒	通过fd发送了一次数据，fd为:299
2019年2月15日4时55分5秒	通过fd发送了一次数据，fd为:298
2019年2月15日4时55分5秒	通过fd发送了一次数据，fd为:299
2019年2月15日4时55分5秒	通过fd发送了一次数据，fd为:298
2019年2月15日4时55分5秒	通过fd发送了一次数据，fd为:
2019年2月15日4时55分5秒	通过fd发送了一次数据，fd为:299
2019年2月15日4时55分5秒	通过fd发送了一次数据，fd为:298
2019年2月15日4时55分5秒	通过fd发送了一次数据，fd为:298
2019年2月15日4时55分5秒	通过fd发送了一次数据，fd为:299
2019年2月15日4时55分5秒	通过fd发送了一次数据，fd为:298
2019年2月15日4时55分5秒	通过fd发送了一次数据，fd为:298
2019年2月15日4时55分5秒	通过fd发送了一次数据，fd为:299
2019年2月15日4时55分5秒	通过fd发送了一次数据，fd为:298
2019年2月15日4时55分5秒	通过fd发送了一次数据，fd为:298
2019年2月15日4时55分5秒	通过fd发送了一次数据，fd为:299
2019年2月15日4时55分5秒	通过fd发送了一次数据，fd为:298
2019年2月15日4时55分5秒	通过fd发送了一次数据，fd为:299
2019年2月15日4时55分5秒	通过fd发送了一次数据，fd为:298
2019年2月15日4时55分5秒	通过fd发送了一次数据，fd为:
2019年2月15日4时55分5秒	通过fd发送了一次数据，fd为:299
2019年2月15日4时55分5秒	通过fd发送了一次数据，fd为:298
2019年2月15日4时55分5秒	通过fd发送了一次数据，fd为:298
2019年2月15日4时55分5秒	通过fd发送了一次数据，fd为:299
2019年2月15日4时55分5秒	通过fd发送了一次数据，fd为:298
2019年2月15日4时55分5秒	通过fd发送了一次数据，fd为:299
2019年2月15日4时55分5秒	通过fd发送了一次数据，fd为:298
2019年2月15日4时55分5秒	通过fd发送了一次数据，fd为:298
2019年2月15日4时55分5秒	通过fd发送了一次数据，fd为:298
2019年2月15日4时55分5秒	通过fd发送了一次数据，fd为:299
2019年2月15日4时55分5秒	通过fd发送了一次数据，fd为:298
2019年2月15日4时55分5秒	通过fd发送了一次数据，fd为:300
2019年2月15日4时55分5秒	通过fd发送了一次数据，fd为:298
2019年2月15日4时55分5秒	通过fd发送了一次数据，fd为:
2019年2月15日4时55分5秒	通过fd发送了一次数据，fd为:298
2019年2月15日4时55分5秒	通过fd发送了一次数据，fd为:301
2019年2月15日4时55分5秒	通过fd发送了一次数据，fd为:298
2019年2月15日4时55分5秒	通过fd发送了一次数据，fd为:301
2019年2月15日4时55分5秒	通过fd发送了一次数据，fd为:298
2019年2月15日4时55分5秒	通过fd发送了一次数据，fd为:301
2019年2月15日4时55分5秒	通过fd发送了一次数据，fd为:298
2019年2月15日4时55分5秒	通过fd发送了一次数据，fd为:298
2019年2月15日4时55分5秒	通过fd发送了一次数据，fd为:301
2019年2月15日4时55分5秒	通过fd发送了一次数据，fd为:298
2019年2月15日4时55分5秒	通过fd发送了一次数据，fd为:298
2019年2月15日4时55分5秒	通过fd发送了一次数据，fd为:301
2019年2月15日4时55分5秒	通过fd发送了一次数据，fd为:298
2019年2月15日4时55分5秒	通过fd发送了一次数据，fd为:
298
2019年2月15日4时55分5秒	通过fd发送了一次数据，fd为:301
2019年2月15日4时55分5秒	通过fd发送了一次数据，fd为:298
2019年2月15日4时55分5秒	通过fd发送了一次数据，fd为:301
2019年2月15日4时55分5秒	通过fd发送了一次数据，fd为:302
2019年2月15日4时55分5秒	通过fd发送了一次数据，fd为:301
2019年2月15日4时55分5秒	通过fd发送了一次数据，fd为:302
2019年2月15日4时55分5秒	通过fd发送了一次数据，fd为:301
2019年2月15日4时55分5秒	通过fd发送了一次数据，fd为:301
2019年2月15日4时55分5秒	通过fd发送了一次数据，fd为:301
2019年2月15日4时55分5秒	通过fd发送了一次数据，fd为:302
2019年2月15日4时55分5秒	通过fd发送了一次数据，fd为:301
2019年2月15日4时55分5秒	通过fd发送了一次数据，fd为:302
2019年2月15日4时55分5秒	通过fd发送了一次数据，fd为:301
2019年2月15日4时55分5秒	通过fd发送了一次数据，fd为:
2019年2月15日4时55分5秒	通过fd发送了一次数据，fd为:301
2019年2月15日4时55分5秒	通过fd发送了一次数据，fd为:302
2019年2月15日4时55分5秒	通过fd发送了一次数据，fd为:301
2019年2月15日4时55分5秒	通过fd发送了一次数据，fd为:302
2019年2月15日4时55分5秒	通过fd发送了一次数据，fd为:301
2019年2月15日4时55分5秒	通过fd发送了一次数据，fd为:302
2019年2月15日4时55分5秒	通过fd发送了一次数据，fd为:301
2019年2月15日4时55分5秒	通过fd发送了一次数据，fd为:302
2019年2月15日4时55分5秒	通过fd发送了一次数据，fd为:301
2019年2月15日4时55分5秒	通过fd发送了一次数据，fd为:302
2019年2月15日4时55分5秒	通过fd发送了一次数据，fd为:301
2019年2月15日4时55分5秒	通过fd发送了一次数据，fd为:302
2019年2月15日4时55分5秒	通过fd发送了一次数据，fd为:301
2019年2月15日4时55分5秒	通过fd发送了一次数据，fd为:
2019年2月15日4时55分5秒	通过fd发送了一次数据，fd为:301
2019年2月15日4时55分5秒	通过fd发送了一次数据，fd为:302
2019年2月15日4时55分5秒	通过fd发送了一次数据，fd为:301
2019年2月15日4时55分5秒	通过fd发送了一次数据，fd为:302
2019年2月15日4时55分5秒	通过fd发送了一次数据，fd为:301
2019年2月15日4时55分5秒	通过fd发送了一次数据，fd为:301
2019年2月15日4时55分5秒	通过fd发送了一次数据，fd为:302
2019年2月15日4时55分5秒	通过fd发送了一次数据，fd为:301
2019年2月15日4时55分5秒	通过fd发送了一次数据，fd为:301
2019年2月15日4时55分5秒	通过fd发送了一次数据，fd为:302
2019年2月15日4时55分5秒	通过fd发送了一次数据，fd为:301
2019年2月15日4时55分5秒	通过fd发送了一次数据，fd为:302
2019年2月15日4时55分5秒	通过fd发送了一次数据，fd为:301
2019年2月15日4时55分5秒	通过fd发送了一次数据，fd为:
2019年2月15日4时55分5秒	通过fd发送了一次数据，fd为:302
2019年2月15日4时55分5秒	通过fd发送了一次数据，fd为:301
2019年2月15日4时55分5秒	通过fd发送了一次数据，fd为:302
2019年2月15日4时55分5秒	通过fd发送了一次数据，fd为:301
2019年2月15日4时55分5秒	通过fd发送了一次数据，fd为:301
2019年2月15日4时55分5秒	通过fd发送了一次数据，fd为:302
2019年2月15日4时55分5秒	通过fd发送了一次数据，fd为:301
2019年2月15日4时55分5秒	通过fd发送了一次数据，fd为:302
2019年2月15日4时55分5秒	通过fd发送了一次数据，fd为:302
2019年2月15日4时55分5秒	通过fd发送了一次数据，fd为:303
2019年2月15日4时55分5秒	通过fd发送了一次数据，fd为:302
2019年2月15日4时55分5秒	通过fd发送了一次数据，fd为:302
2019年2月15日4时55分5秒	通过fd发送了一次数据，fd为:302
2019年2月15日4时55分5秒	通过fd发送了一次数据，fd为:
2019年2月15日4时55分5秒	通过fd发送了一次数据，fd为:302
2019年2月15日4时55分5秒	通过fd发送了一次数据，fd为:303
2019年2月15日4时55分5秒	通过fd发送了一次数据，fd为:302
2019年2月15日4时55分5秒	通过fd发送了一次数据，fd为:303
2019年2月15日4时55分5秒	通过fd发送了一次数据，fd为:302
2019年2月15日4时55分5秒	通过fd发送了一次数据，fd为:302
2019年2月15日4时55分5秒	通过fd发送了一次数据，fd为:302
2019年2月15日4时55分5秒	通过fd发送了一次数据，fd为:304
2019年2月15日4时55分5秒	通过fd发送了一次数据，fd为:302
2019年2月15日4时55分5秒	通过fd发送了一次数据，fd为:304
2019年2月15日4时55分5秒	通过fd发送了一次数据，fd为:302
2019年2月15日4时55分5秒	通过fd发送了一次数据，fd为:302
2019年2月15日4时55分5秒	通过fd发送了一次数据，fd为:304
2019年2月15日4时55分5秒	通过fd发送了一次数据，fd为:
2019年2月15日4时55分5秒	通过fd发送了一次数据，fd为:302
2019年2月15日4时55分5秒	通过fd发送了一次数据，fd为:304
2019年2月15日4时55分5秒	通过fd发送了一次数据，fd为:302
2019年2月15日4时55分5秒	通过fd发送了一次数据，fd为:304
2019年2月15日4时55分5秒	通过fd发送了一次数据，fd为:302
2019年2月15日4时55分5秒	通过fd发送了一次数据，fd为:302
2019年2月15日4时55分5秒	通过fd发送了一次数据，fd为:302
2019年2月15日4时55分5秒	通过fd发送了一次数据，fd为:304
2019年2月15日4时55分5秒	通过fd发送了一次数据，fd为:302
2019年2月15日4时55分5秒	通过fd发送了一次数据，fd为:304
2019年2月15日4时55分5秒	通过fd发送了一次数据，fd为:302
2019年2月15日4时55分5秒	通过fd发送了一次数据，fd为:304
2019年2月15日4时55分5秒	通过fd发送了一次数据，fd为:302
2019年2月15日4时55分5秒	通过fd发送了一次数据，fd为:
2019年2月15日4时55分5秒	通过fd发送了一次数据，fd为:302
2019年2月15日4时55分5秒	通过fd发送了一次数据，fd为:304
2019年2月15日4时55分5秒	通过fd发送了一次数据，fd为:305
2019年2月15日4时55分5秒	通过fd发送了一次数据，fd为:304
2019年2月15日4时55分5秒	通过fd发送了一次数据，fd为:304
2019年2月15日4时55分5秒	通过fd发送了一次数据，fd为:304
2019年2月15日4时55分5秒	通过fd发送了一次数据，fd为:305
2019年2月15日4时55分5秒	通过fd发送了一次数据，fd为:304
2019年2月15日4时55分5秒	通过fd发送了一次数据，fd为:305
2019年2月15日4时55分5秒	通过fd发送了一次数据，fd为:304
2019年2月15日4时55分5秒	通过fd发送了一次数据，fd为:305
2019年2月15日4时55分5秒	通过fd发送了一次数据，fd为:304
2019年2月15日4时55分5秒	通过fd发送了一次数据，fd为:304
2019年2月15日4时55分5秒	通过fd发送了一次数据，fd为:
2019年2月15日4时55分5秒	通过fd发送了一次数据，fd为:304
2019年2月15日4时55分5秒	通过fd发送了一次数据，fd为:305
2019年2月15日4时55分5秒	通过fd发送了一次数据，fd为:304
2019年2月15日4时55分5秒	通过fd发送了一次数据，fd为:304
2019年2月15日4时55分5秒	通过fd发送了一次数据，fd为:305
2019年2月15日4时55分5秒	通过fd发送了一次数据，fd为:305
2019年2月15日4时55分5秒	通过fd发送了一次数据，fd为:305
2019年2月15日4时55分5秒	通过fd发送了一次数据，fd为:306
2019年2月15日4时55分5秒	通过fd发送了一次数据，fd为:305
2019年2月15日4时55分5秒	通过fd发送了一次数据，fd为:305
2019年2月15日4时55分5秒	通过fd发送了一次数据，fd为:305
2019年2月15日4时55分5秒	通过fd发送了一次数据，fd为:305
2019年2月15日4时55分5秒	通过fd发送了一次数据，fd为:306
2019年2月15日4时55分5秒	通过fd发送了一次数据，fd为:
2019年2月15日4时55分5秒	通过fd发送了一次数据，fd为:306
2019年2月15日4时55分5秒	通过fd发送了一次数据，fd为:305
2019年2月15日4时55分5秒	通过fd发送了一次数据，fd为:305
2019年2月15日4时55分5秒	通过fd发送了一次数据，fd为:305
2019年2月15日4时55分5秒	通过fd发送了一次数据，fd为:306
2019年2月15日4时55分5秒	通过fd发送了一次数据，fd为:305
2019年2月15日4时55分5秒	通过fd发送了一次数据，fd为:305
2019年2月15日4时55分5秒	通过fd发送了一次数据，fd为:306
2019年2月15日4时55分5秒	通过fd发送了一次数据，fd为:306
2019年2月15日4时55分5秒	通过fd发送了一次数据，fd为:306
2019年2月15日4时55分5秒	通过fd发送了一次数据，fd为:307
2019年2月15日4时55分5秒	通过fd发送了一次数据，fd为:306
2019年2月15日4时55分5秒	通过fd发送了一次数据，fd为:307
2019年2月15日4时55分5秒	通过fd发送了一次数据，fd为:
2019年2月15日4时55分5秒	通过fd发送了一次数据，fd为:306
2019年2月15日4时55分5秒	通过fd发送了一次数据，fd为:306
2019年2月15日4时55分5秒	通过fd发送了一次数据，fd为:307
2019年2月15日4时55分5秒	通过fd发送了一次数据，fd为:306
2019年2月15日4时55分5秒	通过fd发送了一次数据，fd为:306
2019年2月15日4时55分5秒	通过fd发送了一次数据，fd为:306
2019年2月15日4时55分5秒	通过fd发送了一次数据，fd为:307
2019年2月15日4时55分5秒	通过fd发送了一次数据，fd为:306
2019年2月15日4时55分5秒	通过fd发送了一次数据，fd为:307
2019年2月15日4时55分5秒	通过fd发送了一次数据，fd为:306
2019年2月15日4时55分5秒	通过fd发送了一次数据，fd为:306
2019年2月15日4时55分5秒	通过fd发送了一次数据，fd为:306
2019年2月15日4时55分5秒	通过fd发送了一次数据，fd为:307
2019年2月15日4时55分5秒	通过fd发送了一次数据，fd为:
2019年2月15日4时55分5秒	通过fd发送了一次数据，fd为:307
2019年2月15日4时55分5秒	通过fd发送了一次数据，fd为:306
2019年2月15日4时55分5秒	通过fd发送了一次数据，fd为:307
2019年2月15日4时55分5秒	通过fd发送了一次数据，fd为:306
2019年2月15日4时55分5秒	通过fd发送了一次数据，fd为:306
2019年2月15日4时55分5秒	通过fd发送了一次数据，fd为:307
2019年2月15日4时55分5秒	通过fd发送了一次数据，fd为:306
2019年2月15日4时55分5秒	通过fd发送了一次数据，fd为:307
2019年2月15日4时55分5秒	通过fd发送了一次数据，fd为:306
2019年2月15日4时55分5秒	通过fd发送了一次数据，fd为:307
2019年2月15日4时55分5秒	通过fd发送了一次数据，fd为:306
2019年2月15日4时55分5秒	通过fd发送了一次数据，fd为:306
2019年2月15日4时55分5秒	通过fd发送了一次数据，fd为:306
2019年2月15日4时55分5秒	通过fd发送了一次数据，fd为:
2019年2月15日4时55分5秒	通过fd发送了一次数据，fd为:306
2019年2月15日4时55分5秒	通过fd发送了一次数据，fd为:306
2019年2月15日4时55分5秒	通过fd发送了一次数据，fd为:308
2019年2月15日4时55分6秒	通过fd发送了一次数据，fd为:306
2019年2月15日4时55分6秒	通过fd发送了一次数据，fd为:306
2019年2月15日4时55分6秒	通过fd发送了一次数据，fd为:308
2019年2月15日4时55分6秒	通过fd发送了一次数据，fd为:306
2019年2月15日4时55分6秒	通过fd发送了一次数据，fd为:308
2019年2月15日4时55分6秒	通过fd发送了一次数据，fd为:309
2019年2月15日4时55分6秒	通过fd发送了一次数据，fd为:308
2019年2月15日4时55分6秒	通过fd发送了一次数据，fd为:308
2019年2月15日4时55分6秒	通过fd发送了一次数据，fd为:309
2019年2月15日4时55分6秒	通过fd发送了一次数据，fd为:308
2019年2月15日4时55分6秒	通过fd发送了一次数据，fd为:
2019年2月15日4时55分6秒	通过fd发送了一次数据，fd为:308
2019年2月15日4时55分6秒	通过fd发送了一次数据，fd为:308
2019年2月15日4时55分6秒	通过fd发送了一次数据，fd为:308
2019年2月15日4时55分6秒	通过fd发送了一次数据，fd为:308
2019年2月15日4时55分6秒	通过fd发送了一次数据，fd为:309
2019年2月15日4时55分6秒	通过fd发送了一次数据，fd为:308
2019年2月15日4时55分6秒	通过fd发送了一次数据，fd为:309
2019年2月15日4时55分6秒	通过fd发送了一次数据，fd为:308
2019年2月15日4时55分6秒	通过fd发送了一次数据，fd为:309
2019年2月15日4时55分6秒	通过fd发送了一次数据，fd为:308
2019年2月15日4时55分6秒	通过fd发送了一次数据，fd为:309
2019年2月15日4时55分6秒	通过fd发送了一次数据，fd为:308
2019年2月15日4时55分6秒	通过fd发送了一次数据，fd为:309
2019年2月15日4时55分6秒	通过fd发送了一次数据，fd为:
308
2019年2月15日4时55分6秒	通过fd发送了一次数据，fd为:309
2019年2月15日4时55分6秒	通过fd发送了一次数据，fd为:308
2019年2月15日4时55分6秒	通过fd发送了一次数据，fd为:308
2019年2月15日4时55分6秒	通过fd发送了一次数据，fd为:308
2019年2月15日4时55分6秒	通过fd发送了一次数据，fd为:309
2019年2月15日4时55分6秒	通过fd发送了一次数据，fd为:308
2019年2月15日4时55分6秒	通过fd发送了一次数据，fd为:309
2019年2月15日4时55分6秒	通过fd发送了一次数据，fd为:308
2019年2月15日4时55分6秒	通过fd发送了一次数据，fd为:309
2019年2月15日4时55分6秒	通过fd发送了一次数据，fd为:308
2019年2月15日4时55分6秒	通过fd发送了一次数据，fd为:309
2019年2月15日4时55分6秒	通过fd发送了一次数据，fd为:308
2019年2月15日4时55分6秒	通过fd发送了一次数据，fd为:309
2019年2月15日4时55分6秒	通过fd发送了一次数据，fd为:
2019年2月15日4时55分6秒	通过fd发送了一次数据，fd为:308
2019年2月15日4时55分6秒	通过fd发送了一次数据，fd为:309
2019年2月15日4时55分6秒	通过fd发送了一次数据，fd为:308
2019年2月15日4时55分6秒	通过fd发送了一次数据，fd为:308
2019年2月15日4时55分6秒	通过fd发送了一次数据，fd为:309
2019年2月15日4时55分6秒	通过fd发送了一次数据，fd为:308
2019年2月15日4时55分6秒	通过fd发送了一次数据，fd为:308
2019年2月15日4时55分6秒	通过fd发送了一次数据，fd为:309
2019年2月15日4时55分6秒	通过fd发送了一次数据，fd为:308
2019年2月15日4时55分6秒	通过fd发送了一次数据，fd为:309
2019年2月15日4时55分6秒	通过fd发送了一次数据，fd为:308
2019年2月15日4时55分6秒	通过fd发送了一次数据，fd为:308
2019年2月15日4时55分6秒	通过fd发送了一次数据，fd为:308
2019年2月15日4时55分6秒	通过fd发送了一次数据，fd为:
2019年2月15日4时55分6秒	通过fd发送了一次数据，fd为:308
2019年2月15日4时55分6秒	通过fd发送了一次数据，fd为:309
2019年2月15日4时55分6秒	通过fd发送了一次数据，fd为:308
2019年2月15日4时55分6秒	通过fd发送了一次数据，fd为:309
2019年2月15日4时55分6秒	通过fd发送了一次数据，fd为:308
2019年2月15日4时55分6秒	通过fd发送了一次数据，fd为:309
2019年2月15日4时55分6秒	通过fd发送了一次数据，fd为:308
2019年2月15日4时55分6秒	通过fd发送了一次数据，fd为:310
2019年2月15日4时55分6秒	通过fd发送了一次数据，fd为:308
2019年2月15日4时55分6秒	通过fd发送了一次数据，fd为:308
2019年2月15日4时55分6秒	通过fd发送了一次数据，fd为:308
2019年2月15日4时55分6秒	通过fd发送了一次数据，fd为:308
2019年2月15日4时55分6秒	通过fd发送了一次数据，fd为:310
2019年2月15日4时55分6秒	通过fd发送了一次数据，fd为:
2019年2月15日4时55分6秒	通过fd发送了一次数据，fd为:308
2019年2月15日4时55分6秒	通过fd发送了一次数据，fd为:308
2019年2月15日4时55分6秒	通过fd发送了一次数据，fd为:310
2019年2月15日4时55分6秒	通过fd发送了一次数据，fd为:308
2019年2月15日4时55分6秒	通过fd发送了一次数据，fd为:310
2019年2月15日4时55分6秒	通过fd发送了一次数据，fd为:311
2019年2月15日4时55分6秒	通过fd发送了一次数据，fd为:310
2019年2月15日4时55分6秒	通过fd发送了一次数据，fd为:311
2019年2月15日4时55分6秒	通过fd发送了一次数据，fd为:310
2019年2月15日4时55分6秒	通过fd发送了一次数据，fd为:310
2019年2月15日4时55分6秒	通过fd发送了一次数据，fd为:311
2019年2月15日4时55分6秒	通过fd发送了一次数据，fd为:310
2019年2月15日4时55分6秒	通过fd发送了一次数据，fd为:311
2019年2月15日4时55分6秒	通过fd发送了一次数据，fd为:
2019年2月15日4时55分6秒	通过fd发送了一次数据，fd为:310
2019年2月15日4时55分6秒	通过fd发送了一次数据，fd为:310
2019年2月15日4时55分6秒	通过fd发送了一次数据，fd为:311
2019年2月15日4时55分6秒	通过fd发送了一次数据，fd为:310
2019年2月15日4时55分6秒	通过fd发送了一次数据，fd为:312
2019年2月15日4时55分6秒	通过fd发送了一次数据，fd为:313
2019年2月15日4时55分6秒	通过fd发送了一次数据，fd为:312
2019年2月15日4时55分6秒	通过fd发送了一次数据，fd为:312
2019年2月15日4时55分6秒	通过fd发送了一次数据，fd为:312
2019年2月15日4时55分6秒	通过fd发送了一次数据，fd为:313
2019年2月15日4时55分6秒	通过fd发送了一次数据，fd为:312
2019年2月15日4时55分6秒	通过fd发送了一次数据，fd为:312
2019年2月15日4时55分6秒	通过fd发送了一次数据，fd为:313
2019年2月15日4时55分6秒	通过fd发送了一次数据，fd为:
2019年2月15日4时55分6秒	通过fd发送了一次数据，fd为:313
2019年2月15日4时55分6秒	通过fd发送了一次数据，fd为:312
2019年2月15日4时55分6秒	通过fd发送了一次数据，fd为:312
2019年2月15日4时55分6秒	通过fd发送了一次数据，fd为:312
2019年2月15日4时55分6秒	通过fd发送了一次数据，fd为:312
2019年2月15日4时55分6秒	通过fd发送了一次数据，fd为:312
2019年2月15日4时55分6秒	通过fd发送了一次数据，fd为:312
2019年2月15日4时55分6秒	通过fd发送了一次数据，fd为:313
2019年2月15日4时55分6秒	通过fd发送了一次数据，fd为:312
2019年2月15日4时55分6秒	通过fd发送了一次数据，fd为:313
2019年2月15日4时55分6秒	通过fd发送了一次数据，fd为:312
2019年2月15日4时55分6秒	通过fd发送了一次数据，fd为:313
2019年2月15日4时55分6秒	通过fd发送了一次数据，fd为:312
2019年2月15日4时55分6秒	通过fd发送了一次数据，fd为:
2019年2月15日4时55分6秒	通过fd发送了一次数据，fd为:312
2019年2月15日4时55分6秒	通过fd发送了一次数据，fd为:312
2019年2月15日4时55分6秒	通过fd发送了一次数据，fd为:312
2019年2月15日4时55分6秒	通过fd发送了一次数据，fd为:314
2019年2月15日4时55分6秒	通过fd发送了一次数据，fd为:315
2019年2月15日4时55分6秒	通过fd发送了一次数据，fd为:314
2019年2月15日4时55分6秒	通过fd发送了一次数据，fd为:315
2019年2月15日4时55分6秒	通过fd发送了一次数据，fd为:314
2019年2月15日4时55分6秒	通过fd发送了一次数据，fd为:316
2019年2月15日4时55分6秒	通过fd发送了一次数据，fd为:314
2019年2月15日4时55分6秒	通过fd发送了一次数据，fd为:316
2019年2月15日4时55分6秒	通过fd发送了一次数据，fd为:314
2019年2月15日4时55分6秒	通过fd发送了一次数据，fd为:316
2019年2月15日4时55分6秒	通过fd发送了一次数据，fd为:
2019年2月15日4时55分6秒	通过fd发送了一次数据，fd为:314
2019年2月15日4时55分6秒	通过fd发送了一次数据，fd为:314
2019年2月15日4时55分6秒	通过fd发送了一次数据，fd为:316
2019年2月15日4时55分6秒	通过fd发送了一次数据，fd为:314
2019年2月15日4时55分6秒	通过fd发送了一次数据，fd为:316
2019年2月15日4时55分6秒	通过fd发送了一次数据，fd为:314
2019年2月15日4时55分6秒	通过fd发送了一次数据，fd为:316
2019年2月15日4时55分6秒	通过fd发送了一次数据，fd为:314
2019年2月15日4时55分6秒	通过fd发送了一次数据，fd为:316
2019年2月15日4时55分6秒	通过fd发送了一次数据，fd为:314
2019年2月15日4时55分6秒	通过fd发送了一次数据，fd为:314
2019年2月15日4时55分6秒	通过fd发送了一次数据，fd为:317
2019年2月15日4时55分6秒	通过fd发送了一次数据，fd为:314
2019年2月15日4时55分6秒	通过fd发送了一次数据，fd为:
22
23
21
23
28
27
32
32
34
34
34
47
50
51
78
54
54
80
82
81
81
83
81
81
81
81
81
85
86
87
90
92
94
96
94
105
105
105
106
106
113
112
112
112
112
117
120
119
119
119
119
119
129
130
129
131
132
2019年2月15日4时54分33秒	通过fd发送了一次数据，fd为:132
2019年2月15日4时54分33秒	发送失败:132
136
136
139
139
139
139
141
141
143
144
144
141
146
151
157
159
159
161
161
161
161
165
165
168
170
172
172
173
176
178
180
184
184
184
187
2019年2月15日4时54分37秒	通过fd发送了一次数据，fd为:188
188
190
190
193
193
196
197
199
198
197
198
201
202
204
205
208
208
210
211
213
213
215
218
220
219
220
220
222
222
224
225
226
226
226
228
229
233
232
233
234
236
238
242
243
244
244
244
246
246
246
249
251
254
253
256
255
259
260
259
263
264
263
264
264
264
264
267
269
272
272
272
271
274
272
276
276
282
284
286
286
286
287
289
290
289
291
291
292
294
294
295
295
295
295
298
297
298
298
300
302
302
301
302
302
304
304
305
306
306
308
308
308
309
308
310
312
314
314
317

22
23
21
23
28
27
32
32
34
34
34
47
50
51
78
54
54
80
82
81
81
83
81
81
81
81
81
85
86
87
90
92
94
96
94
105
105
105
106
106
113
112
112
112
112
117
120
119
119
119
119
119
129
130
129
131
132
2019年2月15日4时54分33秒	通过fd发送了一次数据，fd为:132
2019年2月15日4时54分33秒	发送失败:132
136
136
139
139
139
139
141
141
143
144
144
141
146
151
157
159
159
161
161
161
161
165
165
168
170
172
172
173
176
178
180
184
184
184
187
2019年2月15日4时54分37秒	通过fd发送了一次数据，fd为:188
188
190
190
193
193
196
197
199
198
197
198
201
202
204
205
208
208
210
211
213
213
215
218
220
219
220
220
222
222
224
225
226
226
226
228
229
233
232
233
234
236
238
242
243
244
244
244
246
246
246
249
251
254
253
256
255
259
260
259
263
264
263
264
264
264
264
267
269
272
272
272
271
274
272
276
276
282
284
286
286
286
287
289
290
289
291
291
292
294
294
295
295
295
295
298
297
298
298
300
302
302
301
302
302
304
304
305
306
306
308
308
308
309
308
310
312
314
314
317

2019年2月15日4时55分6秒	通过fd发送了一次数据，fd为:314
2019年2月15日4时55分6秒	通过fd发送了一次数据，fd为:317
2019年2月15日4时55分6秒	通过fd发送了一次数据，fd为:314
2019年2月15日4时55分6秒	通过fd发送了一次数据，fd为:314
2019年2月15日4时55分6秒	通过fd发送了一次数据，fd为:314
2019年2月15日4时55分6秒	通过fd发送了一次数据，fd为:317
2019年2月15日4时55分6秒	通过fd发送了一次数据，fd为:314
2019年2月15日4时55分6秒	通过fd发送了一次数据，fd为:314
2019年2月15日4时55分6秒	通过fd发送了一次数据，fd为:317
2019年2月15日4时55分6秒	通过fd发送了一次数据，fd为:314
2019年2月15日4时55分6秒	通过fd发送了一次数据，fd为:314
2019年2月15日4时55分6秒	通过fd发送了一次数据，fd为:317
2019年2月15日4时55分6秒	通过fd发送了一次数据，fd为:314
2019年2月15日4时55分6秒	通过fd发送了一次数据，fd为:
317
2019年2月15日4时55分6秒	通过fd发送了一次数据，fd为:314
2019年2月15日4时55分6秒	通过fd发送了一次数据，fd为:317
2019年2月15日4时55分6秒	通过fd发送了一次数据，fd为:314
2019年2月15日4时55分6秒	通过fd发送了一次数据，fd为:314
2019年2月15日4时55分6秒	通过fd发送了一次数据，fd为:314
2019年2月15日4时55分6秒	通过fd发送了一次数据，fd为:317
2019年2月15日4时55分6秒	通过fd发送了一次数据，fd为:314
2019年2月15日4时55分6秒	通过fd发送了一次数据，fd为:314
2019年2月15日4时55分6秒	通过fd发送了一次数据，fd为:317
2019年2月15日4时55分6秒	通过fd发送了一次数据，fd为:314
2019年2月15日4时55分6秒	通过fd发送了一次数据，fd为:318
2019年2月15日4时55分6秒	通过fd发送了一次数据，fd为:314
2019年2月15日4时55分6秒	通过fd发送了一次数据，fd为:314
2019年2月15日4时55分6秒	通过fd发送了一次数据，fd为:
314
2019年2月15日4时55分6秒	通过fd发送了一次数据，fd为:318
2019年2月15日4时55分6秒	通过fd发送了一次数据，fd为:314
2019年2月15日4时55分6秒	通过fd发送了一次数据，fd为:314
2019年2月15日4时55分6秒	通过fd发送了一次数据，fd为:314
2019年2月15日4时55分6秒	通过fd发送了一次数据，fd为:319
2019年2月15日4时55分6秒	通过fd发送了一次数据，fd为:314
2019年2月15日4时55分6秒	通过fd发送了一次数据，fd为:314
2019年2月15日4时55分6秒	通过fd发送了一次数据，fd为:319
2019年2月15日4时55分6秒	通过fd发送了一次数据，fd为:314
2019年2月15日4时55分6秒	通过fd发送了一次数据，fd为:319
2019年2月15日4时55分6秒	通过fd发送了一次数据，fd为:320
2019年2月15日4时55分6秒	通过fd发送了一次数据，fd为:319
2019年2月15日4时55分6秒	通过fd发送了一次数据，fd为:319
2019年2月15日4时55分6秒	通过fd发送了一次数据，fd为:
320
2019年2月15日4时55分6秒	通过fd发送了一次数据，fd为:319
2019年2月15日4时55分6秒	通过fd发送了一次数据，fd为:319
2019年2月15日4时55分6秒	通过fd发送了一次数据，fd为:320
2019年2月15日4时55分6秒	通过fd发送了一次数据，fd为:319
2019年2月15日4时55分6秒	通过fd发送了一次数据，fd为:319
2019年2月15日4时55分6秒	通过fd发送了一次数据，fd为:319
2019年2月15日4时55分6秒	通过fd发送了一次数据，fd为:320
2019年2月15日4时55分6秒	通过fd发送了一次数据，fd为:319
2019年2月15日4时55分6秒	通过fd发送了一次数据，fd为:320
2019年2月15日4时55分6秒	通过fd发送了一次数据，fd为:321
2019年2月15日4时55分6秒	通过fd发送了一次数据，fd为:319
2019年2月15日4时55分6秒	通过fd发送了一次数据，fd为:320
2019年2月15日4时55分6秒	通过fd发送了一次数据，fd为:319
2019年2月15日4时55分6秒	通过fd发送了一次数据，fd为:319

320
2019年2月15日4时55分6秒	通过fd发送了一次数据，fd为:319
2019年2月15日4时55分6秒	通过fd发送了一次数据，fd为:319
2019年2月15日4时55分6秒	通过fd发送了一次数据，fd为:320
2019年2月15日4时55分6秒	通过fd发送了一次数据，fd为:319
2019年2月15日4时55分6秒	通过fd发送了一次数据，fd为:319
2019年2月15日4时55分6秒	通过fd发送了一次数据，fd为:319
2019年2月15日4时55分6秒	通过fd发送了一次数据，fd为:320
2019年2月15日4时55分6秒	通过fd发送了一次数据，fd为:319
2019年2月15日4时55分6秒	通过fd发送了一次数据，fd为:320
2019年2月15日4时55分6秒	通过fd发送了一次数据，fd为:321
2019年2月15日4时55分6秒	通过fd发送了一次数据，fd为:319
2019年2月15日4时55分6秒	通过fd发送了一次数据，fd为:320
2019年2月15日4时55分6秒	通过fd发送了一次数据，fd为:319
2019年2月15日4时55分6秒	通过fd发送了一次数据，fd为:319

320
2019年2月15日4时55分6秒	通过fd发送了一次数据，fd为:319
2019年2月15日4时55分6秒	通过fd发送了一次数据，fd为:319
2019年2月15日4时55分6秒	通过fd发送了一次数据，fd为:320
2019年2月15日4时55分6秒	通过fd发送了一次数据，fd为:319
2019年2月15日4时55分6秒	通过fd发送了一次数据，fd为:319
2019年2月15日4时55分6秒	通过fd发送了一次数据，fd为:319
2019年2月15日4时55分6秒	通过fd发送了一次数据，fd为:320
2019年2月15日4时55分6秒	通过fd发送了一次数据，fd为:319
2019年2月15日4时55分6秒	通过fd发送了一次数据，fd为:320
2019年2月15日4时55分6秒	通过fd发送了一次数据，fd为:321
2019年2月15日4时55分6秒	通过fd发送了一次数据，fd为:319
2019年2月15日4时55分6秒	通过fd发送了一次数据，fd为:320
2019年2月15日4时55分6秒	通过fd发送了一次数据，fd为:319
2019年2月15日4时55分6秒	通过fd发送了一次数据，fd为:319

2019年2月15日4时55分6秒	通过fd发送了一次数据，fd为:319
2019年2月15日4时55分6秒	通过fd发送了一次数据，fd为:320
2019年2月15日4时55分6秒	通过fd发送了一次数据，fd为:319
2019年2月15日4时55分6秒	通过fd发送了一次数据，fd为:320
2019年2月15日4时55分6秒	通过fd发送了一次数据，fd为:319
2019年2月15日4时55分6秒	通过fd发送了一次数据，fd为:319
2019年2月15日4时55分6秒	通过fd发送了一次数据，fd为:319
2019年2月15日4时55分6秒	通过fd发送了一次数据，fd为:320
2019年2月15日4时55分6秒	通过fd发送了一次数据，fd为:320
2019年2月15日4时55分6秒	通过fd发送了一次数据，fd为:320
2019年2月15日4时55分6秒	通过fd发送了一次数据，fd为:320
2019年2月15日4时55分6秒	通过fd发送了一次数据，fd为:321
2019年2月15日4时55分6秒	通过fd发送了一次数据，fd为:320
2019年2月15日4时55分6秒	通过fd发送了一次数据，fd为:
320
2019年2月15日4时55分6秒	通过fd发送了一次数据，fd为:320
2019年2月15日4时55分7秒	通过fd发送了一次数据，fd为:321
2019年2月15日4时55分7秒	通过fd发送了一次数据，fd为:320
2019年2月15日4时55分7秒	通过fd发送了一次数据，fd为:322
2019年2月15日4时55分7秒	通过fd发送了一次数据，fd为:320
2019年2月15日4时55分7秒	通过fd发送了一次数据，fd为:322
2019年2月15日4时55分7秒	通过fd发送了一次数据，fd为:320
2019年2月15日4时55分7秒	通过fd发送了一次数据，fd为:322
2019年2月15日4时55分7秒	通过fd发送了一次数据，fd为:320
2019年2月15日4时55分7秒	通过fd发送了一次数据，fd为:322
2019年2月15日4时55分7秒	通过fd发送了一次数据，fd为:320
2019年2月15日4时55分7秒	通过fd发送了一次数据，fd为:322
2019年2月15日4时55分7秒	通过fd发送了一次数据，fd为:320
2019年2月15日4时55分7秒	通过fd发送了一次数据，fd为:320

320
2019年2月15日4时55分6秒	通过fd发送了一次数据，fd为:320
2019年2月15日4时55分7秒	通过fd发送了一次数据，fd为:321
2019年2月15日4时55分7秒	通过fd发送了一次数据，fd为:320
2019年2月15日4时55分7秒	通过fd发送了一次数据，fd为:322
2019年2月15日4时55分7秒	通过fd发送了一次数据，fd为:320
2019年2月15日4时55分7秒	通过fd发送了一次数据，fd为:322
2019年2月15日4时55分7秒	通过fd发送了一次数据，fd为:320
2019年2月15日4时55分7秒	通过fd发送了一次数据，fd为:322
2019年2月15日4时55分7秒	通过fd发送了一次数据，fd为:320
2019年2月15日4时55分7秒	通过fd发送了一次数据，fd为:322
2019年2月15日4时55分7秒	通过fd发送了一次数据，fd为:320
2019年2月15日4时55分7秒	通过fd发送了一次数据，fd为:322
2019年2月15日4时55分7秒	通过fd发送了一次数据，fd为:320
2019年2月15日4时55分7秒	通过fd发送了一次数据，fd为:320

320
2019年2月15日4时55分6秒	通过fd发送了一次数据，fd为:320
2019年2月15日4时55分7秒	通过fd发送了一次数据，fd为:321
2019年2月15日4时55分7秒	通过fd发送了一次数据，fd为:320
2019年2月15日4时55分7秒	通过fd发送了一次数据，fd为:322
2019年2月15日4时55分7秒	通过fd发送了一次数据，fd为:320
2019年2月15日4时55分7秒	通过fd发送了一次数据，fd为:322
2019年2月15日4时55分7秒	通过fd发送了一次数据，fd为:320
2019年2月15日4时55分7秒	通过fd发送了一次数据，fd为:322
2019年2月15日4时55分7秒	通过fd发送了一次数据，fd为:320
2019年2月15日4时55分7秒	通过fd发送了一次数据，fd为:322
2019年2月15日4时55分7秒	通过fd发送了一次数据，fd为:320
2019年2月15日4时55分7秒	通过fd发送了一次数据，fd为:322
2019年2月15日4时55分7秒	通过fd发送了一次数据，fd为:320
2019年2月15日4时55分7秒	通过fd发送了一次数据，fd为:320

2019年2月15日4时55分7秒	通过fd发送了一次数据，fd为:322
2019年2月15日4时55分7秒	通过fd发送了一次数据，fd为:320
2019年2月15日4时55分7秒	通过fd发送了一次数据，fd为:320
2019年2月15日4时55分7秒	通过fd发送了一次数据，fd为:322
2019年2月15日4时55分7秒	通过fd发送了一次数据，fd为:320
2019年2月15日4时55分7秒	通过fd发送了一次数据，fd为:320
2019年2月15日4时55分7秒	通过fd发送了一次数据，fd为:320
2019年2月15日4时55分7秒	通过fd发送了一次数据，fd为:322
2019年2月15日4时55分7秒	通过fd发送了一次数据，fd为:320
2019年2月15日4时55分7秒	通过fd发送了一次数据，fd为:320
2019年2月15日4时55分7秒	通过fd发送了一次数据，fd为:320
2019年2月15日4时55分7秒	通过fd发送了一次数据，fd为:320
2019年2月15日4时55分7秒	通过fd发送了一次数据，fd为:320
2019年2月15日4时55分7秒	通过fd发送了一次数据，fd为:
322
2019年2月15日4时55分7秒	通过fd发送了一次数据，fd为:320
2019年2月15日4时55分7秒	通过fd发送了一次数据，fd为:320
2019年2月15日4时55分7秒	通过fd发送了一次数据，fd为:320
2019年2月15日4时55分7秒	通过fd发送了一次数据，fd为:322
2019年2月15日4时55分7秒	通过fd发送了一次数据，fd为:323
2019年2月15日4时55分7秒	通过fd发送了一次数据，fd为:322
2019年2月15日4时55分7秒	通过fd发送了一次数据，fd为:323
2019年2月15日4时55分7秒	通过fd发送了一次数据，fd为:322
2019年2月15日4时55分7秒	通过fd发送了一次数据，fd为:322
2019年2月15日4时55分7秒	通过fd发送了一次数据，fd为:322
2019年2月15日4时55分7秒	通过fd发送了一次数据，fd为:323
2019年2月15日4时55分7秒	通过fd发送了一次数据，fd为:322
2019年2月15日4时55分7秒	通过fd发送了一次数据，fd为:323
2019年2月15日4时55分7秒	通过fd发送了一次数据，fd为:322

322
2019年2月15日4时55分7秒	通过fd发送了一次数据，fd为:320
2019年2月15日4时55分7秒	通过fd发送了一次数据，fd为:320
2019年2月15日4时55分7秒	通过fd发送了一次数据，fd为:320
2019年2月15日4时55分7秒	通过fd发送了一次数据，fd为:322
2019年2月15日4时55分7秒	通过fd发送了一次数据，fd为:323
2019年2月15日4时55分7秒	通过fd发送了一次数据，fd为:322
2019年2月15日4时55分7秒	通过fd发送了一次数据，fd为:323
2019年2月15日4时55分7秒	通过fd发送了一次数据，fd为:322
2019年2月15日4时55分7秒	通过fd发送了一次数据，fd为:322
2019年2月15日4时55分7秒	通过fd发送了一次数据，fd为:322
2019年2月15日4时55分7秒	通过fd发送了一次数据，fd为:323
2019年2月15日4时55分7秒	通过fd发送了一次数据，fd为:322
2019年2月15日4时55分7秒	通过fd发送了一次数据，fd为:323
2019年2月15日4时55分7秒	通过fd发送了一次数据，fd为:322

322
2019年2月15日4时55分7秒	通过fd发送了一次数据，fd为:320
2019年2月15日4时55分7秒	通过fd发送了一次数据，fd为:320
2019年2月15日4时55分7秒	通过fd发送了一次数据，fd为:320
2019年2月15日4时55分7秒	通过fd发送了一次数据，fd为:322
2019年2月15日4时55分7秒	通过fd发送了一次数据，fd为:323
2019年2月15日4时55分7秒	通过fd发送了一次数据，fd为:322
2019年2月15日4时55分7秒	通过fd发送了一次数据，fd为:323
2019年2月15日4时55分7秒	通过fd发送了一次数据，fd为:322
2019年2月15日4时55分7秒	通过fd发送了一次数据，fd为:322
2019年2月15日4时55分7秒	通过fd发送了一次数据，fd为:322
2019年2月15日4时55分7秒	通过fd发送了一次数据，fd为:323
2019年2月15日4时55分7秒	通过fd发送了一次数据，fd为:322
2019年2月15日4时55分7秒	通过fd发送了一次数据，fd为:323
2019年2月15日4时55分7秒	通过fd发送了一次数据，fd为:322

2019年2月15日4时55分7秒	通过fd发送了一次数据，fd为:323
2019年2月15日4时55分7秒	通过fd发送了一次数据，fd为:322
2019年2月15日4时55分7秒	通过fd发送了一次数据，fd为:322
2019年2月15日4时55分7秒	通过fd发送了一次数据，fd为:322
2019年2月15日4时55分7秒	通过fd发送了一次数据，fd为:324
2019年2月15日4时55分7秒	通过fd发送了一次数据，fd为:322
2019年2月15日4时55分7秒	通过fd发送了一次数据，fd为:322
2019年2月15日4时55分7秒	通过fd发送了一次数据，fd为:322
2019年2月15日4时55分7秒	通过fd发送了一次数据，fd为:324
2019年2月15日4时55分7秒	通过fd发送了一次数据，fd为:322
2019年2月15日4时55分7秒	通过fd发送了一次数据，fd为:324
2019年2月15日4时55分7秒	通过fd发送了一次数据，fd为:322
2019年2月15日4时55分7秒	通过fd发送了一次数据，fd为:322
2019年2月15日4时55分7秒	通过fd发送了一次数据，fd为:
324
2019年2月15日4时55分7秒	通过fd发送了一次数据，fd为:322
2019年2月15日4时55分7秒	通过fd发送了一次数据，fd为:322
2019年2月15日4时55分7秒	通过fd发送了一次数据，fd为:322
2019年2月15日4时55分7秒	通过fd发送了一次数据，fd为:324
2019年2月15日4时55分7秒	通过fd发送了一次数据，fd为:322
2019年2月15日4时55分7秒	通过fd发送了一次数据，fd为:325
2019年2月15日4时55分7秒	通过fd发送了一次数据，fd为:322
2019年2月15日4时55分7秒	通过fd发送了一次数据，fd为:325
2019年2月15日4时55分7秒	通过fd发送了一次数据，fd为:322
2019年2月15日4时55分7秒	通过fd发送了一次数据，fd为:325
2019年2月15日4时55分7秒	通过fd发送了一次数据，fd为:325
2019年2月15日4时55分7秒	通过fd发送了一次数据，fd为:326
2019年2月15日4时55分7秒	通过fd发送了一次数据，fd为:327
2019年2月15日4时55分7秒	通过fd发送了一次数据，fd为:326

324
2019年2月15日4时55分7秒	通过fd发送了一次数据，fd为:322
2019年2月15日4时55分7秒	通过fd发送了一次数据，fd为:322
2019年2月15日4时55分7秒	通过fd发送了一次数据，fd为:322
2019年2月15日4时55分7秒	通过fd发送了一次数据，fd为:324
2019年2月15日4时55分7秒	通过fd发送了一次数据，fd为:322
2019年2月15日4时55分7秒	通过fd发送了一次数据，fd为:325
2019年2月15日4时55分7秒	通过fd发送了一次数据，fd为:322
2019年2月15日4时55分7秒	通过fd发送了一次数据，fd为:325
2019年2月15日4时55分7秒	通过fd发送了一次数据，fd为:322
2019年2月15日4时55分7秒	通过fd发送了一次数据，fd为:325
2019年2月15日4时55分7秒	通过fd发送了一次数据，fd为:325
2019年2月15日4时55分7秒	通过fd发送了一次数据，fd为:326
2019年2月15日4时55分7秒	通过fd发送了一次数据，fd为:327
2019年2月15日4时55分7秒	通过fd发送了一次数据，fd为:326

324
2019年2月15日4时55分7秒	通过fd发送了一次数据，fd为:322
2019年2月15日4时55分7秒	通过fd发送了一次数据，fd为:322
2019年2月15日4时55分7秒	通过fd发送了一次数据，fd为:322
2019年2月15日4时55分7秒	通过fd发送了一次数据，fd为:324
2019年2月15日4时55分7秒	通过fd发送了一次数据，fd为:322
2019年2月15日4时55分7秒	通过fd发送了一次数据，fd为:325
2019年2月15日4时55分7秒	通过fd发送了一次数据，fd为:322
2019年2月15日4时55分7秒	通过fd发送了一次数据，fd为:325
2019年2月15日4时55分7秒	通过fd发送了一次数据，fd为:322
2019年2月15日4时55分7秒	通过fd发送了一次数据，fd为:325
2019年2月15日4时55分7秒	通过fd发送了一次数据，fd为:325
2019年2月15日4时55分7秒	通过fd发送了一次数据，fd为:326
2019年2月15日4时55分7秒	通过fd发送了一次数据，fd为:327
2019年2月15日4时55分7秒	通过fd发送了一次数据，fd为:326

2019年2月15日4时55分7秒	通过fd发送了一次数据，fd为:327
2019年2月15日4时55分7秒	通过fd发送了一次数据，fd为:326
2019年2月15日4时55分7秒	通过fd发送了一次数据，fd为:326
2019年2月15日4时55分7秒	通过fd发送了一次数据，fd为:327
2019年2月15日4时55分7秒	通过fd发送了一次数据，fd为:326
2019年2月15日4时55分7秒	通过fd发送了一次数据，fd为:327
2019年2月15日4时55分7秒	通过fd发送了一次数据，fd为:326
2019年2月15日4时55分7秒	通过fd发送了一次数据，fd为:326
2019年2月15日4时55分7秒	通过fd发送了一次数据，fd为:327
2019年2月15日4时55分7秒	通过fd发送了一次数据，fd为:326
2019年2月15日4时55分7秒	通过fd发送了一次数据，fd为:326
2019年2月15日4时55分7秒	通过fd发送了一次数据，fd为:328
2019年2月15日4时55分7秒	通过fd发送了一次数据，fd为:326
2019年2月15日4时55分7秒	通过fd发送了一次数据，fd为:
328
2019年2月15日4时55分7秒	通过fd发送了一次数据，fd为:326
2019年2月15日4时55分7秒	通过fd发送了一次数据，fd为:328
2019年2月15日4时55分7秒	通过fd发送了一次数据，fd为:326
2019年2月15日4时55分7秒	通过fd发送了一次数据，fd为:326
2019年2月15日4时55分7秒	通过fd发送了一次数据，fd为:326
2019年2月15日4时55分7秒	通过fd发送了一次数据，fd为:328
2019年2月15日4时55分7秒	通过fd发送了一次数据，fd为:326
2019年2月15日4时55分7秒	通过fd发送了一次数据，fd为:328
2019年2月15日4时55分7秒	通过fd发送了一次数据，fd为:326
2019年2月15日4时55分7秒	通过fd发送了一次数据，fd为:328
2019年2月15日4时55分7秒	通过fd发送了一次数据，fd为:326
2019年2月15日4时55分7秒	通过fd发送了一次数据，fd为:326
2019年2月15日4时55分7秒	通过fd发送了一次数据，fd为:328
2019年2月15日4时55分7秒	通过fd发送了一次数据，fd为:326

328
2019年2月15日4时55分7秒	通过fd发送了一次数据，fd为:326
2019年2月15日4时55分7秒	通过fd发送了一次数据，fd为:328
2019年2月15日4时55分7秒	通过fd发送了一次数据，fd为:326
2019年2月15日4时55分7秒	通过fd发送了一次数据，fd为:326
2019年2月15日4时55分7秒	通过fd发送了一次数据，fd为:326
2019年2月15日4时55分7秒	通过fd发送了一次数据，fd为:328
2019年2月15日4时55分7秒	通过fd发送了一次数据，fd为:326
2019年2月15日4时55分7秒	通过fd发送了一次数据，fd为:328
2019年2月15日4时55分7秒	通过fd发送了一次数据，fd为:326
2019年2月15日4时55分7秒	通过fd发送了一次数据，fd为:328
2019年2月15日4时55分7秒	通过fd发送了一次数据，fd为:326
2019年2月15日4时55分7秒	通过fd发送了一次数据，fd为:326
2019年2月15日4时55分7秒	通过fd发送了一次数据，fd为:328
2019年2月15日4时55分7秒	通过fd发送了一次数据，fd为:326

328
2019年2月15日4时55分7秒	通过fd发送了一次数据，fd为:326
2019年2月15日4时55分7秒	通过fd发送了一次数据，fd为:328
2019年2月15日4时55分7秒	通过fd发送了一次数据，fd为:326
2019年2月15日4时55分7秒	通过fd发送了一次数据，fd为:326
2019年2月15日4时55分7秒	通过fd发送了一次数据，fd为:326
2019年2月15日4时55分7秒	通过fd发送了一次数据，fd为:328
2019年2月15日4时55分7秒	通过fd发送了一次数据，fd为:326
2019年2月15日4时55分7秒	通过fd发送了一次数据，fd为:328
2019年2月15日4时55分7秒	通过fd发送了一次数据，fd为:326
2019年2月15日4时55分7秒	通过fd发送了一次数据，fd为:328
2019年2月15日4时55分7秒	通过fd发送了一次数据，fd为:326
2019年2月15日4时55分7秒	通过fd发送了一次数据，fd为:326
2019年2月15日4时55分7秒	通过fd发送了一次数据，fd为:328
2019年2月15日4时55分7秒	通过fd发送了一次数据，fd为:326

2019年2月15日4时55分7秒	通过fd发送了一次数据，fd为:328
2019年2月15日4时55分7秒	通过fd发送了一次数据，fd为:326
2019年2月15日4时55分7秒	通过fd发送了一次数据，fd为:328
2019年2月15日4时55分7秒	通过fd发送了一次数据，fd为:326
2019年2月15日4时55分7秒	通过fd发送了一次数据，fd为:326
2019年2月15日4时55分7秒	通过fd发送了一次数据，fd为:326
2019年2月15日4时55分7秒	通过fd发送了一次数据，fd为:328
2019年2月15日4时55分7秒	通过fd发送了一次数据，fd为:326
2019年2月15日4时55分7秒	通过fd发送了一次数据，fd为:328
2019年2月15日4时55分7秒	通过fd发送了一次数据，fd为:326
2019年2月15日4时55分7秒	通过fd发送了一次数据，fd为:328
2019年2月15日4时55分7秒	通过fd发送了一次数据，fd为:326
2019年2月15日4时55分7秒	通过fd发送了一次数据，fd为:328
2019年2月15日4时55分7秒	通过fd发送了一次数据，fd为:
326
2019年2月15日4时55分7秒	通过fd发送了一次数据，fd为:328
2019年2月15日4时55分7秒	通过fd发送了一次数据，fd为:326
2019年2月15日4时55分7秒	通过fd发送了一次数据，fd为:328
2019年2月15日4时55分7秒	通过fd发送了一次数据，fd为:329
2019年2月15日4时55分7秒	通过fd发送了一次数据，fd为:328
2019年2月15日4时55分7秒	通过fd发送了一次数据，fd为:328
2019年2月15日4时55分7秒	通过fd发送了一次数据，fd为:328
2019年2月15日4时55分7秒	通过fd发送了一次数据，fd为:328
2019年2月15日4时55分7秒	通过fd发送了一次数据，fd为:329
2019年2月15日4时55分7秒	通过fd发送了一次数据，fd为:328
2019年2月15日4时55分7秒	通过fd发送了一次数据，fd为:330
2019年2月15日4时55分7秒	通过fd发送了一次数据，fd为:328
2019年2月15日4时55分7秒	通过fd发送了一次数据，fd为:328
2019年2月15日4时55分7秒	通过fd发送了一次数据，fd为:330

326
2019年2月15日4时55分7秒	通过fd发送了一次数据，fd为:328
2019年2月15日4时55分7秒	通过fd发送了一次数据，fd为:326
2019年2月15日4时55分7秒	通过fd发送了一次数据，fd为:328
2019年2月15日4时55分7秒	通过fd发送了一次数据，fd为:329
2019年2月15日4时55分7秒	通过fd发送了一次数据，fd为:328
2019年2月15日4时55分7秒	通过fd发送了一次数据，fd为:328
2019年2月15日4时55分7秒	通过fd发送了一次数据，fd为:328
2019年2月15日4时55分7秒	通过fd发送了一次数据，fd为:328
2019年2月15日4时55分7秒	通过fd发送了一次数据，fd为:329
2019年2月15日4时55分7秒	通过fd发送了一次数据，fd为:328
2019年2月15日4时55分7秒	通过fd发送了一次数据，fd为:330
2019年2月15日4时55分7秒	通过fd发送了一次数据，fd为:328
2019年2月15日4时55分7秒	通过fd发送了一次数据，fd为:328
2019年2月15日4时55分7秒	通过fd发送了一次数据，fd为:330

326
2019年2月15日4时55分7秒	通过fd发送了一次数据，fd为:328
2019年2月15日4时55分7秒	通过fd发送了一次数据，fd为:326
2019年2月15日4时55分7秒	通过fd发送了一次数据，fd为:328
2019年2月15日4时55分7秒	通过fd发送了一次数据，fd为:329
2019年2月15日4时55分7秒	通过fd发送了一次数据，fd为:328
2019年2月15日4时55分7秒	通过fd发送了一次数据，fd为:328
2019年2月15日4时55分7秒	通过fd发送了一次数据，fd为:328
2019年2月15日4时55分7秒	通过fd发送了一次数据，fd为:328
2019年2月15日4时55分7秒	通过fd发送了一次数据，fd为:329
2019年2月15日4时55分7秒	通过fd发送了一次数据，fd为:328
2019年2月15日4时55分7秒	通过fd发送了一次数据，fd为:330
2019年2月15日4时55分7秒	通过fd发送了一次数据，fd为:328
2019年2月15日4时55分7秒	通过fd发送了一次数据，fd为:328
2019年2月15日4时55分7秒	通过fd发送了一次数据，fd为:330

2019年2月15日4时55分7秒	通过fd发送了一次数据，fd为:328
2019年2月15日4时55分7秒	通过fd发送了一次数据，fd为:328
2019年2月15日4时55分7秒	通过fd发送了一次数据，fd为:328
2019年2月15日4时55分7秒	通过fd发送了一次数据，fd为:328
2019年2月15日4时55分7秒	通过fd发送了一次数据，fd为:328
2019年2月15日4时55分7秒	通过fd发送了一次数据，fd为:328
2019年2月15日4时55分7秒	通过fd发送了一次数据，fd为:330
2019年2月15日4时55分7秒	通过fd发送了一次数据，fd为:331
2019年2月15日4时55分7秒	通过fd发送了一次数据，fd为:332
2019年2月15日4时55分7秒	通过fd发送了一次数据，fd为:331
2019年2月15日4时55分7秒	通过fd发送了一次数据，fd为:332
2019年2月15日4时55分7秒	通过fd发送了一次数据，fd为:331
2019年2月15日4时55分7秒	通过fd发送了一次数据，fd为:331
2019年2月15日4时55分7秒	通过fd发送了一次数据，fd为:
331
2019年2月15日4时55分7秒	通过fd发送了一次数据，fd为:331
2019年2月15日4时55分7秒	通过fd发送了一次数据，fd为:331
2019年2月15日4时55分7秒	通过fd发送了一次数据，fd为:332
2019年2月15日4时55分7秒	通过fd发送了一次数据，fd为:331
2019年2月15日4时55分7秒	通过fd发送了一次数据，fd为:331
2019年2月15日4时55分7秒	通过fd发送了一次数据，fd为:331
2019年2月15日4时55分7秒	通过fd发送了一次数据，fd为:331
2019年2月15日4时55分7秒	通过fd发送了一次数据，fd为:331
2019年2月15日4时55分7秒	通过fd发送了一次数据，fd为:331
2019年2月15日4时55分7秒	通过fd发送了一次数据，fd为:332
2019年2月15日4时55分7秒	通过fd发送了一次数据，fd为:331
2019年2月15日4时55分7秒	通过fd发送了一次数据，fd为:332
2019年2月15日4时55分7秒	通过fd发送了一次数据，fd为:331
2019年2月15日4时55分7秒	通过fd发送了一次数据，fd为:331

331
2019年2月15日4时55分7秒	通过fd发送了一次数据，fd为:331
2019年2月15日4时55分7秒	通过fd发送了一次数据，fd为:331
2019年2月15日4时55分7秒	通过fd发送了一次数据，fd为:332
2019年2月15日4时55分7秒	通过fd发送了一次数据，fd为:331
2019年2月15日4时55分7秒	通过fd发送了一次数据，fd为:331
2019年2月15日4时55分7秒	通过fd发送了一次数据，fd为:331
2019年2月15日4时55分7秒	通过fd发送了一次数据，fd为:331
2019年2月15日4时55分7秒	通过fd发送了一次数据，fd为:331
2019年2月15日4时55分7秒	通过fd发送了一次数据，fd为:331
2019年2月15日4时55分7秒	通过fd发送了一次数据，fd为:332
2019年2月15日4时55分7秒	通过fd发送了一次数据，fd为:331
2019年2月15日4时55分7秒	通过fd发送了一次数据，fd为:332
2019年2月15日4时55分7秒	通过fd发送了一次数据，fd为:331
2019年2月15日4时55分7秒	通过fd发送了一次数据，fd为:331

331
2019年2月15日4时55分7秒	通过fd发送了一次数据，fd为:331
2019年2月15日4时55分7秒	通过fd发送了一次数据，fd为:331
2019年2月15日4时55分7秒	通过fd发送了一次数据，fd为:332
2019年2月15日4时55分7秒	通过fd发送了一次数据，fd为:331
2019年2月15日4时55分7秒	通过fd发送了一次数据，fd为:331
2019年2月15日4时55分7秒	通过fd发送了一次数据，fd为:331
2019年2月15日4时55分7秒	通过fd发送了一次数据，fd为:331
2019年2月15日4时55分7秒	通过fd发送了一次数据，fd为:331
2019年2月15日4时55分7秒	通过fd发送了一次数据，fd为:331
2019年2月15日4时55分7秒	通过fd发送了一次数据，fd为:332
2019年2月15日4时55分7秒	通过fd发送了一次数据，fd为:331
2019年2月15日4时55分7秒	通过fd发送了一次数据，fd为:332
2019年2月15日4时55分7秒	通过fd发送了一次数据，fd为:331
2019年2月15日4时55分7秒	通过fd发送了一次数据，fd为:331

2019年2月15日4时55分7秒	通过fd发送了一次数据，fd为:332
2019年2月15日4时55分7秒	通过fd发送了一次数据，fd为:331
2019年2月15日4时55分7秒	通过fd发送了一次数据，fd为:331
2019年2月15日4时55分7秒	通过fd发送了一次数据，fd为:331
2019年2月15日4时55分7秒	通过fd发送了一次数据，fd为:332
2019年2月15日4时55分7秒	通过fd发送了一次数据，fd为:331
2019年2月15日4时55分7秒	通过fd发送了一次数据，fd为:331
2019年2月15日4时55分7秒	通过fd发送了一次数据，fd为:332
2019年2月15日4时55分7秒	通过fd发送了一次数据，fd为:331
2019年2月15日4时55分7秒	发送失败:331










2019年2月15日4时55分36秒	通过fd发送了一次数据，fd为:331
2019年2月15日4时55分36秒	发送失败:331
2019年2月15日4时55分37秒	通过fd发送了一次数据，fd为:332
2019年2月15日4时55分37秒	通过fd发送了一次数据，fd为:331
2019年2月15日4时55分37秒	发送失败:331

2019年2月15日4时55分38秒	通过fd发送了一次数据，fd为:331
2019年2月15日4时55分38秒	发送失败:331
2019年2月15日4时55分38秒	通过fd发送了一次数据，fd为:332
2019年2月15日4时55分38秒	发送失败:332
2019年2月15日4时55分39秒	通过fd发送了一次数据，fd为:331
2019年2月15日4时55分39秒	发送失败:331
2019年2月15日4时55分39秒	通过fd发送了一次数据，fd为:331
2019年2月15日4时55分39秒	通过fd发送了一次数据，fd为:331
2019年2月15日4时55分39秒	发送失败:331
2019年2月15日4时55分39秒	通过fd发送了一次数据，fd为:332
2019年2月15日4时55分39秒	通过fd发送了一次数据，fd为:331
2019年2月15日4时55分39秒	发送失败:331
2019年2月15日4时55分39秒	通过fd发送了一次数据，fd为:331
2019年2月15日4时55分39秒	发送失败:331
2019年2月15日4时55分40秒	通过fd发送了一次数据，fd为:331
2019年2月15日4时55分40秒	发送失败:331
2019年2月15日4时55分40秒	通过fd发送了一次数据，fd为:333

2019年2月15日4时55分38秒	通过fd发送了一次数据，fd为:331
2019年2月15日4时55分38秒	发送失败:331
2019年2月15日4时55分38秒	通过fd发送了一次数据，fd为:332
2019年2月15日4时55分38秒	发送失败:332
2019年2月15日4时55分39秒	通过fd发送了一次数据，fd为:331
2019年2月15日4时55分39秒	发送失败:331
2019年2月15日4时55分39秒	通过fd发送了一次数据，fd为:331
2019年2月15日4时55分39秒	通过fd发送了一次数据，fd为:331
2019年2月15日4时55分39秒	发送失败:331
2019年2月15日4时55分39秒	通过fd发送了一次数据，fd为:332
2019年2月15日4时55分39秒	通过fd发送了一次数据，fd为:331
2019年2月15日4时55分39秒	发送失败:331
2019年2月15日4时55分39秒	通过fd发送了一次数据，fd为:331
2019年2月15日4时55分39秒	发送失败:331
2019年2月15日4时55分40秒	通过fd发送了一次数据，fd为:331
2019年2月15日4时55分40秒	发送失败:331
2019年2月15日4时55分40秒	通过fd发送了一次数据，fd为:333

2019年2月15日4时55分38秒	通过fd发送了一次数据，fd为:331
2019年2月15日4时55分38秒	发送失败:331
2019年2月15日4时55分38秒	通过fd发送了一次数据，fd为:332
2019年2月15日4时55分38秒	发送失败:332
2019年2月15日4时55分39秒	通过fd发送了一次数据，fd为:331
2019年2月15日4时55分39秒	发送失败:331
2019年2月15日4时55分39秒	通过fd发送了一次数据，fd为:331
2019年2月15日4时55分39秒	通过fd发送了一次数据，fd为:331
2019年2月15日4时55分39秒	发送失败:331
2019年2月15日4时55分39秒	通过fd发送了一次数据，fd为:332
2019年2月15日4时55分39秒	通过fd发送了一次数据，fd为:331
2019年2月15日4时55分39秒	发送失败:331
2019年2月15日4时55分39秒	通过fd发送了一次数据，fd为:331
2019年2月15日4时55分39秒	发送失败:331
2019年2月15日4时55分40秒	通过fd发送了一次数据，fd为:331
2019年2月15日4时55分40秒	发送失败:331
2019年2月15日4时55分40秒	通过fd发送了一次数据，fd为:333

2019年2月15日4时55分40秒	通过fd发送了一次数据，fd为:331
2019年2月15日4时55分40秒	通过fd发送了一次数据，fd为:334
2019年2月15日4时55分40秒	通过fd发送了一次数据，fd为:332
2019年2月15日4时55分40秒	通过fd发送了一次数据，fd为:333
2019年2月15日4时55分40秒	通过fd发送了一次数据，fd为:331
2019年2月15日4时55分40秒	发送失败:331

2019年2月15日4时55分41秒	通过fd发送了一次数据，fd为:331
2019年2月15日4时55分41秒	发送失败:331
2019年2月15日4时55分41秒	通过fd发送了一次数据，fd为:331
2019年2月15日4时55分41秒	通过fd发送了一次数据，fd为:331
2019年2月15日4时55分41秒	发送失败:331
2019年2月15日4时55分41秒	通过fd发送了一次数据，fd为:331
2019年2月15日4时55分41秒	发送失败:331
2019年2月15日4时55分41秒	通过fd发送了一次数据，fd为:331
2019年2月15日4时55分41秒	发送失败:331
2019年2月15日4时55分42秒	通过fd发送了一次数据，fd为:331
2019年2月15日4时55分42秒	发送失败:331
2019年2月15日4时55分42秒	通过fd发送了一次数据，fd为:331
2019年2月15日4时55分42秒	发送失败:331
2019年2月15日4时55分43秒	通过fd发送了一次数据，fd为:331
2019年2月15日4时55分43秒	发送失败:331

2019年2月15日4时55分44秒	通过fd发送了一次数据，fd为:331
2019年2月15日4时55分44秒	发送失败:331
2019年2月15日4时55分45秒	通过fd发送了一次数据，fd为:331
2019年2月15日4时55分45秒	通过fd发送了一次数据，fd为:332
2019年2月15日4时55分45秒	通过fd发送了一次数据，fd为:335
2019年2月15日4时55分45秒	通过fd发送了一次数据，fd为:333
2019年2月15日4时55分45秒	通过fd发送了一次数据，fd为:334
2019年2月15日4时55分45秒	通过fd发送了一次数据，fd为:331
2019年2月15日4时55分45秒	发送失败:331
2019年2月15日4时55分45秒	通过fd发送了一次数据，fd为:331
2019年2月15日4时55分45秒	发送失败:331
2019年2月15日4时55分45秒	通过fd发送了一次数据，fd为:331
2019年2月15日4时55分45秒	发送失败:331
2019年2月15日4时55分45秒	通过fd发送了一次数据，fd为:331
2019年2月15日4时55分45秒	发送失败:331
2019年2月15日4时55分46秒	通过fd发送了一次数据，fd为:
331
2019年2月15日4时55分46秒	发送失败:331
2019年2月15日4时55分46秒	通过fd发送了一次数据，fd为:331
2019年2月15日4时55分46秒	发送失败:331

2019年2月15日4时55分47秒	通过fd发送了一次数据，fd为:331
2019年2月15日4时55分47秒	发送失败:331
2019年2月15日4时55分47秒	通过fd发送了一次数据，fd为:331
2019年2月15日4时55分47秒	通过fd发送了一次数据，fd为:332
2019年2月15日4时55分47秒	发送失败:332
2019年2月15日4时55分47秒	通过fd发送了一次数据，fd为:331
2019年2月15日4时55分47秒	发送失败:331
2019年2月15日4时55分48秒	通过fd发送了一次数据，fd为:331
2019年2月15日4时55分48秒	发送失败:331
2019年2月15日4时55分48秒	通过fd发送了一次数据，fd为:331
2019年2月15日4时55分48秒	发送失败:331
2019年2月15日4时55分48秒	通过fd发送了一次数据，fd为:331
2019年2月15日4时55分48秒	发送失败:331

2019年2月15日4时55分51秒	通过fd发送了一次数据，fd为:331
2019年2月15日4时55分51秒	发送失败:331
2019年2月15日4时55分52秒	通过fd发送了一次数据，fd为:331
2019年2月15日4时55分52秒	发送失败:331

2019年2月15日4时55分54秒	通过fd发送了一次数据，fd为:331
2019年2月15日4时55分54秒	发送失败:331

2019年2月15日4时55分56秒	通过fd发送了一次数据，fd为:331
2019年2月15日4时55分56秒	发送失败:331
2019年2月15日4时55分58秒	通过fd发送了一次数据，fd为:331
2019年2月15日4时55分58秒	发送失败:331



2019年2月15日4时56分7秒	通过fd发送了一次数据，fd为:331
2019年2月15日4时56分7秒	发送失败:331


2019年2月15日4时56分12秒	通过fd发送了一次数据，fd为:331
2019年2月15日4时56分12秒	发送失败:331







2019年2月15日4时56分33秒	通过fd发送了一次数据，fd为:331
2019年2月15日4时56分33秒	发送失败:331















testlog

2019年2月15日4时57分39秒	通过fd发送了一次数据，fd为:22
2019年2月15日4时57分39秒	通过fd发送了一次数据，fd为:25
2019年2月15日4时57分39秒	通过fd发送了一次数据，fd为:26
2019年2月15日4时57分39秒	通过fd发送了一次数据，fd为:27
2019年2月15日4时57分39秒	通过fd发送了一次数据，fd为:28
2019年2月15日4时57分39秒	通过fd发送了一次数据，fd为:26
2019年2月15日4时57分39秒	通过fd发送了一次数据，fd为:29
2019年2月15日4时57分39秒	通过fd发送了一次数据，fd为:30
2019年2月15日4时57分39秒	通过fd发送了一次数据，fd为:31
2019年2月15日4时57分39秒	通过fd发送了一次数据，fd为:33
2019年2月15日4时57分39秒	通过fd发送了一次数据，fd为:23
2019年2月15日4时57分39秒	通过fd发送了一次数据，fd为:34
2019年2月15日4时57分39秒	通过fd发送了一次数据，fd为:21
2019年2月15日4时57分39秒	通过fd发送了一次数据，fd为:
38
2019年2月15日4时57分39秒	通过fd发送了一次数据，fd为:30
2019年2月15日4时57分39秒	通过fd发送了一次数据，fd为:29
2019年2月15日4时57分39秒	通过fd发送了一次数据，fd为:32
2019年2月15日4时57分39秒	通过fd发送了一次数据，fd为:27
2019年2月15日4时57分39秒	通过fd发送了一次数据，fd为:28
2019年2月15日4时57分39秒	通过fd发送了一次数据，fd为:31
2019年2月15日4时57分39秒	通过fd发送了一次数据，fd为:23
2019年2月15日4时57分39秒	通过fd发送了一次数据，fd为:25
2019年2月15日4时57分39秒	通过fd发送了一次数据，fd为:23
2019年2月15日4时57分39秒	通过fd发送了一次数据，fd为:27
2019年2月15日4时57分39秒	通过fd发送了一次数据，fd为:32
2019年2月15日4时57分39秒	通过fd发送了一次数据，fd为:29
2019年2月15日4时57分39秒	通过fd发送了一次数据，fd为:33
2019年2月15日4时57分39秒	通过fd发送了一次数据，fd为:
22
2019年2月15日4时57分39秒	通过fd发送了一次数据，fd为:28
2019年2月15日4时57分39秒	通过fd发送了一次数据，fd为:26
2019年2月15日4时57分39秒	通过fd发送了一次数据，fd为:29
2019年2月15日4时57分39秒	通过fd发送了一次数据，fd为:34
2019年2月15日4时57分39秒	通过fd发送了一次数据，fd为:38
2019年2月15日4时57分39秒	通过fd发送了一次数据，fd为:43
2019年2月15日4时57分39秒	通过fd发送了一次数据，fd为:47
2019年2月15日4时57分39秒	通过fd发送了一次数据，fd为:49
2019年2月15日4时57分39秒	通过fd发送了一次数据，fd为:50
2019年2月15日4时57分39秒	通过fd发送了一次数据，fd为:51
2019年2月15日4时57分39秒	通过fd发送了一次数据，fd为:21
2019年2月15日4时57分39秒	通过fd发送了一次数据，fd为:22
2019年2月15日4时57分39秒	通过fd发送了一次数据，fd为:23
2019年2月15日4时57分39秒	通过fd发送了一次数据，fd为:
2019年2月15日4时57分39秒	通过fd发送了一次数据，fd为:22
2019年2月15日4时57分39秒	通过fd发送了一次数据，fd为:21
2019年2月15日4时57分39秒	通过fd发送了一次数据，fd为:22
2019年2月15日4时57分39秒	通过fd发送了一次数据，fd为:21
2019年2月15日4时57分39秒	通过fd发送了一次数据，fd为:22
2019年2月15日4时57分39秒	通过fd发送了一次数据，fd为:21
2019年2月15日4时57分39秒	通过fd发送了一次数据，fd为:21
2019年2月15日4时57分39秒	通过fd发送了一次数据，fd为:22
2019年2月15日4时57分39秒	通过fd发送了一次数据，fd为:21
2019年2月15日4时57分39秒	通过fd发送了一次数据，fd为:22
2019年2月15日4时57分39秒	通过fd发送了一次数据，fd为:21
2019年2月15日4时57分39秒	通过fd发送了一次数据，fd为:22
2019年2月15日4时57分39秒	通过fd发送了一次数据，fd为:21
2019年2月15日4时57分39秒	通过fd发送了一次数据，fd为:
testlog

2019年2月15日4时58分11秒	通过fd发送了一次数据，fd为:22
2019年2月15日4时58分11秒	通过fd发送了一次数据，fd为:21
2019年2月15日4时58分11秒	通过fd发送了一次数据，fd为:23
2019年2月15日4时58分11秒	通过fd发送了一次数据，fd为:26
2019年2月15日4时58分11秒	通过fd发送了一次数据，fd为:27
2019年2月15日4时58分11秒	通过fd发送了一次数据，fd为:28
2019年2月15日4时58分11秒	通过fd发送了一次数据，fd为:29
2019年2月15日4时58分11秒	通过fd发送了一次数据，fd为:30
2019年2月15日4时58分11秒	通过fd发送了一次数据，fd为:23
2019年2月15日4时58分11秒	通过fd发送了一次数据，fd为:31
2019年2月15日4时58分11秒	通过fd发送了一次数据，fd为:32
2019年2月15日4时58分11秒	通过fd发送了一次数据，fd为:33
2019年2月15日4时58分11秒	通过fd发送了一次数据，fd为:43
2019年2月15日4时58分11秒	通过fd发送了一次数据，fd为:
2019年2月15日4时58分11秒	通过fd发送了一次数据，fd为:28
2019年2月15日4时58分11秒	通过fd发送了一次数据，fd为:30
2019年2月15日4时58分11秒	通过fd发送了一次数据，fd为:27
2019年2月15日4时58分11秒	通过fd发送了一次数据，fd为:29
2019年2月15日4时58分11秒	通过fd发送了一次数据，fd为:31
2019年2月15日4时58分11秒	通过fd发送了一次数据，fd为:34
2019年2月15日4时58分11秒	通过fd发送了一次数据，fd为:43
2019年2月15日4时58分11秒	通过fd发送了一次数据，fd为:50
2019年2月15日4时58分11秒	通过fd发送了一次数据，fd为:49
2019年2月15日4时58分11秒	通过fd发送了一次数据，fd为:54
2019年2月15日4时58分11秒	通过fd发送了一次数据，fd为:28
2019年2月15日4时58分11秒	通过fd发送了一次数据，fd为:22
2019年2月15日4时58分11秒	通过fd发送了一次数据，fd为:34
2019年2月15日4时58分11秒	通过fd发送了一次数据，fd为:
2019年2月15日4时58分11秒	通过fd发送了一次数据，fd为:21
2019年2月15日4时58分11秒	通过fd发送了一次数据，fd为:43
2019年2月15日4时58分11秒	通过fd发送了一次数据，fd为:28
2019年2月15日4时58分11秒	通过fd发送了一次数据，fd为:34
2019年2月15日4时58分11秒	通过fd发送了一次数据，fd为:43
2019年2月15日4时58分11秒	通过fd发送了一次数据，fd为:22
2019年2月15日4时58分11秒	通过fd发送了一次数据，fd为:34
2019年2月15日4时58分11秒	通过fd发送了一次数据，fd为:43
2019年2月15日4时58分11秒	通过fd发送了一次数据，fd为:28
2019年2月15日4时58分11秒	通过fd发送了一次数据，fd为:22
2019年2月15日4时58分11秒	通过fd发送了一次数据，fd为:49
2019年2月15日4时58分11秒	通过fd发送了一次数据，fd为:28
2019年2月15日4时58分11秒	通过fd发送了一次数据，fd为:21
2019年2月15日4时58分11秒	通过fd发送了一次数据，fd为:
2019年2月15日4时58分11秒	通过fd发送了一次数据，fd为:54
2019年2月15日4时58分11秒	通过fd发送了一次数据，fd为:22
2019年2月15日4时58分11秒	通过fd发送了一次数据，fd为:21
2019年2月15日4时58分11秒	通过fd发送了一次数据，fd为:28
2019年2月15日4时58分11秒	通过fd发送了一次数据，fd为:50
2019年2月15日4时58分11秒	通过fd发送了一次数据，fd为:30
2019年2月15日4时58分11秒	通过fd发送了一次数据，fd为:78
2019年2月15日4时58分11秒	通过fd发送了一次数据，fd为:34
2019年2月15日4时58分11秒	通过fd发送了一次数据，fd为:21
2019年2月15日4时58分11秒	通过fd发送了一次数据，fd为:22
2019年2月15日4时58分11秒	通过fd发送了一次数据，fd为:25
2019年2月15日4时58分11秒	通过fd发送了一次数据，fd为:21
2019年2月15日4时58分11秒	通过fd发送了一次数据，fd为:22
2019年2月15日4时58分11秒	通过fd发送了一次数据，fd为:
2019年2月15日4时58分11秒	通过fd发送了一次数据，fd为:21
2019年2月15日4时58分11秒	通过fd发送了一次数据，fd为:22
2019年2月15日4时58分11秒	通过fd发送了一次数据，fd为:23
2019年2月15日4时58分11秒	通过fd发送了一次数据，fd为:22
2019年2月15日4时58分11秒	通过fd发送了一次数据，fd为:25
2019年2月15日4时58分11秒	通过fd发送了一次数据，fd为:21
2019年2月15日4时58分11秒	通过fd发送了一次数据，fd为:22
2019年2月15日4时58分11秒	通过fd发送了一次数据，fd为:21
2019年2月15日4时58分11秒	通过fd发送了一次数据，fd为:23
2019年2月15日4时58分11秒	通过fd发送了一次数据，fd为:25
2019年2月15日4时58分11秒	通过fd发送了一次数据，fd为:21
2019年2月15日4时58分11秒	通过fd发送了一次数据，fd为:23
2019年2月15日4时58分11秒	通过fd发送了一次数据，fd为:22
2019年2月15日4时58分11秒	通过fd发送了一次数据，fd为:
2019年2月15日4时58分11秒	通过fd发送了一次数据，fd为:22
2019年2月15日4时58分11秒	通过fd发送了一次数据，fd为:21
2019年2月15日4时58分11秒	通过fd发送了一次数据，fd为:22
2019年2月15日4时58分11秒	通过fd发送了一次数据，fd为:21
2019年2月15日4时58分11秒	通过fd发送了一次数据，fd为:22
2019年2月15日4时58分11秒	通过fd发送了一次数据，fd为:21
2019年2月15日4时58分11秒	通过fd发送了一次数据，fd为:22
2019年2月15日4时58分11秒	通过fd发送了一次数据，fd为:21
2019年2月15日4时58分11秒	通过fd发送了一次数据，fd为:21
2019年2月15日4时58分11秒	通过fd发送了一次数据，fd为:22
2019年2月15日4时58分11秒	通过fd发送了一次数据，fd为:21
2019年2月15日4时58分11秒	通过fd发送了一次数据，fd为:22
2019年2月15日4时58分11秒	通过fd发送了一次数据，fd为:23
2019年2月15日4时58分11秒	通过fd发送了一次数据，fd为:
22
2019年2月15日4时58分11秒	通过fd发送了一次数据，fd为:23
2019年2月15日4时58分11秒	通过fd发送了一次数据，fd为:22
2019年2月15日4时58分11秒	通过fd发送了一次数据，fd为:23
2019年2月15日4时58分11秒	通过fd发送了一次数据，fd为:22
2019年2月15日4时58分11秒	通过fd发送了一次数据，fd为:23
2019年2月15日4时58分11秒	通过fd发送了一次数据，fd为:22
2019年2月15日4时58分11秒	通过fd发送了一次数据，fd为:22
2019年2月15日4时58分11秒	通过fd发送了一次数据，fd为:23
2019年2月15日4时58分11秒	通过fd发送了一次数据，fd为:22
2019年2月15日4时58分11秒	通过fd发送了一次数据，fd为:22
2019年2月15日4时58分11秒	通过fd发送了一次数据，fd为:23
2019年2月15日4时58分11秒	通过fd发送了一次数据，fd为:22
2019年2月15日4时58分11秒	通过fd发送了一次数据，fd为:25
2019年2月15日4时58分11秒	通过fd发送了一次数据，fd为:
2019年2月15日4时58分11秒	通过fd发送了一次数据，fd为:22
2019年2月15日4时58分11秒	通过fd发送了一次数据，fd为:22
2019年2月15日4时58分11秒	通过fd发送了一次数据，fd为:22
2019年2月15日4时58分11秒	通过fd发送了一次数据，fd为:25
2019年2月15日4时58分11秒	通过fd发送了一次数据，fd为:25
2019年2月15日4时58分11秒	发送失败:25
2019年2月15日4时58分11秒	通过fd发送了一次数据，fd为:22
2019年2月15日4时58分11秒	通过fd发送了一次数据，fd为:25
2019年2月15日4时58分11秒	通过fd发送了一次数据，fd为:22
2019年2月15日4时58分11秒	通过fd发送了一次数据，fd为:22
2019年2月15日4时58分11秒	通过fd发送了一次数据，fd为:25
2019年2月15日4时58分11秒	通过fd发送了一次数据，fd为:26
2019年2月15日4时58分11秒	通过fd发送了一次数据，fd为:25
2019年2月15日4时58分11秒	通过fd发送了一次数据，fd为:25
2019年2月15日4时58分11秒	通过fd发送了一次数据，fd为:
26
2019年2月15日4时58分11秒	通过fd发送了一次数据，fd为:25
2019年2月15日4时58分11秒	通过fd发送了一次数据，fd为:26
2019年2月15日4时58分11秒	通过fd发送了一次数据，fd为:25
2019年2月15日4时58分11秒	通过fd发送了一次数据，fd为:26
2019年2月15日4时58分11秒	通过fd发送了一次数据，fd为:25
2019年2月15日4时58分11秒	通过fd发送了一次数据，fd为:26
2019年2月15日4时58分11秒	通过fd发送了一次数据，fd为:25
2019年2月15日4时58分11秒	通过fd发送了一次数据，fd为:26
2019年2月15日4时58分11秒	通过fd发送了一次数据，fd为:25
2019年2月15日4时58分11秒	通过fd发送了一次数据，fd为:26
2019年2月15日4时58分11秒	通过fd发送了一次数据，fd为:25
2019年2月15日4时58分11秒	通过fd发送了一次数据，fd为:25
2019年2月15日4时58分11秒	通过fd发送了一次数据，fd为:26
2019年2月15日4时58分12秒	通过fd发送了一次数据，fd为:
2019年2月15日4时58分12秒	通过fd发送了一次数据，fd为:25
2019年2月15日4时58分12秒	通过fd发送了一次数据，fd为:26
2019年2月15日4时58分12秒	通过fd发送了一次数据，fd为:26
2019年2月15日4时58分12秒	通过fd发送了一次数据，fd为:27
2019年2月15日4时58分12秒	通过fd发送了一次数据，fd为:26
2019年2月15日4时58分12秒	通过fd发送了一次数据，fd为:27
2019年2月15日4时58分12秒	通过fd发送了一次数据，fd为:26
2019年2月15日4时58分12秒	通过fd发送了一次数据，fd为:28
2019年2月15日4时58分12秒	通过fd发送了一次数据，fd为:26
2019年2月15日4时58分12秒	通过fd发送了一次数据，fd为:26
2019年2月15日4时58分12秒	通过fd发送了一次数据，fd为:26
2019年2月15日4时58分12秒	通过fd发送了一次数据，fd为:28
2019年2月15日4时58分12秒	通过fd发送了一次数据，fd为:26
2019年2月15日4时58分12秒	通过fd发送了一次数据，fd为:
28
2019年2月15日4时58分12秒	通过fd发送了一次数据，fd为:26
2019年2月15日4时58分12秒	通过fd发送了一次数据，fd为:26
2019年2月15日4时58分12秒	通过fd发送了一次数据，fd为:26
2019年2月15日4时58分12秒	通过fd发送了一次数据，fd为:28
2019年2月15日4时58分12秒	通过fd发送了一次数据，fd为:26
2019年2月15日4时58分12秒	通过fd发送了一次数据，fd为:26
2019年2月15日4时58分12秒	通过fd发送了一次数据，fd为:28
2019年2月15日4时58分12秒	通过fd发送了一次数据，fd为:26
2019年2月15日4时58分12秒	通过fd发送了一次数据，fd为:26
2019年2月15日4时58分12秒	通过fd发送了一次数据，fd为:26
2019年2月15日4时58分12秒	通过fd发送了一次数据，fd为:26
2019年2月15日4时58分12秒	通过fd发送了一次数据，fd为:28
2019年2月15日4时58分12秒	通过fd发送了一次数据，fd为:26
2019年2月15日4时58分12秒	通过fd发送了一次数据，fd为:
2019年2月15日4时58分12秒	通过fd发送了一次数据，fd为:26
2019年2月15日4时58分12秒	通过fd发送了一次数据，fd为:28
2019年2月15日4时58分12秒	通过fd发送了一次数据，fd为:26
2019年2月15日4时58分12秒	通过fd发送了一次数据，fd为:28
2019年2月15日4时58分12秒	通过fd发送了一次数据，fd为:26
2019年2月15日4时58分12秒	通过fd发送了一次数据，fd为:28
2019年2月15日4时58分12秒	通过fd发送了一次数据，fd为:26
2019年2月15日4时58分12秒	通过fd发送了一次数据，fd为:26
2019年2月15日4时58分12秒	通过fd发送了一次数据，fd为:26
2019年2月15日4时58分12秒	通过fd发送了一次数据，fd为:26
2019年2月15日4时58分12秒	通过fd发送了一次数据，fd为:28
2019年2月15日4时58分12秒	通过fd发送了一次数据，fd为:26
2019年2月15日4时58分12秒	通过fd发送了一次数据，fd为:26
2019年2月15日4时58分12秒	通过fd发送了一次数据，fd为:
2019年2月15日4时58分12秒	通过fd发送了一次数据，fd为:26
2019年2月15日4时58分12秒	通过fd发送了一次数据，fd为:26
2019年2月15日4时58分12秒	通过fd发送了一次数据，fd为:26
2019年2月15日4时58分12秒	通过fd发送了一次数据，fd为:28
2019年2月15日4时58分12秒	通过fd发送了一次数据，fd为:26
2019年2月15日4时58分12秒	通过fd发送了一次数据，fd为:26
2019年2月15日4时58分12秒	通过fd发送了一次数据，fd为:28
2019年2月15日4时58分12秒	通过fd发送了一次数据，fd为:26
2019年2月15日4时58分12秒	通过fd发送了一次数据，fd为:26
2019年2月15日4时58分12秒	通过fd发送了一次数据，fd为:26
2019年2月15日4时58分12秒	通过fd发送了一次数据，fd为:26
2019年2月15日4时58分12秒	通过fd发送了一次数据，fd为:26
2019年2月15日4时58分12秒	通过fd发送了一次数据，fd为:26
2019年2月15日4时58分12秒	发送失败:26
2019年2月15日4时58分12秒	通过fd发送了一次数据，fd为:
2019年2月15日4时58分12秒	通过fd发送了一次数据，fd为:26
2019年2月15日4时58分12秒	通过fd发送了一次数据，fd为:26
2019年2月15日4时58分12秒	通过fd发送了一次数据，fd为:26
2019年2月15日4时58分12秒	通过fd发送了一次数据，fd为:26
2019年2月15日4时58分12秒	通过fd发送了一次数据，fd为:26
2019年2月15日4时58分12秒	通过fd发送了一次数据，fd为:26
2019年2月15日4时58分12秒	通过fd发送了一次数据，fd为:26
2019年2月15日4时58分12秒	通过fd发送了一次数据，fd为:28
2019年2月15日4时58分12秒	通过fd发送了一次数据，fd为:26
2019年2月15日4时58分12秒	通过fd发送了一次数据，fd为:28
2019年2月15日4时58分12秒	通过fd发送了一次数据，fd为:26
2019年2月15日4时58分12秒	通过fd发送了一次数据，fd为:29
2019年2月15日4时58分12秒	通过fd发送了一次数据，fd为:26
2019年2月15日4时58分12秒	通过fd发送了一次数据，fd为:
2019年2月15日4时58分12秒	通过fd发送了一次数据，fd为:29
2019年2月15日4时58分12秒	通过fd发送了一次数据，fd为:26
2019年2月15日4时58分12秒	通过fd发送了一次数据，fd为:26
2019年2月15日4时58分12秒	通过fd发送了一次数据，fd为:26
2019年2月15日4时58分12秒	通过fd发送了一次数据，fd为:26
2019年2月15日4时58分12秒	通过fd发送了一次数据，fd为:29
2019年2月15日4时58分12秒	通过fd发送了一次数据，fd为:30
2019年2月15日4时58分12秒	通过fd发送了一次数据，fd为:29
2019年2月15日4时58分12秒	通过fd发送了一次数据，fd为:29
2019年2月15日4时58分12秒	通过fd发送了一次数据，fd为:30
2019年2月15日4时58分12秒	通过fd发送了一次数据，fd为:29
2019年2月15日4时58分12秒	通过fd发送了一次数据，fd为:30
2019年2月15日4时58分12秒	通过fd发送了一次数据，fd为:29
2019年2月15日4时58分12秒	通过fd发送了一次数据，fd为:
30
2019年2月15日4时58分12秒	通过fd发送了一次数据，fd为:29
2019年2月15日4时58分12秒	通过fd发送了一次数据，fd为:30
2019年2月15日4时58分12秒	通过fd发送了一次数据，fd为:29
2019年2月15日4时58分12秒	通过fd发送了一次数据，fd为:29
2019年2月15日4时58分12秒	通过fd发送了一次数据，fd为:30
2019年2月15日4时58分12秒	通过fd发送了一次数据，fd为:29
2019年2月15日4时58分12秒	通过fd发送了一次数据，fd为:30
2019年2月15日4时58分12秒	通过fd发送了一次数据，fd为:29
2019年2月15日4时58分12秒	通过fd发送了一次数据，fd为:30
2019年2月15日4时58分12秒	发送失败:30
2019年2月15日4时58分12秒	通过fd发送了一次数据，fd为:29
2019年2月15日4时58分12秒	通过fd发送了一次数据，fd为:29
2019年2月15日4时58分12秒	通过fd发送了一次数据，fd为:30
2019年2月15日4时58分12秒	发送失败:30
2019年2月15日4时58分12秒	通过fd发送了一次数据，fd为:
2019年2月15日4时58分12秒	通过fd发送了一次数据，fd为:29
2019年2月15日4时58分12秒	通过fd发送了一次数据，fd为:30
2019年2月15日4时58分12秒	通过fd发送了一次数据，fd为:29
2019年2月15日4时58分12秒	通过fd发送了一次数据，fd为:29
2019年2月15日4时58分12秒	通过fd发送了一次数据，fd为:29
2019年2月15日4时58分12秒	通过fd发送了一次数据，fd为:29
2019年2月15日4时58分12秒	通过fd发送了一次数据，fd为:30
2019年2月15日4时58分12秒	通过fd发送了一次数据，fd为:29
2019年2月15日4时58分12秒	通过fd发送了一次数据，fd为:30
2019年2月15日4时58分12秒	通过fd发送了一次数据，fd为:29
2019年2月15日4时58分12秒	通过fd发送了一次数据，fd为:30
2019年2月15日4时58分12秒	通过fd发送了一次数据，fd为:29
2019年2月15日4时58分12秒	通过fd发送了一次数据，fd为:30
2019年2月15日4时58分12秒	通过fd发送了一次数据，fd为:
testlog

2019年2月15日5时8分8秒	通过fd发送了一次数据，fd为:21
2019年2月15日5时8分8秒	通过fd发送了一次数据，fd为:22
2019年2月15日5时8分8秒	通过fd发送了一次数据，fd为:23
2019年2月15日5时8分8秒	通过fd发送了一次数据，fd为:22
2019年2月15日5时8分8秒	通过fd发送了一次数据，fd为:25
2019年2月15日5时8分8秒	通过fd发送了一次数据，fd为:22
2019年2月15日5时8分8秒	通过fd发送了一次数据，fd为:23
2019年2月15日5时8分8秒	通过fd发送了一次数据，fd为:22
2019年2月15日5时8分8秒	通过fd发送了一次数据，fd为:21
2019年2月15日5时8分8秒	通过fd发送了一次数据，fd为:23
2019年2月15日5时8分8秒	通过fd发送了一次数据，fd为:22
2019年2月15日5时8分8秒	通过fd发送了一次数据，fd为:21
2019年2月15日5时8分8秒	通过fd发送了一次数据，fd为:22
2019年2月15日5时8分8秒	通过fd发送了一次数据，fd为:23
2019年2月15日5时8分8秒	通过fd发送了一次数据，fd为:
2019年2月15日5时8分8秒	通过fd发送了一次数据，fd为:22
2019年2月15日5时8分8秒	通过fd发送了一次数据，fd为:21
2019年2月15日5时8分8秒	通过fd发送了一次数据，fd为:22
2019年2月15日5时8分8秒	通过fd发送了一次数据，fd为:21
2019年2月15日5时8分8秒	通过fd发送了一次数据，fd为:23
2019年2月15日5时8分8秒	通过fd发送了一次数据，fd为:22
2019年2月15日5时8分8秒	通过fd发送了一次数据，fd为:25
2019年2月15日5时8分8秒	通过fd发送了一次数据，fd为:22
2019年2月15日5时8分8秒	通过fd发送了一次数据，fd为:23
2019年2月15日5时8分8秒	通过fd发送了一次数据，fd为:22
2019年2月15日5时8分8秒	通过fd发送了一次数据，fd为:23
2019年2月15日5时8分8秒	通过fd发送了一次数据，fd为:22
2019年2月15日5时8分8秒	通过fd发送了一次数据，fd为:23
2019年2月15日5时8分8秒	通过fd发送了一次数据，fd为:22
2019年2月15日5时8分8秒	通过fd发送了一次数据，fd为:
2019年2月15日5时8分8秒	通过fd发送了一次数据，fd为:25
2019年2月15日5时8分8秒	通过fd发送了一次数据，fd为:26
2019年2月15日5时8分8秒	通过fd发送了一次数据，fd为:25
2019年2月15日5时8分8秒	通过fd发送了一次数据，fd为:26
2019年2月15日5时8分8秒	通过fd发送了一次数据，fd为:25
2019年2月15日5时8分8秒	通过fd发送了一次数据，fd为:26
2019年2月15日5时8分8秒	通过fd发送了一次数据，fd为:25
2019年2月15日5时8分8秒	通过fd发送了一次数据，fd为:25
2019年2月15日5时8分8秒	通过fd发送了一次数据，fd为:25
2019年2月15日5时8分8秒	通过fd发送了一次数据，fd为:26
2019年2月15日5时8分8秒	通过fd发送了一次数据，fd为:25
2019年2月15日5时8分8秒	通过fd发送了一次数据，fd为:26
2019年2月15日5时8分8秒	通过fd发送了一次数据，fd为:26
2019年2月15日5时8分8秒	通过fd发送了一次数据，fd为:26
2019年2月15日5时8分8秒	通过fd发送了一次数据，fd为:
26
2019年2月15日5时8分8秒	通过fd发送了一次数据，fd为:27
2019年2月15日5时8分8秒	通过fd发送了一次数据，fd为:26
2019年2月15日5时8分8秒	通过fd发送了一次数据，fd为:27
2019年2月15日5时8分8秒	通过fd发送了一次数据，fd为:26
2019年2月15日5时8分8秒	通过fd发送了一次数据，fd为:26
2019年2月15日5时8分8秒	通过fd发送了一次数据，fd为:27
2019年2月15日5时8分8秒	通过fd发送了一次数据，fd为:27
2019年2月15日5时8分8秒	通过fd发送了一次数据，fd为:28
2019年2月15日5时8分8秒	通过fd发送了一次数据，fd为:27
2019年2月15日5时8分8秒	通过fd发送了一次数据，fd为:27
2019年2月15日5时8分8秒	通过fd发送了一次数据，fd为:28
2019年2月15日5时8分8秒	通过fd发送了一次数据，fd为:27
2019年2月15日5时8分8秒	通过fd发送了一次数据，fd为:28
2019年2月15日5时8分8秒	通过fd发送了一次数据，fd为:27
2019年2月15日5时8分8秒	通过fd发送了一次数据，fd为:
27
2019年2月15日5时8分8秒	通过fd发送了一次数据，fd为:27
2019年2月15日5时8分8秒	通过fd发送了一次数据，fd为:28
2019年2月15日5时8分8秒	通过fd发送了一次数据，fd为:28
2019年2月15日5时8分8秒	通过fd发送了一次数据，fd为:28
2019年2月15日5时8分8秒	通过fd发送了一次数据，fd为:28
2019年2月15日5时8分8秒	通过fd发送了一次数据，fd为:29
2019年2月15日5时8分8秒	通过fd发送了一次数据，fd为:28
2019年2月15日5时8分8秒	通过fd发送了一次数据，fd为:28
2019年2月15日5时8分8秒	通过fd发送了一次数据，fd为:28
2019年2月15日5时8分8秒	通过fd发送了一次数据，fd为:29
2019年2月15日5时8分8秒	通过fd发送了一次数据，fd为:28
2019年2月15日5时8分8秒	通过fd发送了一次数据，fd为:28
2019年2月15日5时8分8秒	通过fd发送了一次数据，fd为:29
2019年2月15日5时8分8秒	通过fd发送了一次数据，fd为:28
2019年2月15日5时8分8秒	通过fd发送了一次数据，fd为:
2019年2月15日5时8分8秒	通过fd发送了一次数据，fd为:30
2019年2月15日5时8分8秒	通过fd发送了一次数据，fd为:29
2019年2月15日5时8分8秒	通过fd发送了一次数据，fd为:30
2019年2月15日5时8分8秒	通过fd发送了一次数据，fd为:29
2019年2月15日5时8分8秒	通过fd发送了一次数据，fd为:30
2019年2月15日5时8分8秒	通过fd发送了一次数据，fd为:29
2019年2月15日5时8分8秒	通过fd发送了一次数据，fd为:29
2019年2月15日5时8分8秒	通过fd发送了一次数据，fd为:29
2019年2月15日5时8分8秒	通过fd发送了一次数据，fd为:29
2019年2月15日5时8分8秒	通过fd发送了一次数据，fd为:30
2019年2月15日5时8分8秒	通过fd发送了一次数据，fd为:29
2019年2月15日5时8分8秒	通过fd发送了一次数据，fd为:29
2019年2月15日5时8分8秒	通过fd发送了一次数据，fd为:30
2019年2月15日5时8分8秒	通过fd发送了一次数据，fd为:29
2019年2月15日5时8分8秒	通过fd发送了一次数据，fd为:
30
2019年2月15日5时8分8秒	通过fd发送了一次数据，fd为:29
2019年2月15日5时8分8秒	通过fd发送了一次数据，fd为:30
2019年2月15日5时8分8秒	通过fd发送了一次数据，fd为:29
2019年2月15日5时8分8秒	通过fd发送了一次数据，fd为:30
2019年2月15日5时8分8秒	通过fd发送了一次数据，fd为:29
2019年2月15日5时8分8秒	通过fd发送了一次数据，fd为:29
2019年2月15日5时8分8秒	通过fd发送了一次数据，fd为:30
2019年2月15日5时8分8秒	通过fd发送了一次数据，fd为:29
2019年2月15日5时8分8秒	通过fd发送了一次数据，fd为:30
2019年2月15日5时8分8秒	通过fd发送了一次数据，fd为:29
2019年2月15日5时8分8秒	通过fd发送了一次数据，fd为:31
2019年2月15日5时8分8秒	通过fd发送了一次数据，fd为:29
2019年2月15日5时8分8秒	通过fd发送了一次数据，fd为:31
2019年2月15日5时8分8秒	通过fd发送了一次数据，fd为:29
2019年2月15日5时8分8秒	通过fd发送了一次数据，fd为:
2019年2月15日5时8分8秒	通过fd发送了一次数据，fd为:29
2019年2月15日5时8分8秒	通过fd发送了一次数据，fd为:29
2019年2月15日5时8分8秒	通过fd发送了一次数据，fd为:29
2019年2月15日5时8分8秒	通过fd发送了一次数据，fd为:29
2019年2月15日5时8分8秒	通过fd发送了一次数据，fd为:31
2019年2月15日5时8分8秒	通过fd发送了一次数据，fd为:29
2019年2月15日5时8分8秒	通过fd发送了一次数据，fd为:31
2019年2月15日5时8分8秒	通过fd发送了一次数据，fd为:29
2019年2月15日5时8分8秒	通过fd发送了一次数据，fd为:31
2019年2月15日5时8分8秒	通过fd发送了一次数据，fd为:29
2019年2月15日5时8分8秒	通过fd发送了一次数据，fd为:29
2019年2月15日5时8分8秒	通过fd发送了一次数据，fd为:29
2019年2月15日5时8分8秒	发送失败:29
2019年2月15日5时8分8秒	通过fd发送了一次数据，fd为:31
2019年2月15日5时8分8秒	通过fd发送了一次数据，fd为:
29
2019年2月15日5时8分8秒	通过fd发送了一次数据，fd为:31
2019年2月15日5时8分8秒	通过fd发送了一次数据，fd为:31
2019年2月15日5时8分8秒	通过fd发送了一次数据，fd为:32
2019年2月15日5时8分8秒	通过fd发送了一次数据，fd为:31
2019年2月15日5时8分8秒	通过fd发送了一次数据，fd为:32
2019年2月15日5时8分8秒	通过fd发送了一次数据，fd为:31
2019年2月15日5时8分8秒	通过fd发送了一次数据，fd为:32
2019年2月15日5时8分8秒	通过fd发送了一次数据，fd为:31
2019年2月15日5时8分8秒	通过fd发送了一次数据，fd为:32
2019年2月15日5时8分8秒	通过fd发送了一次数据，fd为:31
2019年2月15日5时8分8秒	通过fd发送了一次数据，fd为:32
2019年2月15日5时8分8秒	通过fd发送了一次数据，fd为:31
2019年2月15日5时8分8秒	通过fd发送了一次数据，fd为:32
2019年2月15日5时8分8秒	通过fd发送了一次数据，fd为:31
2019年2月15日5时8分8秒	通过fd发送了一次数据，fd为:
2019年2月15日5时8分8秒	通过fd发送了一次数据，fd为:32
2019年2月15日5时8分8秒	通过fd发送了一次数据，fd为:33
2019年2月15日5时8分8秒	通过fd发送了一次数据，fd为:32
2019年2月15日5时8分8秒	通过fd发送了一次数据，fd为:33
2019年2月15日5时8分8秒	通过fd发送了一次数据，fd为:32
2019年2月15日5时8分8秒	通过fd发送了一次数据，fd为:33
2019年2月15日5时8分8秒	通过fd发送了一次数据，fd为:32
2019年2月15日5时8分8秒	通过fd发送了一次数据，fd为:33
2019年2月15日5时8分8秒	通过fd发送了一次数据，fd为:32
2019年2月15日5时8分8秒	通过fd发送了一次数据，fd为:32
2019年2月15日5时8分8秒	通过fd发送了一次数据，fd为:33
2019年2月15日5时8分8秒	通过fd发送了一次数据，fd为:32
2019年2月15日5时8分8秒	通过fd发送了一次数据，fd为:34
2019年2月15日5时8分8秒	通过fd发送了一次数据，fd为:32
2019年2月15日5时8分8秒	通过fd发送了一次数据，fd为:

2019年2月15日5时8分9秒	通过fd发送了一次数据，fd为:32
2019年2月15日5时8分9秒	通过fd发送了一次数据，fd为:32
2019年2月15日5时8分9秒	通过fd发送了一次数据，fd为:34
2019年2月15日5时8分9秒	通过fd发送了一次数据，fd为:32
2019年2月15日5时8分9秒	通过fd发送了一次数据，fd为:34
2019年2月15日5时8分9秒	通过fd发送了一次数据，fd为:32
2019年2月15日5时8分9秒	通过fd发送了一次数据，fd为:34
2019年2月15日5时8分9秒	通过fd发送了一次数据，fd为:32
2019年2月15日5时8分9秒	通过fd发送了一次数据，fd为:38
2019年2月15日5时8分9秒	通过fd发送了一次数据，fd为:32
2019年2月15日5时8分9秒	通过fd发送了一次数据，fd为:32
2019年2月15日5时8分9秒	通过fd发送了一次数据，fd为:38
2019年2月15日5时8分9秒	通过fd发送了一次数据，fd为:32
2019年2月15日5时8分9秒	通过fd发送了一次数据，fd为:38
2019年2月15日5时8分9秒	通过fd发送了一次数据，fd为:
32
2019年2月15日5时8分9秒	通过fd发送了一次数据，fd为:38
2019年2月15日5时8分9秒	通过fd发送了一次数据，fd为:32
2019年2月15日5时8分9秒	通过fd发送了一次数据，fd为:32
2019年2月15日5时8分9秒	通过fd发送了一次数据，fd为:32
2019年2月15日5时8分9秒	通过fd发送了一次数据，fd为:38
2019年2月15日5时8分9秒	通过fd发送了一次数据，fd为:32
2019年2月15日5时8分9秒	通过fd发送了一次数据，fd为:32
2019年2月15日5时8分9秒	通过fd发送了一次数据，fd为:38
2019年2月15日5时8分9秒	通过fd发送了一次数据，fd为:32
2019年2月15日5时8分9秒	通过fd发送了一次数据，fd为:38
2019年2月15日5时8分9秒	通过fd发送了一次数据，fd为:43
2019年2月15日5时8分9秒	通过fd发送了一次数据，fd为:43
2019年2月15日5时8分9秒	通过fd发送了一次数据，fd为:47
2019年2月15日5时8分9秒	通过fd发送了一次数据，fd为:43
2019年2月15日5时8分9秒	通过fd发送了一次数据，fd为:
2019年2月15日5时8分9秒	通过fd发送了一次数据，fd为:47
2019年2月15日5时8分9秒	通过fd发送了一次数据，fd为:43
2019年2月15日5时8分9秒	通过fd发送了一次数据，fd为:43
2019年2月15日5时8分9秒	通过fd发送了一次数据，fd为:47
2019年2月15日5时8分9秒	通过fd发送了一次数据，fd为:43
2019年2月15日5时8分9秒	通过fd发送了一次数据，fd为:47
2019年2月15日5时8分9秒	通过fd发送了一次数据，fd为:43
2019年2月15日5时8分9秒	通过fd发送了一次数据，fd为:47
2019年2月15日5时8分9秒	通过fd发送了一次数据，fd为:43
2019年2月15日5时8分9秒	通过fd发送了一次数据，fd为:47
2019年2月15日5时8分9秒	通过fd发送了一次数据，fd为:43
2019年2月15日5时8分9秒	通过fd发送了一次数据，fd为:47
2019年2月15日5时8分9秒	通过fd发送了一次数据，fd为:43
2019年2月15日5时8分9秒	通过fd发送了一次数据，fd为:47
2019年2月15日5时8分9秒	通过fd发送了一次数据，fd为:
2019年2月15日5时8分9秒	通过fd发送了一次数据，fd为:43
2019年2月15日5时8分9秒	通过fd发送了一次数据，fd为:43
2019年2月15日5时8分9秒	通过fd发送了一次数据，fd为:43
2019年2月15日5时8分9秒	通过fd发送了一次数据，fd为:47
2019年2月15日5时8分9秒	通过fd发送了一次数据，fd为:47
2019年2月15日5时8分9秒	通过fd发送了一次数据，fd为:49
2019年2月15日5时8分9秒	通过fd发送了一次数据，fd为:47
2019年2月15日5时8分9秒	通过fd发送了一次数据，fd为:49
2019年2月15日5时8分9秒	通过fd发送了一次数据，fd为:47
2019年2月15日5时8分9秒	通过fd发送了一次数据，fd为:49
2019年2月15日5时8分9秒	通过fd发送了一次数据，fd为:47
2019年2月15日5时8分9秒	通过fd发送了一次数据，fd为:47
2019年2月15日5时8分9秒	通过fd发送了一次数据，fd为:49
2019年2月15日5时8分9秒	通过fd发送了一次数据，fd为:47
2019年2月15日5时8分9秒	通过fd发送了一次数据，fd为:
2019年2月15日5时8分9秒	通过fd发送了一次数据，fd为:47
2019年2月15日5时8分9秒	通过fd发送了一次数据，fd为:47
2019年2月15日5时8分9秒	通过fd发送了一次数据，fd为:49
2019年2月15日5时8分9秒	通过fd发送了一次数据，fd为:47
2019年2月15日5时8分9秒	通过fd发送了一次数据，fd为:47
2019年2月15日5时8分9秒	通过fd发送了一次数据，fd为:49
2019年2月15日5时8分9秒	通过fd发送了一次数据，fd为:47
2019年2月15日5时8分9秒	通过fd发送了一次数据，fd为:50
2019年2月15日5时8分9秒	通过fd发送了一次数据，fd为:47
2019年2月15日5时8分9秒	通过fd发送了一次数据，fd为:47
2019年2月15日5时8分9秒	通过fd发送了一次数据，fd为:47
2019年2月15日5时8分9秒	通过fd发送了一次数据，fd为:50
2019年2月15日5时8分9秒	通过fd发送了一次数据，fd为:47
2019年2月15日5时8分9秒	通过fd发送了一次数据，fd为:50
2019年2月15日5时8分9秒	通过fd发送了一次数据，fd为:
47
2019年2月15日5时8分9秒	通过fd发送了一次数据，fd为:50
2019年2月15日5时8分9秒	通过fd发送了一次数据，fd为:47
2019年2月15日5时8分9秒	通过fd发送了一次数据，fd为:47
2019年2月15日5时8分9秒	通过fd发送了一次数据，fd为:51
2019年2月15日5时8分9秒	通过fd发送了一次数据，fd为:54
2019年2月15日5时8分9秒	通过fd发送了一次数据，fd为:51
2019年2月15日5时8分9秒	通过fd发送了一次数据，fd为:51
2019年2月15日5时8分9秒	通过fd发送了一次数据，fd为:51
2019年2月15日5时8分9秒	通过fd发送了一次数据，fd为:54
2019年2月15日5时8分9秒	通过fd发送了一次数据，fd为:78
2019年2月15日5时8分9秒	通过fd发送了一次数据，fd为:54
2019年2月15日5时8分9秒	通过fd发送了一次数据，fd为:54
2019年2月15日5时8分9秒	通过fd发送了一次数据，fd为:78
2019年2月15日5时8分9秒	通过fd发送了一次数据，fd为:54
2019年2月15日5时8分9秒	通过fd发送了一次数据，fd为:
2019年2月15日5时8分9秒	通过fd发送了一次数据，fd为:54
2019年2月15日5时8分9秒	通过fd发送了一次数据，fd为:80
2019年2月15日5时8分9秒	通过fd发送了一次数据，fd为:54
2019年2月15日5时8分9秒	通过fd发送了一次数据，fd为:54
2019年2月15日5时8分9秒	通过fd发送了一次数据，fd为:80
2019年2月15日5时8分9秒	通过fd发送了一次数据，fd为:54
2019年2月15日5时8分9秒	通过fd发送了一次数据，fd为:54
2019年2月15日5时8分9秒	通过fd发送了一次数据，fd为:80
2019年2月15日5时8分9秒	通过fd发送了一次数据，fd为:54
2019年2月15日5时8分9秒	通过fd发送了一次数据，fd为:80
2019年2月15日5时8分9秒	通过fd发送了一次数据，fd为:54
2019年2月15日5时8分9秒	通过fd发送了一次数据，fd为:80
2019年2月15日5时8分9秒	通过fd发送了一次数据，fd为:54
2019年2月15日5时8分9秒	通过fd发送了一次数据，fd为:54
2019年2月15日5时8分9秒	通过fd发送了一次数据，fd为:
2019年2月15日5时8分9秒	通过fd发送了一次数据，fd为:54
2019年2月15日5时8分9秒	通过fd发送了一次数据，fd为:81
2019年2月15日5时8分9秒	通过fd发送了一次数据，fd为:54
2019年2月15日5时8分9秒	通过fd发送了一次数据，fd为:82
2019年2月15日5时8分9秒	通过fd发送了一次数据，fd为:54
2019年2月15日5时8分9秒	通过fd发送了一次数据，fd为:82
2019年2月15日5时8分9秒	通过fd发送了一次数据，fd为:54
2019年2月15日5时8分9秒	通过fd发送了一次数据，fd为:54
2019年2月15日5时8分9秒	通过fd发送了一次数据，fd为:82
2019年2月15日5时8分9秒	通过fd发送了一次数据，fd为:54
2019年2月15日5时8分9秒	通过fd发送了一次数据，fd为:54
2019年2月15日5时8分9秒	通过fd发送了一次数据，fd为:82
2019年2月15日5时8分9秒	通过fd发送了一次数据，fd为:83
2019年2月15日5时8分9秒	通过fd发送了一次数据，fd为:82
2019年2月15日5时8分9秒	通过fd发送了一次数据，fd为:
2019年2月15日5时8分9秒	通过fd发送了一次数据，fd为:84
2019年2月15日5时8分9秒	通过fd发送了一次数据，fd为:83
2019年2月15日5时8分9秒	通过fd发送了一次数据，fd为:84
2019年2月15日5时8分9秒	通过fd发送了一次数据，fd为:83
2019年2月15日5时8分9秒	通过fd发送了一次数据，fd为:83
2019年2月15日5时8分9秒	通过fd发送了一次数据，fd为:84
2019年2月15日5时8分9秒	通过fd发送了一次数据，fd为:83
2019年2月15日5时8分9秒	通过fd发送了一次数据，fd为:84
2019年2月15日5时8分9秒	通过fd发送了一次数据，fd为:83
2019年2月15日5时8分9秒	通过fd发送了一次数据，fd为:84
2019年2月15日5时8分9秒	通过fd发送了一次数据，fd为:83
2019年2月15日5时8分9秒	通过fd发送了一次数据，fd为:84
2019年2月15日5时8分9秒	通过fd发送了一次数据，fd为:83
2019年2月15日5时8分9秒	通过fd发送了一次数据，fd为:84
2019年2月15日5时8分9秒	通过fd发送了一次数据，fd为:
83
2019年2月15日5时8分9秒	通过fd发送了一次数据，fd为:84
2019年2月15日5时8分9秒	通过fd发送了一次数据，fd为:85
2019年2月15日5时8分9秒	通过fd发送了一次数据，fd为:83
2019年2月15日5时8分9秒	通过fd发送了一次数据，fd为:83
2019年2月15日5时8分9秒	通过fd发送了一次数据，fd为:84
2019年2月15日5时8分9秒	通过fd发送了一次数据，fd为:85
2019年2月15日5时8分9秒	通过fd发送了一次数据，fd为:84
2019年2月15日5时8分9秒	通过fd发送了一次数据，fd为:85
2019年2月15日5时8分9秒	通过fd发送了一次数据，fd为:84
2019年2月15日5时8分9秒	通过fd发送了一次数据，fd为:85
2019年2月15日5时8分9秒	通过fd发送了一次数据，fd为:84
2019年2月15日5时8分9秒	通过fd发送了一次数据，fd为:85
2019年2月15日5时8分9秒	通过fd发送了一次数据，fd为:84
2019年2月15日5时8分9秒	通过fd发送了一次数据，fd为:84
2019年2月15日5时8分9秒	通过fd发送了一次数据，fd为:
2019年2月15日5时8分9秒	通过fd发送了一次数据，fd为:84
2019年2月15日5时8分9秒	通过fd发送了一次数据，fd为:84
2019年2月15日5时8分9秒	通过fd发送了一次数据，fd为:84
2019年2月15日5时8分9秒	通过fd发送了一次数据，fd为:84
2019年2月15日5时8分9秒	通过fd发送了一次数据，fd为:84
2019年2月15日5时8分9秒	通过fd发送了一次数据，fd为:85
2019年2月15日5时8分9秒	通过fd发送了一次数据，fd为:84
2019年2月15日5时8分9秒	通过fd发送了一次数据，fd为:84
2019年2月15日5时8分9秒	通过fd发送了一次数据，fd为:84
2019年2月15日5时8分9秒	通过fd发送了一次数据，fd为:85
2019年2月15日5时8分9秒	通过fd发送了一次数据，fd为:84
2019年2月15日5时8分9秒	通过fd发送了一次数据，fd为:84
2019年2月15日5时8分9秒	通过fd发送了一次数据，fd为:84
2019年2月15日5时8分9秒	通过fd发送了一次数据，fd为:84
2019年2月15日5时8分9秒	通过fd发送了一次数据，fd为:
84
2019年2月15日5时8分9秒	通过fd发送了一次数据，fd为:85
2019年2月15日5时8分9秒	通过fd发送了一次数据，fd为:84
2019年2月15日5时8分9秒	通过fd发送了一次数据，fd为:84
2019年2月15日5时8分9秒	通过fd发送了一次数据，fd为:84
2019年2月15日5时8分9秒	通过fd发送了一次数据，fd为:85
2019年2月15日5时8分9秒	通过fd发送了一次数据，fd为:84
2019年2月15日5时8分9秒	通过fd发送了一次数据，fd为:84
2019年2月15日5时8分9秒	通过fd发送了一次数据，fd为:85
2019年2月15日5时8分9秒	通过fd发送了一次数据，fd为:84
2019年2月15日5时8分9秒	通过fd发送了一次数据，fd为:84
2019年2月15日5时8分9秒	通过fd发送了一次数据，fd为:85
2019年2月15日5时8分9秒	通过fd发送了一次数据，fd为:84
2019年2月15日5时8分9秒	通过fd发送了一次数据，fd为:84
2019年2月15日5时8分10秒	通过fd发送了一次数据，fd为:85
2019年2月15日5时8分10秒	通过fd发送了一次数据，fd为:
2019年2月15日5时8分10秒	通过fd发送了一次数据，fd为:84
2019年2月15日5时8分10秒	通过fd发送了一次数据，fd为:85
2019年2月15日5时8分10秒	通过fd发送了一次数据，fd为:84
2019年2月15日5时8分10秒	通过fd发送了一次数据，fd为:84
2019年2月15日5时8分10秒	通过fd发送了一次数据，fd为:84
2019年2月15日5时8分10秒	通过fd发送了一次数据，fd为:85
2019年2月15日5时8分10秒	通过fd发送了一次数据，fd为:84
2019年2月15日5时8分10秒	通过fd发送了一次数据，fd为:85
2019年2月15日5时8分10秒	通过fd发送了一次数据，fd为:84
2019年2月15日5时8分10秒	通过fd发送了一次数据，fd为:85
2019年2月15日5时8分10秒	通过fd发送了一次数据，fd为:84
2019年2月15日5时8分10秒	通过fd发送了一次数据，fd为:85
2019年2月15日5时8分10秒	通过fd发送了一次数据，fd为:85
2019年2月15日5时8分10秒	通过fd发送了一次数据，fd为:85
2019年2月15日5时8分10秒	通过fd发送了一次数据，fd为:
2019年2月15日5时8分10秒	通过fd发送了一次数据，fd为:85
2019年2月15日5时8分10秒	通过fd发送了一次数据，fd为:85
2019年2月15日5时8分10秒	通过fd发送了一次数据，fd为:86
2019年2月15日5时8分10秒	通过fd发送了一次数据，fd为:85
2019年2月15日5时8分10秒	通过fd发送了一次数据，fd为:86
2019年2月15日5时8分10秒	通过fd发送了一次数据，fd为:85
2019年2月15日5时8分10秒	通过fd发送了一次数据，fd为:86
2019年2月15日5时8分10秒	通过fd发送了一次数据，fd为:85
2019年2月15日5时8分10秒	通过fd发送了一次数据，fd为:86
2019年2月15日5时8分10秒	通过fd发送了一次数据，fd为:85
2019年2月15日5时8分10秒	通过fd发送了一次数据，fd为:85
2019年2月15日5时8分10秒	通过fd发送了一次数据，fd为:87
2019年2月15日5时8分10秒	通过fd发送了一次数据，fd为:85
2019年2月15日5时8分10秒	通过fd发送了一次数据，fd为:87
2019年2月15日5时8分10秒	通过fd发送了一次数据，fd为:
2019年2月15日5时8分10秒	通过fd发送了一次数据，fd为:85
2019年2月15日5时8分10秒	通过fd发送了一次数据，fd为:85
2019年2月15日5时8分10秒	通过fd发送了一次数据，fd为:90
2019年2月15日5时8分10秒	通过fd发送了一次数据，fd为:85
2019年2月15日5时8分10秒	通过fd发送了一次数据，fd为:85
2019年2月15日5时8分10秒	通过fd发送了一次数据，fd为:90
2019年2月15日5时8分10秒	通过fd发送了一次数据，fd为:85
2019年2月15日5时8分10秒	通过fd发送了一次数据，fd为:90
2019年2月15日5时8分10秒	通过fd发送了一次数据，fd为:85
2019年2月15日5时8分10秒	通过fd发送了一次数据，fd为:85
2019年2月15日5时8分10秒	通过fd发送了一次数据，fd为:90
2019年2月15日5时8分10秒	通过fd发送了一次数据，fd为:85
2019年2月15日5时8分10秒	通过fd发送了一次数据，fd为:90
2019年2月15日5时8分10秒	通过fd发送了一次数据，fd为:85
2019年2月15日5时8分10秒	通过fd发送了一次数据，fd为:
2019年2月15日5时8分10秒	通过fd发送了一次数据，fd为:90
2019年2月15日5时8分10秒	通过fd发送了一次数据，fd为:92
2019年2月15日5时8分10秒	通过fd发送了一次数据，fd为:90
2019年2月15日5时8分10秒	通过fd发送了一次数据，fd为:90
2019年2月15日5时8分10秒	通过fd发送了一次数据，fd为:92
2019年2月15日5时8分10秒	通过fd发送了一次数据，fd为:90
2019年2月15日5时8分10秒	通过fd发送了一次数据，fd为:92
2019年2月15日5时8分10秒	通过fd发送了一次数据，fd为:90
2019年2月15日5时8分10秒	通过fd发送了一次数据，fd为:90
2019年2月15日5时8分10秒	通过fd发送了一次数据，fd为:90
2019年2月15日5时8分10秒	通过fd发送了一次数据，fd为:92
2019年2月15日5时8分10秒	通过fd发送了一次数据，fd为:90
2019年2月15日5时8分10秒	通过fd发送了一次数据，fd为:90
2019年2月15日5时8分10秒	通过fd发送了一次数据，fd为:90
2019年2月15日5时8分10秒	通过fd发送了一次数据，fd为:
2019年2月15日5时8分10秒	通过fd发送了一次数据，fd为:90
2019年2月15日5时8分10秒	通过fd发送了一次数据，fd为:90
2019年2月15日5时8分10秒	通过fd发送了一次数据，fd为:90
2019年2月15日5时8分10秒	通过fd发送了一次数据，fd为:92
2019年2月15日5时8分10秒	通过fd发送了一次数据，fd为:90
2019年2月15日5时8分10秒	通过fd发送了一次数据，fd为:92
2019年2月15日5时8分10秒	通过fd发送了一次数据，fd为:90
2019年2月15日5时8分10秒	通过fd发送了一次数据，fd为:92
2019年2月15日5时8分10秒	通过fd发送了一次数据，fd为:90
2019年2月15日5时8分10秒	通过fd发送了一次数据，fd为:92
2019年2月15日5时8分10秒	通过fd发送了一次数据，fd为:90
2019年2月15日5时8分10秒	通过fd发送了一次数据，fd为:94
2019年2月15日5时8分10秒	通过fd发送了一次数据，fd为:90
2019年2月15日5时8分10秒	通过fd发送了一次数据，fd为:94
2019年2月15日5时8分10秒	通过fd发送了一次数据，fd为:
2019年2月15日5时8分10秒	通过fd发送了一次数据，fd为:96
2019年2月15日5时8分10秒	通过fd发送了一次数据，fd为:94
2019年2月15日5时8分10秒	通过fd发送了一次数据，fd为:94
2019年2月15日5时8分10秒	通过fd发送了一次数据，fd为:96
2019年2月15日5时8分10秒	通过fd发送了一次数据，fd为:96
2019年2月15日5时8分10秒	通过fd发送了一次数据，fd为:96
2019年2月15日5时8分10秒	通过fd发送了一次数据，fd为:98
2019年2月15日5时8分10秒	通过fd发送了一次数据，fd为:96
2019年2月15日5时8分10秒	通过fd发送了一次数据，fd为:96
2019年2月15日5时8分10秒	通过fd发送了一次数据，fd为:96
2019年2月15日5时8分10秒	通过fd发送了一次数据，fd为:98
2019年2月15日5时8分10秒	通过fd发送了一次数据，fd为:96
2019年2月15日5时8分10秒	通过fd发送了一次数据，fd为:98
2019年2月15日5时8分10秒	通过fd发送了一次数据，fd为:96
2019年2月15日5时8分10秒	通过fd发送了一次数据，fd为:
96
2019年2月15日5时8分10秒	通过fd发送了一次数据，fd为:96
2019年2月15日5时8分10秒	通过fd发送了一次数据，fd为:96
2019年2月15日5时8分10秒	通过fd发送了一次数据，fd为:98
2019年2月15日5时8分10秒	通过fd发送了一次数据，fd为:98
2019年2月15日5时8分10秒	通过fd发送了一次数据，fd为:98
2019年2月15日5时8分10秒	通过fd发送了一次数据，fd为:99
2019年2月15日5时8分10秒	通过fd发送了一次数据，fd为:99
2019年2月15日5时8分10秒	通过fd发送了一次数据，fd为:99
2019年2月15日5时8分10秒	通过fd发送了一次数据，fd为:100
2019年2月15日5时8分10秒	通过fd发送了一次数据，fd为:99
2019年2月15日5时8分10秒	通过fd发送了一次数据，fd为:99
2019年2月15日5时8分10秒	通过fd发送了一次数据，fd为:99
2019年2月15日5时8分10秒	通过fd发送了一次数据，fd为:100
2019年2月15日5时8分10秒	通过fd发送了一次数据，fd为:99
2019年2月15日5时8分10秒	通过fd发送了一次数据，fd为:
2019年2月15日5时8分10秒	通过fd发送了一次数据，fd为:101
2019年2月15日5时8分10秒	通过fd发送了一次数据，fd为:100
2019年2月15日5时8分10秒	通过fd发送了一次数据，fd为:100
2019年2月15日5时8分10秒	通过fd发送了一次数据，fd为:101
2019年2月15日5时8分10秒	通过fd发送了一次数据，fd为:100
2019年2月15日5时8分10秒	通过fd发送了一次数据，fd为:101
2019年2月15日5时8分10秒	通过fd发送了一次数据，fd为:100
2019年2月15日5时8分10秒	通过fd发送了一次数据，fd为:101
2019年2月15日5时8分10秒	通过fd发送了一次数据，fd为:100
2019年2月15日5时8分10秒	通过fd发送了一次数据，fd为:100
2019年2月15日5时8分10秒	通过fd发送了一次数据，fd为:101
2019年2月15日5时8分10秒	通过fd发送了一次数据，fd为:100
2019年2月15日5时8分10秒	通过fd发送了一次数据，fd为:100
2019年2月15日5时8分10秒	通过fd发送了一次数据，fd为:
2019年2月15日5时8分10秒	通过fd发送了一次数据，fd为:101
2019年2月15日5时8分10秒	通过fd发送了一次数据，fd为:102
2019年2月15日5时8分10秒	通过fd发送了一次数据，fd为:101
2019年2月15日5时8分10秒	通过fd发送了一次数据，fd为:101
2019年2月15日5时8分10秒	通过fd发送了一次数据，fd为:101
2019年2月15日5时8分10秒	通过fd发送了一次数据，fd为:102
2019年2月15日5时8分10秒	通过fd发送了一次数据，fd为:103
2019年2月15日5时8分10秒	通过fd发送了一次数据，fd为:102
2019年2月15日5时8分10秒	通过fd发送了一次数据，fd为:102
2019年2月15日5时8分10秒	通过fd发送了一次数据，fd为:102
2019年2月15日5时8分10秒	通过fd发送了一次数据，fd为:103
2019年2月15日5时8分10秒	通过fd发送了一次数据，fd为:102
2019年2月15日5时8分10秒	通过fd发送了一次数据，fd为:102
2019年2月15日5时8分10秒	通过fd发送了一次数据，fd为:
2019年2月15日5时8分10秒	通过fd发送了一次数据，fd为:102
2019年2月15日5时8分10秒	通过fd发送了一次数据，fd为:102
2019年2月15日5时8分10秒	通过fd发送了一次数据，fd为:103
2019年2月15日5时8分10秒	通过fd发送了一次数据，fd为:102
2019年2月15日5时8分10秒	通过fd发送了一次数据，fd为:103
2019年2月15日5时8分10秒	通过fd发送了一次数据，fd为:102
2019年2月15日5时8分10秒	通过fd发送了一次数据，fd为:103
2019年2月15日5时8分10秒	通过fd发送了一次数据，fd为:104
2019年2月15日5时8分10秒	通过fd发送了一次数据，fd为:105
2019年2月15日5时8分10秒	通过fd发送了一次数据，fd为:104
2019年2月15日5时8分10秒	通过fd发送了一次数据，fd为:104
2019年2月15日5时8分10秒	通过fd发送了一次数据，fd为:105
2019年2月15日5时8分10秒	通过fd发送了一次数据，fd为:104
2019年2月15日5时8分10秒	通过fd发送了一次数据，fd为:
2019年2月15日5时8分10秒	通过fd发送了一次数据，fd为:105
2019年2月15日5时8分10秒	通过fd发送了一次数据，fd为:106
2019年2月15日5时8分10秒	通过fd发送了一次数据，fd为:105
2019年2月15日5时8分10秒	通过fd发送了一次数据，fd为:106
2019年2月15日5时8分10秒	通过fd发送了一次数据，fd为:105
2019年2月15日5时8分10秒	通过fd发送了一次数据，fd为:106
2019年2月15日5时8分10秒	通过fd发送了一次数据，fd为:105
2019年2月15日5时8分10秒	通过fd发送了一次数据，fd为:106
2019年2月15日5时8分10秒	通过fd发送了一次数据，fd为:105
2019年2月15日5时8分10秒	通过fd发送了一次数据，fd为:105
2019年2月15日5时8分10秒	通过fd发送了一次数据，fd为:106
2019年2月15日5时8分10秒	通过fd发送了一次数据，fd为:105
2019年2月15日5时8分10秒	通过fd发送了一次数据，fd为:106
2019年2月15日5时8分10秒	通过fd发送了一次数据，fd为:
2019年2月15日5时8分10秒	通过fd发送了一次数据，fd为:106
2019年2月15日5时8分10秒	通过fd发送了一次数据，fd为:105
2019年2月15日5时8分10秒	通过fd发送了一次数据，fd为:106
2019年2月15日5时8分10秒	通过fd发送了一次数据，fd为:105
2019年2月15日5时8分10秒	通过fd发送了一次数据，fd为:105
2019年2月15日5时8分10秒	通过fd发送了一次数据，fd为:106
2019年2月15日5时8分10秒	通过fd发送了一次数据，fd为:105
2019年2月15日5时8分10秒	通过fd发送了一次数据，fd为:105
2019年2月15日5时8分10秒	通过fd发送了一次数据，fd为:105
2019年2月15日5时8分10秒	通过fd发送了一次数据，fd为:106
2019年2月15日5时8分10秒	通过fd发送了一次数据，fd为:105
2019年2月15日5时8分10秒	通过fd发送了一次数据，fd为:106
2019年2月15日5时8分10秒	通过fd发送了一次数据，fd为:105
2019年2月15日5时8分10秒	通过fd发送了一次数据，fd为:
2019年2月15日5时8分10秒	通过fd发送了一次数据，fd为:105
2019年2月15日5时8分10秒	通过fd发送了一次数据，fd为:106
2019年2月15日5时8分10秒	通过fd发送了一次数据，fd为:105
2019年2月15日5时8分10秒	通过fd发送了一次数据，fd为:106
2019年2月15日5时8分10秒	通过fd发送了一次数据，fd为:105
2019年2月15日5时8分10秒	通过fd发送了一次数据，fd为:106
2019年2月15日5时8分10秒	通过fd发送了一次数据，fd为:105
2019年2月15日5时8分10秒	通过fd发送了一次数据，fd为:106
2019年2月15日5时8分10秒	通过fd发送了一次数据，fd为:105
2019年2月15日5时8分10秒	通过fd发送了一次数据，fd为:106
2019年2月15日5时8分10秒	通过fd发送了一次数据，fd为:105
2019年2月15日5时8分10秒	通过fd发送了一次数据，fd为:107
2019年2月15日5时8分10秒	通过fd发送了一次数据，fd为:105
2019年2月15日5时8分10秒	通过fd发送了一次数据，fd为:
2019年2月15日5时8分10秒	通过fd发送了一次数据，fd为:105
2019年2月15日5时8分10秒	通过fd发送了一次数据，fd为:105
2019年2月15日5时8分10秒	通过fd发送了一次数据，fd为:105
2019年2月15日5时8分10秒	通过fd发送了一次数据，fd为:105
2019年2月15日5时8分10秒	通过fd发送了一次数据，fd为:107
2019年2月15日5时8分10秒	通过fd发送了一次数据，fd为:105
2019年2月15日5时8分10秒	通过fd发送了一次数据，fd为:105
2019年2月15日5时8分10秒	通过fd发送了一次数据，fd为:107
2019年2月15日5时8分10秒	通过fd发送了一次数据，fd为:105
2019年2月15日5时8分10秒	通过fd发送了一次数据，fd为:105
2019年2月15日5时8分10秒	通过fd发送了一次数据，fd为:105
2019年2月15日5时8分10秒	通过fd发送了一次数据，fd为:105
2019年2月15日5时8分10秒	通过fd发送了一次数据，fd为:107
2019年2月15日5时8分10秒	通过fd发送了一次数据，fd为:
2019年2月15日5时8分10秒	通过fd发送了一次数据，fd为:107
2019年2月15日5时8分10秒	通过fd发送了一次数据，fd为:105
2019年2月15日5时8分10秒	通过fd发送了一次数据，fd为:107
2019年2月15日5时8分10秒	通过fd发送了一次数据，fd为:105
2019年2月15日5时8分10秒	通过fd发送了一次数据，fd为:107
2019年2月15日5时8分10秒	通过fd发送了一次数据，fd为:105
2019年2月15日5时8分10秒	通过fd发送了一次数据，fd为:107
2019年2月15日5时8分10秒	通过fd发送了一次数据，fd为:105
2019年2月15日5时8分10秒	通过fd发送了一次数据，fd为:107
2019年2月15日5时8分10秒	通过fd发送了一次数据，fd为:105
2019年2月15日5时8分10秒	通过fd发送了一次数据，fd为:105
2019年2月15日5时8分10秒	通过fd发送了一次数据，fd为:107
2019年2月15日5时8分10秒	通过fd发送了一次数据，fd为:105
2019年2月15日5时8分10秒	通过fd发送了一次数据，fd为:
105
2019年2月15日5时8分10秒	通过fd发送了一次数据，fd为:107
2019年2月15日5时8分10秒	通过fd发送了一次数据，fd为:105
2019年2月15日5时8分10秒	通过fd发送了一次数据，fd为:105
2019年2月15日5时8分10秒	通过fd发送了一次数据，fd为:105
2019年2月15日5时8分10秒	通过fd发送了一次数据，fd为:107
2019年2月15日5时8分10秒	通过fd发送了一次数据，fd为:105
2019年2月15日5时8分10秒	通过fd发送了一次数据，fd为:107
2019年2月15日5时8分10秒	通过fd发送了一次数据，fd为:107
2019年2月15日5时8分10秒	通过fd发送了一次数据，fd为:108
2019年2月15日5时8分10秒	通过fd发送了一次数据，fd为:107
2019年2月15日5时8分10秒	通过fd发送了一次数据，fd为:108
2019年2月15日5时8分10秒	通过fd发送了一次数据，fd为:107
2019年2月15日5时8分10秒	通过fd发送了一次数据，fd为:108
2019年2月15日5时8分10秒	通过fd发送了一次数据，fd为:
2019年2月15日5时8分10秒	通过fd发送了一次数据，fd为:113
2019年2月15日5时8分10秒	通过fd发送了一次数据，fd为:112
2019年2月15日5时8分10秒	通过fd发送了一次数据，fd为:113
2019年2月15日5时8分10秒	通过fd发送了一次数据，fd为:112
2019年2月15日5时8分10秒	通过fd发送了一次数据，fd为:113
2019年2月15日5时8分10秒	通过fd发送了一次数据，fd为:112
2019年2月15日5时8分11秒	通过fd发送了一次数据，fd为:113
2019年2月15日5时8分11秒	通过fd发送了一次数据，fd为:112
2019年2月15日5时8分11秒	通过fd发送了一次数据，fd为:113
2019年2月15日5时8分11秒	通过fd发送了一次数据，fd为:112
2019年2月15日5时8分11秒	通过fd发送了一次数据，fd为:112
2019年2月15日5时8分11秒	通过fd发送了一次数据，fd为:112
2019年2月15日5时8分11秒	通过fd发送了一次数据，fd为:113
2019年2月15日5时8分11秒	通过fd发送了一次数据，fd为:
2019年2月15日5时8分11秒	通过fd发送了一次数据，fd为:113
2019年2月15日5时8分11秒	通过fd发送了一次数据，fd为:112
2019年2月15日5时8分11秒	通过fd发送了一次数据，fd为:113
2019年2月15日5时8分11秒	通过fd发送了一次数据，fd为:112
2019年2月15日5时8分11秒	通过fd发送了一次数据，fd为:113
2019年2月15日5时8分11秒	通过fd发送了一次数据，fd为:112
2019年2月15日5时8分11秒	通过fd发送了一次数据，fd为:113
2019年2月15日5时8分11秒	通过fd发送了一次数据，fd为:112
2019年2月15日5时8分11秒	通过fd发送了一次数据，fd为:113
2019年2月15日5时8分11秒	通过fd发送了一次数据，fd为:112
2019年2月15日5时8分11秒	通过fd发送了一次数据，fd为:113
2019年2月15日5时8分11秒	通过fd发送了一次数据，fd为:112
2019年2月15日5时8分11秒	通过fd发送了一次数据，fd为:112
2019年2月15日5时8分11秒	通过fd发送了一次数据，fd为:
113
2019年2月15日5时8分11秒	通过fd发送了一次数据，fd为:112
2019年2月15日5时8分11秒	通过fd发送了一次数据，fd为:113
2019年2月15日5时8分11秒	通过fd发送了一次数据，fd为:113
2019年2月15日5时8分11秒	通过fd发送了一次数据，fd为:114
2019年2月15日5时8分11秒	通过fd发送了一次数据，fd为:113
2019年2月15日5时8分11秒	通过fd发送了一次数据，fd为:113
2019年2月15日5时8分11秒	通过fd发送了一次数据，fd为:114
2019年2月15日5时8分11秒	通过fd发送了一次数据，fd为:113
2019年2月15日5时8分11秒	通过fd发送了一次数据，fd为:114
2019年2月15日5时8分11秒	通过fd发送了一次数据，fd为:113
2019年2月15日5时8分11秒	通过fd发送了一次数据，fd为:113
2019年2月15日5时8分11秒	通过fd发送了一次数据，fd为:114
2019年2月15日5时8分11秒	通过fd发送了一次数据，fd为:113
2019年2月15日5时8分11秒	通过fd发送了一次数据，fd为:
2019年2月15日5时8分11秒	通过fd发送了一次数据，fd为:113
2019年2月15日5时8分11秒	通过fd发送了一次数据，fd为:113
2019年2月15日5时8分11秒	通过fd发送了一次数据，fd为:115
2019年2月15日5时8分11秒	通过fd发送了一次数据，fd为:113
2019年2月15日5时8分11秒	通过fd发送了一次数据，fd为:113
2019年2月15日5时8分11秒	通过fd发送了一次数据，fd为:115
2019年2月15日5时8分11秒	通过fd发送了一次数据，fd为:116
2019年2月15日5时8分11秒	通过fd发送了一次数据，fd为:117
2019年2月15日5时8分11秒	通过fd发送了一次数据，fd为:116
2019年2月15日5时8分11秒	通过fd发送了一次数据，fd为:117
2019年2月15日5时8分11秒	通过fd发送了一次数据，fd为:116
2019年2月15日5时8分11秒	通过fd发送了一次数据，fd为:117
2019年2月15日5时8分11秒	通过fd发送了一次数据，fd为:116
2019年2月15日5时8分11秒	通过fd发送了一次数据，fd为:
2019年2月15日5时8分11秒	通过fd发送了一次数据，fd为:116
2019年2月15日5时8分11秒	通过fd发送了一次数据，fd为:116
2019年2月15日5时8分11秒	通过fd发送了一次数据，fd为:117
2019年2月15日5时8分11秒	通过fd发送了一次数据，fd为:118
2019年2月15日5时8分11秒	通过fd发送了一次数据，fd为:117
2019年2月15日5时8分11秒	通过fd发送了一次数据，fd为:118
2019年2月15日5时8分11秒	通过fd发送了一次数据，fd为:117
2019年2月15日5时8分11秒	通过fd发送了一次数据，fd为:117
2019年2月15日5时8分11秒	通过fd发送了一次数据，fd为:117
2019年2月15日5时8分11秒	通过fd发送了一次数据，fd为:118
2019年2月15日5时8分11秒	通过fd发送了一次数据，fd为:117
2019年2月15日5时8分11秒	通过fd发送了一次数据，fd为:117
2019年2月15日5时8分11秒	通过fd发送了一次数据，fd为:119
2019年2月15日5时8分11秒	通过fd发送了一次数据，fd为:
2019年2月15日5时8分11秒	通过fd发送了一次数据，fd为:119
2019年2月15日5时8分11秒	通过fd发送了一次数据，fd为:117
2019年2月15日5时8分11秒	通过fd发送了一次数据，fd为:119
2019年2月15日5时8分11秒	通过fd发送了一次数据，fd为:117
2019年2月15日5时8分11秒	通过fd发送了一次数据，fd为:117
2019年2月15日5时8分11秒	通过fd发送了一次数据，fd为:119
2019年2月15日5时8分11秒	通过fd发送了一次数据，fd为:120
2019年2月15日5时8分11秒	通过fd发送了一次数据，fd为:119
2019年2月15日5时8分11秒	通过fd发送了一次数据，fd为:120
2019年2月15日5时8分11秒	通过fd发送了一次数据，fd为:119
2019年2月15日5时8分11秒	通过fd发送了一次数据，fd为:120
2019年2月15日5时8分11秒	通过fd发送了一次数据，fd为:119
2019年2月15日5时8分11秒	通过fd发送了一次数据，fd为:120
2019年2月15日5时8分11秒	通过fd发送了一次数据，fd为:
119
2019年2月15日5时8分11秒	通过fd发送了一次数据，fd为:121
2019年2月15日5时8分11秒	通过fd发送了一次数据，fd为:121
2019年2月15日5时8分11秒	通过fd发送了一次数据，fd为:121
2019年2月15日5时8分11秒	通过fd发送了一次数据，fd为:121
2019年2月15日5时8分11秒	通过fd发送了一次数据，fd为:121
2019年2月15日5时8分11秒	通过fd发送了一次数据，fd为:122
2019年2月15日5时8分11秒	通过fd发送了一次数据，fd为:121
2019年2月15日5时8分11秒	通过fd发送了一次数据，fd为:121
2019年2月15日5时8分11秒	通过fd发送了一次数据，fd为:122
2019年2月15日5时8分11秒	通过fd发送了一次数据，fd为:121
2019年2月15日5时8分11秒	通过fd发送了一次数据，fd为:121
2019年2月15日5时8分11秒	通过fd发送了一次数据，fd为:122
2019年2月15日5时8分11秒	通过fd发送了一次数据，fd为:121
2019年2月15日5时8分11秒	通过fd发送了一次数据，fd为:
2019年2月15日5时8分11秒	通过fd发送了一次数据，fd为:124
2019年2月15日5时8分11秒	通过fd发送了一次数据，fd为:125
2019年2月15日5时8分11秒	通过fd发送了一次数据，fd为:124
2019年2月15日5时8分11秒	通过fd发送了一次数据，fd为:125
2019年2月15日5时8分11秒	通过fd发送了一次数据，fd为:124
2019年2月15日5时8分11秒	通过fd发送了一次数据，fd为:124
2019年2月15日5时8分11秒	通过fd发送了一次数据，fd为:125
2019年2月15日5时8分11秒	通过fd发送了一次数据，fd为:124
2019年2月15日5时8分11秒	通过fd发送了一次数据，fd为:125
2019年2月15日5时8分11秒	通过fd发送了一次数据，fd为:124
2019年2月15日5时8分11秒	通过fd发送了一次数据，fd为:125
2019年2月15日5时8分11秒	通过fd发送了一次数据，fd为:124
2019年2月15日5时8分11秒	通过fd发送了一次数据，fd为:124
2019年2月15日5时8分11秒	通过fd发送了一次数据，fd为:
2019年2月15日5时8分11秒	通过fd发送了一次数据，fd为:125
2019年2月15日5时8分11秒	通过fd发送了一次数据，fd为:124
2019年2月15日5时8分11秒	通过fd发送了一次数据，fd为:124
2019年2月15日5时8分11秒	通过fd发送了一次数据，fd为:125
2019年2月15日5时8分11秒	通过fd发送了一次数据，fd为:127
2019年2月15日5时8分11秒	通过fd发送了一次数据，fd为:128
2019年2月15日5时8分11秒	通过fd发送了一次数据，fd为:127
2019年2月15日5时8分11秒	通过fd发送了一次数据，fd为:127
2019年2月15日5时8分11秒	通过fd发送了一次数据，fd为:127
2019年2月15日5时8分11秒	通过fd发送了一次数据，fd为:127
2019年2月15日5时8分11秒	通过fd发送了一次数据，fd为:128
2019年2月15日5时8分11秒	通过fd发送了一次数据，fd为:128
2019年2月15日5时8分11秒	通过fd发送了一次数据，fd为:128
2019年2月15日5时8分11秒	通过fd发送了一次数据，fd为:
128
2019年2月15日5时8分11秒	通过fd发送了一次数据，fd为:128
2019年2月15日5时8分11秒	通过fd发送了一次数据，fd为:129
2019年2月15日5时8分11秒	通过fd发送了一次数据，fd为:128
2019年2月15日5时8分11秒	通过fd发送了一次数据，fd为:129
2019年2月15日5时8分11秒	通过fd发送了一次数据，fd为:128
2019年2月15日5时8分11秒	通过fd发送了一次数据，fd为:128
2019年2月15日5时8分11秒	通过fd发送了一次数据，fd为:129
2019年2月15日5时8分11秒	通过fd发送了一次数据，fd为:128
2019年2月15日5时8分11秒	通过fd发送了一次数据，fd为:128
2019年2月15日5时8分11秒	通过fd发送了一次数据，fd为:129
2019年2月15日5时8分11秒	通过fd发送了一次数据，fd为:130
2019年2月15日5时8分11秒	通过fd发送了一次数据，fd为:129
2019年2月15日5时8分11秒	通过fd发送了一次数据，fd为:130
2019年2月15日5时8分11秒	通过fd发送了一次数据，fd为:
129
2019年2月15日5时8分11秒	通过fd发送了一次数据，fd为:130
2019年2月15日5时8分11秒	通过fd发送了一次数据，fd为:129
2019年2月15日5时8分11秒	通过fd发送了一次数据，fd为:129
2019年2月15日5时8分11秒	通过fd发送了一次数据，fd为:129
2019年2月15日5时8分11秒	通过fd发送了一次数据，fd为:130
2019年2月15日5时8分11秒	通过fd发送了一次数据，fd为:129
2019年2月15日5时8分11秒	通过fd发送了一次数据，fd为:130
2019年2月15日5时8分11秒	通过fd发送了一次数据，fd为:129
2019年2月15日5时8分11秒	通过fd发送了一次数据，fd为:130
2019年2月15日5时8分11秒	通过fd发送了一次数据，fd为:129
2019年2月15日5时8分11秒	通过fd发送了一次数据，fd为:129
2019年2月15日5时8分11秒	通过fd发送了一次数据，fd为:130
2019年2月15日5时8分11秒	通过fd发送了一次数据，fd为:129
2019年2月15日5时8分11秒	通过fd发送了一次数据，fd为:
2019年2月15日5时8分11秒	通过fd发送了一次数据，fd为:130
2019年2月15日5时8分11秒	通过fd发送了一次数据，fd为:129
2019年2月15日5时8分11秒	通过fd发送了一次数据，fd为:130
2019年2月15日5时8分11秒	通过fd发送了一次数据，fd为:131
2019年2月15日5时8分11秒	通过fd发送了一次数据，fd为:130
2019年2月15日5时8分11秒	通过fd发送了一次数据，fd为:131
2019年2月15日5时8分11秒	通过fd发送了一次数据，fd为:130
2019年2月15日5时8分11秒	通过fd发送了一次数据，fd为:131
2019年2月15日5时8分11秒	通过fd发送了一次数据，fd为:132
2019年2月15日5时8分11秒	通过fd发送了一次数据，fd为:131
2019年2月15日5时8分11秒	通过fd发送了一次数据，fd为:132
2019年2月15日5时8分11秒	通过fd发送了一次数据，fd为:131
2019年2月15日5时8分11秒	通过fd发送了一次数据，fd为:131
2019年2月15日5时8分11秒	通过fd发送了一次数据，fd为:
2019年2月15日5时8分11秒	通过fd发送了一次数据，fd为:131
2019年2月15日5时8分11秒	通过fd发送了一次数据，fd为:131
2019年2月15日5时8分11秒	通过fd发送了一次数据，fd为:132
2019年2月15日5时8分11秒	通过fd发送了一次数据，fd为:131
2019年2月15日5时8分11秒	通过fd发送了一次数据，fd为:132
2019年2月15日5时8分11秒	通过fd发送了一次数据，fd为:131
2019年2月15日5时8分11秒	通过fd发送了一次数据，fd为:131
2019年2月15日5时8分11秒	通过fd发送了一次数据，fd为:132
2019年2月15日5时8分11秒	通过fd发送了一次数据，fd为:131
2019年2月15日5时8分11秒	通过fd发送了一次数据，fd为:132
2019年2月15日5时8分11秒	通过fd发送了一次数据，fd为:131
2019年2月15日5时8分11秒	通过fd发送了一次数据，fd为:132

2019年2月15日5时8分12秒	通过fd发送了一次数据，fd为:131
2019年2月15日5时8分12秒	通过fd发送了一次数据，fd为:132
2019年2月15日5时8分12秒	通过fd发送了一次数据，fd为:131
2019年2月15日5时8分12秒	通过fd发送了一次数据，fd为:131
2019年2月15日5时8分12秒	通过fd发送了一次数据，fd为:131
2019年2月15日5时8分12秒	通过fd发送了一次数据，fd为:132
2019年2月15日5时8分12秒	通过fd发送了一次数据，fd为:131
2019年2月15日5时8分12秒	通过fd发送了一次数据，fd为:132
2019年2月15日5时8分12秒	通过fd发送了一次数据，fd为:131
2019年2月15日5时8分12秒	通过fd发送了一次数据，fd为:131
2019年2月15日5时8分12秒	通过fd发送了一次数据，fd为:132
2019年2月15日5时8分12秒	通过fd发送了一次数据，fd为:131
2019年2月15日5时8分12秒	通过fd发送了一次数据，fd为:131
2019年2月15日5时8分12秒	通过fd发送了一次数据，fd为:
132
2019年2月15日5时8分12秒	通过fd发送了一次数据，fd为:133
2019年2月15日5时8分12秒	通过fd发送了一次数据，fd为:132
2019年2月15日5时8分12秒	通过fd发送了一次数据，fd为:133
2019年2月15日5时8分12秒	通过fd发送了一次数据，fd为:132
2019年2月15日5时8分12秒	通过fd发送了一次数据，fd为:134
2019年2月15日5时8分12秒	通过fd发送了一次数据，fd为:134
2019年2月15日5时8分12秒	通过fd发送了一次数据，fd为:134
2019年2月15日5时8分12秒	通过fd发送了一次数据，fd为:135
2019年2月15日5时8分12秒	通过fd发送了一次数据，fd为:135
2019年2月15日5时8分12秒	通过fd发送了一次数据，fd为:135
2019年2月15日5时8分12秒	通过fd发送了一次数据，fd为:136
2019年2月15日5时8分12秒	通过fd发送了一次数据，fd为:135
2019年2月15日5时8分12秒	通过fd发送了一次数据，fd为:136
2019年2月15日5时8分12秒	通过fd发送了一次数据，fd为:
135
2019年2月15日5时8分12秒	通过fd发送了一次数据，fd为:135
2019年2月15日5时8分12秒	通过fd发送了一次数据，fd为:136
2019年2月15日5时8分12秒	通过fd发送了一次数据，fd为:137
2019年2月15日5时8分12秒	通过fd发送了一次数据，fd为:136
2019年2月15日5时8分12秒	通过fd发送了一次数据，fd为:137
2019年2月15日5时8分12秒	通过fd发送了一次数据，fd为:136
2019年2月15日5时8分12秒	通过fd发送了一次数据，fd为:137
2019年2月15日5时8分12秒	通过fd发送了一次数据，fd为:136
2019年2月15日5时8分12秒	通过fd发送了一次数据，fd为:136
2019年2月15日5时8分12秒	通过fd发送了一次数据，fd为:136
2019年2月15日5时8分12秒	通过fd发送了一次数据，fd为:137
2019年2月15日5时8分12秒	通过fd发送了一次数据，fd为:136
2019年2月15日5时8分12秒	通过fd发送了一次数据，fd为:137
2019年2月15日5时8分12秒	通过fd发送了一次数据，fd为:
2019年2月15日5时8分12秒	通过fd发送了一次数据，fd为:136
2019年2月15日5时8分12秒	通过fd发送了一次数据，fd为:136
2019年2月15日5时8分12秒	通过fd发送了一次数据，fd为:136
2019年2月15日5时8分12秒	通过fd发送了一次数据，fd为:136
2019年2月15日5时8分12秒	通过fd发送了一次数据，fd为:136
2019年2月15日5时8分12秒	通过fd发送了一次数据，fd为:137
2019年2月15日5时8分12秒	通过fd发送了一次数据，fd为:136
2019年2月15日5时8分12秒	通过fd发送了一次数据，fd为:136
2019年2月15日5时8分12秒	通过fd发送了一次数据，fd为:136
2019年2月15日5时8分12秒	通过fd发送了一次数据，fd为:137
2019年2月15日5时8分12秒	通过fd发送了一次数据，fd为:136
2019年2月15日5时8分12秒	通过fd发送了一次数据，fd为:136
2019年2月15日5时8分12秒	通过fd发送了一次数据，fd为:136
2019年2月15日5时8分12秒	通过fd发送了一次数据，fd为:
137
2019年2月15日5时8分12秒	通过fd发送了一次数据，fd为:137
2019年2月15日5时8分12秒	通过fd发送了一次数据，fd为:138
2019年2月15日5时8分12秒	通过fd发送了一次数据，fd为:137
2019年2月15日5时8分12秒	通过fd发送了一次数据，fd为:138
2019年2月15日5时8分12秒	通过fd发送了一次数据，fd为:137
2019年2月15日5时8分12秒	通过fd发送了一次数据，fd为:137
2019年2月15日5时8分12秒	通过fd发送了一次数据，fd为:138
2019年2月15日5时8分12秒	通过fd发送了一次数据，fd为:137
2019年2月15日5时8分12秒	通过fd发送了一次数据，fd为:138
2019年2月15日5时8分12秒	通过fd发送了一次数据，fd为:137
2019年2月15日5时8分12秒	通过fd发送了一次数据，fd为:138
2019年2月15日5时8分12秒	通过fd发送了一次数据，fd为:139
2019年2月15日5时8分12秒	通过fd发送了一次数据，fd为:138
2019年2月15日5时8分12秒	通过fd发送了一次数据，fd为:
2019年2月15日5时8分12秒	通过fd发送了一次数据，fd为:138
2019年2月15日5时8分12秒	通过fd发送了一次数据，fd为:139
2019年2月15日5时8分12秒	通过fd发送了一次数据，fd为:138
2019年2月15日5时8分12秒	通过fd发送了一次数据，fd为:139
2019年2月15日5时8分12秒	通过fd发送了一次数据，fd为:138
2019年2月15日5时8分12秒	通过fd发送了一次数据，fd为:138
2019年2月15日5时8分12秒	通过fd发送了一次数据，fd为:138
2019年2月15日5时8分12秒	通过fd发送了一次数据，fd为:138
2019年2月15日5时8分12秒	通过fd发送了一次数据，fd为:139
2019年2月15日5时8分12秒	通过fd发送了一次数据，fd为:138
2019年2月15日5时8分12秒	通过fd发送了一次数据，fd为:139
2019年2月15日5时8分12秒	通过fd发送了一次数据，fd为:138
2019年2月15日5时8分12秒	通过fd发送了一次数据，fd为:138
2019年2月15日5时8分12秒	通过fd发送了一次数据，fd为:
2019年2月15日5时8分12秒	通过fd发送了一次数据，fd为:138
2019年2月15日5时8分12秒	通过fd发送了一次数据，fd为:139
2019年2月15日5时8分12秒	通过fd发送了一次数据，fd为:138
2019年2月15日5时8分12秒	通过fd发送了一次数据，fd为:140
2019年2月15日5时8分12秒	通过fd发送了一次数据，fd为:138
2019年2月15日5时8分12秒	通过fd发送了一次数据，fd为:140
2019年2月15日5时8分12秒	通过fd发送了一次数据，fd为:138
2019年2月15日5时8分12秒	通过fd发送了一次数据，fd为:140
2019年2月15日5时8分12秒	通过fd发送了一次数据，fd为:138
2019年2月15日5时8分12秒	通过fd发送了一次数据，fd为:140
2019年2月15日5时8分12秒	通过fd发送了一次数据，fd为:138
2019年2月15日5时8分12秒	通过fd发送了一次数据，fd为:140
2019年2月15日5时8分12秒	通过fd发送了一次数据，fd为:140
2019年2月15日5时8分12秒	通过fd发送了一次数据，fd为:
2019年2月15日5时8分12秒	通过fd发送了一次数据，fd为:141
2019年2月15日5时8分12秒	通过fd发送了一次数据，fd为:140
2019年2月15日5时8分12秒	通过fd发送了一次数据，fd为:141
2019年2月15日5时8分12秒	通过fd发送了一次数据，fd为:140
2019年2月15日5时8分12秒	通过fd发送了一次数据，fd为:141
2019年2月15日5时8分12秒	通过fd发送了一次数据，fd为:140
2019年2月15日5时8分12秒	通过fd发送了一次数据，fd为:140
2019年2月15日5时8分12秒	通过fd发送了一次数据，fd为:141
2019年2月15日5时8分12秒	通过fd发送了一次数据，fd为:140
2019年2月15日5时8分12秒	通过fd发送了一次数据，fd为:141
2019年2月15日5时8分12秒	通过fd发送了一次数据，fd为:140
2019年2月15日5时8分12秒	通过fd发送了一次数据，fd为:141
2019年2月15日5时8分12秒	通过fd发送了一次数据，fd为:140
2019年2月15日5时8分12秒	通过fd发送了一次数据，fd为:
2019年2月15日5时8分12秒	通过fd发送了一次数据，fd为:140
2019年2月15日5时8分12秒	通过fd发送了一次数据，fd为:140
2019年2月15日5时8分12秒	通过fd发送了一次数据，fd为:140
2019年2月15日5时8分12秒	通过fd发送了一次数据，fd为:141
2019年2月15日5时8分12秒	通过fd发送了一次数据，fd为:140
2019年2月15日5时8分12秒	通过fd发送了一次数据，fd为:141
2019年2月15日5时8分12秒	通过fd发送了一次数据，fd为:140
2019年2月15日5时8分12秒	通过fd发送了一次数据，fd为:140
2019年2月15日5时8分12秒	发送失败:140
2019年2月15日5时8分12秒	通过fd发送了一次数据，fd为:140
2019年2月15日5时8分12秒	通过fd发送了一次数据，fd为:140
2019年2月15日5时8分12秒	通过fd发送了一次数据，fd为:141
2019年2月15日5时8分12秒	通过fd发送了一次数据，fd为:140
2019年2月15日5时8分12秒	通过fd发送了一次数据，fd为:141
2019年2月15日5时8分12秒	通过fd发送了一次数据，fd为:
2019年2月15日5时8分12秒	通过fd发送了一次数据，fd为:141
2019年2月15日5时8分12秒	通过fd发送了一次数据，fd为:140
2019年2月15日5时8分12秒	通过fd发送了一次数据，fd为:141
2019年2月15日5时8分12秒	通过fd发送了一次数据，fd为:140
2019年2月15日5时8分12秒	通过fd发送了一次数据，fd为:141
2019年2月15日5时8分12秒	通过fd发送了一次数据，fd为:140
2019年2月15日5时8分12秒	通过fd发送了一次数据，fd为:141
2019年2月15日5时8分12秒	通过fd发送了一次数据，fd为:140
2019年2月15日5时8分12秒	通过fd发送了一次数据，fd为:141
2019年2月15日5时8分12秒	通过fd发送了一次数据，fd为:140
2019年2月15日5时8分12秒	通过fd发送了一次数据，fd为:141
2019年2月15日5时8分12秒	通过fd发送了一次数据，fd为:140
2019年2月15日5时8分12秒	通过fd发送了一次数据，fd为:141
2019年2月15日5时8分12秒	通过fd发送了一次数据，fd为:
140
2019年2月15日5时8分12秒	通过fd发送了一次数据，fd为:140
2019年2月15日5时8分12秒	通过fd发送了一次数据，fd为:140
2019年2月15日5时8分12秒	通过fd发送了一次数据，fd为:142
2019年2月15日5时8分12秒	通过fd发送了一次数据，fd为:140
2019年2月15日5时8分12秒	通过fd发送了一次数据，fd为:142
2019年2月15日5时8分12秒	通过fd发送了一次数据，fd为:140
2019年2月15日5时8分12秒	通过fd发送了一次数据，fd为:142
2019年2月15日5时8分12秒	通过fd发送了一次数据，fd为:140
2019年2月15日5时8分12秒	通过fd发送了一次数据，fd为:143
2019年2月15日5时8分12秒	通过fd发送了一次数据，fd为:144
2019年2月15日5时8分12秒	通过fd发送了一次数据，fd为:143
2019年2月15日5时8分12秒	通过fd发送了一次数据，fd为:144
2019年2月15日5时8分12秒	通过fd发送了一次数据，fd为:143
2019年2月15日5时8分12秒	通过fd发送了一次数据，fd为:
2019年2月15日5时8分12秒	通过fd发送了一次数据，fd为:143
2019年2月15日5时8分12秒	通过fd发送了一次数据，fd为:144
2019年2月15日5时8分12秒	通过fd发送了一次数据，fd为:143
2019年2月15日5时8分12秒	通过fd发送了一次数据，fd为:143
2019年2月15日5时8分12秒	通过fd发送了一次数据，fd为:143
2019年2月15日5时8分12秒	通过fd发送了一次数据，fd为:144
2019年2月15日5时8分12秒	通过fd发送了一次数据，fd为:143
2019年2月15日5时8分12秒	通过fd发送了一次数据，fd为:145
2019年2月15日5时8分12秒	通过fd发送了一次数据，fd为:143
2019年2月15日5时8分12秒	通过fd发送了一次数据，fd为:143
2019年2月15日5时8分12秒	通过fd发送了一次数据，fd为:143
2019年2月15日5时8分12秒	通过fd发送了一次数据，fd为:143
2019年2月15日5时8分12秒	通过fd发送了一次数据，fd为:143
2019年2月15日5时8分12秒	通过fd发送了一次数据，fd为:
2019年2月15日5时8分12秒	通过fd发送了一次数据，fd为:143
2019年2月15日5时8分12秒	通过fd发送了一次数据，fd为:145
2019年2月15日5时8分12秒	通过fd发送了一次数据，fd为:143
2019年2月15日5时8分12秒	通过fd发送了一次数据，fd为:143
2019年2月15日5时8分12秒	通过fd发送了一次数据，fd为:146
2019年2月15日5时8分12秒	通过fd发送了一次数据，fd为:143
2019年2月15日5时8分12秒	通过fd发送了一次数据，fd为:146
2019年2月15日5时8分12秒	通过fd发送了一次数据，fd为:143
2019年2月15日5时8分12秒	通过fd发送了一次数据，fd为:146
2019年2月15日5时8分12秒	通过fd发送了一次数据，fd为:143
2019年2月15日5时8分12秒	通过fd发送了一次数据，fd为:146
2019年2月15日5时8分12秒	通过fd发送了一次数据，fd为:143
2019年2月15日5时8分12秒	通过fd发送了一次数据，fd为:146
2019年2月15日5时8分12秒	通过fd发送了一次数据，fd为:
143
2019年2月15日5时8分12秒	通过fd发送了一次数据，fd为:143
2019年2月15日5时8分12秒	通过fd发送了一次数据，fd为:146
2019年2月15日5时8分12秒	通过fd发送了一次数据，fd为:143
2019年2月15日5时8分12秒	通过fd发送了一次数据，fd为:146
2019年2月15日5时8分12秒	通过fd发送了一次数据，fd为:143
2019年2月15日5时8分12秒	通过fd发送了一次数据，fd为:143
2019年2月15日5时8分12秒	通过fd发送了一次数据，fd为:143
2019年2月15日5时8分12秒	通过fd发送了一次数据，fd为:143
2019年2月15日5时8分12秒	通过fd发送了一次数据，fd为:143
2019年2月15日5时8分12秒	通过fd发送了一次数据，fd为:146
2019年2月15日5时8分13秒	通过fd发送了一次数据，fd为:147
2019年2月15日5时8分13秒	通过fd发送了一次数据，fd为:146
2019年2月15日5时8分13秒	通过fd发送了一次数据，fd为:147
2019年2月15日5时8分13秒	通过fd发送了一次数据，fd为:
2019年2月15日5时8分13秒	通过fd发送了一次数据，fd为:148
2019年2月15日5时8分13秒	通过fd发送了一次数据，fd为:146
2019年2月15日5时8分13秒	通过fd发送了一次数据，fd为:148
2019年2月15日5时8分13秒	通过fd发送了一次数据，fd为:146
2019年2月15日5时8分13秒	通过fd发送了一次数据，fd为:146
2019年2月15日5时8分13秒	通过fd发送了一次数据，fd为:146
2019年2月15日5时8分13秒	通过fd发送了一次数据，fd为:148
2019年2月15日5时8分13秒	通过fd发送了一次数据，fd为:150
2019年2月15日5时8分13秒	通过fd发送了一次数据，fd为:150
2019年2月15日5时8分13秒	通过fd发送了一次数据，fd为:151
2019年2月15日5时8分13秒	通过fd发送了一次数据，fd为:150
2019年2月15日5时8分13秒	通过fd发送了一次数据，fd为:151
2019年2月15日5时8分13秒	通过fd发送了一次数据，fd为:150
2019年2月15日5时8分13秒	通过fd发送了一次数据，fd为:
151
2019年2月15日5时8分13秒	通过fd发送了一次数据，fd为:150
2019年2月15日5时8分13秒	通过fd发送了一次数据，fd为:151
2019年2月15日5时8分13秒	通过fd发送了一次数据，fd为:150
2019年2月15日5时8分13秒	通过fd发送了一次数据，fd为:150
2019年2月15日5时8分13秒	通过fd发送了一次数据，fd为:150
2019年2月15日5时8分13秒	通过fd发送了一次数据，fd为:151
2019年2月15日5时8分13秒	通过fd发送了一次数据，fd为:153
2019年2月15日5时8分13秒	通过fd发送了一次数据，fd为:151
2019年2月15日5时8分13秒	通过fd发送了一次数据，fd为:151
2019年2月15日5时8分13秒	通过fd发送了一次数据，fd为:153
2019年2月15日5时8分13秒	通过fd发送了一次数据，fd为:151
2019年2月15日5时8分13秒	通过fd发送了一次数据，fd为:153
2019年2月15日5时8分13秒	通过fd发送了一次数据，fd为:151
2019年2月15日5时8分13秒	通过fd发送了一次数据，fd为:
2019年2月15日5时8分13秒	通过fd发送了一次数据，fd为:151
2019年2月15日5时8分13秒	通过fd发送了一次数据，fd为:153
2019年2月15日5时8分13秒	通过fd发送了一次数据，fd为:151
2019年2月15日5时8分13秒	通过fd发送了一次数据，fd为:151
2019年2月15日5时8分13秒	通过fd发送了一次数据，fd为:151
2019年2月15日5时8分13秒	通过fd发送了一次数据，fd为:153
2019年2月15日5时8分13秒	通过fd发送了一次数据，fd为:151
2019年2月15日5时8分13秒	通过fd发送了一次数据，fd为:153
2019年2月15日5时8分13秒	通过fd发送了一次数据，fd为:151
2019年2月15日5时8分13秒	通过fd发送了一次数据，fd为:153
2019年2月15日5时8分13秒	通过fd发送了一次数据，fd为:151
2019年2月15日5时8分13秒	通过fd发送了一次数据，fd为:153
2019年2月15日5时8分13秒	通过fd发送了一次数据，fd为:151
2019年2月15日5时8分13秒	通过fd发送了一次数据，fd为:
testlog

2019年2月15日5时8分34秒	通过fd发送了一次数据，fd为:21
2019年2月15日5时8分34秒	通过fd发送了一次数据，fd为:26
2019年2月15日5时8分34秒	通过fd发送了一次数据，fd为:27
2019年2月15日5时8分34秒	通过fd发送了一次数据，fd为:23
2019年2月15日5时8分34秒	通过fd发送了一次数据，fd为:28
2019年2月15日5时8分34秒	通过fd发送了一次数据，fd为:29
2019年2月15日5时8分34秒	通过fd发送了一次数据，fd为:30
2019年2月15日5时8分34秒	通过fd发送了一次数据，fd为:31
2019年2月15日5时8分34秒	通过fd发送了一次数据，fd为:32
2019年2月15日5时8分34秒	通过fd发送了一次数据，fd为:25
2019年2月15日5时8分34秒	通过fd发送了一次数据，fd为:33
2019年2月15日5时8分34秒	通过fd发送了一次数据，fd为:22
2019年2月15日5时8分34秒	通过fd发送了一次数据，fd为:34
2019年2月15日5时8分34秒	通过fd发送了一次数据，fd为:21
2019年2月15日5时8分34秒	通过fd发送了一次数据，fd为:
2019年2月15日5时8分34秒	通过fd发送了一次数据，fd为:28
2019年2月15日5时8分34秒	通过fd发送了一次数据，fd为:27
2019年2月15日5时8分34秒	通过fd发送了一次数据，fd为:38
2019年2月15日5时8分34秒	通过fd发送了一次数据，fd为:29
2019年2月15日5时8分34秒	通过fd发送了一次数据，fd为:23
2019年2月15日5时8分34秒	通过fd发送了一次数据，fd为:21
2019年2月15日5时8分34秒	通过fd发送了一次数据，fd为:22
2019年2月15日5时8分34秒	通过fd发送了一次数据，fd为:25
2019年2月15日5时8分34秒	通过fd发送了一次数据，fd为:21
2019年2月15日5时8分34秒	通过fd发送了一次数据，fd为:22
2019年2月15日5时8分34秒	通过fd发送了一次数据，fd为:21
2019年2月15日5时8分34秒	通过fd发送了一次数据，fd为:23
2019年2月15日5时8分34秒	通过fd发送了一次数据，fd为:22
2019年2月15日5时8分34秒	通过fd发送了一次数据，fd为:23
2019年2月15日5时8分34秒	通过fd发送了一次数据，fd为:
2019年2月15日5时8分34秒	通过fd发送了一次数据，fd为:21
2019年2月15日5时8分34秒	通过fd发送了一次数据，fd为:21
2019年2月15日5时8分34秒	通过fd发送了一次数据，fd为:22
2019年2月15日5时8分34秒	通过fd发送了一次数据，fd为:21
2019年2月15日5时8分34秒	通过fd发送了一次数据，fd为:21
2019年2月15日5时8分34秒	通过fd发送了一次数据，fd为:22
2019年2月15日5时8分34秒	通过fd发送了一次数据，fd为:21
2019年2月15日5时8分34秒	通过fd发送了一次数据，fd为:22
2019年2月15日5时8分34秒	通过fd发送了一次数据，fd为:21
2019年2月15日5时8分34秒	通过fd发送了一次数据，fd为:22
2019年2月15日5时8分34秒	通过fd发送了一次数据，fd为:21
2019年2月15日5时8分34秒	通过fd发送了一次数据，fd为:22
2019年2月15日5时8分34秒	通过fd发送了一次数据，fd为:21
2019年2月15日5时8分34秒	通过fd发送了一次数据，fd为:22
2019年2月15日5时8分34秒	通过fd发送了一次数据，fd为:
21
2019年2月15日5时8分34秒	通过fd发送了一次数据，fd为:22
2019年2月15日5时8分34秒	通过fd发送了一次数据，fd为:21
2019年2月15日5时8分34秒	通过fd发送了一次数据，fd为:21
2019年2月15日5时8分34秒	通过fd发送了一次数据，fd为:22
2019年2月15日5时8分34秒	通过fd发送了一次数据，fd为:21
2019年2月15日5时8分34秒	通过fd发送了一次数据，fd为:22
2019年2月15日5时8分34秒	通过fd发送了一次数据，fd为:21
2019年2月15日5时8分34秒	通过fd发送了一次数据，fd为:21
2019年2月15日5时8分34秒	通过fd发送了一次数据，fd为:22
2019年2月15日5时8分34秒	通过fd发送了一次数据，fd为:21
2019年2月15日5时8分34秒	通过fd发送了一次数据，fd为:22
2019年2月15日5时8分34秒	通过fd发送了一次数据，fd为:21
2019年2月15日5时8分34秒	通过fd发送了一次数据，fd为:22
2019年2月15日5时8分34秒	通过fd发送了一次数据，fd为:21
2019年2月15日5时8分34秒	通过fd发送了一次数据，fd为:
2019年2月15日5时8分34秒	通过fd发送了一次数据，fd为:21
2019年2月15日5时8分34秒	通过fd发送了一次数据，fd为:22
2019年2月15日5时8分34秒	通过fd发送了一次数据，fd为:21
2019年2月15日5时8分34秒	通过fd发送了一次数据，fd为:21
2019年2月15日5时8分34秒	通过fd发送了一次数据，fd为:22
2019年2月15日5时8分34秒	通过fd发送了一次数据，fd为:21
2019年2月15日5时8分34秒	通过fd发送了一次数据，fd为:22
2019年2月15日5时8分34秒	通过fd发送了一次数据，fd为:21
2019年2月15日5时8分34秒	通过fd发送了一次数据，fd为:22
2019年2月15日5时8分35秒	通过fd发送了一次数据，fd为:21
2019年2月15日5时8分35秒	通过fd发送了一次数据，fd为:22
2019年2月15日5时8分35秒	通过fd发送了一次数据，fd为:21
2019年2月15日5时8分35秒	通过fd发送了一次数据，fd为:22
2019年2月15日5时8分35秒	通过fd发送了一次数据，fd为:21
2019年2月15日5时8分35秒	通过fd发送了一次数据，fd为:
2019年2月15日5时8分35秒	通过fd发送了一次数据，fd为:22
2019年2月15日5时8分35秒	通过fd发送了一次数据，fd为:21
2019年2月15日5时8分35秒	通过fd发送了一次数据，fd为:21
2019年2月15日5时8分35秒	通过fd发送了一次数据，fd为:22
2019年2月15日5时8分35秒	通过fd发送了一次数据，fd为:21
















2019年2月15日5时9分23秒	通过fd发送了一次数据，fd为:22
2019年2月15日5时9分24秒	通过fd发送了一次数据，fd为:22
2019年2月15日5时9分24秒	发送失败:22



testlog

2019年2月15日5时9分38秒	通过fd发送了一次数据，fd为:21
2019年2月15日5时9分38秒	通过fd发送了一次数据，fd为:22
2019年2月15日5时9分38秒	通过fd发送了一次数据，fd为:23
2019年2月15日5时9分38秒	通过fd发送了一次数据，fd为:21
2019年2月15日5时9分38秒	通过fd发送了一次数据，fd为:22
2019年2月15日5时9分38秒	通过fd发送了一次数据，fd为:21
2019年2月15日5时9分38秒	通过fd发送了一次数据，fd为:21
2019年2月15日5时9分38秒	通过fd发送了一次数据，fd为:21
2019年2月15日5时9分38秒	通过fd发送了一次数据，fd为:22
2019年2月15日5时9分38秒	通过fd发送了一次数据，fd为:21
2019年2月15日5时9分38秒	通过fd发送了一次数据，fd为:21
2019年2月15日5时9分38秒	通过fd发送了一次数据，fd为:22
2019年2月15日5时9分38秒	通过fd发送了一次数据，fd为:23
2019年2月15日5时9分38秒	通过fd发送了一次数据，fd为:25
2019年2月15日5时9分38秒	通过fd发送了一次数据，fd为:
2019年2月15日5时9分38秒	通过fd发送了一次数据，fd为:26
2019年2月15日5时9分38秒	通过fd发送了一次数据，fd为:25
2019年2月15日5时9分38秒	通过fd发送了一次数据，fd为:25
2019年2月15日5时9分38秒	通过fd发送了一次数据，fd为:26
2019年2月15日5时9分38秒	通过fd发送了一次数据，fd为:25
2019年2月15日5时9分38秒	通过fd发送了一次数据，fd为:25
2019年2月15日5时9分38秒	通过fd发送了一次数据，fd为:26
2019年2月15日5时9分38秒	通过fd发送了一次数据，fd为:25
2019年2月15日5时9分38秒	通过fd发送了一次数据，fd为:25
2019年2月15日5时9分38秒	通过fd发送了一次数据，fd为:26
2019年2月15日5时9分38秒	通过fd发送了一次数据，fd为:25
2019年2月15日5时9分38秒	通过fd发送了一次数据，fd为:25
2019年2月15日5时9分38秒	通过fd发送了一次数据，fd为:26
2019年2月15日5时9分38秒	通过fd发送了一次数据，fd为:25
2019年2月15日5时9分38秒	通过fd发送了一次数据，fd为:
25
2019年2月15日5时9分38秒	通过fd发送了一次数据，fd为:25
2019年2月15日5时9分38秒	通过fd发送了一次数据，fd为:25
2019年2月15日5时9分38秒	通过fd发送了一次数据，fd为:26
2019年2月15日5时9分38秒	通过fd发送了一次数据，fd为:25
2019年2月15日5时9分38秒	通过fd发送了一次数据，fd为:25
2019年2月15日5时9分38秒	通过fd发送了一次数据，fd为:25
2019年2月15日5时9分38秒	通过fd发送了一次数据，fd为:25
2019年2月15日5时9分38秒	通过fd发送了一次数据，fd为:25
2019年2月15日5时9分38秒	通过fd发送了一次数据，fd为:26
2019年2月15日5时9分38秒	通过fd发送了一次数据，fd为:25
2019年2月15日5时9分38秒	通过fd发送了一次数据，fd为:26
2019年2月15日5时9分38秒	通过fd发送了一次数据，fd为:25
2019年2月15日5时9分38秒	通过fd发送了一次数据，fd为:25
2019年2月15日5时9分38秒	通过fd发送了一次数据，fd为:26
2019年2月15日5时9分38秒	通过fd发送了一次数据，fd为:
2019年2月15日5时9分38秒	通过fd发送了一次数据，fd为:26
2019年2月15日5时9分38秒	通过fd发送了一次数据，fd为:25
2019年2月15日5时9分38秒	通过fd发送了一次数据，fd为:25
2019年2月15日5时9分38秒	通过fd发送了一次数据，fd为:25
2019年2月15日5时9分38秒	通过fd发送了一次数据，fd为:25
2019年2月15日5时9分38秒	通过fd发送了一次数据，fd为:27
2019年2月15日5时9分38秒	通过fd发送了一次数据，fd为:25
2019年2月15日5时9分38秒	通过fd发送了一次数据，fd为:27
2019年2月15日5时9分38秒	通过fd发送了一次数据，fd为:25
2019年2月15日5时9分38秒	通过fd发送了一次数据，fd为:25
2019年2月15日5时9分38秒	通过fd发送了一次数据，fd为:28
2019年2月15日5时9分38秒	通过fd发送了一次数据，fd为:25
2019年2月15日5时9分38秒	通过fd发送了一次数据，fd为:28
2019年2月15日5时9分38秒	通过fd发送了一次数据，fd为:25
2019年2月15日5时9分38秒	通过fd发送了一次数据，fd为:
2019年2月15日5时9分38秒	通过fd发送了一次数据，fd为:28
2019年2月15日5时9分38秒	通过fd发送了一次数据，fd为:25
2019年2月15日5时9分38秒	通过fd发送了一次数据，fd为:25
2019年2月15日5时9分38秒	通过fd发送了一次数据，fd为:28
2019年2月15日5时9分38秒	通过fd发送了一次数据，fd为:25
2019年2月15日5时9分38秒	通过fd发送了一次数据，fd为:28
2019年2月15日5时9分38秒	通过fd发送了一次数据，fd为:25
2019年2月15日5时9分38秒	通过fd发送了一次数据，fd为:28
2019年2月15日5时9分38秒	通过fd发送了一次数据，fd为:25
2019年2月15日5时9分38秒	通过fd发送了一次数据，fd为:28
2019年2月15日5时9分38秒	通过fd发送了一次数据，fd为:25
2019年2月15日5时9分38秒	通过fd发送了一次数据，fd为:28
2019年2月15日5时9分38秒	通过fd发送了一次数据，fd为:25
2019年2月15日5时9分38秒	通过fd发送了一次数据，fd为:29
2019年2月15日5时9分38秒	通过fd发送了一次数据，fd为:
25
2019年2月15日5时9分38秒	通过fd发送了一次数据，fd为:25
2019年2月15日5时9分38秒	通过fd发送了一次数据，fd为:29
2019年2月15日5时9分38秒	通过fd发送了一次数据，fd为:30
2019年2月15日5时9分38秒	通过fd发送了一次数据，fd为:29
2019年2月15日5时9分38秒	通过fd发送了一次数据，fd为:29
2019年2月15日5时9分38秒	通过fd发送了一次数据，fd为:29
2019年2月15日5时9分38秒	通过fd发送了一次数据，fd为:30
2019年2月15日5时9分38秒	通过fd发送了一次数据，fd为:29
2019年2月15日5时9分38秒	通过fd发送了一次数据，fd为:30
2019年2月15日5时9分38秒	通过fd发送了一次数据，fd为:29
2019年2月15日5时9分38秒	通过fd发送了一次数据，fd为:30
2019年2月15日5时9分38秒	通过fd发送了一次数据，fd为:29
2019年2月15日5时9分38秒	通过fd发送了一次数据，fd为:30
2019年2月15日5时9分38秒	通过fd发送了一次数据，fd为:29
2019年2月15日5时9分38秒	通过fd发送了一次数据，fd为:
2019年2月15日5时9分38秒	通过fd发送了一次数据，fd为:31
2019年2月15日5时9分38秒	通过fd发送了一次数据，fd为:29
2019年2月15日5时9分38秒	通过fd发送了一次数据，fd为:31
2019年2月15日5时9分38秒	通过fd发送了一次数据，fd为:29
2019年2月15日5时9分38秒	通过fd发送了一次数据，fd为:31
2019年2月15日5时9分38秒	通过fd发送了一次数据，fd为:29
2019年2月15日5时9分38秒	通过fd发送了一次数据，fd为:31
2019年2月15日5时9分38秒	通过fd发送了一次数据，fd为:31
2019年2月15日5时9分38秒	通过fd发送了一次数据，fd为:32
2019年2月15日5时9分38秒	通过fd发送了一次数据，fd为:31
2019年2月15日5时9分38秒	通过fd发送了一次数据，fd为:32
2019年2月15日5时9分38秒	通过fd发送了一次数据，fd为:32
2019年2月15日5时9分38秒	通过fd发送了一次数据，fd为:33
2019年2月15日5时9分38秒	通过fd发送了一次数据，fd为:32
2019年2月15日5时9分38秒	通过fd发送了一次数据，fd为:
2019年2月15日5时9分38秒	通过fd发送了一次数据，fd为:32
2019年2月15日5时9分38秒	通过fd发送了一次数据，fd为:33
2019年2月15日5时9分38秒	通过fd发送了一次数据，fd为:32
2019年2月15日5时9分38秒	通过fd发送了一次数据，fd为:33
2019年2月15日5时9分38秒	通过fd发送了一次数据，fd为:32
2019年2月15日5时9分38秒	通过fd发送了一次数据，fd为:32
2019年2月15日5时9分38秒	通过fd发送了一次数据，fd为:34
2019年2月15日5时9分38秒	通过fd发送了一次数据，fd为:32
2019年2月15日5时9分38秒	通过fd发送了一次数据，fd为:34
2019年2月15日5时9分38秒	通过fd发送了一次数据，fd为:32
2019年2月15日5时9分38秒	通过fd发送了一次数据，fd为:34
2019年2月15日5时9分38秒	通过fd发送了一次数据，fd为:32
2019年2月15日5时9分38秒	通过fd发送了一次数据，fd为:34
2019年2月15日5时9分38秒	通过fd发送了一次数据，fd为:32
2019年2月15日5时9分38秒	通过fd发送了一次数据，fd为:
32
2019年2月15日5时9分38秒	通过fd发送了一次数据，fd为:34
2019年2月15日5时9分38秒	通过fd发送了一次数据，fd为:32
2019年2月15日5时9分38秒	通过fd发送了一次数据，fd为:32
2019年2月15日5时9分38秒	通过fd发送了一次数据，fd为:34
2019年2月15日5时9分38秒	通过fd发送了一次数据，fd为:32
2019年2月15日5时9分38秒	通过fd发送了一次数据，fd为:32
2019年2月15日5时9分38秒	通过fd发送了一次数据，fd为:38
2019年2月15日5时9分38秒	通过fd发送了一次数据，fd为:32
2019年2月15日5时9分38秒	通过fd发送了一次数据，fd为:38
2019年2月15日5时9分38秒	通过fd发送了一次数据，fd为:32
2019年2月15日5时9分38秒	通过fd发送了一次数据，fd为:38
2019年2月15日5时9分38秒	通过fd发送了一次数据，fd为:32
2019年2月15日5时9分38秒	通过fd发送了一次数据，fd为:32
2019年2月15日5时9分38秒	通过fd发送了一次数据，fd为:38
2019年2月15日5时9分38秒	通过fd发送了一次数据，fd为:
2019年2月15日5时9分39秒	通过fd发送了一次数据，fd为:38
2019年2月15日5时9分39秒	通过fd发送了一次数据，fd为:32
2019年2月15日5时9分39秒	通过fd发送了一次数据，fd为:32
2019年2月15日5时9分39秒	通过fd发送了一次数据，fd为:38
2019年2月15日5时9分39秒	通过fd发送了一次数据，fd为:32
2019年2月15日5时9分39秒	通过fd发送了一次数据，fd为:32
2019年2月15日5时9分39秒	通过fd发送了一次数据，fd为:38
2019年2月15日5时9分39秒	通过fd发送了一次数据，fd为:43
2019年2月15日5时9分39秒	通过fd发送了一次数据，fd为:47
2019年2月15日5时9分39秒	通过fd发送了一次数据，fd为:43
2019年2月15日5时9分39秒	通过fd发送了一次数据，fd为:47
2019年2月15日5时9分39秒	通过fd发送了一次数据，fd为:43
2019年2月15日5时9分39秒	通过fd发送了一次数据，fd为:43
2019年2月15日5时9分39秒	通过fd发送了一次数据，fd为:47
2019年2月15日5时9分39秒	通过fd发送了一次数据，fd为:
2019年2月15日5时9分39秒	通过fd发送了一次数据，fd为:47
2019年2月15日5时9分39秒	通过fd发送了一次数据，fd为:49
2019年2月15日5时9分39秒	通过fd发送了一次数据，fd为:47
2019年2月15日5时9分39秒	通过fd发送了一次数据，fd为:49
2019年2月15日5时9分39秒	通过fd发送了一次数据，fd为:50
2019年2月15日5时9分39秒	通过fd发送了一次数据，fd为:49
2019年2月15日5时9分39秒	通过fd发送了一次数据，fd为:49
2019年2月15日5时9分39秒	通过fd发送了一次数据，fd为:50
2019年2月15日5时9分39秒	通过fd发送了一次数据，fd为:49
2019年2月15日5时9分39秒	通过fd发送了一次数据，fd为:50
2019年2月15日5时9分39秒	通过fd发送了一次数据，fd为:49
2019年2月15日5时9分39秒	通过fd发送了一次数据，fd为:50
2019年2月15日5时9分39秒	通过fd发送了一次数据，fd为:49
2019年2月15日5时9分39秒	通过fd发送了一次数据，fd为:50
2019年2月15日5时9分39秒	通过fd发送了一次数据，fd为:
2019年2月15日5时9分39秒	通过fd发送了一次数据，fd为:50
2019年2月15日5时9分39秒	通过fd发送了一次数据，fd为:49
2019年2月15日5时9分39秒	通过fd发送了一次数据，fd为:49
2019年2月15日5时9分39秒	通过fd发送了一次数据，fd为:49
2019年2月15日5时9分39秒	通过fd发送了一次数据，fd为:49
2019年2月15日5时9分39秒	通过fd发送了一次数据，fd为:49
2019年2月15日5时9分39秒	通过fd发送了一次数据，fd为:49
2019年2月15日5时9分39秒	通过fd发送了一次数据，fd为:50
2019年2月15日5时9分39秒	通过fd发送了一次数据，fd为:49
2019年2月15日5时9分39秒	通过fd发送了一次数据，fd为:51
2019年2月15日5时9分39秒	通过fd发送了一次数据，fd为:49
2019年2月15日5时9分39秒	通过fd发送了一次数据，fd为:51
2019年2月15日5时9分39秒	通过fd发送了一次数据，fd为:49
2019年2月15日5时9分39秒	通过fd发送了一次数据，fd为:49
2019年2月15日5时9分39秒	通过fd发送了一次数据，fd为:
49
2019年2月15日5时9分39秒	通过fd发送了一次数据，fd为:49
2019年2月15日5时9分39秒	通过fd发送了一次数据，fd为:49
2019年2月15日5时9分39秒	通过fd发送了一次数据，fd为:49
2019年2月15日5时9分39秒	通过fd发送了一次数据，fd为:49
2019年2月15日5时9分39秒	通过fd发送了一次数据，fd为:49
2019年2月15日5时9分39秒	通过fd发送了一次数据，fd为:49
2019年2月15日5时9分39秒	通过fd发送了一次数据，fd为:51
2019年2月15日5时9分39秒	通过fd发送了一次数据，fd为:49
2019年2月15日5时9分39秒	通过fd发送了一次数据，fd为:49
2019年2月15日5时9分39秒	通过fd发送了一次数据，fd为:49
2019年2月15日5时9分39秒	通过fd发送了一次数据，fd为:49
2019年2月15日5时9分39秒	发送失败:49
2019年2月15日5时9分39秒	通过fd发送了一次数据，fd为:49
2019年2月15日5时9分39秒	通过fd发送了一次数据，fd为:49
2019年2月15日5时9分39秒	通过fd发送了一次数据，fd为:
2019年2月15日5时9分39秒	通过fd发送了一次数据，fd为:49
2019年2月15日5时9分39秒	通过fd发送了一次数据，fd为:49
2019年2月15日5时9分39秒	通过fd发送了一次数据，fd为:49
2019年2月15日5时9分39秒	通过fd发送了一次数据，fd为:49
2019年2月15日5时9分39秒	通过fd发送了一次数据，fd为:49
2019年2月15日5时9分39秒	通过fd发送了一次数据，fd为:51
2019年2月15日5时9分39秒	通过fd发送了一次数据，fd为:49
2019年2月15日5时9分39秒	通过fd发送了一次数据，fd为:51
2019年2月15日5时9分39秒	通过fd发送了一次数据，fd为:49
2019年2月15日5时9分39秒	通过fd发送了一次数据，fd为:51
2019年2月15日5时9分39秒	通过fd发送了一次数据，fd为:49
2019年2月15日5时9分39秒	通过fd发送了一次数据，fd为:49
2019年2月15日5时9分39秒	通过fd发送了一次数据，fd为:49
2019年2月15日5时9分39秒	通过fd发送了一次数据，fd为:54
2019年2月15日5时9分39秒	通过fd发送了一次数据，fd为:
49
2019年2月15日5时9分39秒	通过fd发送了一次数据，fd为:49
2019年2月15日5时9分39秒	通过fd发送了一次数据，fd为:49
2019年2月15日5时9分39秒	通过fd发送了一次数据，fd为:54
2019年2月15日5时9分39秒	通过fd发送了一次数据，fd为:49
2019年2月15日5时9分39秒	通过fd发送了一次数据，fd为:49
2019年2月15日5时9分39秒	通过fd发送了一次数据，fd为:49
2019年2月15日5时9分39秒	通过fd发送了一次数据，fd为:49
2019年2月15日5时9分39秒	通过fd发送了一次数据，fd为:54
2019年2月15日5时9分39秒	通过fd发送了一次数据，fd为:78
2019年2月15日5时9分39秒	通过fd发送了一次数据，fd为:54
2019年2月15日5时9分39秒	通过fd发送了一次数据，fd为:78
2019年2月15日5时9分39秒	通过fd发送了一次数据，fd为:78
2019年2月15日5时9分39秒	通过fd发送了一次数据，fd为:80
2019年2月15日5时9分39秒	通过fd发送了一次数据，fd为:78
2019年2月15日5时9分39秒	通过fd发送了一次数据，fd为:
80
2019年2月15日5时9分39秒	通过fd发送了一次数据，fd为:78
2019年2月15日5时9分39秒	通过fd发送了一次数据，fd为:80
2019年2月15日5时9分39秒	通过fd发送了一次数据，fd为:78
2019年2月15日5时9分39秒	通过fd发送了一次数据，fd为:78
2019年2月15日5时9分39秒	通过fd发送了一次数据，fd为:80
2019年2月15日5时9分39秒	通过fd发送了一次数据，fd为:81
2019年2月15日5时9分39秒	通过fd发送了一次数据，fd为:81
2019年2月15日5时9分39秒	通过fd发送了一次数据，fd为:82
2019年2月15日5时9分39秒	通过fd发送了一次数据，fd为:83
2019年2月15日5时9分39秒	通过fd发送了一次数据，fd为:82
2019年2月15日5时9分39秒	通过fd发送了一次数据，fd为:83
2019年2月15日5时9分39秒	通过fd发送了一次数据，fd为:82
2019年2月15日5时9分39秒	通过fd发送了一次数据，fd为:84
2019年2月15日5时9分39秒	通过fd发送了一次数据，fd为:82
2019年2月15日5时9分39秒	通过fd发送了一次数据，fd为:
2019年2月15日5时9分39秒	通过fd发送了一次数据，fd为:82
2019年2月15日5时9分39秒	通过fd发送了一次数据，fd为:82
2019年2月15日5时9分39秒	通过fd发送了一次数据，fd为:85
2019年2月15日5时9分39秒	通过fd发送了一次数据，fd为:85
2019年2月15日5时9分39秒	通过fd发送了一次数据，fd为:86
2019年2月15日5时9分39秒	通过fd发送了一次数据，fd为:85
2019年2月15日5时9分39秒	通过fd发送了一次数据，fd为:86
2019年2月15日5时9分39秒	通过fd发送了一次数据，fd为:87
2019年2月15日5时9分39秒	通过fd发送了一次数据，fd为:86
2019年2月15日5时9分39秒	通过fd发送了一次数据，fd为:86
2019年2月15日5时9分39秒	通过fd发送了一次数据，fd为:86
2019年2月15日5时9分39秒	通过fd发送了一次数据，fd为:87
2019年2月15日5时9分39秒	通过fd发送了一次数据，fd为:86
2019年2月15日5时9分39秒	通过fd发送了一次数据，fd为:87
2019年2月15日5时9分39秒	通过fd发送了一次数据，fd为:
2019年2月15日5时9分39秒	通过fd发送了一次数据，fd为:87
2019年2月15日5时9分39秒	通过fd发送了一次数据，fd为:86
2019年2月15日5时9分39秒	通过fd发送了一次数据，fd为:86
2019年2月15日5时9分39秒	通过fd发送了一次数据，fd为:86
2019年2月15日5时9分39秒	通过fd发送了一次数据，fd为:86
2019年2月15日5时9分39秒	通过fd发送了一次数据，fd为:87
2019年2月15日5时9分39秒	通过fd发送了一次数据，fd为:87
2019年2月15日5时9分39秒	通过fd发送了一次数据，fd为:90
2019年2月15日5时9分39秒	通过fd发送了一次数据，fd为:87
2019年2月15日5时9分39秒	通过fd发送了一次数据，fd为:90
2019年2月15日5时9分39秒	通过fd发送了一次数据，fd为:87
2019年2月15日5时9分39秒	通过fd发送了一次数据，fd为:90
2019年2月15日5时9分39秒	通过fd发送了一次数据，fd为:87
2019年2月15日5时9分39秒	通过fd发送了一次数据，fd为:87
2019年2月15日5时9分39秒	通过fd发送了一次数据，fd为:
2019年2月15日5时9分39秒	通过fd发送了一次数据，fd为:90
2019年2月15日5时9分39秒	通过fd发送了一次数据，fd为:87
2019年2月15日5时9分39秒	通过fd发送了一次数据，fd为:90
2019年2月15日5时9分39秒	通过fd发送了一次数据，fd为:87
2019年2月15日5时9分39秒	通过fd发送了一次数据，fd为:87
2019年2月15日5时9分39秒	通过fd发送了一次数据，fd为:90
2019年2月15日5时9分39秒	通过fd发送了一次数据，fd为:87
2019年2月15日5时9分39秒	通过fd发送了一次数据，fd为:90
2019年2月15日5时9分39秒	通过fd发送了一次数据，fd为:87
2019年2月15日5时9分39秒	通过fd发送了一次数据，fd为:90
2019年2月15日5时9分39秒	通过fd发送了一次数据，fd为:87
2019年2月15日5时9分39秒	通过fd发送了一次数据，fd为:90
2019年2月15日5时9分39秒	通过fd发送了一次数据，fd为:87
2019年2月15日5时9分39秒	通过fd发送了一次数据，fd为:90
2019年2月15日5时9分39秒	通过fd发送了一次数据，fd为:
2019年2月15日5时9分39秒	通过fd发送了一次数据，fd为:90
2019年2月15日5时9分39秒	通过fd发送了一次数据，fd为:87
2019年2月15日5时9分39秒	通过fd发送了一次数据，fd为:90
2019年2月15日5时9分39秒	通过fd发送了一次数据，fd为:87
2019年2月15日5时9分39秒	通过fd发送了一次数据，fd为:87
2019年2月15日5时9分39秒	通过fd发送了一次数据，fd为:92
2019年2月15日5时9分39秒	通过fd发送了一次数据，fd为:87
2019年2月15日5时9分39秒	通过fd发送了一次数据，fd为:92
2019年2月15日5时9分39秒	通过fd发送了一次数据，fd为:87
2019年2月15日5时9分39秒	通过fd发送了一次数据，fd为:87
2019年2月15日5时9分39秒	通过fd发送了一次数据，fd为:87
2019年2月15日5时9分39秒	通过fd发送了一次数据，fd为:94
2019年2月15日5时9分39秒	通过fd发送了一次数据，fd为:87
2019年2月15日5时9分39秒	通过fd发送了一次数据，fd为:87
2019年2月15日5时9分39秒	发送失败:
2019年2月15日5时9分39秒	通过fd发送了一次数据，fd为:94
2019年2月15日5时9分39秒	通过fd发送了一次数据，fd为:87
2019年2月15日5时9分39秒	通过fd发送了一次数据，fd为:94
2019年2月15日5时9分39秒	通过fd发送了一次数据，fd为:96
2019年2月15日5时9分39秒	通过fd发送了一次数据，fd为:94
2019年2月15日5时9分39秒	通过fd发送了一次数据，fd为:96
2019年2月15日5时9分39秒	通过fd发送了一次数据，fd为:94
2019年2月15日5时9分39秒	通过fd发送了一次数据，fd为:96
2019年2月15日5时9分39秒	通过fd发送了一次数据，fd为:94
2019年2月15日5时9分39秒	通过fd发送了一次数据，fd为:94
2019年2月15日5时9分39秒	通过fd发送了一次数据，fd为:94
2019年2月15日5时9分39秒	通过fd发送了一次数据，fd为:96
2019年2月15日5时9分39秒	通过fd发送了一次数据，fd为:96
2019年2月15日5时9分39秒	通过fd发送了一次数据，fd为:96
2019年2月15日5时9分39秒	通过fd发送了一次数据，fd为:
2019年2月15日5时9分39秒	通过fd发送了一次数据，fd为:99
2019年2月15日5时9分39秒	通过fd发送了一次数据，fd为:98
2019年2月15日5时9分39秒	通过fd发送了一次数据，fd为:99
2019年2月15日5时9分39秒	通过fd发送了一次数据，fd为:98
2019年2月15日5时9分39秒	通过fd发送了一次数据，fd为:98
2019年2月15日5时9分39秒	通过fd发送了一次数据，fd为:98
2019年2月15日5时9分39秒	通过fd发送了一次数据，fd为:99
2019年2月15日5时9分39秒	通过fd发送了一次数据，fd为:98
2019年2月15日5时9分39秒	通过fd发送了一次数据，fd为:99
2019年2月15日5时9分39秒	通过fd发送了一次数据，fd为:98
2019年2月15日5时9分39秒	通过fd发送了一次数据，fd为:99
2019年2月15日5时9分39秒	通过fd发送了一次数据，fd为:98
2019年2月15日5时9分39秒	通过fd发送了一次数据，fd为:99
2019年2月15日5时9分39秒	通过fd发送了一次数据，fd为:98
2019年2月15日5时9分39秒	通过fd发送了一次数据，fd为:
2019年2月15日5时9分39秒	通过fd发送了一次数据，fd为:98
2019年2月15日5时9分39秒	通过fd发送了一次数据，fd为:99
2019年2月15日5时9分40秒	通过fd发送了一次数据，fd为:98
2019年2月15日5时9分40秒	通过fd发送了一次数据，fd为:99
2019年2月15日5时9分40秒	通过fd发送了一次数据，fd为:98
2019年2月15日5时9分40秒	通过fd发送了一次数据，fd为:98
2019年2月15日5时9分40秒	通过fd发送了一次数据，fd为:99
2019年2月15日5时9分40秒	通过fd发送了一次数据，fd为:98
2019年2月15日5时9分40秒	通过fd发送了一次数据，fd为:98
2019年2月15日5时9分40秒	通过fd发送了一次数据，fd为:98
2019年2月15日5时9分40秒	通过fd发送了一次数据，fd为:98
2019年2月15日5时9分40秒	通过fd发送了一次数据，fd为:98
2019年2月15日5时9分40秒	通过fd发送了一次数据，fd为:99
2019年2月15日5时9分40秒	通过fd发送了一次数据，fd为:98
2019年2月15日5时9分40秒	通过fd发送了一次数据，fd为:
2019年2月15日5时9分40秒	通过fd发送了一次数据，fd为:99
2019年2月15日5时9分40秒	通过fd发送了一次数据，fd为:98
2019年2月15日5时9分40秒	通过fd发送了一次数据，fd为:98
2019年2月15日5时9分40秒	通过fd发送了一次数据，fd为:99
2019年2月15日5时9分40秒	通过fd发送了一次数据，fd为:98
2019年2月15日5时9分40秒	通过fd发送了一次数据，fd为:99
2019年2月15日5时9分40秒	通过fd发送了一次数据，fd为:98
2019年2月15日5时9分40秒	通过fd发送了一次数据，fd为:99
2019年2月15日5时9分40秒	通过fd发送了一次数据，fd为:98
2019年2月15日5时9分40秒	通过fd发送了一次数据，fd为:98
2019年2月15日5时9分40秒	通过fd发送了一次数据，fd为:99
2019年2月15日5时9分40秒	通过fd发送了一次数据，fd为:98
2019年2月15日5时9分40秒	通过fd发送了一次数据，fd为:99
2019年2月15日5时9分40秒	通过fd发送了一次数据，fd为:99
2019年2月15日5时9分40秒	通过fd发送了一次数据，fd为:
2019年2月15日5时9分40秒	通过fd发送了一次数据，fd为:99
2019年2月15日5时9分40秒	通过fd发送了一次数据，fd为:99
2019年2月15日5时9分40秒	通过fd发送了一次数据，fd为:100
2019年2月15日5时9分40秒	通过fd发送了一次数据，fd为:101
2019年2月15日5时9分40秒	通过fd发送了一次数据，fd为:102
2019年2月15日5时9分40秒	通过fd发送了一次数据，fd为:101
2019年2月15日5时9分40秒	通过fd发送了一次数据，fd为:101
2019年2月15日5时9分40秒	通过fd发送了一次数据，fd为:101
2019年2月15日5时9分40秒	通过fd发送了一次数据，fd为:102
2019年2月15日5时9分40秒	通过fd发送了一次数据，fd为:101
2019年2月15日5时9分40秒	通过fd发送了一次数据，fd为:102
2019年2月15日5时9分40秒	通过fd发送了一次数据，fd为:102
2019年2月15日5时9分40秒	通过fd发送了一次数据，fd为:102
2019年2月15日5时9分40秒	通过fd发送了一次数据，fd为:
2019年2月15日5时9分40秒	通过fd发送了一次数据，fd为:103
2019年2月15日5时9分40秒	通过fd发送了一次数据，fd为:102
2019年2月15日5时9分40秒	通过fd发送了一次数据，fd为:103
2019年2月15日5时9分40秒	通过fd发送了一次数据，fd为:102
2019年2月15日5时9分40秒	通过fd发送了一次数据，fd为:102
2019年2月15日5时9分40秒	通过fd发送了一次数据，fd为:103
2019年2月15日5时9分40秒	通过fd发送了一次数据，fd为:102
2019年2月15日5时9分40秒	通过fd发送了一次数据，fd为:102
2019年2月15日5时9分40秒	通过fd发送了一次数据，fd为:103
2019年2月15日5时9分40秒	通过fd发送了一次数据，fd为:102
2019年2月15日5时9分40秒	通过fd发送了一次数据，fd为:103
2019年2月15日5时9分40秒	通过fd发送了一次数据，fd为:102
2019年2月15日5时9分40秒	通过fd发送了一次数据，fd为:102
2019年2月15日5时9分40秒	通过fd发送了一次数据，fd为:
2019年2月15日5时9分40秒	通过fd发送了一次数据，fd为:102
2019年2月15日5时9分40秒	通过fd发送了一次数据，fd为:103
2019年2月15日5时9分40秒	通过fd发送了一次数据，fd为:102
2019年2月15日5时9分40秒	通过fd发送了一次数据，fd为:103
2019年2月15日5时9分40秒	通过fd发送了一次数据，fd为:102
2019年2月15日5时9分40秒	通过fd发送了一次数据，fd为:104
2019年2月15日5时9分40秒	通过fd发送了一次数据，fd为:102
2019年2月15日5时9分40秒	通过fd发送了一次数据，fd为:104
2019年2月15日5时9分40秒	通过fd发送了一次数据，fd为:102
2019年2月15日5时9分40秒	通过fd发送了一次数据，fd为:102
2019年2月15日5时9分40秒	通过fd发送了一次数据，fd为:105
2019年2月15日5时9分40秒	通过fd发送了一次数据，fd为:102
2019年2月15日5时9分40秒	通过fd发送了一次数据，fd为:105
2019年2月15日5时9分40秒	通过fd发送了一次数据，fd为:
2019年2月15日5时9分40秒	通过fd发送了一次数据，fd为:105
2019年2月15日5时9分40秒	通过fd发送了一次数据，fd为:102
2019年2月15日5时9分40秒	通过fd发送了一次数据，fd为:105
2019年2月15日5时9分40秒	通过fd发送了一次数据，fd为:102
2019年2月15日5时9分40秒	通过fd发送了一次数据，fd为:105
2019年2月15日5时9分40秒	通过fd发送了一次数据，fd为:102
2019年2月15日5时9分40秒	通过fd发送了一次数据，fd为:105
2019年2月15日5时9分40秒	通过fd发送了一次数据，fd为:102
2019年2月15日5时9分40秒	通过fd发送了一次数据，fd为:102
2019年2月15日5时9分40秒	通过fd发送了一次数据，fd为:102
2019年2月15日5时9分40秒	通过fd发送了一次数据，fd为:106
2019年2月15日5时9分40秒	通过fd发送了一次数据，fd为:102
2019年2月15日5时9分40秒	通过fd发送了一次数据，fd为:106
2019年2月15日5时9分40秒	通过fd发送了一次数据，fd为:
2019年2月15日5时9分40秒	通过fd发送了一次数据，fd为:102
2019年2月15日5时9分40秒	通过fd发送了一次数据，fd为:102
2019年2月15日5时9分40秒	通过fd发送了一次数据，fd为:106
2019年2月15日5时9分40秒	通过fd发送了一次数据，fd为:102
2019年2月15日5时9分40秒	通过fd发送了一次数据，fd为:106
2019年2月15日5时9分40秒	通过fd发送了一次数据，fd为:102
2019年2月15日5时9分40秒	通过fd发送了一次数据，fd为:106
2019年2月15日5时9分40秒	通过fd发送了一次数据，fd为:107
2019年2月15日5时9分40秒	通过fd发送了一次数据，fd为:106
2019年2月15日5时9分40秒	通过fd发送了一次数据，fd为:106
2019年2月15日5时9分40秒	通过fd发送了一次数据，fd为:107
2019年2月15日5时9分40秒	通过fd发送了一次数据，fd为:106
2019年2月15日5时9分40秒	通过fd发送了一次数据，fd为:107
2019年2月15日5时9分40秒	通过fd发送了一次数据，fd为:
2019年2月15日5时9分40秒	通过fd发送了一次数据，fd为:107
2019年2月15日5时9分40秒	通过fd发送了一次数据，fd为:108
2019年2月15日5时9分40秒	通过fd发送了一次数据，fd为:107
2019年2月15日5时9分40秒	通过fd发送了一次数据，fd为:108
2019年2月15日5时9分40秒	通过fd发送了一次数据，fd为:107
2019年2月15日5时9分40秒	通过fd发送了一次数据，fd为:107
2019年2月15日5时9分40秒	通过fd发送了一次数据，fd为:108
2019年2月15日5时9分40秒	通过fd发送了一次数据，fd为:107
2019年2月15日5时9分40秒	通过fd发送了一次数据，fd为:108
2019年2月15日5时9分40秒	通过fd发送了一次数据，fd为:107
2019年2月15日5时9分40秒	通过fd发送了一次数据，fd为:108
2019年2月15日5时9分40秒	通过fd发送了一次数据，fd为:107
2019年2月15日5时9分40秒	通过fd发送了一次数据，fd为:108
2019年2月15日5时9分40秒	通过fd发送了一次数据，fd为:
2019年2月15日5时9分40秒	通过fd发送了一次数据，fd为:108
2019年2月15日5时9分40秒	通过fd发送了一次数据，fd为:107
2019年2月15日5时9分40秒	通过fd发送了一次数据，fd为:108
2019年2月15日5时9分40秒	通过fd发送了一次数据，fd为:107
2019年2月15日5时9分40秒	通过fd发送了一次数据，fd为:108
2019年2月15日5时9分40秒	通过fd发送了一次数据，fd为:107
2019年2月15日5时9分40秒	通过fd发送了一次数据，fd为:108
2019年2月15日5时9分40秒	通过fd发送了一次数据，fd为:107
2019年2月15日5时9分40秒	通过fd发送了一次数据，fd为:108
2019年2月15日5时9分40秒	通过fd发送了一次数据，fd为:107
2019年2月15日5时9分40秒	通过fd发送了一次数据，fd为:108
2019年2月15日5时9分40秒	通过fd发送了一次数据，fd为:107
2019年2月15日5时9分40秒	通过fd发送了一次数据，fd为:108
2019年2月15日5时9分40秒	通过fd发送了一次数据，fd为:
2019年2月15日5时9分40秒	通过fd发送了一次数据，fd为:108
2019年2月15日5时9分40秒	通过fd发送了一次数据，fd为:107
2019年2月15日5时9分40秒	通过fd发送了一次数据，fd为:107
2019年2月15日5时9分40秒	通过fd发送了一次数据，fd为:112
2019年2月15日5时9分40秒	通过fd发送了一次数据，fd为:107
2019年2月15日5时9分40秒	通过fd发送了一次数据，fd为:112
2019年2月15日5时9分40秒	通过fd发送了一次数据，fd为:107
2019年2月15日5时9分40秒	通过fd发送了一次数据，fd为:112
2019年2月15日5时9分40秒	通过fd发送了一次数据，fd为:107
2019年2月15日5时9分40秒	通过fd发送了一次数据，fd为:112
2019年2月15日5时9分40秒	通过fd发送了一次数据，fd为:107
2019年2月15日5时9分40秒	通过fd发送了一次数据，fd为:112
2019年2月15日5时9分40秒	通过fd发送了一次数据，fd为:113
2019年2月15日5时9分40秒	通过fd发送了一次数据，fd为:
2019年2月15日5时9分40秒	通过fd发送了一次数据，fd为:113
2019年2月15日5时9分40秒	通过fd发送了一次数据，fd为:114
2019年2月15日5时9分40秒	通过fd发送了一次数据，fd为:113
2019年2月15日5时9分40秒	通过fd发送了一次数据，fd为:114
2019年2月15日5时9分40秒	通过fd发送了一次数据，fd为:113
2019年2月15日5时9分40秒	通过fd发送了一次数据，fd为:113
2019年2月15日5时9分40秒	通过fd发送了一次数据，fd为:114
2019年2月15日5时9分40秒	通过fd发送了一次数据，fd为:113
2019年2月15日5时9分40秒	通过fd发送了一次数据，fd为:113
2019年2月15日5时9分40秒	通过fd发送了一次数据，fd为:113
2019年2月15日5时9分40秒	通过fd发送了一次数据，fd为:114
2019年2月15日5时9分40秒	通过fd发送了一次数据，fd为:113
2019年2月15日5时9分40秒	通过fd发送了一次数据，fd为:114
2019年2月15日5时9分40秒	通过fd发送了一次数据，fd为:
2019年2月15日5时9分40秒	通过fd发送了一次数据，fd为:114
2019年2月15日5时9分40秒	通过fd发送了一次数据，fd为:113
2019年2月15日5时9分40秒	通过fd发送了一次数据，fd为:113
2019年2月15日5时9分40秒	通过fd发送了一次数据，fd为:114
2019年2月15日5时9分40秒	通过fd发送了一次数据，fd为:113
2019年2月15日5时9分40秒	通过fd发送了一次数据，fd为:114
2019年2月15日5时9分40秒	通过fd发送了一次数据，fd为:113
2019年2月15日5时9分40秒	通过fd发送了一次数据，fd为:114
2019年2月15日5时9分40秒	通过fd发送了一次数据，fd为:113
2019年2月15日5时9分40秒	通过fd发送了一次数据，fd为:114
2019年2月15日5时9分40秒	通过fd发送了一次数据，fd为:113
2019年2月15日5时9分40秒	通过fd发送了一次数据，fd为:115
2019年2月15日5时9分40秒	通过fd发送了一次数据，fd为:116
2019年2月15日5时9分40秒	通过fd发送了一次数据，fd为:
115
2019年2月15日5时9分40秒	通过fd发送了一次数据，fd为:116
2019年2月15日5时9分40秒	通过fd发送了一次数据，fd为:115
2019年2月15日5时9分40秒	通过fd发送了一次数据，fd为:116
2019年2月15日5时9分40秒	通过fd发送了一次数据，fd为:115
2019年2月15日5时9分40秒	通过fd发送了一次数据，fd为:115
2019年2月15日5时9分40秒	通过fd发送了一次数据，fd为:115
2019年2月15日5时9分40秒	通过fd发送了一次数据，fd为:116
2019年2月15日5时9分40秒	通过fd发送了一次数据，fd为:115
2019年2月15日5时9分40秒	通过fd发送了一次数据，fd为:116
2019年2月15日5时9分40秒	通过fd发送了一次数据，fd为:115
2019年2月15日5时9分40秒	通过fd发送了一次数据，fd为:116
2019年2月15日5时9分40秒	通过fd发送了一次数据，fd为:115
2019年2月15日5时9分40秒	通过fd发送了一次数据，fd为:115
2019年2月15日5时9分40秒	通过fd发送了一次数据，fd为:
115
2019年2月15日5时9分40秒	通过fd发送了一次数据，fd为:115
2019年2月15日5时9分40秒	通过fd发送了一次数据，fd为:115
2019年2月15日5时9分40秒	通过fd发送了一次数据，fd为:116
2019年2月15日5时9分40秒	通过fd发送了一次数据，fd为:115
2019年2月15日5时9分40秒	通过fd发送了一次数据，fd为:116
2019年2月15日5时9分40秒	通过fd发送了一次数据，fd为:115
2019年2月15日5时9分40秒	通过fd发送了一次数据，fd为:116
2019年2月15日5时9分40秒	通过fd发送了一次数据，fd为:115
2019年2月15日5时9分40秒	通过fd发送了一次数据，fd为:116
2019年2月15日5时9分40秒	通过fd发送了一次数据，fd为:115
2019年2月15日5时9分40秒	通过fd发送了一次数据，fd为:115
2019年2月15日5时9分40秒	通过fd发送了一次数据，fd为:115
2019年2月15日5时9分40秒	通过fd发送了一次数据，fd为:116
2019年2月15日5时9分40秒	通过fd发送了一次数据，fd为:
2019年2月15日5时9分40秒	通过fd发送了一次数据，fd为:115
2019年2月15日5时9分40秒	通过fd发送了一次数据，fd为:116
2019年2月15日5时9分40秒	通过fd发送了一次数据，fd为:115
2019年2月15日5时9分40秒	通过fd发送了一次数据，fd为:115
2019年2月15日5时9分40秒	通过fd发送了一次数据，fd为:115
2019年2月15日5时9分40秒	通过fd发送了一次数据，fd为:115
2019年2月15日5时9分40秒	通过fd发送了一次数据，fd为:116
2019年2月15日5时9分40秒	通过fd发送了一次数据，fd为:115
2019年2月15日5时9分40秒	通过fd发送了一次数据，fd为:116
2019年2月15日5时9分40秒	通过fd发送了一次数据，fd为:115
2019年2月15日5时9分40秒	通过fd发送了一次数据，fd为:116
2019年2月15日5时9分40秒	通过fd发送了一次数据，fd为:115
2019年2月15日5时9分40秒	通过fd发送了一次数据，fd为:116
2019年2月15日5时9分40秒	通过fd发送了一次数据，fd为:
2019年2月15日5时9分40秒	通过fd发送了一次数据，fd为:116
2019年2月15日5时9分40秒	通过fd发送了一次数据，fd为:115
2019年2月15日5时9分40秒	通过fd发送了一次数据，fd为:116
2019年2月15日5时9分40秒	通过fd发送了一次数据，fd为:115
2019年2月15日5时9分40秒	通过fd发送了一次数据，fd为:116
2019年2月15日5时9分40秒	通过fd发送了一次数据，fd为:115
2019年2月15日5时9分40秒	通过fd发送了一次数据，fd为:117
2019年2月15日5时9分40秒	通过fd发送了一次数据，fd为:118
2019年2月15日5时9分40秒	通过fd发送了一次数据，fd为:117
2019年2月15日5时9分40秒	通过fd发送了一次数据，fd为:117
2019年2月15日5时9分40秒	通过fd发送了一次数据，fd为:117
2019年2月15日5时9分40秒	通过fd发送了一次数据，fd为:117
2019年2月15日5时9分40秒	通过fd发送了一次数据，fd为:117
2019年2月15日5时9分40秒	通过fd发送了一次数据，fd为:
2019年2月15日5时9分40秒	通过fd发送了一次数据，fd为:117
2019年2月15日5时9分40秒	通过fd发送了一次数据，fd为:118
2019年2月15日5时9分40秒	通过fd发送了一次数据，fd为:119
2019年2月15日5时9分40秒	通过fd发送了一次数据，fd为:118
2019年2月15日5时9分40秒	通过fd发送了一次数据，fd为:118
2019年2月15日5时9分40秒	通过fd发送了一次数据，fd为:119
2019年2月15日5时9分40秒	通过fd发送了一次数据，fd为:118
2019年2月15日5时9分40秒	通过fd发送了一次数据，fd为:118
2019年2月15日5时9分40秒	通过fd发送了一次数据，fd为:118
2019年2月15日5时9分40秒	通过fd发送了一次数据，fd为:119
2019年2月15日5时9分40秒	通过fd发送了一次数据，fd为:118
2019年2月15日5时9分40秒	通过fd发送了一次数据，fd为:119
2019年2月15日5时9分40秒	通过fd发送了一次数据，fd为:118
2019年2月15日5时9分40秒	通过fd发送了一次数据，fd为:
2019年2月15日5时9分40秒	通过fd发送了一次数据，fd为:118

2019年2月15日5时9分41秒	通过fd发送了一次数据，fd为:118
2019年2月15日5时9分41秒	通过fd发送了一次数据，fd为:118
2019年2月15日5时9分41秒	通过fd发送了一次数据，fd为:120
2019年2月15日5时9分41秒	通过fd发送了一次数据，fd为:118
2019年2月15日5时9分41秒	通过fd发送了一次数据，fd为:118
2019年2月15日5时9分41秒	通过fd发送了一次数据，fd为:120
2019年2月15日5时9分41秒	通过fd发送了一次数据，fd为:118
2019年2月15日5时9分41秒	通过fd发送了一次数据，fd为:118
2019年2月15日5时9分41秒	通过fd发送了一次数据，fd为:118
2019年2月15日5时9分41秒	通过fd发送了一次数据，fd为:118
2019年2月15日5时9分41秒	通过fd发送了一次数据，fd为:120
2019年2月15日5时9分41秒	通过fd发送了一次数据，fd为:120
2019年2月15日5时9分41秒	通过fd发送了一次数据，fd为:121
2019年2月15日5时9分41秒	通过fd发送了一次数据，fd为:
120
2019年2月15日5时9分41秒	通过fd发送了一次数据，fd为:121
2019年2月15日5时9分41秒	通过fd发送了一次数据，fd为:120
2019年2月15日5时9分41秒	通过fd发送了一次数据，fd为:121
2019年2月15日5时9分41秒	通过fd发送了一次数据，fd为:122
2019年2月15日5时9分41秒	通过fd发送了一次数据，fd为:122
2019年2月15日5时9分41秒	通过fd发送了一次数据，fd为:122
2019年2月15日5时9分41秒	通过fd发送了一次数据，fd为:124
2019年2月15日5时9分41秒	通过fd发送了一次数据，fd为:122
2019年2月15日5时9分41秒	通过fd发送了一次数据，fd为:122
2019年2月15日5时9分41秒	通过fd发送了一次数据，fd为:122
2019年2月15日5时9分41秒	通过fd发送了一次数据，fd为:124
2019年2月15日5时9分41秒	通过fd发送了一次数据，fd为:122
2019年2月15日5时9分41秒	通过fd发送了一次数据，fd为:124
2019年2月15日5时9分41秒	通过fd发送了一次数据，fd为:
2019年2月15日5时9分41秒	通过fd发送了一次数据，fd为:124
2019年2月15日5时9分41秒	通过fd发送了一次数据，fd为:124
2019年2月15日5时9分41秒	通过fd发送了一次数据，fd为:124
2019年2月15日5时9分41秒	通过fd发送了一次数据，fd为:124
2019年2月15日5时9分41秒	通过fd发送了一次数据，fd为:124
2019年2月15日5时9分41秒	通过fd发送了一次数据，fd为:124
2019年2月15日5时9分41秒	通过fd发送了一次数据，fd为:125
2019年2月15日5时9分41秒	通过fd发送了一次数据，fd为:125
2019年2月15日5时9分41秒	通过fd发送了一次数据，fd为:125
2019年2月15日5时9分41秒	通过fd发送了一次数据，fd为:125
2019年2月15日5时9分41秒	通过fd发送了一次数据，fd为:127
2019年2月15日5时9分41秒	通过fd发送了一次数据，fd为:125
2019年2月15日5时9分41秒	通过fd发送了一次数据，fd为:127
2019年2月15日5时9分41秒	通过fd发送了一次数据，fd为:
2019年2月15日5时9分41秒	通过fd发送了一次数据，fd为:127
2019年2月15日5时9分41秒	通过fd发送了一次数据，fd为:125
2019年2月15日5时9分41秒	通过fd发送了一次数据，fd为:125
2019年2月15日5时9分41秒	通过fd发送了一次数据，fd为:125
2019年2月15日5时9分41秒	通过fd发送了一次数据，fd为:128
2019年2月15日5时9分41秒	通过fd发送了一次数据，fd为:125
2019年2月15日5时9分41秒	通过fd发送了一次数据，fd为:128
2019年2月15日5时9分41秒	通过fd发送了一次数据，fd为:125
2019年2月15日5时9分41秒	通过fd发送了一次数据，fd为:125
2019年2月15日5时9分41秒	通过fd发送了一次数据，fd为:125
2019年2月15日5时9分41秒	通过fd发送了一次数据，fd为:128
2019年2月15日5时9分41秒	通过fd发送了一次数据，fd为:125
2019年2月15日5时9分41秒	通过fd发送了一次数据，fd为:125
2019年2月15日5时9分41秒	通过fd发送了一次数据，fd为:
125
2019年2月15日5时9分41秒	通过fd发送了一次数据，fd为:128
2019年2月15日5时9分41秒	通过fd发送了一次数据，fd为:125
2019年2月15日5时9分41秒	通过fd发送了一次数据，fd为:125
2019年2月15日5时9分41秒	通过fd发送了一次数据，fd为:125
2019年2月15日5时9分41秒	通过fd发送了一次数据，fd为:125
2019年2月15日5时9分41秒	通过fd发送了一次数据，fd为:125
2019年2月15日5时9分41秒	通过fd发送了一次数据，fd为:128
2019年2月15日5时9分41秒	通过fd发送了一次数据，fd为:125
2019年2月15日5时9分41秒	通过fd发送了一次数据，fd为:128
2019年2月15日5时9分41秒	通过fd发送了一次数据，fd为:125
2019年2月15日5时9分41秒	通过fd发送了一次数据，fd为:129
2019年2月15日5时9分41秒	通过fd发送了一次数据，fd为:125
2019年2月15日5时9分41秒	通过fd发送了一次数据，fd为:125
2019年2月15日5时9分41秒	通过fd发送了一次数据，fd为:
2019年2月15日5时9分41秒	通过fd发送了一次数据，fd为:129
2019年2月15日5时9分41秒	通过fd发送了一次数据，fd为:125
2019年2月15日5时9分41秒	通过fd发送了一次数据，fd为:129
2019年2月15日5时9分41秒	通过fd发送了一次数据，fd为:125
2019年2月15日5时9分41秒	通过fd发送了一次数据，fd为:129
2019年2月15日5时9分41秒	通过fd发送了一次数据，fd为:125
2019年2月15日5时9分41秒	通过fd发送了一次数据，fd为:129
2019年2月15日5时9分41秒	通过fd发送了一次数据，fd为:125
2019年2月15日5时9分41秒	通过fd发送了一次数据，fd为:129
2019年2月15日5时9分41秒	通过fd发送了一次数据，fd为:125
2019年2月15日5时9分41秒	通过fd发送了一次数据，fd为:125
2019年2月15日5时9分41秒	通过fd发送了一次数据，fd为:129
2019年2月15日5时9分41秒	通过fd发送了一次数据，fd为:125
2019年2月15日5时9分41秒	通过fd发送了一次数据，fd为:
2019年2月15日5时9分41秒	通过fd发送了一次数据，fd为:129
2019年2月15日5时9分41秒	通过fd发送了一次数据，fd为:129
2019年2月15日5时9分41秒	通过fd发送了一次数据，fd为:129
2019年2月15日5时9分41秒	通过fd发送了一次数据，fd为:130
2019年2月15日5时9分41秒	通过fd发送了一次数据，fd为:129
2019年2月15日5时9分41秒	通过fd发送了一次数据，fd为:129
2019年2月15日5时9分41秒	通过fd发送了一次数据，fd为:129
2019年2月15日5时9分41秒	通过fd发送了一次数据，fd为:129
2019年2月15日5时9分41秒	通过fd发送了一次数据，fd为:130
2019年2月15日5时9分41秒	通过fd发送了一次数据，fd为:129
2019年2月15日5时9分41秒	通过fd发送了一次数据，fd为:129
2019年2月15日5时9分41秒	通过fd发送了一次数据，fd为:129
2019年2月15日5时9分41秒	通过fd发送了一次数据，fd为:129
2019年2月15日5时9分41秒	通过fd发送了一次数据，fd为:
2019年2月15日5时9分41秒	通过fd发送了一次数据，fd为:129
2019年2月15日5时9分41秒	通过fd发送了一次数据，fd为:130
2019年2月15日5时9分41秒	通过fd发送了一次数据，fd为:129
2019年2月15日5时9分41秒	通过fd发送了一次数据，fd为:130
2019年2月15日5时9分41秒	通过fd发送了一次数据，fd为:129
2019年2月15日5时9分41秒	通过fd发送了一次数据，fd为:129
2019年2月15日5时9分41秒	通过fd发送了一次数据，fd为:130
2019年2月15日5时9分41秒	通过fd发送了一次数据，fd为:129
2019年2月15日5时9分41秒	通过fd发送了一次数据，fd为:130
2019年2月15日5时9分41秒	通过fd发送了一次数据，fd为:129
2019年2月15日5时9分41秒	通过fd发送了一次数据，fd为:130
2019年2月15日5时9分41秒	通过fd发送了一次数据，fd为:129
2019年2月15日5时9分41秒	通过fd发送了一次数据，fd为:130
2019年2月15日5时9分41秒	通过fd发送了一次数据，fd为:
2019年2月15日5时9分41秒	通过fd发送了一次数据，fd为:129
2019年2月15日5时9分41秒	通过fd发送了一次数据，fd为:130
2019年2月15日5时9分41秒	通过fd发送了一次数据，fd为:129
2019年2月15日5时9分41秒	通过fd发送了一次数据，fd为:129
2019年2月15日5时9分41秒	通过fd发送了一次数据，fd为:129
2019年2月15日5时9分41秒	通过fd发送了一次数据，fd为:129
2019年2月15日5时9分41秒	通过fd发送了一次数据，fd为:130
2019年2月15日5时9分41秒	通过fd发送了一次数据，fd为:129
2019年2月15日5时9分41秒	通过fd发送了一次数据，fd为:129
2019年2月15日5时9分41秒	通过fd发送了一次数据，fd为:130
2019年2月15日5时9分41秒	通过fd发送了一次数据，fd为:129
2019年2月15日5时9分41秒	通过fd发送了一次数据，fd为:130
2019年2月15日5时9分41秒	通过fd发送了一次数据，fd为:129
2019年2月15日5时9分41秒	通过fd发送了一次数据，fd为:
2019年2月15日5时9分41秒	通过fd发送了一次数据，fd为:129
2019年2月15日5时9分41秒	通过fd发送了一次数据，fd为:129
2019年2月15日5时9分41秒	通过fd发送了一次数据，fd为:130
2019年2月15日5时9分41秒	通过fd发送了一次数据，fd为:129
2019年2月15日5时9分41秒	通过fd发送了一次数据，fd为:129
2019年2月15日5时9分41秒	通过fd发送了一次数据，fd为:130
2019年2月15日5时9分41秒	通过fd发送了一次数据，fd为:129
2019年2月15日5时9分41秒	通过fd发送了一次数据，fd为:130
2019年2月15日5时9分41秒	通过fd发送了一次数据，fd为:129
2019年2月15日5时9分41秒	通过fd发送了一次数据，fd为:130
2019年2月15日5时9分41秒	通过fd发送了一次数据，fd为:129
2019年2月15日5时9分41秒	通过fd发送了一次数据，fd为:130
2019年2月15日5时9分41秒	通过fd发送了一次数据，fd为:129
2019年2月15日5时9分41秒	通过fd发送了一次数据，fd为:
130
2019年2月15日5时9分41秒	通过fd发送了一次数据，fd为:129
2019年2月15日5时9分41秒	通过fd发送了一次数据，fd为:130
2019年2月15日5时9分41秒	通过fd发送了一次数据，fd为:129
2019年2月15日5时9分41秒	通过fd发送了一次数据，fd为:129
2019年2月15日5时9分41秒	通过fd发送了一次数据，fd为:129
2019年2月15日5时9分41秒	通过fd发送了一次数据，fd为:130
2019年2月15日5时9分41秒	通过fd发送了一次数据，fd为:129
2019年2月15日5时9分41秒	通过fd发送了一次数据，fd为:130
2019年2月15日5时9分41秒	通过fd发送了一次数据，fd为:129
2019年2月15日5时9分41秒	通过fd发送了一次数据，fd为:130
2019年2月15日5时9分41秒	通过fd发送了一次数据，fd为:129
2019年2月15日5时9分41秒	通过fd发送了一次数据，fd为:131
2019年2月15日5时9分41秒	通过fd发送了一次数据，fd为:129
2019年2月15日5时9分41秒	通过fd发送了一次数据，fd为:
2019年2月15日5时9分41秒	通过fd发送了一次数据，fd为:129
2019年2月15日5时9分41秒	通过fd发送了一次数据，fd为:131
2019年2月15日5时9分41秒	通过fd发送了一次数据，fd为:129
2019年2月15日5时9分41秒	通过fd发送了一次数据，fd为:131
2019年2月15日5时9分41秒	通过fd发送了一次数据，fd为:129
2019年2月15日5时9分41秒	通过fd发送了一次数据，fd为:129
2019年2月15日5时9分41秒	通过fd发送了一次数据，fd为:129
2019年2月15日5时9分41秒	通过fd发送了一次数据，fd为:129
2019年2月15日5时9分41秒	通过fd发送了一次数据，fd为:131
2019年2月15日5时9分41秒	通过fd发送了一次数据，fd为:129
2019年2月15日5时9分41秒	通过fd发送了一次数据，fd为:129
2019年2月15日5时9分41秒	通过fd发送了一次数据，fd为:129
2019年2月15日5时9分41秒	通过fd发送了一次数据，fd为:131
2019年2月15日5时9分41秒	通过fd发送了一次数据，fd为:
129
2019年2月15日5时9分41秒	通过fd发送了一次数据，fd为:131
2019年2月15日5时9分41秒	通过fd发送了一次数据，fd为:129
2019年2月15日5时9分41秒	通过fd发送了一次数据，fd为:129
2019年2月15日5时9分41秒	通过fd发送了一次数据，fd为:131
2019年2月15日5时9分41秒	通过fd发送了一次数据，fd为:131
2019年2月15日5时9分41秒	通过fd发送了一次数据，fd为:132
2019年2月15日5时9分41秒	通过fd发送了一次数据，fd为:133
2019年2月15日5时9分41秒	通过fd发送了一次数据，fd为:132
2019年2月15日5时9分41秒	通过fd发送了一次数据，fd为:133
2019年2月15日5时9分41秒	通过fd发送了一次数据，fd为:133
2019年2月15日5时9分41秒	通过fd发送了一次数据，fd为:134
2019年2月15日5时9分41秒	通过fd发送了一次数据，fd为:133
2019年2月15日5时9分41秒	通过fd发送了一次数据，fd为:133
2019年2月15日5时9分41秒	通过fd发送了一次数据，fd为:
134
2019年2月15日5时9分41秒	通过fd发送了一次数据，fd为:133
2019年2月15日5时9分41秒	通过fd发送了一次数据，fd为:134
2019年2月15日5时9分41秒	通过fd发送了一次数据，fd为:133
2019年2月15日5时9分41秒	通过fd发送了一次数据，fd为:133
2019年2月15日5时9分41秒	通过fd发送了一次数据，fd为:133
2019年2月15日5时9分41秒	通过fd发送了一次数据，fd为:133
2019年2月15日5时9分41秒	通过fd发送了一次数据，fd为:133
2019年2月15日5时9分41秒	通过fd发送了一次数据，fd为:133
2019年2月15日5时9分41秒	通过fd发送了一次数据，fd为:135
2019年2月15日5时9分41秒	通过fd发送了一次数据，fd为:135
2019年2月15日5时9分41秒	通过fd发送了一次数据，fd为:135
2019年2月15日5时9分41秒	通过fd发送了一次数据，fd为:135
2019年2月15日5时9分41秒	通过fd发送了一次数据，fd为:135
2019年2月15日5时9分41秒	通过fd发送了一次数据，fd为:
2019年2月15日5时9分41秒	通过fd发送了一次数据，fd为:135
2019年2月15日5时9分41秒	通过fd发送了一次数据，fd为:135
2019年2月15日5时9分41秒	通过fd发送了一次数据，fd为:136
2019年2月15日5时9分41秒	通过fd发送了一次数据，fd为:135
2019年2月15日5时9分41秒	通过fd发送了一次数据，fd为:136
2019年2月15日5时9分41秒	通过fd发送了一次数据，fd为:135
2019年2月15日5时9分41秒	通过fd发送了一次数据，fd为:135
2019年2月15日5时9分41秒	通过fd发送了一次数据，fd为:136
2019年2月15日5时9分41秒	通过fd发送了一次数据，fd为:135
2019年2月15日5时9分41秒	通过fd发送了一次数据，fd为:136
2019年2月15日5时9分41秒	通过fd发送了一次数据，fd为:136
2019年2月15日5时9分41秒	通过fd发送了一次数据，fd为:136
2019年2月15日5时9分42秒	通过fd发送了一次数据，fd为:137
2019年2月15日5时9分42秒	通过fd发送了一次数据，fd为:
2019年2月15日5时9分42秒	通过fd发送了一次数据，fd为:137
2019年2月15日5时9分42秒	通过fd发送了一次数据，fd为:136
2019年2月15日5时9分42秒	通过fd发送了一次数据，fd为:136
2019年2月15日5时9分42秒	通过fd发送了一次数据，fd为:136
2019年2月15日5时9分42秒	通过fd发送了一次数据，fd为:137
2019年2月15日5时9分42秒	通过fd发送了一次数据，fd为:136
2019年2月15日5时9分42秒	通过fd发送了一次数据，fd为:137
2019年2月15日5时9分42秒	通过fd发送了一次数据，fd为:137
2019年2月15日5时9分42秒	通过fd发送了一次数据，fd为:137
2019年2月15日5时9分42秒	通过fd发送了一次数据，fd为:137
2019年2月15日5时9分42秒	通过fd发送了一次数据，fd为:137
2019年2月15日5时9分42秒	通过fd发送了一次数据，fd为:138
2019年2月15日5时9分42秒	通过fd发送了一次数据，fd为:137
2019年2月15日5时9分42秒	通过fd发送了一次数据，fd为:
2019年2月15日5时9分42秒	通过fd发送了一次数据，fd为:137
2019年2月15日5时9分42秒	通过fd发送了一次数据，fd为:137
2019年2月15日5时9分42秒	通过fd发送了一次数据，fd为:138
2019年2月15日5时9分42秒	通过fd发送了一次数据，fd为:137
2019年2月15日5时9分42秒	通过fd发送了一次数据，fd为:137
2019年2月15日5时9分42秒	通过fd发送了一次数据，fd为:137
2019年2月15日5时9分42秒	通过fd发送了一次数据，fd为:138
2019年2月15日5时9分42秒	通过fd发送了一次数据，fd为:137
2019年2月15日5时9分42秒	通过fd发送了一次数据，fd为:138
2019年2月15日5时9分42秒	通过fd发送了一次数据，fd为:139
2019年2月15日5时9分42秒	通过fd发送了一次数据，fd为:138
2019年2月15日5时9分42秒	通过fd发送了一次数据，fd为:138
2019年2月15日5时9分42秒	通过fd发送了一次数据，fd为:139
2019年2月15日5时9分42秒	通过fd发送了一次数据，fd为:
testlog


2019年2月15日5时11分48秒	通过fd发送了一次数据，fd为:21
2019年2月15日5时11分48秒	通过fd发送了一次数据，fd为:22
2019年2月15日5时11分48秒	通过fd发送了一次数据，fd为:26
2019年2月15日5时11分48秒	通过fd发送了一次数据，fd为:25
2019年2月15日5时11分48秒	通过fd发送了一次数据，fd为:23
2019年2月15日5时11分48秒	通过fd发送了一次数据，fd为:27
2019年2月15日5时11分48秒	通过fd发送了一次数据，fd为:26
2019年2月15日5时11分48秒	通过fd发送了一次数据，fd为:23
2019年2月15日5时11分48秒	通过fd发送了一次数据，fd为:21
2019年2月15日5时11分48秒	通过fd发送了一次数据，fd为:22
2019年2月15日5时11分48秒	通过fd发送了一次数据，fd为:23
2019年2月15日5时11分48秒	通过fd发送了一次数据，fd为:28
2019年2月15日5时11分48秒	通过fd发送了一次数据，fd为:21
2019年2月15日5时11分48秒	通过fd发送了一次数据，fd为:
testlog

2019年2月15日5时23分58秒	通过fd发送了一次数据，fd为:21
2019年2月15日5时23分58秒	通过fd发送了一次数据，fd为:23
2019年2月15日5时23分58秒	通过fd发送了一次数据，fd为:22
2019年2月15日5时23分58秒	通过fd发送了一次数据，fd为:25
2019年2月15日5时23分58秒	通过fd发送了一次数据，fd为:26
2019年2月15日5时23分58秒	通过fd发送了一次数据，fd为:27
2019年2月15日5时23分58秒	通过fd发送了一次数据，fd为:28
2019年2月15日5时23分58秒	通过fd发送了一次数据，fd为:29
2019年2月15日5时23分58秒	通过fd发送了一次数据，fd为:30
2019年2月15日5时23分58秒	通过fd发送了一次数据，fd为:30
2019年2月15日5时23分58秒	通过fd发送了一次数据，fd为:32
2019年2月15日5时23分58秒	通过fd发送了一次数据，fd为:31
2019年2月15日5时23分58秒	通过fd发送了一次数据，fd为:28
2019年2月15日5时23分58秒	通过fd发送了一次数据，fd为:
2019年2月15日5时23分58秒	通过fd发送了一次数据，fd为:33
2019年2月15日5时23分58秒	通过fd发送了一次数据，fd为:34
2019年2月15日5时23分58秒	通过fd发送了一次数据，fd为:38
2019年2月15日5时23分58秒	通过fd发送了一次数据，fd为:43
2019年2月15日5时23分58秒	通过fd发送了一次数据，fd为:47
2019年2月15日5时23分58秒	通过fd发送了一次数据，fd为:49
2019年2月15日5时23分58秒	通过fd发送了一次数据，fd为:38
2019年2月15日5时23分58秒	通过fd发送了一次数据，fd为:50
2019年2月15日5时23分58秒	通过fd发送了一次数据，fd为:51
2019年2月15日5时23分58秒	通过fd发送了一次数据，fd为:54
2019年2月15日5时23分58秒	通过fd发送了一次数据，fd为:78
2019年2月15日5时23分58秒	通过fd发送了一次数据，fd为:54
2019年2月15日5时23分58秒	通过fd发送了一次数据，fd为:80
2019年2月15日5时23分58秒	通过fd发送了一次数据，fd为:
2019年2月15日5时23分58秒	通过fd发送了一次数据，fd为:82
2019年2月15日5时23分58秒	通过fd发送了一次数据，fd为:54
2019年2月15日5时23分58秒	通过fd发送了一次数据，fd为:83
2019年2月15日5时23分58秒	通过fd发送了一次数据，fd为:84
2019年2月15日5时23分58秒	通过fd发送了一次数据，fd为:85
2019年2月15日5时23分58秒	通过fd发送了一次数据，fd为:85
2019年2月15日5时23分58秒	通过fd发送了一次数据，fd为:86
2019年2月15日5时23分58秒	通过fd发送了一次数据，fd为:87
2019年2月15日5时23分58秒	通过fd发送了一次数据，fd为:90
2019年2月15日5时23分58秒	通过fd发送了一次数据，fd为:92
2019年2月15日5时23分58秒	通过fd发送了一次数据，fd为:94
2019年2月15日5时23分58秒	通过fd发送了一次数据，fd为:96
2019年2月15日5时23分58秒	通过fd发送了一次数据，fd为:98
2019年2月15日5时23分58秒	通过fd发送了一次数据，fd为:
2019年2月15日5时23分58秒	通过fd发送了一次数据，fd为:100
2019年2月15日5时23分58秒	通过fd发送了一次数据，fd为:101
2019年2月15日5时23分58秒	通过fd发送了一次数据，fd为:100
2019年2月15日5时23分58秒	通过fd发送了一次数据，fd为:102
2019年2月15日5时23分58秒	通过fd发送了一次数据，fd为:103
2019年2月15日5时23分58秒	通过fd发送了一次数据，fd为:104
2019年2月15日5时23分58秒	通过fd发送了一次数据，fd为:105
2019年2月15日5时23分58秒	通过fd发送了一次数据，fd为:106
2019年2月15日5时23分58秒	通过fd发送了一次数据，fd为:107
2019年2月15日5时23分58秒	通过fd发送了一次数据，fd为:106
2019年2月15日5时23分58秒	通过fd发送了一次数据，fd为:108
2019年2月15日5时23分58秒	通过fd发送了一次数据，fd为:108
2019年2月15日5时23分58秒	通过fd发送了一次数据，fd为:112
2019年2月15日5时23分58秒	通过fd发送了一次数据，fd为:
2019年2月15日5时23分58秒	通过fd发送了一次数据，fd为:113
2019年2月15日5时23分58秒	通过fd发送了一次数据，fd为:114
2019年2月15日5时23分58秒	通过fd发送了一次数据，fd为:115
2019年2月15日5时23分58秒	通过fd发送了一次数据，fd为:116
2019年2月15日5时23分58秒	通过fd发送了一次数据，fd为:117
2019年2月15日5时23分58秒	通过fd发送了一次数据，fd为:118
2019年2月15日5时23分58秒	通过fd发送了一次数据，fd为:119
2019年2月15日5时23分58秒	通过fd发送了一次数据，fd为:120
2019年2月15日5时23分58秒	通过fd发送了一次数据，fd为:121
2019年2月15日5时23分58秒	通过fd发送了一次数据，fd为:120
2019年2月15日5时23分58秒	通过fd发送了一次数据，fd为:122
2019年2月15日5时23分58秒	通过fd发送了一次数据，fd为:124
2019年2月15日5时23分58秒	通过fd发送了一次数据，fd为:125
2019年2月15日5时23分58秒	通过fd发送了一次数据，fd为:
127
2019年2月15日5时23分58秒	通过fd发送了一次数据，fd为:128
2019年2月15日5时23分58秒	通过fd发送了一次数据，fd为:129
2019年2月15日5时23分58秒	通过fd发送了一次数据，fd为:130
2019年2月15日5时23分58秒	通过fd发送了一次数据，fd为:130
2019年2月15日5时23分58秒	通过fd发送了一次数据，fd为:131
2019年2月15日5时23分58秒	通过fd发送了一次数据，fd为:130
2019年2月15日5时23分58秒	通过fd发送了一次数据，fd为:132
2019年2月15日5时23分58秒	通过fd发送了一次数据，fd为:133
2019年2月15日5时23分58秒	通过fd发送了一次数据，fd为:134
2019年2月15日5时23分58秒	通过fd发送了一次数据，fd为:135
2019年2月15日5时23分58秒	通过fd发送了一次数据，fd为:136
2019年2月15日5时23分58秒	通过fd发送了一次数据，fd为:137
2019年2月15日5时23分58秒	通过fd发送了一次数据，fd为:138
2019年2月15日5时23分58秒	通过fd发送了一次数据，fd为:
2019年2月15日5时23分58秒	通过fd发送了一次数据，fd为:139
2019年2月15日5时23分58秒	通过fd发送了一次数据，fd为:138
2019年2月15日5时23分58秒	通过fd发送了一次数据，fd为:140
2019年2月15日5时23分58秒	通过fd发送了一次数据，fd为:141
2019年2月15日5时23分58秒	通过fd发送了一次数据，fd为:142
2019年2月15日5时23分58秒	通过fd发送了一次数据，fd为:143
2019年2月15日5时23分58秒	通过fd发送了一次数据，fd为:144
2019年2月15日5时23分58秒	通过fd发送了一次数据，fd为:145
2019年2月15日5时23分58秒	通过fd发送了一次数据，fd为:146
2019年2月15日5时23分58秒	通过fd发送了一次数据，fd为:147
2019年2月15日5时23分58秒	通过fd发送了一次数据，fd为:146
2019年2月15日5时23分58秒	通过fd发送了一次数据，fd为:147
2019年2月15日5时23分58秒	通过fd发送了一次数据，fd为:148
2019年2月15日5时23分58秒	通过fd发送了一次数据，fd为:
2019年2月15日5时23分58秒	通过fd发送了一次数据，fd为:151
2019年2月15日5时23分58秒	通过fd发送了一次数据，fd为:153
2019年2月15日5时23分58秒	通过fd发送了一次数据，fd为:157
2019年2月15日5时23分58秒	通过fd发送了一次数据，fd为:159
2019年2月15日5时23分58秒	通过fd发送了一次数据，fd为:160
2019年2月15日5时23分58秒	通过fd发送了一次数据，fd为:161
2019年2月15日5时23分58秒	通过fd发送了一次数据，fd为:160
2019年2月15日5时23分58秒	通过fd发送了一次数据，fd为:162
2019年2月15日5时23分58秒	通过fd发送了一次数据，fd为:163
2019年2月15日5时23分58秒	通过fd发送了一次数据，fd为:164
2019年2月15日5时23分58秒	通过fd发送了一次数据，fd为:165
2019年2月15日5时23分58秒	通过fd发送了一次数据，fd为:166
2019年2月15日5时23分58秒	通过fd发送了一次数据，fd为:167
2019年2月15日5时23分58秒	通过fd发送了一次数据，fd为:
168
2019年2月15日5时23分58秒	通过fd发送了一次数据，fd为:169
2019年2月15日5时23分58秒	通过fd发送了一次数据，fd为:170
2019年2月15日5时23分58秒	通过fd发送了一次数据，fd为:171
2019年2月15日5时23分58秒	通过fd发送了一次数据，fd为:172
2019年2月15日5时23分58秒	通过fd发送了一次数据，fd为:173
2019年2月15日5时23分58秒	通过fd发送了一次数据，fd为:174
2019年2月15日5时23分58秒	通过fd发送了一次数据，fd为:175
2019年2月15日5时23分58秒	通过fd发送了一次数据，fd为:176
2019年2月15日5时23分58秒	通过fd发送了一次数据，fd为:177
2019年2月15日5时23分58秒	通过fd发送了一次数据，fd为:178
2019年2月15日5时23分58秒	通过fd发送了一次数据，fd为:179
2019年2月15日5时23分58秒	通过fd发送了一次数据，fd为:179
2019年2月15日5时23分58秒	通过fd发送了一次数据，fd为:180
2019年2月15日5时23分58秒	通过fd发送了一次数据，fd为:
181
2019年2月15日5时23分58秒	通过fd发送了一次数据，fd为:182
2019年2月15日5时23分58秒	通过fd发送了一次数据，fd为:183
2019年2月15日5时23分58秒	通过fd发送了一次数据，fd为:184
2019年2月15日5时23分58秒	通过fd发送了一次数据，fd为:185
2019年2月15日5时23分58秒	通过fd发送了一次数据，fd为:186
2019年2月15日5时23分58秒	通过fd发送了一次数据，fd为:187
2019年2月15日5时23分58秒	通过fd发送了一次数据，fd为:188
2019年2月15日5时23分58秒	通过fd发送了一次数据，fd为:189
2019年2月15日5时23分58秒	通过fd发送了一次数据，fd为:188
2019年2月15日5时23分58秒	通过fd发送了一次数据，fd为:190
2019年2月15日5时23分58秒	通过fd发送了一次数据，fd为:191
2019年2月15日5时23分58秒	通过fd发送了一次数据，fd为:192
2019年2月15日5时23分58秒	通过fd发送了一次数据，fd为:193
2019年2月15日5时23分58秒	通过fd发送了一次数据，fd为:
2019年2月15日5时23分58秒	通过fd发送了一次数据，fd为:195
2019年2月15日5时23分58秒	通过fd发送了一次数据，fd为:195
2019年2月15日5时23分58秒	通过fd发送了一次数据，fd为:196
2019年2月15日5时23分58秒	通过fd发送了一次数据，fd为:197
2019年2月15日5时23分58秒	通过fd发送了一次数据，fd为:198
2019年2月15日5时23分58秒	通过fd发送了一次数据，fd为:199
2019年2月15日5时23分58秒	通过fd发送了一次数据，fd为:200
2019年2月15日5时23分58秒	通过fd发送了一次数据，fd为:201
2019年2月15日5时23分58秒	通过fd发送了一次数据，fd为:202
2019年2月15日5时23分58秒	通过fd发送了一次数据，fd为:202
2019年2月15日5时23分58秒	通过fd发送了一次数据，fd为:203
2019年2月15日5时23分58秒	通过fd发送了一次数据，fd为:202
2019年2月15日5时23分58秒	通过fd发送了一次数据，fd为:204
2019年2月15日5时23分58秒	通过fd发送了一次数据，fd为:
2019年2月15日5时23分58秒	通过fd发送了一次数据，fd为:206
2019年2月15日5时23分58秒	通过fd发送了一次数据，fd为:207
2019年2月15日5时23分58秒	通过fd发送了一次数据，fd为:208
2019年2月15日5时23分58秒	通过fd发送了一次数据，fd为:209
2019年2月15日5时23分58秒	通过fd发送了一次数据，fd为:210
2019年2月15日5时23分58秒	通过fd发送了一次数据，fd为:211
2019年2月15日5时23分58秒	通过fd发送了一次数据，fd为:212
2019年2月15日5时23分58秒	通过fd发送了一次数据，fd为:211
2019年2月15日5时23分58秒	通过fd发送了一次数据，fd为:213
2019年2月15日5时23分58秒	通过fd发送了一次数据，fd为:214
2019年2月15日5时23分58秒	通过fd发送了一次数据，fd为:215
2019年2月15日5时23分58秒	通过fd发送了一次数据，fd为:216
2019年2月15日5时23分58秒	通过fd发送了一次数据，fd为:217
2019年2月15日5时23分58秒	通过fd发送了一次数据，fd为:
2019年2月15日5时23分58秒	通过fd发送了一次数据，fd为:219
2019年2月15日5时23分58秒	通过fd发送了一次数据，fd为:220
2019年2月15日5时23分58秒	通过fd发送了一次数据，fd为:221
2019年2月15日5时23分58秒	通过fd发送了一次数据，fd为:220
2019年2月15日5时23分58秒	通过fd发送了一次数据，fd为:222
2019年2月15日5时23分58秒	通过fd发送了一次数据，fd为:223
2019年2月15日5时23分58秒	通过fd发送了一次数据，fd为:224
2019年2月15日5时23分58秒	通过fd发送了一次数据，fd为:223
2019年2月15日5时23分58秒	通过fd发送了一次数据，fd为:225
2019年2月15日5时23分58秒	通过fd发送了一次数据，fd为:226
2019年2月15日5时23分58秒	通过fd发送了一次数据，fd为:227
2019年2月15日5时23分58秒	通过fd发送了一次数据，fd为:228
2019年2月15日5时23分58秒	通过fd发送了一次数据，fd为:229
2019年2月15日5时23分58秒	通过fd发送了一次数据，fd为:
230
2019年2月15日5时23分59秒	通过fd发送了一次数据，fd为:231
2019年2月15日5时23分59秒	通过fd发送了一次数据，fd为:232
2019年2月15日5时23分59秒	通过fd发送了一次数据，fd为:233
2019年2月15日5时23分59秒	通过fd发送了一次数据，fd为:234
2019年2月15日5时23分59秒	通过fd发送了一次数据，fd为:235
2019年2月15日5时23分59秒	通过fd发送了一次数据，fd为:236
2019年2月15日5时23分59秒	通过fd发送了一次数据，fd为:237
2019年2月15日5时23分59秒	通过fd发送了一次数据，fd为:238
2019年2月15日5时23分59秒	通过fd发送了一次数据，fd为:239
2019年2月15日5时23分59秒	通过fd发送了一次数据，fd为:240
2019年2月15日5时23分59秒	通过fd发送了一次数据，fd为:241
2019年2月15日5时23分59秒	通过fd发送了一次数据，fd为:242
2019年2月15日5时23分59秒	通过fd发送了一次数据，fd为:243
2019年2月15日5时23分59秒	通过fd发送了一次数据，fd为:
244
2019年2月15日5时23分59秒	通过fd发送了一次数据，fd为:245
2019年2月15日5时23分59秒	通过fd发送了一次数据，fd为:245
2019年2月15日5时23分59秒	通过fd发送了一次数据，fd为:246
2019年2月15日5时23分59秒	通过fd发送了一次数据，fd为:247
2019年2月15日5时23分59秒	通过fd发送了一次数据，fd为:248
2019年2月15日5时23分59秒	通过fd发送了一次数据，fd为:248
2019年2月15日5时23分59秒	通过fd发送了一次数据，fd为:249
2019年2月15日5时23分59秒	通过fd发送了一次数据，fd为:250
2019年2月15日5时23分59秒	通过fd发送了一次数据，fd为:250
2019年2月15日5时23分59秒	通过fd发送了一次数据，fd为:251
2019年2月15日5时23分59秒	通过fd发送了一次数据，fd为:250
2019年2月15日5时23分59秒	通过fd发送了一次数据，fd为:252
2019年2月15日5时23分59秒	通过fd发送了一次数据，fd为:253
2019年2月15日5时23分59秒	通过fd发送了一次数据，fd为:
2019年2月15日5时23分59秒	通过fd发送了一次数据，fd为:255
2019年2月15日5时23分59秒	通过fd发送了一次数据，fd为:256
2019年2月15日5时23分59秒	通过fd发送了一次数据，fd为:257
2019年2月15日5时23分59秒	通过fd发送了一次数据，fd为:258
2019年2月15日5时23分59秒	通过fd发送了一次数据，fd为:259
2019年2月15日5时23分59秒	通过fd发送了一次数据，fd为:260
2019年2月15日5时23分59秒	通过fd发送了一次数据，fd为:261
2019年2月15日5时23分59秒	通过fd发送了一次数据，fd为:262
2019年2月15日5时23分59秒	通过fd发送了一次数据，fd为:263
2019年2月15日5时23分59秒	通过fd发送了一次数据，fd为:264
2019年2月15日5时23分59秒	通过fd发送了一次数据，fd为:265
2019年2月15日5时23分59秒	通过fd发送了一次数据，fd为:266
2019年2月15日5时23分59秒	通过fd发送了一次数据，fd为:267
2019年2月15日5时23分59秒	通过fd发送了一次数据，fd为:
2019年2月15日5时23分59秒	通过fd发送了一次数据，fd为:269
2019年2月15日5时23分59秒	通过fd发送了一次数据，fd为:268
2019年2月15日5时23分59秒	通过fd发送了一次数据，fd为:269
2019年2月15日5时23分59秒	通过fd发送了一次数据，fd为:268
2019年2月15日5时23分59秒	通过fd发送了一次数据，fd为:270
2019年2月15日5时23分59秒	通过fd发送了一次数据，fd为:271
2019年2月15日5时23分59秒	通过fd发送了一次数据，fd为:272
2019年2月15日5时23分59秒	通过fd发送了一次数据，fd为:273
2019年2月15日5时23分59秒	通过fd发送了一次数据，fd为:274
2019年2月15日5时23分59秒	通过fd发送了一次数据，fd为:274
2019年2月15日5时23分59秒	通过fd发送了一次数据，fd为:275
2019年2月15日5时23分59秒	通过fd发送了一次数据，fd为:274
2019年2月15日5时23分59秒	通过fd发送了一次数据，fd为:275
2019年2月15日5时23分59秒	通过fd发送了一次数据，fd为:
2019年2月15日5时23分59秒	通过fd发送了一次数据，fd为:275
2019年2月15日5时23分59秒	通过fd发送了一次数据，fd为:277
2019年2月15日5时23分59秒	通过fd发送了一次数据，fd为:278
2019年2月15日5时23分59秒	通过fd发送了一次数据，fd为:279
2019年2月15日5时23分59秒	通过fd发送了一次数据，fd为:280
2019年2月15日5时23分59秒	通过fd发送了一次数据，fd为:281
2019年2月15日5时23分59秒	通过fd发送了一次数据，fd为:282
2019年2月15日5时23分59秒	通过fd发送了一次数据，fd为:283
2019年2月15日5时23分59秒	通过fd发送了一次数据，fd为:284
2019年2月15日5时23分59秒	通过fd发送了一次数据，fd为:285
2019年2月15日5时23分59秒	通过fd发送了一次数据，fd为:286
2019年2月15日5时23分59秒	通过fd发送了一次数据，fd为:287
2019年2月15日5时23分59秒	通过fd发送了一次数据，fd为:288
2019年2月15日5时23分59秒	通过fd发送了一次数据，fd为:
2019年2月15日5时23分59秒	通过fd发送了一次数据，fd为:289
2019年2月15日5时23分59秒	通过fd发送了一次数据，fd为:290
2019年2月15日5时23分59秒	通过fd发送了一次数据，fd为:291
2019年2月15日5时23分59秒	通过fd发送了一次数据，fd为:291
2019年2月15日5时23分59秒	通过fd发送了一次数据，fd为:292
2019年2月15日5时23分59秒	通过fd发送了一次数据，fd为:293
2019年2月15日5时23分59秒	通过fd发送了一次数据，fd为:292
2019年2月15日5时23分59秒	通过fd发送了一次数据，fd为:294
2019年2月15日5时23分59秒	通过fd发送了一次数据，fd为:295
2019年2月15日5时23分59秒	通过fd发送了一次数据，fd为:296
2019年2月15日5时23分59秒	通过fd发送了一次数据，fd为:295
2019年2月15日5时23分59秒	通过fd发送了一次数据，fd为:297
2019年2月15日5时23分59秒	通过fd发送了一次数据，fd为:298
2019年2月15日5时23分59秒	通过fd发送了一次数据，fd为:
2019年2月15日5时23分59秒	通过fd发送了一次数据，fd为:300
2019年2月15日5时23分59秒	通过fd发送了一次数据，fd为:300
2019年2月15日5时23分59秒	通过fd发送了一次数据，fd为:300
2019年2月15日5时23分59秒	通过fd发送了一次数据，fd为:301
2019年2月15日5时23分59秒	通过fd发送了一次数据，fd为:302
2019年2月15日5时23分59秒	通过fd发送了一次数据，fd为:303
2019年2月15日5时23分59秒	通过fd发送了一次数据，fd为:304
2019年2月15日5时23分59秒	通过fd发送了一次数据，fd为:305
2019年2月15日5时23分59秒	通过fd发送了一次数据，fd为:306
2019年2月15日5时23分59秒	通过fd发送了一次数据，fd为:307
2019年2月15日5时23分59秒	通过fd发送了一次数据，fd为:307
2019年2月15日5时23分59秒	通过fd发送了一次数据，fd为:308
2019年2月15日5时23分59秒	通过fd发送了一次数据，fd为:309
2019年2月15日5时23分59秒	通过fd发送了一次数据，fd为:
2019年2月15日5时23分59秒	通过fd发送了一次数据，fd为:311
2019年2月15日5时23分59秒	通过fd发送了一次数据，fd为:312
2019年2月15日5时23分59秒	通过fd发送了一次数据，fd为:313
2019年2月15日5时23分59秒	通过fd发送了一次数据，fd为:314
2019年2月15日5时23分59秒	通过fd发送了一次数据，fd为:315
2019年2月15日5时23分59秒	通过fd发送了一次数据，fd为:316
2019年2月15日5时23分59秒	通过fd发送了一次数据，fd为:317
2019年2月15日5时23分59秒	通过fd发送了一次数据，fd为:318
2019年2月15日5时23分59秒	通过fd发送了一次数据，fd为:319
2019年2月15日5时23分59秒	通过fd发送了一次数据，fd为:320
2019年2月15日5时23分59秒	通过fd发送了一次数据，fd为:321
2019年2月15日5时23分59秒	通过fd发送了一次数据，fd为:322
2019年2月15日5时23分59秒	通过fd发送了一次数据，fd为:323
2019年2月15日5时23分59秒	通过fd发送了一次数据，fd为:
2019年2月15日5时23分59秒	通过fd发送了一次数据，fd为:325
2019年2月15日5时23分59秒	通过fd发送了一次数据，fd为:326
2019年2月15日5时23分59秒	通过fd发送了一次数据，fd为:327
2019年2月15日5时23分59秒	通过fd发送了一次数据，fd为:328
2019年2月15日5时23分59秒	通过fd发送了一次数据，fd为:329
2019年2月15日5时23分59秒	通过fd发送了一次数据，fd为:330
2019年2月15日5时23分59秒	通过fd发送了一次数据，fd为:331
2019年2月15日5时23分59秒	通过fd发送了一次数据，fd为:332
2019年2月15日5时23分59秒	通过fd发送了一次数据，fd为:331
2019年2月15日5时23分59秒	通过fd发送了一次数据，fd为:333
2019年2月15日5时23分59秒	通过fd发送了一次数据，fd为:334
2019年2月15日5时23分59秒	通过fd发送了一次数据，fd为:335
2019年2月15日5时23分59秒	通过fd发送了一次数据，fd为:336
2019年2月15日5时23分59秒	通过fd发送了一次数据，fd为:
2019年2月15日5时23分59秒	通过fd发送了一次数据，fd为:336
2019年2月15日5时23分59秒	通过fd发送了一次数据，fd为:335
2019年2月15日5时23分59秒	通过fd发送了一次数据，fd为:337
2019年2月15日5时23分59秒	通过fd发送了一次数据，fd为:337
2019年2月15日5时23分59秒	通过fd发送了一次数据，fd为:337
2019年2月15日5时23分59秒	通过fd发送了一次数据，fd为:338
2019年2月15日5时23分59秒	通过fd发送了一次数据，fd为:339
2019年2月15日5时23分59秒	通过fd发送了一次数据，fd为:340
2019年2月15日5时23分59秒	通过fd发送了一次数据，fd为:341
2019年2月15日5时23分59秒	通过fd发送了一次数据，fd为:341
2019年2月15日5时23分59秒	通过fd发送了一次数据，fd为:342
2019年2月15日5时23分59秒	通过fd发送了一次数据，fd为:342
2019年2月15日5时23分59秒	通过fd发送了一次数据，fd为:343
2019年2月15日5时23分59秒	通过fd发送了一次数据，fd为:
2019年2月15日5时23分59秒	通过fd发送了一次数据，fd为:344
2019年2月15日5时23分59秒	通过fd发送了一次数据，fd为:345
2019年2月15日5时23分59秒	通过fd发送了一次数据，fd为:346
2019年2月15日5时23分59秒	通过fd发送了一次数据，fd为:347
2019年2月15日5时23分59秒	通过fd发送了一次数据，fd为:348
2019年2月15日5时23分59秒	通过fd发送了一次数据，fd为:349
2019年2月15日5时23分59秒	通过fd发送了一次数据，fd为:348
2019年2月15日5时23分59秒	通过fd发送了一次数据，fd为:350
2019年2月15日5时23分59秒	通过fd发送了一次数据，fd为:351
2019年2月15日5时23分59秒	通过fd发送了一次数据，fd为:352
2019年2月15日5时23分59秒	通过fd发送了一次数据，fd为:353
2019年2月15日5时23分59秒	通过fd发送了一次数据，fd为:354
2019年2月15日5时23分59秒	通过fd发送了一次数据，fd为:355
2019年2月15日5时23分59秒	通过fd发送了一次数据，fd为:
2019年2月15日5时23分59秒	通过fd发送了一次数据，fd为:357
2019年2月15日5时23分59秒	通过fd发送了一次数据，fd为:358
2019年2月15日5时23分59秒	通过fd发送了一次数据，fd为:357
2019年2月15日5时23分59秒	通过fd发送了一次数据，fd为:359
2019年2月15日5时23分59秒	通过fd发送了一次数据，fd为:360
2019年2月15日5时23分59秒	通过fd发送了一次数据，fd为:361
2019年2月15日5时23分59秒	通过fd发送了一次数据，fd为:362
2019年2月15日5时23分59秒	通过fd发送了一次数据，fd为:363
2019年2月15日5时23分59秒	通过fd发送了一次数据，fd为:362
2019年2月15日5时23分59秒	通过fd发送了一次数据，fd为:364
2019年2月15日5时23分59秒	通过fd发送了一次数据，fd为:365
2019年2月15日5时23分59秒	通过fd发送了一次数据，fd为:366
2019年2月15日5时23分59秒	通过fd发送了一次数据，fd为:367
2019年2月15日5时23分59秒	通过fd发送了一次数据，fd为:
2019年2月15日5时23分59秒	通过fd发送了一次数据，fd为:369
2019年2月15日5时23分59秒	通过fd发送了一次数据，fd为:370
2019年2月15日5时23分59秒	通过fd发送了一次数据，fd为:371
2019年2月15日5时23分59秒	通过fd发送了一次数据，fd为:372
2019年2月15日5时23分59秒	通过fd发送了一次数据，fd为:373
2019年2月15日5时23分59秒	通过fd发送了一次数据，fd为:374
2019年2月15日5时23分59秒	通过fd发送了一次数据，fd为:375
2019年2月15日5时23分59秒	通过fd发送了一次数据，fd为:376
2019年2月15日5时23分59秒	通过fd发送了一次数据，fd为:377
2019年2月15日5时23分59秒	通过fd发送了一次数据，fd为:378
2019年2月15日5时23分59秒	通过fd发送了一次数据，fd为:379
2019年2月15日5时23分59秒	通过fd发送了一次数据，fd为:379
2019年2月15日5时23分59秒	通过fd发送了一次数据，fd为:380
2019年2月15日5时23分59秒	通过fd发送了一次数据，fd为:
2019年2月15日5时23分59秒	通过fd发送了一次数据，fd为:382
2019年2月15日5时23分59秒	通过fd发送了一次数据，fd为:383
2019年2月15日5时23分59秒	通过fd发送了一次数据，fd为:384
2019年2月15日5时23分59秒	通过fd发送了一次数据，fd为:385
2019年2月15日5时23分59秒	通过fd发送了一次数据，fd为:386
2019年2月15日5时23分59秒	通过fd发送了一次数据，fd为:387
2019年2月15日5时23分59秒	通过fd发送了一次数据，fd为:388
2019年2月15日5时23分59秒	通过fd发送了一次数据，fd为:389
2019年2月15日5时23分59秒	通过fd发送了一次数据，fd为:389
2019年2月15日5时23分59秒	通过fd发送了一次数据，fd为:390
2019年2月15日5时23分59秒	通过fd发送了一次数据，fd为:391
2019年2月15日5时23分59秒	通过fd发送了一次数据，fd为:390
2019年2月15日5时23分59秒	通过fd发送了一次数据，fd为:391
2019年2月15日5时23分59秒	通过fd发送了一次数据，fd为:
2019年2月15日5时23分59秒	通过fd发送了一次数据，fd为:391
2019年2月15日5时23分59秒	通过fd发送了一次数据，fd为:392
2019年2月15日5时23分59秒	通过fd发送了一次数据，fd为:393
2019年2月15日5时23分59秒	通过fd发送了一次数据，fd为:392
2019年2月15日5时23分59秒	通过fd发送了一次数据，fd为:392
2019年2月15日5时23分59秒	通过fd发送了一次数据，fd为:394
2019年2月15日5时23分59秒	通过fd发送了一次数据，fd为:395
2019年2月15日5时23分59秒	通过fd发送了一次数据，fd为:396
2019年2月15日5时23分59秒	通过fd发送了一次数据，fd为:396
2019年2月15日5时23分59秒	通过fd发送了一次数据，fd为:397
2019年2月15日5时23分59秒	通过fd发送了一次数据，fd为:398
2019年2月15日5时23分59秒	通过fd发送了一次数据，fd为:399
2019年2月15日5时23分59秒	通过fd发送了一次数据，fd为:400
2019年2月15日5时23分59秒	通过fd发送了一次数据，fd为:
2019年2月15日5时23分59秒	通过fd发送了一次数据，fd为:401
2019年2月15日5时23分59秒	通过fd发送了一次数据，fd为:402
2019年2月15日5时23分59秒	通过fd发送了一次数据，fd为:403
2019年2月15日5时23分59秒	通过fd发送了一次数据，fd为:404
2019年2月15日5时23分59秒	通过fd发送了一次数据，fd为:403
2019年2月15日5时23分59秒	通过fd发送了一次数据，fd为:405
2019年2月15日5时23分59秒	通过fd发送了一次数据，fd为:406
2019年2月15日5时23分59秒	通过fd发送了一次数据，fd为:407
2019年2月15日5时23分59秒	通过fd发送了一次数据，fd为:408
2019年2月15日5时23分59秒	通过fd发送了一次数据，fd为:409
2019年2月15日5时23分59秒	通过fd发送了一次数据，fd为:410
2019年2月15日5时23分59秒	通过fd发送了一次数据，fd为:411
2019年2月15日5时23分59秒	通过fd发送了一次数据，fd为:412
2019年2月15日5时23分59秒	通过fd发送了一次数据，fd为:
2019年2月15日5时23分59秒	通过fd发送了一次数据，fd为:412
2019年2月15日5时23分59秒	通过fd发送了一次数据，fd为:413
2019年2月15日5时23分59秒	通过fd发送了一次数据，fd为:414
2019年2月15日5时23分59秒	通过fd发送了一次数据，fd为:415
2019年2月15日5时23分59秒	通过fd发送了一次数据，fd为:416
2019年2月15日5时23分59秒	通过fd发送了一次数据，fd为:417
2019年2月15日5时23分59秒	通过fd发送了一次数据，fd为:418
2019年2月15日5时23分59秒	通过fd发送了一次数据，fd为:417
2019年2月15日5时23分59秒	通过fd发送了一次数据，fd为:419
2019年2月15日5时23分59秒	通过fd发送了一次数据，fd为:420
2019年2月15日5时23分59秒	通过fd发送了一次数据，fd为:421
2019年2月15日5时23分59秒	通过fd发送了一次数据，fd为:422
2019年2月15日5时23分59秒	通过fd发送了一次数据，fd为:422
2019年2月15日5时23分59秒	通过fd发送了一次数据，fd为:
2019年2月15日5时23分59秒	通过fd发送了一次数据，fd为:424
2019年2月15日5时23分59秒	通过fd发送了一次数据，fd为:423
2019年2月15日5时23分59秒	通过fd发送了一次数据，fd为:425
2019年2月15日5时23分59秒	通过fd发送了一次数据，fd为:426
2019年2月15日5时23分59秒	通过fd发送了一次数据，fd为:427
2019年2月15日5时23分59秒	通过fd发送了一次数据，fd为:428
2019年2月15日5时23分59秒	通过fd发送了一次数据，fd为:427
2019年2月15日5时23分59秒	通过fd发送了一次数据，fd为:428
2019年2月15日5时23分59秒	通过fd发送了一次数据，fd为:429
2019年2月15日5时23分59秒	通过fd发送了一次数据，fd为:430
2019年2月15日5时23分59秒	通过fd发送了一次数据，fd为:431
2019年2月15日5时23分59秒	通过fd发送了一次数据，fd为:430
2019年2月15日5时23分59秒	通过fd发送了一次数据，fd为:432
2019年2月15日5时23分59秒	通过fd发送了一次数据，fd为:
2019年2月15日5时23分59秒	通过fd发送了一次数据，fd为:434
2019年2月15日5时23分59秒	通过fd发送了一次数据，fd为:435
2019年2月15日5时23分59秒	通过fd发送了一次数据，fd为:434
2019年2月15日5时23分59秒	通过fd发送了一次数据，fd为:435
2019年2月15日5时23分59秒	通过fd发送了一次数据，fd为:436
2019年2月15日5时23分59秒	通过fd发送了一次数据，fd为:437
2019年2月15日5时23分59秒	通过fd发送了一次数据，fd为:438
2019年2月15日5时23分59秒	通过fd发送了一次数据，fd为:437
2019年2月15日5时23分59秒	通过fd发送了一次数据，fd为:439
2019年2月15日5时23分59秒	通过fd发送了一次数据，fd为:440
2019年2月15日5时23分59秒	通过fd发送了一次数据，fd为:441
2019年2月15日5时23分59秒	通过fd发送了一次数据，fd为:441
2019年2月15日5时23分59秒	通过fd发送了一次数据，fd为:442
2019年2月15日5时23分59秒	通过fd发送了一次数据，fd为:
2019年2月15日5时23分59秒	通过fd发送了一次数据，fd为:444
2019年2月15日5时23分59秒	通过fd发送了一次数据，fd为:445
2019年2月15日5时23分59秒	通过fd发送了一次数据，fd为:446
2019年2月15日5时23分59秒	通过fd发送了一次数据，fd为:445
2019年2月15日5时23分59秒	通过fd发送了一次数据，fd为:447
2019年2月15日5时23分59秒	通过fd发送了一次数据，fd为:448
2019年2月15日5时23分59秒	通过fd发送了一次数据，fd为:449
2019年2月15日5时23分59秒	通过fd发送了一次数据，fd为:450
2019年2月15日5时23分59秒	通过fd发送了一次数据，fd为:449
2019年2月15日5时23分59秒	通过fd发送了一次数据，fd为:451
2019年2月15日5时23分59秒	通过fd发送了一次数据，fd为:452
2019年2月15日5时23分59秒	通过fd发送了一次数据，fd为:453
2019年2月15日5时23分59秒	通过fd发送了一次数据，fd为:454
2019年2月15日5时23分59秒	通过fd发送了一次数据，fd为:
455
2019年2月15日5时23分59秒	通过fd发送了一次数据，fd为:456
2019年2月15日5时23分59秒	通过fd发送了一次数据，fd为:457
2019年2月15日5时23分59秒	通过fd发送了一次数据，fd为:458
2019年2月15日5时23分59秒	通过fd发送了一次数据，fd为:459
2019年2月15日5时23分59秒	通过fd发送了一次数据，fd为:460
2019年2月15日5时23分59秒	通过fd发送了一次数据，fd为:461
2019年2月15日5时23分59秒	通过fd发送了一次数据，fd为:462
2019年2月15日5时23分59秒	通过fd发送了一次数据，fd为:463
2019年2月15日5时23分59秒	通过fd发送了一次数据，fd为:464
2019年2月15日5时23分59秒	通过fd发送了一次数据，fd为:465
2019年2月15日5时23分59秒	通过fd发送了一次数据，fd为:466
2019年2月15日5时23分59秒	通过fd发送了一次数据，fd为:467
2019年2月15日5时23分59秒	通过fd发送了一次数据，fd为:466
2019年2月15日5时23分59秒	通过fd发送了一次数据，fd为:
2019年2月15日5时23分59秒	通过fd发送了一次数据，fd为:469
2019年2月15日5时23分59秒	通过fd发送了一次数据，fd为:468
2019年2月15日5时23分59秒	通过fd发送了一次数据，fd为:470
2019年2月15日5时23分59秒	通过fd发送了一次数据，fd为:471
2019年2月15日5时23分59秒	通过fd发送了一次数据，fd为:472
2019年2月15日5时23分59秒	通过fd发送了一次数据，fd为:471
2019年2月15日5时23分59秒	通过fd发送了一次数据，fd为:473
2019年2月15日5时23分59秒	通过fd发送了一次数据，fd为:474
2019年2月15日5时23分59秒	通过fd发送了一次数据，fd为:473
2019年2月15日5时23分59秒	通过fd发送了一次数据，fd为:474
2019年2月15日5时23分59秒	通过fd发送了一次数据，fd为:475
2019年2月15日5时23分59秒	通过fd发送了一次数据，fd为:474
2019年2月15日5时23分59秒	通过fd发送了一次数据，fd为:475
2019年2月15日5时23分59秒	通过fd发送了一次数据，fd为:
476
2019年2月15日5时23分59秒	通过fd发送了一次数据，fd为:477
2019年2月15日5时23分59秒	通过fd发送了一次数据，fd为:478
2019年2月15日5时23分59秒	通过fd发送了一次数据，fd为:479
2019年2月15日5时23分59秒	通过fd发送了一次数据，fd为:480
2019年2月15日5时23分59秒	通过fd发送了一次数据，fd为:481
2019年2月15日5时23分59秒	通过fd发送了一次数据，fd为:482
2019年2月15日5时23分59秒	通过fd发送了一次数据，fd为:483
2019年2月15日5时23分59秒	通过fd发送了一次数据，fd为:484
2019年2月15日5时23分59秒	通过fd发送了一次数据，fd为:483
2019年2月15日5时23分59秒	通过fd发送了一次数据，fd为:483
2019年2月15日5时23分59秒	通过fd发送了一次数据，fd为:485
2019年2月15日5时23分59秒	通过fd发送了一次数据，fd为:486
2019年2月15日5时23分59秒	通过fd发送了一次数据，fd为:486
2019年2月15日5时23分59秒	通过fd发送了一次数据，fd为:
2019年2月15日5时23分59秒	通过fd发送了一次数据，fd为:488
2019年2月15日5时23分59秒	通过fd发送了一次数据，fd为:489
2019年2月15日5时23分59秒	通过fd发送了一次数据，fd为:490
2019年2月15日5时23分59秒	通过fd发送了一次数据，fd为:491
2019年2月15日5时23分59秒	通过fd发送了一次数据，fd为:492
2019年2月15日5时23分59秒	通过fd发送了一次数据，fd为:492
2019年2月15日5时23分59秒	通过fd发送了一次数据，fd为:493
2019年2月15日5时23分59秒	通过fd发送了一次数据，fd为:494
2019年2月15日5时23分59秒	通过fd发送了一次数据，fd为:494
2019年2月15日5时23分59秒	通过fd发送了一次数据，fd为:495
2019年2月15日5时23分59秒	通过fd发送了一次数据，fd为:496
2019年2月15日5时23分59秒	通过fd发送了一次数据，fd为:497
2019年2月15日5时23分59秒	通过fd发送了一次数据，fd为:498
2019年2月15日5时23分59秒	通过fd发送了一次数据，fd为:
2019年2月15日5时23分59秒	通过fd发送了一次数据，fd为:498
2019年2月15日5时23分59秒	通过fd发送了一次数据，fd为:498
2019年2月15日5时23分59秒	通过fd发送了一次数据，fd为:500
2019年2月15日5时23分59秒	通过fd发送了一次数据，fd为:501
2019年2月15日5时23分59秒	通过fd发送了一次数据，fd为:502
2019年2月15日5时23分59秒	通过fd发送了一次数据，fd为:503
2019年2月15日5时23分59秒	通过fd发送了一次数据，fd为:504
2019年2月15日5时23分59秒	通过fd发送了一次数据，fd为:504
2019年2月15日5时23分59秒	通过fd发送了一次数据，fd为:505
2019年2月15日5时23分59秒	通过fd发送了一次数据，fd为:504
2019年2月15日5时23分59秒	通过fd发送了一次数据，fd为:506
2019年2月15日5时23分59秒	通过fd发送了一次数据，fd为:504
2019年2月15日5时23分59秒	通过fd发送了一次数据，fd为:507
2019年2月15日5时23分59秒	通过fd发送了一次数据，fd为:
2019年2月15日5时23分59秒	通过fd发送了一次数据，fd为:509
2019年2月15日5时23分59秒	通过fd发送了一次数据，fd为:510
2019年2月15日5时23分59秒	通过fd发送了一次数据，fd为:511
2019年2月15日5时23分59秒	通过fd发送了一次数据，fd为:512
2019年2月15日5时23分59秒	通过fd发送了一次数据，fd为:513
2019年2月15日5时23分59秒	通过fd发送了一次数据，fd为:514
2019年2月15日5时23分59秒	通过fd发送了一次数据，fd为:513
2019年2月15日5时23分59秒	通过fd发送了一次数据，fd为:515
2019年2月15日5时23分59秒	通过fd发送了一次数据，fd为:516
2019年2月15日5时23分59秒	通过fd发送了一次数据，fd为:517
2019年2月15日5时23分59秒	通过fd发送了一次数据，fd为:518
2019年2月15日5时23分59秒	通过fd发送了一次数据，fd为:517
2019年2月15日5时23分59秒	通过fd发送了一次数据，fd为:517
2019年2月15日5时23分59秒	通过fd发送了一次数据，fd为:
2019年2月15日5时23分59秒	通过fd发送了一次数据，fd为:520
2019年2月15日5时23分59秒	通过fd发送了一次数据，fd为:521
2019年2月15日5时23分59秒	通过fd发送了一次数据，fd为:522
2019年2月15日5时23分59秒	通过fd发送了一次数据，fd为:523
2019年2月15日5时23分59秒	通过fd发送了一次数据，fd为:524
2019年2月15日5时23分59秒	通过fd发送了一次数据，fd为:525
2019年2月15日5时23分59秒	通过fd发送了一次数据，fd为:524
2019年2月15日5时23分59秒	通过fd发送了一次数据，fd为:525
2019年2月15日5时23分59秒	通过fd发送了一次数据，fd为:526
2019年2月15日5时23分59秒	通过fd发送了一次数据，fd为:527
2019年2月15日5时23分59秒	通过fd发送了一次数据，fd为:528
2019年2月15日5时23分59秒	通过fd发送了一次数据，fd为:529
2019年2月15日5时23分59秒	通过fd发送了一次数据，fd为:530
2019年2月15日5时23分59秒	通过fd发送了一次数据，fd为:
531
2019年2月15日5时23分59秒	通过fd发送了一次数据，fd为:532
2019年2月15日5时23分59秒	通过fd发送了一次数据，fd为:533
2019年2月15日5时23分59秒	通过fd发送了一次数据，fd为:534
2019年2月15日5时23分59秒	通过fd发送了一次数据，fd为:533
2019年2月15日5时23分59秒	通过fd发送了一次数据，fd为:535
2019年2月15日5时23分59秒	通过fd发送了一次数据，fd为:536
2019年2月15日5时23分59秒	通过fd发送了一次数据，fd为:537
2019年2月15日5时23分59秒	通过fd发送了一次数据，fd为:537
2019年2月15日5时23分59秒	通过fd发送了一次数据，fd为:538
2019年2月15日5时23分59秒	通过fd发送了一次数据，fd为:539
2019年2月15日5时23分59秒	通过fd发送了一次数据，fd为:540

2019年2月15日5时24分0秒	通过fd发送了一次数据，fd为:541
2019年2月15日5时24分0秒	通过fd发送了一次数据，fd为:540
2019年2月15日5时24分0秒	通过fd发送了一次数据，fd为:542
2019年2月15日5时24分0秒	通过fd发送了一次数据，fd为:543
2019年2月15日5时24分0秒	通过fd发送了一次数据，fd为:544
2019年2月15日5时24分0秒	通过fd发送了一次数据，fd为:544
2019年2月15日5时24分0秒	通过fd发送了一次数据，fd为:545
2019年2月15日5时24分0秒	通过fd发送了一次数据，fd为:546
2019年2月15日5时24分0秒	通过fd发送了一次数据，fd为:547
2019年2月15日5时24分0秒	通过fd发送了一次数据，fd为:548
2019年2月15日5时24分0秒	通过fd发送了一次数据，fd为:549
2019年2月15日5时24分0秒	通过fd发送了一次数据，fd为:548
2019年2月15日5时24分0秒	通过fd发送了一次数据，fd为:549
2019年2月15日5时24分0秒	通过fd发送了一次数据，fd为:
2019年2月15日5时24分0秒	通过fd发送了一次数据，fd为:548
2019年2月15日5时24分0秒	通过fd发送了一次数据，fd为:550
2019年2月15日5时24分0秒	通过fd发送了一次数据，fd为:551
2019年2月15日5时24分0秒	通过fd发送了一次数据，fd为:550
2019年2月15日5时24分0秒	通过fd发送了一次数据，fd为:552
2019年2月15日5时24分0秒	通过fd发送了一次数据，fd为:553
2019年2月15日5时24分0秒	通过fd发送了一次数据，fd为:554
2019年2月15日5时24分0秒	通过fd发送了一次数据，fd为:553
2019年2月15日5时24分0秒	通过fd发送了一次数据，fd为:555
2019年2月15日5时24分0秒	通过fd发送了一次数据，fd为:553
2019年2月15日5时24分0秒	通过fd发送了一次数据，fd为:556
2019年2月15日5时24分0秒	通过fd发送了一次数据，fd为:557
2019年2月15日5时24分0秒	通过fd发送了一次数据，fd为:558
2019年2月15日5时24分0秒	通过fd发送了一次数据，fd为:
2019年2月15日5时24分0秒	通过fd发送了一次数据，fd为:557
2019年2月15日5时24分0秒	通过fd发送了一次数据，fd为:559
2019年2月15日5时24分0秒	通过fd发送了一次数据，fd为:560
2019年2月15日5时24分0秒	通过fd发送了一次数据，fd为:559
2019年2月15日5时24分0秒	通过fd发送了一次数据，fd为:561
2019年2月15日5时24分0秒	通过fd发送了一次数据，fd为:559
2019年2月15日5时24分0秒	通过fd发送了一次数据，fd为:562
2019年2月15日5时24分0秒	通过fd发送了一次数据，fd为:563
2019年2月15日5时24分0秒	通过fd发送了一次数据，fd为:564
2019年2月15日5时24分0秒	通过fd发送了一次数据，fd为:565
2019年2月15日5时24分0秒	通过fd发送了一次数据，fd为:566
2019年2月15日5时24分0秒	通过fd发送了一次数据，fd为:567
2019年2月15日5时24分0秒	通过fd发送了一次数据，fd为:568
2019年2月15日5时24分0秒	通过fd发送了一次数据，fd为:
567
2019年2月15日5时24分0秒	通过fd发送了一次数据，fd为:569
2019年2月15日5时24分0秒	通过fd发送了一次数据，fd为:570
2019年2月15日5时24分0秒	通过fd发送了一次数据，fd为:571
2019年2月15日5时24分0秒	通过fd发送了一次数据，fd为:572
2019年2月15日5时24分0秒	通过fd发送了一次数据，fd为:573
2019年2月15日5时24分0秒	通过fd发送了一次数据，fd为:574
2019年2月15日5时24分0秒	通过fd发送了一次数据，fd为:575
2019年2月15日5时24分0秒	通过fd发送了一次数据，fd为:576
2019年2月15日5时24分0秒	通过fd发送了一次数据，fd为:577
2019年2月15日5时24分0秒	通过fd发送了一次数据，fd为:576
2019年2月15日5时24分0秒	通过fd发送了一次数据，fd为:576
2019年2月15日5时24分0秒	通过fd发送了一次数据，fd为:578
2019年2月15日5时24分0秒	通过fd发送了一次数据，fd为:576
2019年2月15日5时24分0秒	通过fd发送了一次数据，fd为:
2019年2月15日5时24分0秒	通过fd发送了一次数据，fd为:576
2019年2月15日5时24分0秒	通过fd发送了一次数据，fd为:580
2019年2月15日5时24分0秒	通过fd发送了一次数据，fd为:581
2019年2月15日5时24分0秒	通过fd发送了一次数据，fd为:580
2019年2月15日5时24分0秒	通过fd发送了一次数据，fd为:582
2019年2月15日5时24分0秒	通过fd发送了一次数据，fd为:580
2019年2月15日5时24分0秒	通过fd发送了一次数据，fd为:583
2019年2月15日5时24分0秒	通过fd发送了一次数据，fd为:584
2019年2月15日5时24分0秒	通过fd发送了一次数据，fd为:585
2019年2月15日5时24分0秒	通过fd发送了一次数据，fd为:585
2019年2月15日5时24分0秒	通过fd发送了一次数据，fd为:586
2019年2月15日5时24分0秒	通过fd发送了一次数据，fd为:587
2019年2月15日5时24分0秒	通过fd发送了一次数据，fd为:588
2019年2月15日5时24分0秒	通过fd发送了一次数据，fd为:
2019年2月15日5时24分0秒	通过fd发送了一次数据，fd为:589
2019年2月15日5时24分0秒	通过fd发送了一次数据，fd为:590
2019年2月15日5时24分0秒	通过fd发送了一次数据，fd为:591
2019年2月15日5时24分0秒	通过fd发送了一次数据，fd为:591
2019年2月15日5时24分0秒	通过fd发送了一次数据，fd为:592
2019年2月15日5时24分0秒	通过fd发送了一次数据，fd为:592
2019年2月15日5时24分0秒	通过fd发送了一次数据，fd为:593
2019年2月15日5时24分0秒	通过fd发送了一次数据，fd为:594
2019年2月15日5时24分0秒	通过fd发送了一次数据，fd为:595
2019年2月15日5时24分0秒	通过fd发送了一次数据，fd为:596
2019年2月15日5时24分0秒	通过fd发送了一次数据，fd为:597
2019年2月15日5时24分0秒	通过fd发送了一次数据，fd为:598
2019年2月15日5时24分0秒	通过fd发送了一次数据，fd为:599
2019年2月15日5时24分0秒	通过fd发送了一次数据，fd为:
2019年2月15日5时24分0秒	通过fd发送了一次数据，fd为:601
2019年2月15日5时24分0秒	通过fd发送了一次数据，fd为:602
2019年2月15日5时24分0秒	通过fd发送了一次数据，fd为:602
2019年2月15日5时24分0秒	通过fd发送了一次数据，fd为:603
2019年2月15日5时24分0秒	通过fd发送了一次数据，fd为:604
2019年2月15日5时24分0秒	通过fd发送了一次数据，fd为:605
2019年2月15日5时24分0秒	通过fd发送了一次数据，fd为:606
2019年2月15日5时24分0秒	通过fd发送了一次数据，fd为:607
2019年2月15日5时24分0秒	通过fd发送了一次数据，fd为:608
2019年2月15日5时24分0秒	通过fd发送了一次数据，fd为:609
2019年2月15日5时24分0秒	通过fd发送了一次数据，fd为:610
2019年2月15日5时24分0秒	通过fd发送了一次数据，fd为:609
2019年2月15日5时24分0秒	通过fd发送了一次数据，fd为:611
2019年2月15日5时24分0秒	通过fd发送了一次数据，fd为:
2019年2月15日5时24分0秒	通过fd发送了一次数据，fd为:613
2019年2月15日5时24分0秒	通过fd发送了一次数据，fd为:612
2019年2月15日5时24分0秒	通过fd发送了一次数据，fd为:614
2019年2月15日5时24分0秒	通过fd发送了一次数据，fd为:615
2019年2月15日5时24分0秒	通过fd发送了一次数据，fd为:616
2019年2月15日5时24分0秒	通过fd发送了一次数据，fd为:617
2019年2月15日5时24分0秒	通过fd发送了一次数据，fd为:618
2019年2月15日5时24分0秒	通过fd发送了一次数据，fd为:617
2019年2月15日5时24分0秒	通过fd发送了一次数据，fd为:618
2019年2月15日5时24分0秒	通过fd发送了一次数据，fd为:619
2019年2月15日5时24分0秒	通过fd发送了一次数据，fd为:620
2019年2月15日5时24分0秒	通过fd发送了一次数据，fd为:620
2019年2月15日5时24分0秒	通过fd发送了一次数据，fd为:621
2019年2月15日5时24分0秒	通过fd发送了一次数据，fd为:
2019年2月15日5时24分0秒	通过fd发送了一次数据，fd为:623
2019年2月15日5时24分0秒	通过fd发送了一次数据，fd为:624
2019年2月15日5时24分0秒	通过fd发送了一次数据，fd为:625
2019年2月15日5时24分0秒	通过fd发送了一次数据，fd为:626
2019年2月15日5时24分0秒	通过fd发送了一次数据，fd为:627
2019年2月15日5时24分0秒	通过fd发送了一次数据，fd为:627
2019年2月15日5时24分0秒	通过fd发送了一次数据，fd为:628
2019年2月15日5时24分0秒	通过fd发送了一次数据，fd为:629
2019年2月15日5时24分0秒	通过fd发送了一次数据，fd为:630
2019年2月15日5时24分0秒	通过fd发送了一次数据，fd为:631
2019年2月15日5时24分0秒	通过fd发送了一次数据，fd为:632
2019年2月15日5时24分0秒	通过fd发送了一次数据，fd为:633
2019年2月15日5时24分0秒	通过fd发送了一次数据，fd为:634
2019年2月15日5时24分0秒	通过fd发送了一次数据，fd为:
2019年2月15日5时24分0秒	通过fd发送了一次数据，fd为:634
2019年2月15日5时24分0秒	通过fd发送了一次数据，fd为:635
2019年2月15日5时24分0秒	通过fd发送了一次数据，fd为:636
2019年2月15日5时24分0秒	通过fd发送了一次数据，fd为:637
2019年2月15日5时24分0秒	通过fd发送了一次数据，fd为:638
2019年2月15日5时24分0秒	通过fd发送了一次数据，fd为:637
2019年2月15日5时24分0秒	通过fd发送了一次数据，fd为:639
2019年2月15日5时24分0秒	通过fd发送了一次数据，fd为:640
2019年2月15日5时24分0秒	通过fd发送了一次数据，fd为:641
2019年2月15日5时24分0秒	通过fd发送了一次数据，fd为:640
2019年2月15日5时24分0秒	通过fd发送了一次数据，fd为:641
2019年2月15日5时24分0秒	通过fd发送了一次数据，fd为:641
2019年2月15日5时24分0秒	通过fd发送了一次数据，fd为:642
2019年2月15日5时24分0秒	通过fd发送了一次数据，fd为:
2019年2月15日5时24分0秒	通过fd发送了一次数据，fd为:644
2019年2月15日5时24分0秒	通过fd发送了一次数据，fd为:645
2019年2月15日5时24分0秒	通过fd发送了一次数据，fd为:646
2019年2月15日5时24分0秒	通过fd发送了一次数据，fd为:647
2019年2月15日5时24分0秒	通过fd发送了一次数据，fd为:648
2019年2月15日5时24分0秒	通过fd发送了一次数据，fd为:649
2019年2月15日5时24分0秒	通过fd发送了一次数据，fd为:648
2019年2月15日5时24分0秒	通过fd发送了一次数据，fd为:650
2019年2月15日5时24分0秒	通过fd发送了一次数据，fd为:651
2019年2月15日5时24分0秒	通过fd发送了一次数据，fd为:652
2019年2月15日5时24分0秒	通过fd发送了一次数据，fd为:653
2019年2月15日5时24分0秒	通过fd发送了一次数据，fd为:654
2019年2月15日5时24分0秒	通过fd发送了一次数据，fd为:655
2019年2月15日5时24分0秒	通过fd发送了一次数据，fd为:
656
2019年2月15日5时24分0秒	通过fd发送了一次数据，fd为:657
2019年2月15日5时24分0秒	通过fd发送了一次数据，fd为:658
2019年2月15日5时24分0秒	通过fd发送了一次数据，fd为:659
2019年2月15日5时24分0秒	通过fd发送了一次数据，fd为:660
2019年2月15日5时24分0秒	通过fd发送了一次数据，fd为:661
2019年2月15日5时24分0秒	通过fd发送了一次数据，fd为:662
2019年2月15日5时24分0秒	通过fd发送了一次数据，fd为:663
2019年2月15日5时24分0秒	通过fd发送了一次数据，fd为:664
2019年2月15日5时24分0秒	通过fd发送了一次数据，fd为:665
2019年2月15日5时24分0秒	通过fd发送了一次数据，fd为:666
2019年2月15日5时24分0秒	通过fd发送了一次数据，fd为:667
2019年2月15日5时24分0秒	通过fd发送了一次数据，fd为:668
2019年2月15日5时24分0秒	通过fd发送了一次数据，fd为:669
2019年2月15日5时24分0秒	通过fd发送了一次数据，fd为:
2019年2月15日5时24分0秒	通过fd发送了一次数据，fd为:671
2019年2月15日5时24分0秒	通过fd发送了一次数据，fd为:672
2019年2月15日5时24分0秒	通过fd发送了一次数据，fd为:673
2019年2月15日5时24分0秒	通过fd发送了一次数据，fd为:674
2019年2月15日5时24分0秒	通过fd发送了一次数据，fd为:675
2019年2月15日5时24分0秒	通过fd发送了一次数据，fd为:676
2019年2月15日5时24分0秒	通过fd发送了一次数据，fd为:676
2019年2月15日5时24分0秒	通过fd发送了一次数据，fd为:677
2019年2月15日5时24分0秒	通过fd发送了一次数据，fd为:676
2019年2月15日5时24分0秒	通过fd发送了一次数据，fd为:678
2019年2月15日5时24分0秒	通过fd发送了一次数据，fd为:679
2019年2月15日5时24分0秒	通过fd发送了一次数据，fd为:680
2019年2月15日5时24分0秒	通过fd发送了一次数据，fd为:681
2019年2月15日5时24分0秒	通过fd发送了一次数据，fd为:
2019年2月15日5时24分0秒	通过fd发送了一次数据，fd为:683
2019年2月15日5时24分0秒	通过fd发送了一次数据，fd为:684
2019年2月15日5时24分0秒	通过fd发送了一次数据，fd为:684
2019年2月15日5时24分0秒	通过fd发送了一次数据，fd为:685
2019年2月15日5时24分0秒	通过fd发送了一次数据，fd为:684
2019年2月15日5时24分0秒	通过fd发送了一次数据，fd为:686
2019年2月15日5时24分0秒	通过fd发送了一次数据，fd为:687
2019年2月15日5时24分0秒	通过fd发送了一次数据，fd为:688
2019年2月15日5时24分0秒	通过fd发送了一次数据，fd为:689
2019年2月15日5时24分0秒	通过fd发送了一次数据，fd为:690
2019年2月15日5时24分0秒	通过fd发送了一次数据，fd为:691
2019年2月15日5时24分0秒	通过fd发送了一次数据，fd为:692
2019年2月15日5时24分0秒	通过fd发送了一次数据，fd为:693
2019年2月15日5时24分0秒	通过fd发送了一次数据，fd为:
2019年2月15日5时24分0秒	通过fd发送了一次数据，fd为:694
2019年2月15日5时24分0秒	通过fd发送了一次数据，fd为:695
2019年2月15日5时24分0秒	通过fd发送了一次数据，fd为:696
2019年2月15日5时24分0秒	通过fd发送了一次数据，fd为:697
2019年2月15日5时24分0秒	通过fd发送了一次数据，fd为:698
2019年2月15日5时24分0秒	通过fd发送了一次数据，fd为:699
2019年2月15日5时24分0秒	通过fd发送了一次数据，fd为:700
2019年2月15日5时24分0秒	通过fd发送了一次数据，fd为:701
2019年2月15日5时24分0秒	通过fd发送了一次数据，fd为:702
2019年2月15日5时24分0秒	通过fd发送了一次数据，fd为:703
2019年2月15日5时24分0秒	通过fd发送了一次数据，fd为:704
2019年2月15日5时24分0秒	通过fd发送了一次数据，fd为:705
2019年2月15日5时24分0秒	通过fd发送了一次数据，fd为:705
2019年2月15日5时24分0秒	通过fd发送了一次数据，fd为:
2019年2月15日5时24分0秒	通过fd发送了一次数据，fd为:706
2019年2月15日5时24分0秒	通过fd发送了一次数据，fd为:706
2019年2月15日5时24分0秒	通过fd发送了一次数据，fd为:706
2019年2月15日5时24分0秒	通过fd发送了一次数据，fd为:707
2019年2月15日5时24分0秒	通过fd发送了一次数据，fd为:708
2019年2月15日5时24分0秒	通过fd发送了一次数据，fd为:709
2019年2月15日5时24分0秒	通过fd发送了一次数据，fd为:710
2019年2月15日5时24分0秒	通过fd发送了一次数据，fd为:711
2019年2月15日5时24分0秒	通过fd发送了一次数据，fd为:712
2019年2月15日5时24分0秒	通过fd发送了一次数据，fd为:713
2019年2月15日5时24分0秒	通过fd发送了一次数据，fd为:714
2019年2月15日5时24分0秒	通过fd发送了一次数据，fd为:715
2019年2月15日5时24分0秒	通过fd发送了一次数据，fd为:716
2019年2月15日5时24分0秒	通过fd发送了一次数据，fd为:
717
2019年2月15日5时24分0秒	通过fd发送了一次数据，fd为:717
2019年2月15日5时24分0秒	通过fd发送了一次数据，fd为:718
2019年2月15日5时24分0秒	通过fd发送了一次数据，fd为:719
2019年2月15日5时24分0秒	通过fd发送了一次数据，fd为:720
2019年2月15日5时24分0秒	通过fd发送了一次数据，fd为:721
2019年2月15日5时24分0秒	通过fd发送了一次数据，fd为:722
2019年2月15日5时24分0秒	通过fd发送了一次数据，fd为:723
2019年2月15日5时24分0秒	通过fd发送了一次数据，fd为:724
2019年2月15日5时24分0秒	通过fd发送了一次数据，fd为:725
2019年2月15日5时24分0秒	通过fd发送了一次数据，fd为:726
2019年2月15日5时24分0秒	通过fd发送了一次数据，fd为:727
2019年2月15日5时24分0秒	通过fd发送了一次数据，fd为:728
2019年2月15日5时24分0秒	通过fd发送了一次数据，fd为:729
2019年2月15日5时24分0秒	通过fd发送了一次数据，fd为:
2019年2月15日5时24分0秒	通过fd发送了一次数据，fd为:731
2019年2月15日5时24分0秒	通过fd发送了一次数据，fd为:732
2019年2月15日5时24分0秒	通过fd发送了一次数据，fd为:733
2019年2月15日5时24分0秒	通过fd发送了一次数据，fd为:734
2019年2月15日5时24分0秒	通过fd发送了一次数据，fd为:735
2019年2月15日5时24分0秒	通过fd发送了一次数据，fd为:736
2019年2月15日5时24分0秒	通过fd发送了一次数据，fd为:737
2019年2月15日5时24分0秒	通过fd发送了一次数据，fd为:738
2019年2月15日5时24分0秒	通过fd发送了一次数据，fd为:739
2019年2月15日5时24分0秒	通过fd发送了一次数据，fd为:740
2019年2月15日5时24分0秒	通过fd发送了一次数据，fd为:741
2019年2月15日5时24分0秒	通过fd发送了一次数据，fd为:742
2019年2月15日5时24分0秒	通过fd发送了一次数据，fd为:743
2019年2月15日5时24分0秒	通过fd发送了一次数据，fd为:
2019年2月15日5时24分0秒	通过fd发送了一次数据，fd为:745
2019年2月15日5时24分0秒	通过fd发送了一次数据，fd为:746
2019年2月15日5时24分0秒	通过fd发送了一次数据，fd为:747
2019年2月15日5时24分0秒	通过fd发送了一次数据，fd为:748
2019年2月15日5时24分0秒	通过fd发送了一次数据，fd为:749
2019年2月15日5时24分0秒	通过fd发送了一次数据，fd为:750
2019年2月15日5时24分0秒	通过fd发送了一次数据，fd为:751
2019年2月15日5时24分0秒	通过fd发送了一次数据，fd为:752
2019年2月15日5时24分0秒	通过fd发送了一次数据，fd为:753
2019年2月15日5时24分0秒	通过fd发送了一次数据，fd为:754
2019年2月15日5时24分0秒	通过fd发送了一次数据，fd为:755
2019年2月15日5时24分0秒	通过fd发送了一次数据，fd为:756
2019年2月15日5时24分0秒	通过fd发送了一次数据，fd为:757
2019年2月15日5时24分0秒	通过fd发送了一次数据，fd为:
2019年2月15日5时24分0秒	通过fd发送了一次数据，fd为:759
2019年2月15日5时24分0秒	通过fd发送了一次数据，fd为:760
2019年2月15日5时24分0秒	通过fd发送了一次数据，fd为:761
2019年2月15日5时24分0秒	通过fd发送了一次数据，fd为:762
2019年2月15日5时24分0秒	通过fd发送了一次数据，fd为:763
2019年2月15日5时24分0秒	通过fd发送了一次数据，fd为:762
2019年2月15日5时24分0秒	通过fd发送了一次数据，fd为:764
2019年2月15日5时24分0秒	通过fd发送了一次数据，fd为:765
2019年2月15日5时24分0秒	通过fd发送了一次数据，fd为:766
2019年2月15日5时24分0秒	通过fd发送了一次数据，fd为:767
2019年2月15日5时24分0秒	通过fd发送了一次数据，fd为:768
2019年2月15日5时24分0秒	通过fd发送了一次数据，fd为:769
2019年2月15日5时24分0秒	通过fd发送了一次数据，fd为:770
2019年2月15日5时24分0秒	通过fd发送了一次数据，fd为:
2019年2月15日5时24分0秒	通过fd发送了一次数据，fd为:772
2019年2月15日5时24分0秒	通过fd发送了一次数据，fd为:773
2019年2月15日5时24分0秒	通过fd发送了一次数据，fd为:774
2019年2月15日5时24分0秒	通过fd发送了一次数据，fd为:775
2019年2月15日5时24分0秒	通过fd发送了一次数据，fd为:776
2019年2月15日5时24分0秒	通过fd发送了一次数据，fd为:777
2019年2月15日5时24分0秒	通过fd发送了一次数据，fd为:778
2019年2月15日5时24分0秒	通过fd发送了一次数据，fd为:779
2019年2月15日5时24分0秒	通过fd发送了一次数据，fd为:780
2019年2月15日5时24分0秒	通过fd发送了一次数据，fd为:781
2019年2月15日5时24分0秒	通过fd发送了一次数据，fd为:782
2019年2月15日5时24分0秒	通过fd发送了一次数据，fd为:783
2019年2月15日5时24分0秒	通过fd发送了一次数据，fd为:784
2019年2月15日5时24分0秒	通过fd发送了一次数据，fd为:
785
2019年2月15日5时24分0秒	通过fd发送了一次数据，fd为:786
2019年2月15日5时24分0秒	通过fd发送了一次数据，fd为:787
2019年2月15日5时24分0秒	通过fd发送了一次数据，fd为:788
2019年2月15日5时24分0秒	通过fd发送了一次数据，fd为:789
2019年2月15日5时24分0秒	通过fd发送了一次数据，fd为:790
2019年2月15日5时24分0秒	通过fd发送了一次数据，fd为:791
2019年2月15日5时24分0秒	通过fd发送了一次数据，fd为:792
2019年2月15日5时24分0秒	通过fd发送了一次数据，fd为:793
2019年2月15日5时24分0秒	通过fd发送了一次数据，fd为:794
2019年2月15日5时24分0秒	通过fd发送了一次数据，fd为:795
2019年2月15日5时24分0秒	通过fd发送了一次数据，fd为:796
2019年2月15日5时24分0秒	通过fd发送了一次数据，fd为:797
2019年2月15日5时24分0秒	通过fd发送了一次数据，fd为:798
2019年2月15日5时24分0秒	通过fd发送了一次数据，fd为:
2019年2月15日5时24分0秒	通过fd发送了一次数据，fd为:800
2019年2月15日5时24分0秒	通过fd发送了一次数据，fd为:801
2019年2月15日5时24分0秒	通过fd发送了一次数据，fd为:802
2019年2月15日5时24分0秒	通过fd发送了一次数据，fd为:803
2019年2月15日5时24分0秒	通过fd发送了一次数据，fd为:804
2019年2月15日5时24分0秒	通过fd发送了一次数据，fd为:805
2019年2月15日5时24分0秒	通过fd发送了一次数据，fd为:806
2019年2月15日5时24分0秒	通过fd发送了一次数据，fd为:807
2019年2月15日5时24分0秒	通过fd发送了一次数据，fd为:808
2019年2月15日5时24分0秒	通过fd发送了一次数据，fd为:809
2019年2月15日5时24分0秒	通过fd发送了一次数据，fd为:810
2019年2月15日5时24分0秒	通过fd发送了一次数据，fd为:811
2019年2月15日5时24分0秒	通过fd发送了一次数据，fd为:812
2019年2月15日5时24分0秒	通过fd发送了一次数据，fd为:
813
2019年2月15日5时24分0秒	通过fd发送了一次数据，fd为:814
2019年2月15日5时24分0秒	通过fd发送了一次数据，fd为:815
2019年2月15日5时24分0秒	通过fd发送了一次数据，fd为:816
2019年2月15日5时24分0秒	通过fd发送了一次数据，fd为:817
2019年2月15日5时24分0秒	通过fd发送了一次数据，fd为:818
2019年2月15日5时24分0秒	通过fd发送了一次数据，fd为:819
2019年2月15日5时24分0秒	通过fd发送了一次数据，fd为:820
2019年2月15日5时24分0秒	通过fd发送了一次数据，fd为:821
2019年2月15日5时24分0秒	通过fd发送了一次数据，fd为:822
2019年2月15日5时24分0秒	通过fd发送了一次数据，fd为:823
2019年2月15日5时24分0秒	通过fd发送了一次数据，fd为:824
2019年2月15日5时24分0秒	通过fd发送了一次数据，fd为:825
2019年2月15日5时24分0秒	通过fd发送了一次数据，fd为:826
2019年2月15日5时24分0秒	通过fd发送了一次数据，fd为:
2019年2月15日5时24分0秒	通过fd发送了一次数据，fd为:828
2019年2月15日5时24分0秒	通过fd发送了一次数据，fd为:829
2019年2月15日5时24分0秒	通过fd发送了一次数据，fd为:830
2019年2月15日5时24分0秒	通过fd发送了一次数据，fd为:831
2019年2月15日5时24分0秒	通过fd发送了一次数据，fd为:832
2019年2月15日5时24分0秒	通过fd发送了一次数据，fd为:833
2019年2月15日5时24分0秒	通过fd发送了一次数据，fd为:834
2019年2月15日5时24分0秒	通过fd发送了一次数据，fd为:835
2019年2月15日5时24分0秒	通过fd发送了一次数据，fd为:836
2019年2月15日5时24分0秒	通过fd发送了一次数据，fd为:837
2019年2月15日5时24分0秒	通过fd发送了一次数据，fd为:838
2019年2月15日5时24分0秒	通过fd发送了一次数据，fd为:839
2019年2月15日5时24分0秒	通过fd发送了一次数据，fd为:840
2019年2月15日5时24分0秒	通过fd发送了一次数据，fd为:
2019年2月15日5时24分0秒	通过fd发送了一次数据，fd为:842
2019年2月15日5时24分0秒	通过fd发送了一次数据，fd为:843
2019年2月15日5时24分0秒	通过fd发送了一次数据，fd为:844
2019年2月15日5时24分0秒	通过fd发送了一次数据，fd为:845
2019年2月15日5时24分0秒	通过fd发送了一次数据，fd为:846
2019年2月15日5时24分0秒	通过fd发送了一次数据，fd为:847
2019年2月15日5时24分0秒	通过fd发送了一次数据，fd为:848
2019年2月15日5时24分0秒	通过fd发送了一次数据，fd为:849
2019年2月15日5时24分0秒	通过fd发送了一次数据，fd为:850
2019年2月15日5时24分0秒	通过fd发送了一次数据，fd为:851
2019年2月15日5时24分0秒	通过fd发送了一次数据，fd为:851
2019年2月15日5时24分0秒	通过fd发送了一次数据，fd为:852
2019年2月15日5时24分0秒	通过fd发送了一次数据，fd为:853
2019年2月15日5时24分0秒	通过fd发送了一次数据，fd为:
2019年2月15日5时24分0秒	通过fd发送了一次数据，fd为:855
2019年2月15日5时24分0秒	通过fd发送了一次数据，fd为:854
2019年2月15日5时24分0秒	通过fd发送了一次数据，fd为:856
2019年2月15日5时24分0秒	通过fd发送了一次数据，fd为:856
2019年2月15日5时24分0秒	通过fd发送了一次数据，fd为:857
2019年2月15日5时24分0秒	通过fd发送了一次数据，fd为:856
2019年2月15日5时24分0秒	通过fd发送了一次数据，fd为:858
2019年2月15日5时24分0秒	通过fd发送了一次数据，fd为:859
2019年2月15日5时24分0秒	通过fd发送了一次数据，fd为:860
2019年2月15日5时24分0秒	通过fd发送了一次数据，fd为:861
2019年2月15日5时24分0秒	通过fd发送了一次数据，fd为:862
2019年2月15日5时24分0秒	通过fd发送了一次数据，fd为:863
2019年2月15日5时24分0秒	通过fd发送了一次数据，fd为:862
2019年2月15日5时24分0秒	通过fd发送了一次数据，fd为:
2019年2月15日5时24分0秒	通过fd发送了一次数据，fd为:864
2019年2月15日5时24分0秒	通过fd发送了一次数据，fd为:862
2019年2月15日5时24分0秒	通过fd发送了一次数据，fd为:865
2019年2月15日5时24分0秒	通过fd发送了一次数据，fd为:866
2019年2月15日5时24分0秒	通过fd发送了一次数据，fd为:867
2019年2月15日5时24分0秒	通过fd发送了一次数据，fd为:868
2019年2月15日5时24分0秒	通过fd发送了一次数据，fd为:869
2019年2月15日5时24分0秒	通过fd发送了一次数据，fd为:870
2019年2月15日5时24分0秒	通过fd发送了一次数据，fd为:869
2019年2月15日5时24分0秒	通过fd发送了一次数据，fd为:871
2019年2月15日5时24分0秒	通过fd发送了一次数据，fd为:872
2019年2月15日5时24分0秒	通过fd发送了一次数据，fd为:873
2019年2月15日5时24分0秒	通过fd发送了一次数据，fd为:874
2019年2月15日5时24分0秒	通过fd发送了一次数据，fd为:
2019年2月15日5时24分0秒	通过fd发送了一次数据，fd为:875
2019年2月15日5时24分0秒	通过fd发送了一次数据，fd为:876
2019年2月15日5时24分0秒	通过fd发送了一次数据，fd为:877
2019年2月15日5时24分0秒	通过fd发送了一次数据，fd为:878
2019年2月15日5时24分0秒	通过fd发送了一次数据，fd为:879
2019年2月15日5时24分0秒	通过fd发送了一次数据，fd为:880
2019年2月15日5时24分0秒	通过fd发送了一次数据，fd为:879
2019年2月15日5时24分0秒	通过fd发送了一次数据，fd为:880
2019年2月15日5时24分0秒	通过fd发送了一次数据，fd为:881
2019年2月15日5时24分0秒	通过fd发送了一次数据，fd为:882
2019年2月15日5时24分0秒	通过fd发送了一次数据，fd为:883
2019年2月15日5时24分0秒	通过fd发送了一次数据，fd为:884
2019年2月15日5时24分0秒	通过fd发送了一次数据，fd为:885
2019年2月15日5时24分0秒	通过fd发送了一次数据，fd为:
2019年2月15日5时24分0秒	通过fd发送了一次数据，fd为:887
2019年2月15日5时24分0秒	通过fd发送了一次数据，fd为:888
2019年2月15日5时24分0秒	通过fd发送了一次数据，fd为:888
2019年2月15日5时24分0秒	通过fd发送了一次数据，fd为:889
2019年2月15日5时24分0秒	通过fd发送了一次数据，fd为:889
2019年2月15日5时24分0秒	通过fd发送了一次数据，fd为:890
2019年2月15日5时24分0秒	通过fd发送了一次数据，fd为:891
2019年2月15日5时24分0秒	通过fd发送了一次数据，fd为:892
2019年2月15日5时24分0秒	通过fd发送了一次数据，fd为:893
2019年2月15日5时24分0秒	通过fd发送了一次数据，fd为:892
2019年2月15日5时24分0秒	通过fd发送了一次数据，fd为:894
2019年2月15日5时24分0秒	通过fd发送了一次数据，fd为:895
2019年2月15日5时24分0秒	通过fd发送了一次数据，fd为:895
2019年2月15日5时24分0秒	通过fd发送了一次数据，fd为:
2019年2月15日5时24分0秒	通过fd发送了一次数据，fd为:897
2019年2月15日5时24分0秒	通过fd发送了一次数据，fd为:898
2019年2月15日5时24分0秒	通过fd发送了一次数据，fd为:899
2019年2月15日5时24分0秒	通过fd发送了一次数据，fd为:900
2019年2月15日5时24分0秒	通过fd发送了一次数据，fd为:901
2019年2月15日5时24分0秒	通过fd发送了一次数据，fd为:900
2019年2月15日5时24分0秒	通过fd发送了一次数据，fd为:902
2019年2月15日5时24分1秒	通过fd发送了一次数据，fd为:903
2019年2月15日5时24分1秒	通过fd发送了一次数据，fd为:903
2019年2月15日5时24分1秒	通过fd发送了一次数据，fd为:904
2019年2月15日5时24分1秒	通过fd发送了一次数据，fd为:905
2019年2月15日5时24分1秒	通过fd发送了一次数据，fd为:906
2019年2月15日5时24分1秒	通过fd发送了一次数据，fd为:907
2019年2月15日5时24分1秒	通过fd发送了一次数据，fd为:
908
2019年2月15日5时24分1秒	通过fd发送了一次数据，fd为:909
2019年2月15日5时24分1秒	通过fd发送了一次数据，fd为:908
2019年2月15日5时24分1秒	通过fd发送了一次数据，fd为:909
2019年2月15日5时24分1秒	通过fd发送了一次数据，fd为:910
2019年2月15日5时24分1秒	通过fd发送了一次数据，fd为:911
2019年2月15日5时24分1秒	通过fd发送了一次数据，fd为:911
2019年2月15日5时24分1秒	通过fd发送了一次数据，fd为:912
2019年2月15日5时24分1秒	通过fd发送了一次数据，fd为:912
2019年2月15日5时24分1秒	通过fd发送了一次数据，fd为:913
2019年2月15日5时24分1秒	通过fd发送了一次数据，fd为:914
2019年2月15日5时24分1秒	通过fd发送了一次数据，fd为:914
2019年2月15日5时24分1秒	通过fd发送了一次数据，fd为:914
2019年2月15日5时24分1秒	通过fd发送了一次数据，fd为:915
2019年2月15日5时24分1秒	通过fd发送了一次数据，fd为:
916
2019年2月15日5时24分1秒	通过fd发送了一次数据，fd为:917
2019年2月15日5时24分1秒	通过fd发送了一次数据，fd为:918
2019年2月15日5时24分1秒	通过fd发送了一次数据，fd为:919
2019年2月15日5时24分1秒	通过fd发送了一次数据，fd为:920
2019年2月15日5时24分1秒	通过fd发送了一次数据，fd为:921
2019年2月15日5时24分1秒	通过fd发送了一次数据，fd为:922
2019年2月15日5时24分1秒	通过fd发送了一次数据，fd为:923
2019年2月15日5时24分1秒	通过fd发送了一次数据，fd为:924
2019年2月15日5时24分1秒	通过fd发送了一次数据，fd为:925
2019年2月15日5时24分1秒	通过fd发送了一次数据，fd为:926
2019年2月15日5时24分1秒	通过fd发送了一次数据，fd为:927
2019年2月15日5时24分1秒	通过fd发送了一次数据，fd为:928
2019年2月15日5时24分1秒	通过fd发送了一次数据，fd为:929
2019年2月15日5时24分1秒	通过fd发送了一次数据，fd为:
930
2019年2月15日5时24分1秒	通过fd发送了一次数据，fd为:931
2019年2月15日5时24分1秒	通过fd发送了一次数据，fd为:932
2019年2月15日5时24分1秒	通过fd发送了一次数据，fd为:933
2019年2月15日5时24分1秒	通过fd发送了一次数据，fd为:934
2019年2月15日5时24分1秒	通过fd发送了一次数据，fd为:935
2019年2月15日5时24分1秒	通过fd发送了一次数据，fd为:936
2019年2月15日5时24分1秒	通过fd发送了一次数据，fd为:937
2019年2月15日5时24分1秒	通过fd发送了一次数据，fd为:938
2019年2月15日5时24分1秒	通过fd发送了一次数据，fd为:939
2019年2月15日5时24分1秒	通过fd发送了一次数据，fd为:940
2019年2月15日5时24分1秒	通过fd发送了一次数据，fd为:941
2019年2月15日5时24分1秒	通过fd发送了一次数据，fd为:942
2019年2月15日5时24分1秒	通过fd发送了一次数据，fd为:943
2019年2月15日5时24分1秒	通过fd发送了一次数据，fd为:
2019年2月15日5时24分1秒	通过fd发送了一次数据，fd为:943
2019年2月15日5时24分1秒	通过fd发送了一次数据，fd为:945
2019年2月15日5时24分1秒	通过fd发送了一次数据，fd为:946
2019年2月15日5时24分1秒	通过fd发送了一次数据，fd为:947
2019年2月15日5时24分1秒	通过fd发送了一次数据，fd为:948
2019年2月15日5时24分1秒	通过fd发送了一次数据，fd为:949
2019年2月15日5时24分1秒	通过fd发送了一次数据，fd为:950
2019年2月15日5时24分1秒	通过fd发送了一次数据，fd为:950
2019年2月15日5时24分1秒	通过fd发送了一次数据，fd为:951
2019年2月15日5时24分1秒	通过fd发送了一次数据，fd为:952
2019年2月15日5时24分1秒	通过fd发送了一次数据，fd为:953
2019年2月15日5时24分1秒	通过fd发送了一次数据，fd为:954
2019年2月15日5时24分1秒	通过fd发送了一次数据，fd为:955
2019年2月15日5时24分1秒	通过fd发送了一次数据，fd为:
2019年2月15日5时24分1秒	通过fd发送了一次数据，fd为:956
2019年2月15日5时24分1秒	通过fd发送了一次数据，fd为:957
2019年2月15日5时24分1秒	通过fd发送了一次数据，fd为:957
2019年2月15日5时24分1秒	通过fd发送了一次数据，fd为:958
2019年2月15日5时24分1秒	通过fd发送了一次数据，fd为:959
2019年2月15日5时24分1秒	通过fd发送了一次数据，fd为:959
2019年2月15日5时24分1秒	通过fd发送了一次数据，fd为:960
2019年2月15日5时24分1秒	通过fd发送了一次数据，fd为:961
2019年2月15日5时24分1秒	通过fd发送了一次数据，fd为:962
2019年2月15日5时24分1秒	通过fd发送了一次数据，fd为:963
2019年2月15日5时24分1秒	通过fd发送了一次数据，fd为:964
2019年2月15日5时24分1秒	通过fd发送了一次数据，fd为:965
2019年2月15日5时24分1秒	通过fd发送了一次数据，fd为:964
2019年2月15日5时24分1秒	通过fd发送了一次数据，fd为:
2019年2月15日5时24分1秒	通过fd发送了一次数据，fd为:964
2019年2月15日5时24分1秒	通过fd发送了一次数据，fd为:964
2019年2月15日5时24分1秒	通过fd发送了一次数据，fd为:966
2019年2月15日5时24分1秒	通过fd发送了一次数据，fd为:967
2019年2月15日5时24分1秒	通过fd发送了一次数据，fd为:968
2019年2月15日5时24分1秒	通过fd发送了一次数据，fd为:969
2019年2月15日5时24分1秒	通过fd发送了一次数据，fd为:970
2019年2月15日5时24分1秒	通过fd发送了一次数据，fd为:971
2019年2月15日5时24分1秒	通过fd发送了一次数据，fd为:970
2019年2月15日5时24分1秒	通过fd发送了一次数据，fd为:972
2019年2月15日5时24分1秒	通过fd发送了一次数据，fd为:970
2019年2月15日5时24分1秒	通过fd发送了一次数据，fd为:973
2019年2月15日5时24分1秒	通过fd发送了一次数据，fd为:974
2019年2月15日5时24分1秒	通过fd发送了一次数据，fd为:
975
2019年2月15日5时24分1秒	通过fd发送了一次数据，fd为:976
2019年2月15日5时24分1秒	通过fd发送了一次数据，fd为:977
2019年2月15日5时24分1秒	通过fd发送了一次数据，fd为:977
2019年2月15日5时24分1秒	通过fd发送了一次数据，fd为:978
2019年2月15日5时24分1秒	通过fd发送了一次数据，fd为:977
2019年2月15日5时24分1秒	通过fd发送了一次数据，fd为:979
2019年2月15日5时24分1秒	通过fd发送了一次数据，fd为:977
2019年2月15日5时24分1秒	通过fd发送了一次数据，fd为:977
2019年2月15日5时24分1秒	通过fd发送了一次数据，fd为:979
2019年2月15日5时24分1秒	通过fd发送了一次数据，fd为:980
2019年2月15日5时24分1秒	通过fd发送了一次数据，fd为:981
2019年2月15日5时24分1秒	通过fd发送了一次数据，fd为:982
2019年2月15日5时24分1秒	通过fd发送了一次数据，fd为:983
2019年2月15日5时24分1秒	通过fd发送了一次数据，fd为:
2019年2月15日5时24分1秒	通过fd发送了一次数据，fd为:983
2019年2月15日5时24分1秒	通过fd发送了一次数据，fd为:985
2019年2月15日5时24分1秒	通过fd发送了一次数据，fd为:986
2019年2月15日5时24分1秒	通过fd发送了一次数据，fd为:987
2019年2月15日5时24分1秒	通过fd发送了一次数据，fd为:986
2019年2月15日5时24分1秒	通过fd发送了一次数据，fd为:988
2019年2月15日5时24分1秒	通过fd发送了一次数据，fd为:989
2019年2月15日5时24分1秒	通过fd发送了一次数据，fd为:990
2019年2月15日5时24分1秒	通过fd发送了一次数据，fd为:991
2019年2月15日5时24分1秒	通过fd发送了一次数据，fd为:991
2019年2月15日5时24分1秒	通过fd发送了一次数据，fd为:992
2019年2月15日5时24分1秒	通过fd发送了一次数据，fd为:993
2019年2月15日5时24分1秒	通过fd发送了一次数据，fd为:994
2019年2月15日5时24分1秒	通过fd发送了一次数据，fd为:
2019年2月15日5时24分1秒	通过fd发送了一次数据，fd为:994
2019年2月15日5时24分1秒	通过fd发送了一次数据，fd为:996
2019年2月15日5时24分1秒	通过fd发送了一次数据，fd为:994
2019年2月15日5时24分1秒	通过fd发送了一次数据，fd为:997
2019年2月15日5时24分1秒	通过fd发送了一次数据，fd为:994
2019年2月15日5时24分1秒	通过fd发送了一次数据，fd为:998
2019年2月15日5时24分1秒	通过fd发送了一次数据，fd为:999
2019年2月15日5时24分1秒	通过fd发送了一次数据，fd为:1000
2019年2月15日5时24分1秒	通过fd发送了一次数据，fd为:1001
2019年2月15日5时24分1秒	通过fd发送了一次数据，fd为:1000
2019年2月15日5时24分1秒	通过fd发送了一次数据，fd为:1001
2019年2月15日5时24分1秒	通过fd发送了一次数据，fd为:1002
2019年2月15日5时24分1秒	通过fd发送了一次数据，fd为:1003
2019年2月15日5时24分1秒	通过fd发送了一次数据，fd为:
2019年2月15日5时24分1秒	通过fd发送了一次数据，fd为:1004
2019年2月15日5时24分1秒	通过fd发送了一次数据，fd为:1003
2019年2月15日5时24分1秒	通过fd发送了一次数据，fd为:1005
2019年2月15日5时24分1秒	通过fd发送了一次数据，fd为:1006
2019年2月15日5时24分1秒	通过fd发送了一次数据，fd为:1006
2019年2月15日5时24分1秒	通过fd发送了一次数据，fd为:1007
2019年2月15日5时24分1秒	通过fd发送了一次数据，fd为:1006
2019年2月15日5时24分1秒	通过fd发送了一次数据，fd为:1008
2019年2月15日5时24分1秒	通过fd发送了一次数据，fd为:1009
2019年2月15日5时24分1秒	通过fd发送了一次数据，fd为:1010
2019年2月15日5时24分1秒	通过fd发送了一次数据，fd为:1009
2019年2月15日5时24分1秒	通过fd发送了一次数据，fd为:1011
2019年2月15日5时24分1秒	通过fd发送了一次数据，fd为:1012
2019年2月15日5时24分1秒	通过fd发送了一次数据，fd为:
2019年2月15日5时24分1秒	通过fd发送了一次数据，fd为:1013
2019年2月15日5时24分1秒	通过fd发送了一次数据，fd为:1014
2019年2月15日5时24分1秒	通过fd发送了一次数据，fd为:1013
2019年2月15日5时24分1秒	通过fd发送了一次数据，fd为:1014
2019年2月15日5时24分1秒	通过fd发送了一次数据，fd为:1013
2019年2月15日5时24分1秒	通过fd发送了一次数据，fd为:1015
2019年2月15日5时24分1秒	通过fd发送了一次数据，fd为:1013
2019年2月15日5时24分1秒	通过fd发送了一次数据，fd为:1016
2019年2月15日5时24分1秒	通过fd发送了一次数据，fd为:1017
2019年2月15日5时24分1秒	通过fd发送了一次数据，fd为:1018
2019年2月15日5时24分1秒	通过fd发送了一次数据，fd为:1019
2019年2月15日5时24分1秒	通过fd发送了一次数据，fd为:1020
2019年2月15日5时24分1秒	通过fd发送了一次数据，fd为:1021
2019年2月15日5时24分1秒	通过fd发送了一次数据，fd为:
2019年2月15日5时24分1秒	通过fd发送了一次数据，fd为:1023
2019年2月15日5时24分1秒	通过fd发送了一次数据，fd为:1023


























testlog



2019年2月15日5时39分20秒	通过fd发送了一次数据，fd为:21
2019年2月15日5时39分21秒	通过fd发送了一次数据，fd为:22
2019年2月15日5时39分21秒	通过fd发送了一次数据，fd为:23
2019年2月15日5时39分21秒	通过fd发送了一次数据，fd为:27
2019年2月15日5时39分21秒	通过fd发送了一次数据，fd为:25
2019年2月15日5时39分21秒	通过fd发送了一次数据，fd为:29
2019年2月15日5时39分21秒	通过fd发送了一次数据，fd为:26
2019年2月15日5时39分21秒	通过fd发送了一次数据，fd为:31
2019年2月15日5时39分21秒	通过fd发送了一次数据，fd为:28
2019年2月15日5时39分21秒	通过fd发送了一次数据，fd为:30
2019年2月15日5时39分21秒	通过fd发送了一次数据，fd为:32
2019年2月15日5时39分21秒	通过fd发送了一次数据，fd为:33







2019年2月15日5时39分43秒	通过fd发送了一次数据，fd为:34

2019年2月15日5时39分44秒	通过fd发送了一次数据，fd为:43
2019年2月15日5时39分44秒	通过fd发送了一次数据，fd为:38
2019年2月15日5时39分44秒	通过fd发送了一次数据，fd为:47
2019年2月15日5时39分44秒	通过fd发送了一次数据，fd为:50
2019年2月15日5时39分44秒	通过fd发送了一次数据，fd为:38
2019年2月15日5时39分44秒	通过fd发送了一次数据，fd为:49
2019年2月15日5时39分44秒	通过fd发送了一次数据，fd为:51
2019年2月15日5时39分44秒	通过fd发送了一次数据，fd为:80
2019年2月15日5时39分44秒	通过fd发送了一次数据，fd为:34
2019年2月15日5时39分44秒	通过fd发送了一次数据，fd为:81
2019年2月15日5时39分44秒	通过fd发送了一次数据，fd为:82
2019年2月15日5时39分44秒	通过fd发送了一次数据，fd为:51
2019年2月15日5时39分44秒	通过fd发送了一次数据，fd为:54
2019年2月15日5时39分44秒	通过fd发送了一次数据，fd为:
2019年2月15日5时39分44秒	通过fd发送了一次数据，fd为:78
2019年2月15日5时39分44秒	通过fd发送了一次数据，fd为:54
2019年2月15日5时39分44秒	通过fd发送了一次数据，fd为:81
2019年2月15日5时39分44秒	通过fd发送了一次数据，fd为:83
2019年2月15日5时39分44秒	通过fd发送了一次数据，fd为:54
2019年2月15日5时39分44秒	通过fd发送了一次数据，fd为:84
2019年2月15日5时39分44秒	通过fd发送了一次数据，fd为:81
2019年2月15日5时39分44秒	通过fd发送了一次数据，fd为:86
2019年2月15日5时39分44秒	通过fd发送了一次数据，fd为:87
2019年2月15日5时39分44秒	通过fd发送了一次数据，fd为:85
2019年2月15日5时39分44秒	通过fd发送了一次数据，fd为:81
2019年2月15日5时39分44秒	通过fd发送了一次数据，fd为:86
2019年2月15日5时39分44秒	通过fd发送了一次数据，fd为:90
2019年2月15日5时39分44秒	通过fd发送了一次数据，fd为:
85
2019年2月15日5时39分44秒	通过fd发送了一次数据，fd为:94
2019年2月15日5时39分44秒	通过fd发送了一次数据，fd为:92
2019年2月15日5时39分44秒	通过fd发送了一次数据，fd为:96
2019年2月15日5时39分44秒	通过fd发送了一次数据，fd为:98
2019年2月15日5时39分44秒	通过fd发送了一次数据，fd为:98
2019年2月15日5时39分44秒	通过fd发送了一次数据，fd为:98
2019年2月15日5时39分44秒	通过fd发送了一次数据，fd为:99
2019年2月15日5时39分44秒	通过fd发送了一次数据，fd为:100
2019年2月15日5时39分44秒	通过fd发送了一次数据，fd为:99
2019年2月15日5时39分44秒	通过fd发送了一次数据，fd为:100
2019年2月15日5时39分44秒	通过fd发送了一次数据，fd为:99
2019年2月15日5时39分44秒	通过fd发送了一次数据，fd为:101
2019年2月15日5时39分44秒	通过fd发送了一次数据，fd为:99
2019年2月15日5时39分44秒	通过fd发送了一次数据，fd为:
2019年2月15日5时39分44秒	通过fd发送了一次数据，fd为:99
2019年2月15日5时39分44秒	通过fd发送了一次数据，fd为:103
2019年2月15日5时39分44秒	通过fd发送了一次数据，fd为:104
2019年2月15日5时39分44秒	通过fd发送了一次数据，fd为:105
2019年2月15日5时39分44秒	通过fd发送了一次数据，fd为:104
2019年2月15日5时39分44秒	通过fd发送了一次数据，fd为:105
2019年2月15日5时39分44秒	通过fd发送了一次数据，fd为:106
2019年2月15日5时39分44秒	通过fd发送了一次数据，fd为:107
2019年2月15日5时39分44秒	通过fd发送了一次数据，fd为:106
2019年2月15日5时39分44秒	通过fd发送了一次数据，fd为:106
2019年2月15日5时39分44秒	通过fd发送了一次数据，fd为:108
2019年2月15日5时39分44秒	通过fd发送了一次数据，fd为:112
2019年2月15日5时39分44秒	通过fd发送了一次数据，fd为:113
2019年2月15日5时39分44秒	通过fd发送了一次数据，fd为:
2019年2月15日5时39分44秒	通过fd发送了一次数据，fd为:114
2019年2月15日5时39分44秒	通过fd发送了一次数据，fd为:115
2019年2月15日5时39分44秒	通过fd发送了一次数据，fd为:116
2019年2月15日5时39分44秒	通过fd发送了一次数据，fd为:117
2019年2月15日5时39分44秒	通过fd发送了一次数据，fd为:118
2019年2月15日5时39分44秒	通过fd发送了一次数据，fd为:119
2019年2月15日5时39分44秒	通过fd发送了一次数据，fd为:118
2019年2月15日5时39分44秒	通过fd发送了一次数据，fd为:120
2019年2月15日5时39分44秒	通过fd发送了一次数据，fd为:121
2019年2月15日5时39分44秒	通过fd发送了一次数据，fd为:122
2019年2月15日5时39分44秒	通过fd发送了一次数据，fd为:121
2019年2月15日5时39分44秒	通过fd发送了一次数据，fd为:124
2019年2月15日5时39分44秒	通过fd发送了一次数据，fd为:125
2019年2月15日5时39分44秒	通过fd发送了一次数据，fd为:
2019年2月15日5时39分44秒	通过fd发送了一次数据，fd为:125
2019年2月15日5时39分44秒	通过fd发送了一次数据，fd为:125
2019年2月15日5时39分44秒	通过fd发送了一次数据，fd为:127
2019年2月15日5时39分44秒	通过fd发送了一次数据，fd为:128
2019年2月15日5时39分44秒	通过fd发送了一次数据，fd为:129
2019年2月15日5时39分44秒	通过fd发送了一次数据，fd为:129
2019年2月15日5时39分44秒	通过fd发送了一次数据，fd为:130
2019年2月15日5时39分44秒	通过fd发送了一次数据，fd为:131
2019年2月15日5时39分44秒	通过fd发送了一次数据，fd为:132
2019年2月15日5时39分44秒	通过fd发送了一次数据，fd为:133
2019年2月15日5时39分44秒	通过fd发送了一次数据，fd为:134
2019年2月15日5时39分44秒	通过fd发送了一次数据，fd为:135
2019年2月15日5时39分44秒	通过fd发送了一次数据，fd为:134
2019年2月15日5时39分44秒	通过fd发送了一次数据，fd为:
2019年2月15日5时39分44秒	通过fd发送了一次数据，fd为:137
2019年2月15日5时39分44秒	通过fd发送了一次数据，fd为:138
2019年2月15日5时39分44秒	通过fd发送了一次数据，fd为:137
2019年2月15日5时39分44秒	通过fd发送了一次数据，fd为:139
2019年2月15日5时39分44秒	通过fd发送了一次数据，fd为:140
2019年2月15日5时39分44秒	通过fd发送了一次数据，fd为:141
2019年2月15日5时39分44秒	通过fd发送了一次数据，fd为:142
2019年2月15日5时39分44秒	通过fd发送了一次数据，fd为:143
2019年2月15日5时39分44秒	通过fd发送了一次数据，fd为:144
2019年2月15日5时39分44秒	通过fd发送了一次数据，fd为:145
2019年2月15日5时39分44秒	通过fd发送了一次数据，fd为:146
2019年2月15日5时39分44秒	通过fd发送了一次数据，fd为:147
2019年2月15日5时39分44秒	通过fd发送了一次数据，fd为:146
2019年2月15日5时39分44秒	通过fd发送了一次数据，fd为:
2019年2月15日5时39分44秒	通过fd发送了一次数据，fd为:148
2019年2月15日5时39分44秒	通过fd发送了一次数据，fd为:150
2019年2月15日5时39分44秒	通过fd发送了一次数据，fd为:151
2019年2月15日5时39分44秒	通过fd发送了一次数据，fd为:153
2019年2月15日5时39分44秒	通过fd发送了一次数据，fd为:157
2019年2月15日5时39分44秒	通过fd发送了一次数据，fd为:159
2019年2月15日5时39分44秒	通过fd发送了一次数据，fd为:160
2019年2月15日5时39分44秒	通过fd发送了一次数据，fd为:161
2019年2月15日5时39分44秒	通过fd发送了一次数据，fd为:162
2019年2月15日5时39分44秒	通过fd发送了一次数据，fd为:163
2019年2月15日5时39分44秒	通过fd发送了一次数据，fd为:164
2019年2月15日5时39分44秒	通过fd发送了一次数据，fd为:165
2019年2月15日5时39分44秒	通过fd发送了一次数据，fd为:166
2019年2月15日5时39分44秒	通过fd发送了一次数据，fd为:
2019年2月15日5时39分44秒	通过fd发送了一次数据，fd为:167
2019年2月15日5时39分44秒	通过fd发送了一次数据，fd为:168
2019年2月15日5时39分44秒	通过fd发送了一次数据，fd为:169
2019年2月15日5时39分44秒	通过fd发送了一次数据，fd为:170
2019年2月15日5时39分44秒	通过fd发送了一次数据，fd为:171
2019年2月15日5时39分44秒	通过fd发送了一次数据，fd为:172
2019年2月15日5时39分44秒	通过fd发送了一次数据，fd为:173
2019年2月15日5时39分44秒	通过fd发送了一次数据，fd为:174
2019年2月15日5时39分44秒	通过fd发送了一次数据，fd为:175
2019年2月15日5时39分44秒	通过fd发送了一次数据，fd为:176
2019年2月15日5时39分44秒	通过fd发送了一次数据，fd为:177
2019年2月15日5时39分44秒	通过fd发送了一次数据，fd为:178
2019年2月15日5时39分44秒	通过fd发送了一次数据，fd为:179
2019年2月15日5时39分44秒	通过fd发送了一次数据，fd为:
2019年2月15日5时39分44秒	通过fd发送了一次数据，fd为:180
2019年2月15日5时39分44秒	通过fd发送了一次数据，fd为:181
2019年2月15日5时39分44秒	通过fd发送了一次数据，fd为:182
2019年2月15日5时39分44秒	通过fd发送了一次数据，fd为:183
2019年2月15日5时39分44秒	通过fd发送了一次数据，fd为:184
2019年2月15日5时39分44秒	通过fd发送了一次数据，fd为:184
2019年2月15日5时39分44秒	通过fd发送了一次数据，fd为:185
2019年2月15日5时39分44秒	通过fd发送了一次数据，fd为:184
2019年2月15日5时39分44秒	通过fd发送了一次数据，fd为:186
2019年2月15日5时39分44秒	通过fd发送了一次数据，fd为:187
2019年2月15日5时39分44秒	通过fd发送了一次数据，fd为:188
2019年2月15日5时39分44秒	通过fd发送了一次数据，fd为:189
2019年2月15日5时39分44秒	通过fd发送了一次数据，fd为:190
2019年2月15日5时39分44秒	通过fd发送了一次数据，fd为:
2019年2月15日5时39分44秒	通过fd发送了一次数据，fd为:192
2019年2月15日5时39分44秒	通过fd发送了一次数据，fd为:193
2019年2月15日5时39分44秒	通过fd发送了一次数据，fd为:192
2019年2月15日5时39分44秒	通过fd发送了一次数据，fd为:194
2019年2月15日5时39分44秒	通过fd发送了一次数据，fd为:194
2019年2月15日5时39分44秒	通过fd发送了一次数据，fd为:195
2019年2月15日5时39分44秒	通过fd发送了一次数据，fd为:196
2019年2月15日5时39分44秒	通过fd发送了一次数据，fd为:197
2019年2月15日5时39分44秒	通过fd发送了一次数据，fd为:198
2019年2月15日5时39分44秒	通过fd发送了一次数据，fd为:199
2019年2月15日5时39分44秒	通过fd发送了一次数据，fd为:200
2019年2月15日5时39分44秒	通过fd发送了一次数据，fd为:201
2019年2月15日5时39分44秒	通过fd发送了一次数据，fd为:202
2019年2月15日5时39分44秒	通过fd发送了一次数据，fd为:
2019年2月15日5时39分44秒	通过fd发送了一次数据，fd为:204
2019年2月15日5时39分44秒	通过fd发送了一次数据，fd为:205
2019年2月15日5时39分44秒	通过fd发送了一次数据，fd为:206
2019年2月15日5时39分44秒	通过fd发送了一次数据，fd为:207
2019年2月15日5时39分44秒	通过fd发送了一次数据，fd为:208
2019年2月15日5时39分44秒	通过fd发送了一次数据，fd为:209
2019年2月15日5时39分44秒	通过fd发送了一次数据，fd为:210
2019年2月15日5时39分44秒	通过fd发送了一次数据，fd为:209
2019年2月15日5时39分44秒	通过fd发送了一次数据，fd为:211
2019年2月15日5时39分44秒	通过fd发送了一次数据，fd为:212
2019年2月15日5时39分44秒	通过fd发送了一次数据，fd为:213
2019年2月15日5时39分44秒	通过fd发送了一次数据，fd为:214
2019年2月15日5时39分44秒	通过fd发送了一次数据，fd为:215
2019年2月15日5时39分44秒	通过fd发送了一次数据，fd为:
216
2019年2月15日5时39分44秒	通过fd发送了一次数据，fd为:217
2019年2月15日5时39分44秒	通过fd发送了一次数据，fd为:218
2019年2月15日5时39分44秒	通过fd发送了一次数据，fd为:219
2019年2月15日5时39分44秒	通过fd发送了一次数据，fd为:218
2019年2月15日5时39分44秒	通过fd发送了一次数据，fd为:219
2019年2月15日5时39分44秒	通过fd发送了一次数据，fd为:220
2019年2月15日5时39分44秒	通过fd发送了一次数据，fd为:221
2019年2月15日5时39分44秒	通过fd发送了一次数据，fd为:222
2019年2月15日5时39分44秒	通过fd发送了一次数据，fd为:223
2019年2月15日5时39分44秒	通过fd发送了一次数据，fd为:224
2019年2月15日5时39分44秒	通过fd发送了一次数据，fd为:225
2019年2月15日5时39分44秒	通过fd发送了一次数据，fd为:226
2019年2月15日5时39分44秒	通过fd发送了一次数据，fd为:227
2019年2月15日5时39分44秒	通过fd发送了一次数据，fd为:
2019年2月15日5时39分44秒	通过fd发送了一次数据，fd为:226
2019年2月15日5时39分44秒	通过fd发送了一次数据，fd为:228
2019年2月15日5时39分44秒	通过fd发送了一次数据，fd为:229
2019年2月15日5时39分44秒	通过fd发送了一次数据，fd为:230
2019年2月15日5时39分44秒	通过fd发送了一次数据，fd为:231
2019年2月15日5时39分44秒	通过fd发送了一次数据，fd为:232
2019年2月15日5时39分44秒	通过fd发送了一次数据，fd为:233
2019年2月15日5时39分44秒	通过fd发送了一次数据，fd为:234
2019年2月15日5时39分44秒	通过fd发送了一次数据，fd为:234
2019年2月15日5时39分44秒	通过fd发送了一次数据，fd为:235
2019年2月15日5时39分44秒	通过fd发送了一次数据，fd为:236
2019年2月15日5时39分44秒	通过fd发送了一次数据，fd为:237
2019年2月15日5时39分44秒	通过fd发送了一次数据，fd为:238
2019年2月15日5时39分44秒	通过fd发送了一次数据，fd为:
239
2019年2月15日5时39分44秒	通过fd发送了一次数据，fd为:240
2019年2月15日5时39分44秒	通过fd发送了一次数据，fd为:241
2019年2月15日5时39分44秒	通过fd发送了一次数据，fd为:242
2019年2月15日5时39分44秒	通过fd发送了一次数据，fd为:242
2019年2月15日5时39分44秒	通过fd发送了一次数据，fd为:243
2019年2月15日5时39分44秒	通过fd发送了一次数据，fd为:242
2019年2月15日5时39分44秒	通过fd发送了一次数据，fd为:244
2019年2月15日5时39分44秒	通过fd发送了一次数据，fd为:245
2019年2月15日5时39分44秒	通过fd发送了一次数据，fd为:246
2019年2月15日5时39分44秒	通过fd发送了一次数据，fd为:247
2019年2月15日5时39分44秒	通过fd发送了一次数据，fd为:248
2019年2月15日5时39分44秒	通过fd发送了一次数据，fd为:249
2019年2月15日5时39分44秒	通过fd发送了一次数据，fd为:250
2019年2月15日5时39分44秒	通过fd发送了一次数据，fd为:
2019年2月15日5时39分44秒	通过fd发送了一次数据，fd为:251
2019年2月15日5时39分44秒	通过fd发送了一次数据，fd为:252
2019年2月15日5时39分44秒	通过fd发送了一次数据，fd为:253
2019年2月15日5时39分44秒	通过fd发送了一次数据，fd为:254
2019年2月15日5时39分44秒	通过fd发送了一次数据，fd为:255
2019年2月15日5时39分44秒	通过fd发送了一次数据，fd为:256
2019年2月15日5时39分44秒	通过fd发送了一次数据，fd为:257
2019年2月15日5时39分44秒	通过fd发送了一次数据，fd为:258
2019年2月15日5时39分44秒	通过fd发送了一次数据，fd为:259
2019年2月15日5时39分44秒	通过fd发送了一次数据，fd为:260
2019年2月15日5时39分44秒	通过fd发送了一次数据，fd为:261
2019年2月15日5时39分44秒	通过fd发送了一次数据，fd为:260
2019年2月15日5时39分44秒	通过fd发送了一次数据，fd为:262
2019年2月15日5时39分44秒	通过fd发送了一次数据，fd为:
2019年2月15日5时39分44秒	通过fd发送了一次数据，fd为:264
2019年2月15日5时39分44秒	通过fd发送了一次数据，fd为:263
2019年2月15日5时39分44秒	通过fd发送了一次数据，fd为:265
2019年2月15日5时39分44秒	通过fd发送了一次数据，fd为:266
2019年2月15日5时39分44秒	通过fd发送了一次数据，fd为:266
2019年2月15日5时39分44秒	通过fd发送了一次数据，fd为:267
2019年2月15日5时39分44秒	通过fd发送了一次数据，fd为:268
2019年2月15日5时39分44秒	通过fd发送了一次数据，fd为:267
2019年2月15日5时39分44秒	通过fd发送了一次数据，fd为:269
2019年2月15日5时39分44秒	通过fd发送了一次数据，fd为:270
2019年2月15日5时39分44秒	通过fd发送了一次数据，fd为:271
2019年2月15日5时39分44秒	通过fd发送了一次数据，fd为:272
2019年2月15日5时39分44秒	通过fd发送了一次数据，fd为:273
2019年2月15日5时39分44秒	通过fd发送了一次数据，fd为:
274
2019年2月15日5时39分44秒	通过fd发送了一次数据，fd为:275
2019年2月15日5时39分44秒	通过fd发送了一次数据，fd为:276
2019年2月15日5时39分44秒	通过fd发送了一次数据，fd为:277
2019年2月15日5时39分44秒	通过fd发送了一次数据，fd为:278
2019年2月15日5时39分44秒	通过fd发送了一次数据，fd为:279
2019年2月15日5时39分44秒	通过fd发送了一次数据，fd为:280
2019年2月15日5时39分44秒	通过fd发送了一次数据，fd为:281
2019年2月15日5时39分44秒	通过fd发送了一次数据，fd为:282
2019年2月15日5时39分44秒	通过fd发送了一次数据，fd为:283
2019年2月15日5时39分44秒	通过fd发送了一次数据，fd为:284
2019年2月15日5时39分44秒	通过fd发送了一次数据，fd为:285
2019年2月15日5时39分44秒	通过fd发送了一次数据，fd为:286
2019年2月15日5时39分44秒	通过fd发送了一次数据，fd为:287
2019年2月15日5时39分44秒	通过fd发送了一次数据，fd为:
2019年2月15日5时39分44秒	通过fd发送了一次数据，fd为:289
2019年2月15日5时39分44秒	通过fd发送了一次数据，fd为:290
2019年2月15日5时39分44秒	通过fd发送了一次数据，fd为:291
2019年2月15日5时39分44秒	通过fd发送了一次数据，fd为:292
2019年2月15日5时39分44秒	通过fd发送了一次数据，fd为:293
2019年2月15日5时39分44秒	通过fd发送了一次数据，fd为:294
2019年2月15日5时39分44秒	通过fd发送了一次数据，fd为:295
2019年2月15日5时39分44秒	通过fd发送了一次数据，fd为:296
2019年2月15日5时39分44秒	通过fd发送了一次数据，fd为:297
2019年2月15日5时39分44秒	通过fd发送了一次数据，fd为:298
2019年2月15日5时39分44秒	通过fd发送了一次数据，fd为:299
2019年2月15日5时39分44秒	通过fd发送了一次数据，fd为:300
2019年2月15日5时39分45秒	通过fd发送了一次数据，fd为:301
2019年2月15日5时39分45秒	通过fd发送了一次数据，fd为:
302
2019年2月15日5时39分45秒	通过fd发送了一次数据，fd为:303
2019年2月15日5时39分45秒	通过fd发送了一次数据，fd为:302
2019年2月15日5时39分45秒	通过fd发送了一次数据，fd为:302
2019年2月15日5时39分45秒	通过fd发送了一次数据，fd为:304
2019年2月15日5时39分45秒	通过fd发送了一次数据，fd为:305
2019年2月15日5时39分45秒	通过fd发送了一次数据，fd为:306
2019年2月15日5时39分45秒	通过fd发送了一次数据，fd为:307
2019年2月15日5时39分45秒	通过fd发送了一次数据，fd为:308
2019年2月15日5时39分45秒	通过fd发送了一次数据，fd为:309
2019年2月15日5时39分45秒	通过fd发送了一次数据，fd为:310
2019年2月15日5时39分45秒	通过fd发送了一次数据，fd为:311
2019年2月15日5时39分45秒	通过fd发送了一次数据，fd为:310
2019年2月15日5时39分45秒	通过fd发送了一次数据，fd为:310
2019年2月15日5时39分45秒	通过fd发送了一次数据，fd为:
2019年2月15日5时39分45秒	通过fd发送了一次数据，fd为:313
2019年2月15日5时39分45秒	通过fd发送了一次数据，fd为:314
2019年2月15日5时39分45秒	通过fd发送了一次数据，fd为:315
2019年2月15日5时39分45秒	通过fd发送了一次数据，fd为:316
2019年2月15日5时39分45秒	通过fd发送了一次数据，fd为:317
2019年2月15日5时39分45秒	通过fd发送了一次数据，fd为:318
2019年2月15日5时39分45秒	通过fd发送了一次数据，fd为:318
2019年2月15日5时39分45秒	通过fd发送了一次数据，fd为:319
2019年2月15日5时39分45秒	通过fd发送了一次数据，fd为:320
2019年2月15日5时39分45秒	通过fd发送了一次数据，fd为:321
2019年2月15日5时39分45秒	通过fd发送了一次数据，fd为:322
2019年2月15日5时39分45秒	通过fd发送了一次数据，fd为:323
2019年2月15日5时39分45秒	通过fd发送了一次数据，fd为:324
2019年2月15日5时39分45秒	通过fd发送了一次数据，fd为:
325
2019年2月15日5时39分45秒	通过fd发送了一次数据，fd为:326
2019年2月15日5时39分45秒	通过fd发送了一次数据，fd为:325
2019年2月15日5时39分45秒	通过fd发送了一次数据，fd为:327
2019年2月15日5时39分45秒	通过fd发送了一次数据，fd为:325
2019年2月15日5时39分45秒	通过fd发送了一次数据，fd为:328
2019年2月15日5时39分45秒	通过fd发送了一次数据，fd为:325
2019年2月15日5时39分45秒	通过fd发送了一次数据，fd为:329
2019年2月15日5时39分45秒	通过fd发送了一次数据，fd为:325
2019年2月15日5时39分45秒	通过fd发送了一次数据，fd为:330
2019年2月15日5时39分45秒	通过fd发送了一次数据，fd为:331
2019年2月15日5时39分45秒	通过fd发送了一次数据，fd为:332
2019年2月15日5时39分45秒	通过fd发送了一次数据，fd为:331
2019年2月15日5时39分45秒	通过fd发送了一次数据，fd为:333
2019年2月15日5时39分45秒	通过fd发送了一次数据，fd为:
2019年2月15日5时39分45秒	通过fd发送了一次数据，fd为:335
2019年2月15日5时39分45秒	通过fd发送了一次数据，fd为:336
2019年2月15日5时39分45秒	通过fd发送了一次数据，fd为:337
2019年2月15日5时39分45秒	通过fd发送了一次数据，fd为:336
2019年2月15日5时39分45秒	通过fd发送了一次数据，fd为:338
2019年2月15日5时39分45秒	通过fd发送了一次数据，fd为:339
2019年2月15日5时39分45秒	通过fd发送了一次数据，fd为:340
2019年2月15日5时39分45秒	通过fd发送了一次数据，fd为:339
2019年2月15日5时39分45秒	通过fd发送了一次数据，fd为:341
2019年2月15日5时39分45秒	通过fd发送了一次数据，fd为:342
2019年2月15日5时39分45秒	通过fd发送了一次数据，fd为:343
2019年2月15日5时39分45秒	通过fd发送了一次数据，fd为:344
2019年2月15日5时39分45秒	通过fd发送了一次数据，fd为:344
2019年2月15日5时39分45秒	通过fd发送了一次数据，fd为:
2019年2月15日5时39分45秒	通过fd发送了一次数据，fd为:344
2019年2月15日5时39分45秒	通过fd发送了一次数据，fd为:345
2019年2月15日5时39分45秒	通过fd发送了一次数据，fd为:346
2019年2月15日5时39分45秒	通过fd发送了一次数据，fd为:347
2019年2月15日5时39分45秒	通过fd发送了一次数据，fd为:348
2019年2月15日5时39分45秒	通过fd发送了一次数据，fd为:349
2019年2月15日5时39分45秒	通过fd发送了一次数据，fd为:350
2019年2月15日5时39分45秒	通过fd发送了一次数据，fd为:351
2019年2月15日5时39分45秒	通过fd发送了一次数据，fd为:352
2019年2月15日5时39分45秒	通过fd发送了一次数据，fd为:351
2019年2月15日5时39分45秒	通过fd发送了一次数据，fd为:353
2019年2月15日5时39分45秒	通过fd发送了一次数据，fd为:354
2019年2月15日5时39分45秒	通过fd发送了一次数据，fd为:354
2019年2月15日5时39分45秒	通过fd发送了一次数据，fd为:
2019年2月15日5时39分45秒	通过fd发送了一次数据，fd为:356
2019年2月15日5时39分45秒	通过fd发送了一次数据，fd为:357
2019年2月15日5时39分45秒	通过fd发送了一次数据，fd为:358
2019年2月15日5时39分45秒	通过fd发送了一次数据，fd为:359
2019年2月15日5时39分45秒	通过fd发送了一次数据，fd为:360
2019年2月15日5时39分45秒	通过fd发送了一次数据，fd为:359
2019年2月15日5时39分45秒	通过fd发送了一次数据，fd为:361
2019年2月15日5时39分45秒	通过fd发送了一次数据，fd为:362
2019年2月15日5时39分45秒	通过fd发送了一次数据，fd为:363
2019年2月15日5时39分45秒	通过fd发送了一次数据，fd为:362
2019年2月15日5时39分45秒	通过fd发送了一次数据，fd为:364
2019年2月15日5时39分45秒	通过fd发送了一次数据，fd为:365
2019年2月15日5时39分45秒	通过fd发送了一次数据，fd为:366
2019年2月15日5时39分45秒	通过fd发送了一次数据，fd为:
2019年2月15日5时39分45秒	通过fd发送了一次数据，fd为:368
2019年2月15日5时39分45秒	通过fd发送了一次数据，fd为:367
2019年2月15日5时39分45秒	通过fd发送了一次数据，fd为:369
2019年2月15日5时39分45秒	通过fd发送了一次数据，fd为:370
2019年2月15日5时39分45秒	通过fd发送了一次数据，fd为:371
2019年2月15日5时39分45秒	通过fd发送了一次数据，fd为:372
2019年2月15日5时39分45秒	通过fd发送了一次数据，fd为:373
2019年2月15日5时39分45秒	通过fd发送了一次数据，fd为:373
2019年2月15日5时39分45秒	通过fd发送了一次数据，fd为:374
2019年2月15日5时39分45秒	通过fd发送了一次数据，fd为:373
2019年2月15日5时39分45秒	通过fd发送了一次数据，fd为:373
2019年2月15日5时39分45秒	通过fd发送了一次数据，fd为:375
2019年2月15日5时39分45秒	通过fd发送了一次数据，fd为:375
2019年2月15日5时39分45秒	通过fd发送了一次数据，fd为:
376
2019年2月15日5时39分45秒	通过fd发送了一次数据，fd为:377
2019年2月15日5时39分45秒	通过fd发送了一次数据，fd为:376
2019年2月15日5时39分45秒	通过fd发送了一次数据，fd为:377
2019年2月15日5时39分45秒	通过fd发送了一次数据，fd为:378
2019年2月15日5时39分45秒	通过fd发送了一次数据，fd为:378
2019年2月15日5时39分45秒	通过fd发送了一次数据，fd为:379
2019年2月15日5时39分45秒	通过fd发送了一次数据，fd为:380
2019年2月15日5时39分45秒	通过fd发送了一次数据，fd为:379
2019年2月15日5时39分45秒	通过fd发送了一次数据，fd为:380
2019年2月15日5时39分45秒	通过fd发送了一次数据，fd为:381
2019年2月15日5时39分45秒	通过fd发送了一次数据，fd为:382
2019年2月15日5时39分45秒	通过fd发送了一次数据，fd为:383
2019年2月15日5时39分45秒	通过fd发送了一次数据，fd为:384
2019年2月15日5时39分45秒	通过fd发送了一次数据，fd为:
2019年2月15日5时39分45秒	通过fd发送了一次数据，fd为:385
2019年2月15日5时39分45秒	通过fd发送了一次数据，fd为:386
2019年2月15日5时39分45秒	通过fd发送了一次数据，fd为:387
2019年2月15日5时39分45秒	通过fd发送了一次数据，fd为:386
2019年2月15日5时39分45秒	通过fd发送了一次数据，fd为:386
2019年2月15日5时39分45秒	通过fd发送了一次数据，fd为:388
2019年2月15日5时39分45秒	通过fd发送了一次数据，fd为:389
2019年2月15日5时39分45秒	通过fd发送了一次数据，fd为:390
2019年2月15日5时39分45秒	通过fd发送了一次数据，fd为:389
2019年2月15日5时39分45秒	通过fd发送了一次数据，fd为:391
2019年2月15日5时39分45秒	通过fd发送了一次数据，fd为:392
2019年2月15日5时39分45秒	通过fd发送了一次数据，fd为:389
2019年2月15日5时39分45秒	通过fd发送了一次数据，fd为:391
2019年2月15日5时39分45秒	通过fd发送了一次数据，fd为:
2019年2月15日5时39分45秒	通过fd发送了一次数据，fd为:393
2019年2月15日5时39分45秒	通过fd发送了一次数据，fd为:392
2019年2月15日5时39分45秒	通过fd发送了一次数据，fd为:393
2019年2月15日5时39分45秒	通过fd发送了一次数据，fd为:394
2019年2月15日5时39分45秒	通过fd发送了一次数据，fd为:394
2019年2月15日5时39分45秒	通过fd发送了一次数据，fd为:395
2019年2月15日5时39分45秒	通过fd发送了一次数据，fd为:395
2019年2月15日5时39分45秒	通过fd发送了一次数据，fd为:395
2019年2月15日5时39分45秒	通过fd发送了一次数据，fd为:395
2019年2月15日5时39分45秒	通过fd发送了一次数据，fd为:396
2019年2月15日5时39分45秒	通过fd发送了一次数据，fd为:395
2019年2月15日5时39分45秒	通过fd发送了一次数据，fd为:396
2019年2月15日5时39分45秒	通过fd发送了一次数据，fd为:395
2019年2月15日5时39分45秒	通过fd发送了一次数据，fd为:
2019年2月15日5时39分45秒	通过fd发送了一次数据，fd为:396
2019年2月15日5时39分45秒	通过fd发送了一次数据，fd为:397
2019年2月15日5时39分45秒	通过fd发送了一次数据，fd为:398
2019年2月15日5时39分45秒	通过fd发送了一次数据，fd为:398
2019年2月15日5时39分45秒	通过fd发送了一次数据，fd为:399
2019年2月15日5时39分45秒	通过fd发送了一次数据，fd为:400
2019年2月15日5时39分45秒	通过fd发送了一次数据，fd为:401
2019年2月15日5时39分45秒	通过fd发送了一次数据，fd为:400
2019年2月15日5时39分45秒	通过fd发送了一次数据，fd为:402
2019年2月15日5时39分45秒	通过fd发送了一次数据，fd为:403
2019年2月15日5时39分45秒	通过fd发送了一次数据，fd为:404
2019年2月15日5时39分45秒	通过fd发送了一次数据，fd为:405
2019年2月15日5时39分45秒	通过fd发送了一次数据，fd为:406
2019年2月15日5时39分45秒	通过fd发送了一次数据，fd为:
2019年2月15日5时39分45秒	通过fd发送了一次数据，fd为:408
2019年2月15日5时39分45秒	通过fd发送了一次数据，fd为:409
2019年2月15日5时39分45秒	通过fd发送了一次数据，fd为:410
2019年2月15日5时39分45秒	通过fd发送了一次数据，fd为:409
2019年2月15日5时39分45秒	通过fd发送了一次数据，fd为:411
2019年2月15日5时39分45秒	通过fd发送了一次数据，fd为:412
2019年2月15日5时39分45秒	通过fd发送了一次数据，fd为:413
2019年2月15日5时39分45秒	通过fd发送了一次数据，fd为:414
2019年2月15日5时39分45秒	通过fd发送了一次数据，fd为:415
2019年2月15日5时39分45秒	通过fd发送了一次数据，fd为:416
2019年2月15日5时39分45秒	通过fd发送了一次数据，fd为:417
2019年2月15日5时39分45秒	通过fd发送了一次数据，fd为:418
2019年2月15日5时39分45秒	通过fd发送了一次数据，fd为:419
2019年2月15日5时39分45秒	通过fd发送了一次数据，fd为:
420
2019年2月15日5时39分45秒	通过fd发送了一次数据，fd为:421
2019年2月15日5时39分45秒	通过fd发送了一次数据，fd为:421
2019年2月15日5时39分45秒	通过fd发送了一次数据，fd为:422
2019年2月15日5时39分45秒	通过fd发送了一次数据，fd为:423
2019年2月15日5时39分45秒	通过fd发送了一次数据，fd为:424
2019年2月15日5时39分45秒	通过fd发送了一次数据，fd为:425
2019年2月15日5时39分45秒	通过fd发送了一次数据，fd为:426
2019年2月15日5时39分45秒	通过fd发送了一次数据，fd为:427
2019年2月15日5时39分45秒	通过fd发送了一次数据，fd为:428
2019年2月15日5时39分45秒	通过fd发送了一次数据，fd为:429
2019年2月15日5时39分45秒	通过fd发送了一次数据，fd为:430
2019年2月15日5时39分45秒	通过fd发送了一次数据，fd为:431
2019年2月15日5时39分45秒	通过fd发送了一次数据，fd为:432
2019年2月15日5时39分45秒	通过fd发送了一次数据，fd为:
433
2019年2月15日5时39分45秒	通过fd发送了一次数据，fd为:434
2019年2月15日5时39分45秒	通过fd发送了一次数据，fd为:435
2019年2月15日5时39分45秒	通过fd发送了一次数据，fd为:436
2019年2月15日5时39分45秒	通过fd发送了一次数据，fd为:436
2019年2月15日5时39分45秒	通过fd发送了一次数据，fd为:437
2019年2月15日5时39分45秒	通过fd发送了一次数据，fd为:438
2019年2月15日5时39分45秒	通过fd发送了一次数据，fd为:439
2019年2月15日5时39分45秒	通过fd发送了一次数据，fd为:440
2019年2月15日5时39分45秒	通过fd发送了一次数据，fd为:440
2019年2月15日5时39分45秒	通过fd发送了一次数据，fd为:441
2019年2月15日5时39分45秒	通过fd发送了一次数据，fd为:440
2019年2月15日5时39分45秒	通过fd发送了一次数据，fd为:442
2019年2月15日5时39分45秒	通过fd发送了一次数据，fd为:443
2019年2月15日5时39分45秒	通过fd发送了一次数据，fd为:
2019年2月15日5时39分45秒	通过fd发送了一次数据，fd为:445
2019年2月15日5时39分45秒	通过fd发送了一次数据，fd为:446
2019年2月15日5时39分45秒	通过fd发送了一次数据，fd为:447
2019年2月15日5时39分45秒	通过fd发送了一次数据，fd为:448
2019年2月15日5时39分45秒	通过fd发送了一次数据，fd为:449
2019年2月15日5时39分45秒	通过fd发送了一次数据，fd为:450
2019年2月15日5时39分45秒	通过fd发送了一次数据，fd为:449
2019年2月15日5时39分45秒	通过fd发送了一次数据，fd为:451
2019年2月15日5时39分45秒	通过fd发送了一次数据，fd为:452
2019年2月15日5时39分45秒	通过fd发送了一次数据，fd为:453
2019年2月15日5时39分45秒	通过fd发送了一次数据，fd为:454
2019年2月15日5时39分45秒	通过fd发送了一次数据，fd为:455
2019年2月15日5时39分45秒	通过fd发送了一次数据，fd为:455
2019年2月15日5时39分45秒	通过fd发送了一次数据，fd为:
2019年2月15日5时39分45秒	通过fd发送了一次数据，fd为:457
2019年2月15日5时39分45秒	通过fd发送了一次数据，fd为:458
2019年2月15日5时39分45秒	通过fd发送了一次数据，fd为:457
2019年2月15日5时39分45秒	通过fd发送了一次数据，fd为:458
2019年2月15日5时39分45秒	通过fd发送了一次数据，fd为:459
2019年2月15日5时39分45秒	通过fd发送了一次数据，fd为:460
2019年2月15日5时39分45秒	通过fd发送了一次数据，fd为:461
2019年2月15日5时39分45秒	通过fd发送了一次数据，fd为:462
2019年2月15日5时39分45秒	通过fd发送了一次数据，fd为:462
2019年2月15日5时39分45秒	通过fd发送了一次数据，fd为:463
2019年2月15日5时39分45秒	通过fd发送了一次数据，fd为:464
2019年2月15日5时39分45秒	通过fd发送了一次数据，fd为:465
2019年2月15日5时39分45秒	通过fd发送了一次数据，fd为:464
2019年2月15日5时39分45秒	通过fd发送了一次数据，fd为:
2019年2月15日5时39分45秒	通过fd发送了一次数据，fd为:466
2019年2月15日5时39分45秒	通过fd发送了一次数据，fd为:467
2019年2月15日5时39分45秒	通过fd发送了一次数据，fd为:468
2019年2月15日5时39分45秒	通过fd发送了一次数据，fd为:469
2019年2月15日5时39分45秒	通过fd发送了一次数据，fd为:470
2019年2月15日5时39分45秒	通过fd发送了一次数据，fd为:471
2019年2月15日5时39分45秒	通过fd发送了一次数据，fd为:472
2019年2月15日5时39分45秒	通过fd发送了一次数据，fd为:473
2019年2月15日5时39分45秒	通过fd发送了一次数据，fd为:474
2019年2月15日5时39分45秒	通过fd发送了一次数据，fd为:475
2019年2月15日5时39分45秒	通过fd发送了一次数据，fd为:476
2019年2月15日5时39分45秒	通过fd发送了一次数据，fd为:477
2019年2月15日5时39分45秒	通过fd发送了一次数据，fd为:478
2019年2月15日5时39分45秒	通过fd发送了一次数据，fd为:
2019年2月15日5时39分45秒	通过fd发送了一次数据，fd为:480
2019年2月15日5时39分45秒	通过fd发送了一次数据，fd为:481
2019年2月15日5时39分45秒	通过fd发送了一次数据，fd为:482
2019年2月15日5时39分45秒	通过fd发送了一次数据，fd为:483
2019年2月15日5时39分45秒	通过fd发送了一次数据，fd为:482
2019年2月15日5时39分45秒	通过fd发送了一次数据，fd为:483
2019年2月15日5时39分45秒	通过fd发送了一次数据，fd为:484
2019年2月15日5时39分45秒	通过fd发送了一次数据，fd为:485
2019年2月15日5时39分45秒	通过fd发送了一次数据，fd为:486
2019年2月15日5时39分45秒	通过fd发送了一次数据，fd为:487
2019年2月15日5时39分45秒	通过fd发送了一次数据，fd为:487
2019年2月15日5时39分45秒	通过fd发送了一次数据，fd为:488
2019年2月15日5时39分45秒	通过fd发送了一次数据，fd为:489
2019年2月15日5时39分45秒	通过fd发送了一次数据，fd为:
2019年2月15日5时39分45秒	通过fd发送了一次数据，fd为:491
2019年2月15日5时39分45秒	通过fd发送了一次数据，fd为:492
2019年2月15日5时39分45秒	通过fd发送了一次数据，fd为:493
2019年2月15日5时39分45秒	通过fd发送了一次数据，fd为:494
2019年2月15日5时39分45秒	通过fd发送了一次数据，fd为:495
2019年2月15日5时39分45秒	通过fd发送了一次数据，fd为:496
2019年2月15日5时39分45秒	通过fd发送了一次数据，fd为:495
2019年2月15日5时39分45秒	通过fd发送了一次数据，fd为:497
2019年2月15日5时39分45秒	通过fd发送了一次数据，fd为:498
2019年2月15日5时39分45秒	通过fd发送了一次数据，fd为:499
2019年2月15日5时39分45秒	通过fd发送了一次数据，fd为:500
2019年2月15日5时39分45秒	通过fd发送了一次数据，fd为:501
2019年2月15日5时39分45秒	通过fd发送了一次数据，fd为:502
2019年2月15日5时39分45秒	通过fd发送了一次数据，fd为:
2019年2月15日5时39分45秒	通过fd发送了一次数据，fd为:504
2019年2月15日5时39分45秒	通过fd发送了一次数据，fd为:505
2019年2月15日5时39分45秒	通过fd发送了一次数据，fd为:505
2019年2月15日5时39分45秒	通过fd发送了一次数据，fd为:506
2019年2月15日5时39分45秒	通过fd发送了一次数据，fd为:505
2019年2月15日5时39分45秒	通过fd发送了一次数据，fd为:507
2019年2月15日5时39分45秒	通过fd发送了一次数据，fd为:508
2019年2月15日5时39分45秒	通过fd发送了一次数据，fd为:509
2019年2月15日5时39分45秒	通过fd发送了一次数据，fd为:510
2019年2月15日5时39分45秒	通过fd发送了一次数据，fd为:511
2019年2月15日5时39分45秒	通过fd发送了一次数据，fd为:512
2019年2月15日5时39分45秒	通过fd发送了一次数据，fd为:513
2019年2月15日5时39分45秒	通过fd发送了一次数据，fd为:514
2019年2月15日5时39分45秒	通过fd发送了一次数据，fd为:
2019年2月15日5时39分45秒	通过fd发送了一次数据，fd为:515
2019年2月15日5时39分45秒	通过fd发送了一次数据，fd为:516
2019年2月15日5时39分45秒	通过fd发送了一次数据，fd为:517
2019年2月15日5时39分45秒	通过fd发送了一次数据，fd为:518
2019年2月15日5时39分45秒	通过fd发送了一次数据，fd为:519
2019年2月15日5时39分45秒	通过fd发送了一次数据，fd为:520
2019年2月15日5时39分45秒	通过fd发送了一次数据，fd为:521
2019年2月15日5时39分45秒	通过fd发送了一次数据，fd为:522
2019年2月15日5时39分45秒	通过fd发送了一次数据，fd为:523
2019年2月15日5时39分45秒	通过fd发送了一次数据，fd为:524
2019年2月15日5时39分45秒	通过fd发送了一次数据，fd为:525
2019年2月15日5时39分45秒	通过fd发送了一次数据，fd为:526
2019年2月15日5时39分45秒	通过fd发送了一次数据，fd为:527
2019年2月15日5时39分45秒	通过fd发送了一次数据，fd为:
2019年2月15日5时39分45秒	通过fd发送了一次数据，fd为:529
2019年2月15日5时39分45秒	通过fd发送了一次数据，fd为:530
2019年2月15日5时39分45秒	通过fd发送了一次数据，fd为:531
2019年2月15日5时39分45秒	通过fd发送了一次数据，fd为:532
2019年2月15日5时39分45秒	通过fd发送了一次数据，fd为:533
2019年2月15日5时39分45秒	通过fd发送了一次数据，fd为:534
2019年2月15日5时39分45秒	通过fd发送了一次数据，fd为:535
2019年2月15日5时39分45秒	通过fd发送了一次数据，fd为:536
2019年2月15日5时39分45秒	通过fd发送了一次数据，fd为:535
2019年2月15日5时39分45秒	通过fd发送了一次数据，fd为:537
2019年2月15日5时39分45秒	通过fd发送了一次数据，fd为:538
2019年2月15日5时39分45秒	通过fd发送了一次数据，fd为:539
2019年2月15日5时39分45秒	通过fd发送了一次数据，fd为:540
2019年2月15日5时39分45秒	通过fd发送了一次数据，fd为:
2019年2月15日5时39分45秒	通过fd发送了一次数据，fd为:542
2019年2月15日5时39分45秒	通过fd发送了一次数据，fd为:543
2019年2月15日5时39分45秒	通过fd发送了一次数据，fd为:544
2019年2月15日5时39分45秒	通过fd发送了一次数据，fd为:545
2019年2月15日5时39分45秒	通过fd发送了一次数据，fd为:544
2019年2月15日5时39分45秒	通过fd发送了一次数据，fd为:546
2019年2月15日5时39分45秒	通过fd发送了一次数据，fd为:547
2019年2月15日5时39分45秒	通过fd发送了一次数据，fd为:548
2019年2月15日5时39分45秒	通过fd发送了一次数据，fd为:549
2019年2月15日5时39分45秒	通过fd发送了一次数据，fd为:550
2019年2月15日5时39分45秒	通过fd发送了一次数据，fd为:551
2019年2月15日5时39分45秒	通过fd发送了一次数据，fd为:550
2019年2月15日5时39分45秒	通过fd发送了一次数据，fd为:552
2019年2月15日5时39分45秒	通过fd发送了一次数据，fd为:
2019年2月15日5时39分45秒	通过fd发送了一次数据，fd为:553
2019年2月15日5时39分45秒	通过fd发送了一次数据，fd为:552
2019年2月15日5时39分45秒	通过fd发送了一次数据，fd为:554
2019年2月15日5时39分45秒	通过fd发送了一次数据，fd为:555
2019年2月15日5时39分45秒	通过fd发送了一次数据，fd为:556
2019年2月15日5时39分45秒	通过fd发送了一次数据，fd为:557
2019年2月15日5时39分45秒	通过fd发送了一次数据，fd为:558
2019年2月15日5时39分45秒	通过fd发送了一次数据，fd为:557
2019年2月15日5时39分45秒	通过fd发送了一次数据，fd为:558
2019年2月15日5时39分45秒	通过fd发送了一次数据，fd为:559
2019年2月15日5时39分45秒	通过fd发送了一次数据，fd为:560
2019年2月15日5时39分45秒	通过fd发送了一次数据，fd为:561
2019年2月15日5时39分45秒	通过fd发送了一次数据，fd为:562
2019年2月15日5时39分45秒	通过fd发送了一次数据，fd为:
2019年2月15日5时39分45秒	通过fd发送了一次数据，fd为:563
2019年2月15日5时39分45秒	通过fd发送了一次数据，fd为:564
2019年2月15日5时39分45秒	通过fd发送了一次数据，fd为:565
2019年2月15日5时39分45秒	通过fd发送了一次数据，fd为:566
2019年2月15日5时39分45秒	通过fd发送了一次数据，fd为:567
2019年2月15日5时39分45秒	通过fd发送了一次数据，fd为:568
2019年2月15日5时39分45秒	通过fd发送了一次数据，fd为:569
2019年2月15日5时39分45秒	通过fd发送了一次数据，fd为:570
2019年2月15日5时39分45秒	通过fd发送了一次数据，fd为:571
2019年2月15日5时39分45秒	通过fd发送了一次数据，fd为:572
2019年2月15日5时39分45秒	通过fd发送了一次数据，fd为:571
2019年2月15日5时39分45秒	通过fd发送了一次数据，fd为:573
2019年2月15日5时39分45秒	通过fd发送了一次数据，fd为:574
2019年2月15日5时39分45秒	通过fd发送了一次数据，fd为:
2019年2月15日5时39分45秒	通过fd发送了一次数据，fd为:575
2019年2月15日5时39分45秒	通过fd发送了一次数据，fd为:576
2019年2月15日5时39分45秒	通过fd发送了一次数据，fd为:577
2019年2月15日5时39分45秒	通过fd发送了一次数据，fd为:578
2019年2月15日5时39分45秒	通过fd发送了一次数据，fd为:579
2019年2月15日5时39分45秒	通过fd发送了一次数据，fd为:580
2019年2月15日5时39分45秒	通过fd发送了一次数据，fd为:579
2019年2月15日5时39分45秒	通过fd发送了一次数据，fd为:581
2019年2月15日5时39分45秒	通过fd发送了一次数据，fd为:582
2019年2月15日5时39分45秒	通过fd发送了一次数据，fd为:581
2019年2月15日5时39分45秒	通过fd发送了一次数据，fd为:583
2019年2月15日5时39分45秒	通过fd发送了一次数据，fd为:584
2019年2月15日5时39分45秒	通过fd发送了一次数据，fd为:585
2019年2月15日5时39分45秒	通过fd发送了一次数据，fd为:
2019年2月15日5时39分45秒	通过fd发送了一次数据，fd为:587
2019年2月15日5时39分45秒	通过fd发送了一次数据，fd为:588
2019年2月15日5时39分45秒	通过fd发送了一次数据，fd为:587
2019年2月15日5时39分45秒	通过fd发送了一次数据，fd为:586
2019年2月15日5时39分45秒	通过fd发送了一次数据，fd为:589
2019年2月15日5时39分45秒	通过fd发送了一次数据，fd为:586
2019年2月15日5时39分45秒	通过fd发送了一次数据，fd为:590
2019年2月15日5时39分45秒	通过fd发送了一次数据，fd为:591
2019年2月15日5时39分45秒	通过fd发送了一次数据，fd为:592
2019年2月15日5时39分45秒	通过fd发送了一次数据，fd为:593
2019年2月15日5时39分45秒	通过fd发送了一次数据，fd为:594
2019年2月15日5时39分45秒	通过fd发送了一次数据，fd为:595
2019年2月15日5时39分45秒	通过fd发送了一次数据，fd为:594
2019年2月15日5时39分45秒	通过fd发送了一次数据，fd为:
2019年2月15日5时39分45秒	通过fd发送了一次数据，fd为:596
2019年2月15日5时39分45秒	通过fd发送了一次数据，fd为:595
2019年2月15日5时39分45秒	通过fd发送了一次数据，fd为:597
2019年2月15日5时39分45秒	通过fd发送了一次数据，fd为:598
2019年2月15日5时39分45秒	通过fd发送了一次数据，fd为:599
2019年2月15日5时39分45秒	通过fd发送了一次数据，fd为:600
2019年2月15日5时39分45秒	通过fd发送了一次数据，fd为:601
2019年2月15日5时39分45秒	通过fd发送了一次数据，fd为:602
2019年2月15日5时39分45秒	通过fd发送了一次数据，fd为:603
2019年2月15日5时39分45秒	通过fd发送了一次数据，fd为:604
2019年2月15日5时39分45秒	通过fd发送了一次数据，fd为:605
2019年2月15日5时39分45秒	通过fd发送了一次数据，fd为:606
2019年2月15日5时39分45秒	通过fd发送了一次数据，fd为:607
2019年2月15日5时39分45秒	通过fd发送了一次数据，fd为:
2019年2月15日5时39分45秒	通过fd发送了一次数据，fd为:609
2019年2月15日5时39分45秒	通过fd发送了一次数据，fd为:610
2019年2月15日5时39分46秒	通过fd发送了一次数据，fd为:611
2019年2月15日5时39分46秒	通过fd发送了一次数据，fd为:612
2019年2月15日5时39分46秒	通过fd发送了一次数据，fd为:611
2019年2月15日5时39分46秒	通过fd发送了一次数据，fd为:612
2019年2月15日5时39分46秒	通过fd发送了一次数据，fd为:611
2019年2月15日5时39分46秒	通过fd发送了一次数据，fd为:613
2019年2月15日5时39分46秒	通过fd发送了一次数据，fd为:614
2019年2月15日5时39分46秒	通过fd发送了一次数据，fd为:615
2019年2月15日5时39分46秒	通过fd发送了一次数据，fd为:616
2019年2月15日5时39分46秒	通过fd发送了一次数据，fd为:617
2019年2月15日5时39分46秒	通过fd发送了一次数据，fd为:618
2019年2月15日5时39分46秒	通过fd发送了一次数据，fd为:
2019年2月15日5时39分46秒	通过fd发送了一次数据，fd为:620
2019年2月15日5时39分46秒	通过fd发送了一次数据，fd为:621
2019年2月15日5时39分46秒	通过fd发送了一次数据，fd为:620
2019年2月15日5时39分46秒	通过fd发送了一次数据，fd为:622
2019年2月15日5时39分46秒	通过fd发送了一次数据，fd为:623
2019年2月15日5时39分46秒	通过fd发送了一次数据，fd为:624
2019年2月15日5时39分46秒	通过fd发送了一次数据，fd为:625
2019年2月15日5时39分46秒	通过fd发送了一次数据，fd为:626
2019年2月15日5时39分46秒	通过fd发送了一次数据，fd为:627
2019年2月15日5时39分46秒	通过fd发送了一次数据，fd为:628
2019年2月15日5时39分46秒	通过fd发送了一次数据，fd为:627
2019年2月15日5时39分46秒	通过fd发送了一次数据，fd为:629
2019年2月15日5时39分46秒	通过fd发送了一次数据，fd为:629
2019年2月15日5时39分46秒	通过fd发送了一次数据，fd为:
2019年2月15日5时39分46秒	通过fd发送了一次数据，fd为:631
2019年2月15日5时39分46秒	通过fd发送了一次数据，fd为:630
2019年2月15日5时39分46秒	通过fd发送了一次数据，fd为:631
2019年2月15日5时39分46秒	通过fd发送了一次数据，fd为:631
2019年2月15日5时39分46秒	通过fd发送了一次数据，fd为:632
2019年2月15日5时39分46秒	通过fd发送了一次数据，fd为:632
2019年2月15日5时39分46秒	通过fd发送了一次数据，fd为:633
2019年2月15日5时39分46秒	通过fd发送了一次数据，fd为:634
2019年2月15日5时39分46秒	通过fd发送了一次数据，fd为:635
2019年2月15日5时39分46秒	通过fd发送了一次数据，fd为:634
2019年2月15日5时39分46秒	通过fd发送了一次数据，fd为:636
2019年2月15日5时39分46秒	通过fd发送了一次数据，fd为:637
2019年2月15日5时39分46秒	通过fd发送了一次数据，fd为:636
2019年2月15日5时39分46秒	通过fd发送了一次数据，fd为:
2019年2月15日5时39分46秒	通过fd发送了一次数据，fd为:639
2019年2月15日5时39分46秒	通过fd发送了一次数据，fd为:640
2019年2月15日5时39分46秒	通过fd发送了一次数据，fd为:639
2019年2月15日5时39分46秒	通过fd发送了一次数据，fd为:639
2019年2月15日5时39分46秒	通过fd发送了一次数据，fd为:641
2019年2月15日5时39分46秒	通过fd发送了一次数据，fd为:642
2019年2月15日5时39分46秒	通过fd发送了一次数据，fd为:642
2019年2月15日5时39分46秒	通过fd发送了一次数据，fd为:643
2019年2月15日5时39分46秒	通过fd发送了一次数据，fd为:642
2019年2月15日5时39分46秒	通过fd发送了一次数据，fd为:643
2019年2月15日5时39分46秒	通过fd发送了一次数据，fd为:644
2019年2月15日5时39分46秒	通过fd发送了一次数据，fd为:645
2019年2月15日5时39分46秒	通过fd发送了一次数据，fd为:646
2019年2月15日5时39分46秒	通过fd发送了一次数据，fd为:
2019年2月15日5时39分46秒	通过fd发送了一次数据，fd为:647
2019年2月15日5时39分46秒	通过fd发送了一次数据，fd为:646
2019年2月15日5时39分46秒	通过fd发送了一次数据，fd为:648
2019年2月15日5时39分46秒	通过fd发送了一次数据，fd为:649
2019年2月15日5时39分46秒	通过fd发送了一次数据，fd为:648
2019年2月15日5时39分46秒	通过fd发送了一次数据，fd为:650
2019年2月15日5时39分46秒	通过fd发送了一次数据，fd为:651
2019年2月15日5时39分46秒	通过fd发送了一次数据，fd为:651
2019年2月15日5时39分46秒	通过fd发送了一次数据，fd为:652
2019年2月15日5时39分46秒	通过fd发送了一次数据，fd为:653
2019年2月15日5时39分46秒	通过fd发送了一次数据，fd为:652
2019年2月15日5时39分46秒	通过fd发送了一次数据，fd为:654
2019年2月15日5时39分46秒	通过fd发送了一次数据，fd为:655
2019年2月15日5时39分46秒	通过fd发送了一次数据，fd为:
656
2019年2月15日5时39分46秒	通过fd发送了一次数据，fd为:657
2019年2月15日5时39分46秒	通过fd发送了一次数据，fd为:658
2019年2月15日5时39分46秒	通过fd发送了一次数据，fd为:659
2019年2月15日5时39分46秒	通过fd发送了一次数据，fd为:660
2019年2月15日5时39分46秒	通过fd发送了一次数据，fd为:661
2019年2月15日5时39分46秒	通过fd发送了一次数据，fd为:662
2019年2月15日5时39分46秒	通过fd发送了一次数据，fd为:661
2019年2月15日5时39分46秒	通过fd发送了一次数据，fd为:663
2019年2月15日5时39分46秒	通过fd发送了一次数据，fd为:664
2019年2月15日5时39分46秒	通过fd发送了一次数据，fd为:665
2019年2月15日5时39分46秒	通过fd发送了一次数据，fd为:666
2019年2月15日5时39分46秒	通过fd发送了一次数据，fd为:667
2019年2月15日5时39分46秒	通过fd发送了一次数据，fd为:668
2019年2月15日5时39分46秒	通过fd发送了一次数据，fd为:
2019年2月15日5时39分46秒	通过fd发送了一次数据，fd为:670
2019年2月15日5时39分46秒	通过fd发送了一次数据，fd为:671
2019年2月15日5时39分46秒	通过fd发送了一次数据，fd为:670
2019年2月15日5时39分46秒	通过fd发送了一次数据，fd为:672
2019年2月15日5时39分46秒	通过fd发送了一次数据，fd为:673
2019年2月15日5时39分46秒	通过fd发送了一次数据，fd为:674
2019年2月15日5时39分46秒	通过fd发送了一次数据，fd为:675
2019年2月15日5时39分46秒	通过fd发送了一次数据，fd为:676
2019年2月15日5时39分46秒	通过fd发送了一次数据，fd为:675
2019年2月15日5时39分46秒	通过fd发送了一次数据，fd为:677
2019年2月15日5时39分46秒	通过fd发送了一次数据，fd为:678
2019年2月15日5时39分46秒	通过fd发送了一次数据，fd为:679
2019年2月15日5时39分46秒	通过fd发送了一次数据，fd为:678
2019年2月15日5时39分46秒	通过fd发送了一次数据，fd为:
2019年2月15日5时39分46秒	通过fd发送了一次数据，fd为:681
2019年2月15日5时39分46秒	通过fd发送了一次数据，fd为:682
2019年2月15日5时39分46秒	通过fd发送了一次数据，fd为:683
2019年2月15日5时39分46秒	通过fd发送了一次数据，fd为:684
2019年2月15日5时39分46秒	通过fd发送了一次数据，fd为:685
2019年2月15日5时39分46秒	通过fd发送了一次数据，fd为:686
2019年2月15日5时39分46秒	通过fd发送了一次数据，fd为:687
2019年2月15日5时39分46秒	通过fd发送了一次数据，fd为:688
2019年2月15日5时39分46秒	通过fd发送了一次数据，fd为:687
2019年2月15日5时39分46秒	通过fd发送了一次数据，fd为:689
2019年2月15日5时39分46秒	通过fd发送了一次数据，fd为:689
2019年2月15日5时39分46秒	通过fd发送了一次数据，fd为:690
2019年2月15日5时39分46秒	通过fd发送了一次数据，fd为:691
2019年2月15日5时39分46秒	通过fd发送了一次数据，fd为:
2019年2月15日5时39分46秒	通过fd发送了一次数据，fd为:691
2019年2月15日5时39分46秒	通过fd发送了一次数据，fd为:693
2019年2月15日5时39分46秒	通过fd发送了一次数据，fd为:694
2019年2月15日5时39分46秒	通过fd发送了一次数据，fd为:695
2019年2月15日5时39分46秒	通过fd发送了一次数据，fd为:696
2019年2月15日5时39分46秒	通过fd发送了一次数据，fd为:697
2019年2月15日5时39分46秒	通过fd发送了一次数据，fd为:698
2019年2月15日5时39分46秒	通过fd发送了一次数据，fd为:699
2019年2月15日5时39分46秒	通过fd发送了一次数据，fd为:700
2019年2月15日5时39分46秒	通过fd发送了一次数据，fd为:701
2019年2月15日5时39分46秒	通过fd发送了一次数据，fd为:700
2019年2月15日5时39分46秒	通过fd发送了一次数据，fd为:702
2019年2月15日5时39分46秒	通过fd发送了一次数据，fd为:703
2019年2月15日5时39分46秒	通过fd发送了一次数据，fd为:
704
2019年2月15日5时39分46秒	通过fd发送了一次数据，fd为:705
2019年2月15日5时39分46秒	通过fd发送了一次数据，fd为:706
2019年2月15日5时39分46秒	通过fd发送了一次数据，fd为:707
2019年2月15日5时39分46秒	通过fd发送了一次数据，fd为:708
2019年2月15日5时39分46秒	通过fd发送了一次数据，fd为:709
2019年2月15日5时39分46秒	通过fd发送了一次数据，fd为:710
2019年2月15日5时39分46秒	通过fd发送了一次数据，fd为:709
2019年2月15日5时39分46秒	通过fd发送了一次数据，fd为:711
2019年2月15日5时39分46秒	通过fd发送了一次数据，fd为:712
2019年2月15日5时39分46秒	通过fd发送了一次数据，fd为:713
2019年2月15日5时39分46秒	通过fd发送了一次数据，fd为:714
2019年2月15日5时39分46秒	通过fd发送了一次数据，fd为:715
2019年2月15日5时39分46秒	通过fd发送了一次数据，fd为:716
2019年2月15日5时39分46秒	通过fd发送了一次数据，fd为:
2019年2月15日5时39分46秒	通过fd发送了一次数据，fd为:718
2019年2月15日5时39分46秒	通过fd发送了一次数据，fd为:719
2019年2月15日5时39分46秒	通过fd发送了一次数据，fd为:719
2019年2月15日5时39分46秒	通过fd发送了一次数据，fd为:720
2019年2月15日5时39分46秒	通过fd发送了一次数据，fd为:721
2019年2月15日5时39分46秒	通过fd发送了一次数据，fd为:722
2019年2月15日5时39分46秒	通过fd发送了一次数据，fd为:721
2019年2月15日5时39分46秒	通过fd发送了一次数据，fd为:721
2019年2月15日5时39分46秒	通过fd发送了一次数据，fd为:723
2019年2月15日5时39分46秒	通过fd发送了一次数据，fd为:724
2019年2月15日5时39分46秒	通过fd发送了一次数据，fd为:725
2019年2月15日5时39分46秒	通过fd发送了一次数据，fd为:726
2019年2月15日5时39分46秒	通过fd发送了一次数据，fd为:727
2019年2月15日5时39分46秒	通过fd发送了一次数据，fd为:
2019年2月15日5时39分46秒	通过fd发送了一次数据，fd为:728
2019年2月15日5时39分46秒	通过fd发送了一次数据，fd为:729
2019年2月15日5时39分46秒	通过fd发送了一次数据，fd为:730
2019年2月15日5时39分46秒	通过fd发送了一次数据，fd为:731
2019年2月15日5时39分46秒	通过fd发送了一次数据，fd为:732
2019年2月15日5时39分46秒	通过fd发送了一次数据，fd为:733
2019年2月15日5时39分46秒	通过fd发送了一次数据，fd为:734
2019年2月15日5时39分46秒	通过fd发送了一次数据，fd为:735
2019年2月15日5时39分46秒	通过fd发送了一次数据，fd为:736
2019年2月15日5时39分46秒	通过fd发送了一次数据，fd为:737
2019年2月15日5时39分46秒	通过fd发送了一次数据，fd为:738
2019年2月15日5时39分46秒	通过fd发送了一次数据，fd为:739
2019年2月15日5时39分46秒	通过fd发送了一次数据，fd为:740
2019年2月15日5时39分46秒	通过fd发送了一次数据，fd为:
2019年2月15日5时39分46秒	通过fd发送了一次数据，fd为:740
2019年2月15日5时39分46秒	通过fd发送了一次数据，fd为:741
2019年2月15日5时39分46秒	通过fd发送了一次数据，fd为:742
2019年2月15日5时39分46秒	通过fd发送了一次数据，fd为:743
2019年2月15日5时39分46秒	通过fd发送了一次数据，fd为:744
2019年2月15日5时39分46秒	通过fd发送了一次数据，fd为:745
2019年2月15日5时39分46秒	通过fd发送了一次数据，fd为:746
2019年2月15日5时39分46秒	通过fd发送了一次数据，fd为:745
2019年2月15日5时39分46秒	通过fd发送了一次数据，fd为:747
2019年2月15日5时39分46秒	通过fd发送了一次数据，fd为:748
2019年2月15日5时39分46秒	通过fd发送了一次数据，fd为:749
2019年2月15日5时39分46秒	通过fd发送了一次数据，fd为:750
2019年2月15日5时39分46秒	通过fd发送了一次数据，fd为:751
2019年2月15日5时39分46秒	通过fd发送了一次数据，fd为:
752
2019年2月15日5时39分46秒	通过fd发送了一次数据，fd为:753
2019年2月15日5时39分46秒	通过fd发送了一次数据，fd为:754
2019年2月15日5时39分46秒	通过fd发送了一次数据，fd为:754
2019年2月15日5时39分46秒	通过fd发送了一次数据，fd为:755
2019年2月15日5时39分46秒	通过fd发送了一次数据，fd为:756
2019年2月15日5时39分46秒	通过fd发送了一次数据，fd为:755
2019年2月15日5时39分46秒	通过fd发送了一次数据，fd为:756
2019年2月15日5时39分46秒	通过fd发送了一次数据，fd为:757
2019年2月15日5时39分46秒	通过fd发送了一次数据，fd为:758
2019年2月15日5时39分46秒	通过fd发送了一次数据，fd为:759
2019年2月15日5时39分46秒	通过fd发送了一次数据，fd为:760
2019年2月15日5时39分46秒	通过fd发送了一次数据，fd为:761
2019年2月15日5时39分46秒	通过fd发送了一次数据，fd为:761
2019年2月15日5时39分46秒	通过fd发送了一次数据，fd为:
2019年2月15日5时39分46秒	通过fd发送了一次数据，fd为:761
2019年2月15日5时39分46秒	通过fd发送了一次数据，fd为:763
2019年2月15日5时39分46秒	通过fd发送了一次数据，fd为:764
2019年2月15日5时39分46秒	通过fd发送了一次数据，fd为:765
2019年2月15日5时39分46秒	通过fd发送了一次数据，fd为:764
2019年2月15日5时39分46秒	通过fd发送了一次数据，fd为:764
2019年2月15日5时39分46秒	通过fd发送了一次数据，fd为:766
2019年2月15日5时39分46秒	通过fd发送了一次数据，fd为:767
2019年2月15日5时39分46秒	通过fd发送了一次数据，fd为:766
2019年2月15日5时39分46秒	通过fd发送了一次数据，fd为:768
2019年2月15日5时39分46秒	通过fd发送了一次数据，fd为:766
2019年2月15日5时39分46秒	通过fd发送了一次数据，fd为:769
2019年2月15日5时39分46秒	通过fd发送了一次数据，fd为:770
2019年2月15日5时39分46秒	通过fd发送了一次数据，fd为:
2019年2月15日5时39分46秒	通过fd发送了一次数据，fd为:770
2019年2月15日5时39分46秒	通过fd发送了一次数据，fd为:772
2019年2月15日5时39分46秒	通过fd发送了一次数据，fd为:770
2019年2月15日5时39分46秒	通过fd发送了一次数据，fd为:773
2019年2月15日5时39分46秒	通过fd发送了一次数据，fd为:774
2019年2月15日5时39分46秒	通过fd发送了一次数据，fd为:775
2019年2月15日5时39分46秒	通过fd发送了一次数据，fd为:776
2019年2月15日5时39分46秒	通过fd发送了一次数据，fd为:777
2019年2月15日5时39分46秒	通过fd发送了一次数据，fd为:778
2019年2月15日5时39分46秒	通过fd发送了一次数据，fd为:779
2019年2月15日5时39分46秒	通过fd发送了一次数据，fd为:780
2019年2月15日5时39分46秒	通过fd发送了一次数据，fd为:781
2019年2月15日5时39分46秒	通过fd发送了一次数据，fd为:782
2019年2月15日5时39分46秒	通过fd发送了一次数据，fd为:
781
2019年2月15日5时39分46秒	通过fd发送了一次数据，fd为:783
2019年2月15日5时39分46秒	通过fd发送了一次数据，fd为:784
2019年2月15日5时39分46秒	通过fd发送了一次数据，fd为:785
2019年2月15日5时39分46秒	通过fd发送了一次数据，fd为:786
2019年2月15日5时39分46秒	通过fd发送了一次数据，fd为:787
2019年2月15日5时39分46秒	通过fd发送了一次数据，fd为:788
2019年2月15日5时39分46秒	通过fd发送了一次数据，fd为:789
2019年2月15日5时39分46秒	通过fd发送了一次数据，fd为:790
2019年2月15日5时39分46秒	通过fd发送了一次数据，fd为:791
2019年2月15日5时39分46秒	通过fd发送了一次数据，fd为:790
2019年2月15日5时39分46秒	通过fd发送了一次数据，fd为:792
2019年2月15日5时39分46秒	通过fd发送了一次数据，fd为:793
2019年2月15日5时39分46秒	通过fd发送了一次数据，fd为:794
2019年2月15日5时39分46秒	通过fd发送了一次数据，fd为:
2019年2月15日5时39分46秒	通过fd发送了一次数据，fd为:796
2019年2月15日5时39分46秒	通过fd发送了一次数据，fd为:797
2019年2月15日5时39分46秒	通过fd发送了一次数据，fd为:796
2019年2月15日5时39分46秒	通过fd发送了一次数据，fd为:798
2019年2月15日5时39分46秒	通过fd发送了一次数据，fd为:796
2019年2月15日5时39分46秒	通过fd发送了一次数据，fd为:799
2019年2月15日5时39分46秒	通过fd发送了一次数据，fd为:800
2019年2月15日5时39分46秒	通过fd发送了一次数据，fd为:801
2019年2月15日5时39分46秒	通过fd发送了一次数据，fd为:800
2019年2月15日5时39分46秒	通过fd发送了一次数据，fd为:802
2019年2月15日5时39分46秒	通过fd发送了一次数据，fd为:803
2019年2月15日5时39分46秒	通过fd发送了一次数据，fd为:804
2019年2月15日5时39分46秒	通过fd发送了一次数据，fd为:805
2019年2月15日5时39分46秒	通过fd发送了一次数据，fd为:
806
2019年2月15日5时39分46秒	通过fd发送了一次数据，fd为:807
2019年2月15日5时39分46秒	通过fd发送了一次数据，fd为:808
2019年2月15日5时39分46秒	通过fd发送了一次数据，fd为:809
2019年2月15日5时39分46秒	通过fd发送了一次数据，fd为:810
2019年2月15日5时39分46秒	通过fd发送了一次数据，fd为:809
2019年2月15日5时39分46秒	通过fd发送了一次数据，fd为:811
2019年2月15日5时39分46秒	通过fd发送了一次数据，fd为:812
2019年2月15日5时39分46秒	通过fd发送了一次数据，fd为:813
2019年2月15日5时39分46秒	通过fd发送了一次数据，fd为:814
2019年2月15日5时39分46秒	通过fd发送了一次数据，fd为:815
2019年2月15日5时39分46秒	通过fd发送了一次数据，fd为:816
2019年2月15日5时39分46秒	通过fd发送了一次数据，fd为:817
2019年2月15日5时39分46秒	通过fd发送了一次数据，fd为:818
2019年2月15日5时39分46秒	通过fd发送了一次数据，fd为:
2019年2月15日5时39分46秒	通过fd发送了一次数据，fd为:818
2019年2月15日5时39分46秒	通过fd发送了一次数据，fd为:820
2019年2月15日5时39分46秒	通过fd发送了一次数据，fd为:821
2019年2月15日5时39分46秒	通过fd发送了一次数据，fd为:822
2019年2月15日5时39分46秒	通过fd发送了一次数据，fd为:823
2019年2月15日5时39分46秒	通过fd发送了一次数据，fd为:824
2019年2月15日5时39分46秒	通过fd发送了一次数据，fd为:825
2019年2月15日5时39分46秒	通过fd发送了一次数据，fd为:826
2019年2月15日5时39分46秒	通过fd发送了一次数据，fd为:827
2019年2月15日5时39分46秒	通过fd发送了一次数据，fd为:828
2019年2月15日5时39分46秒	通过fd发送了一次数据，fd为:827
2019年2月15日5时39分46秒	通过fd发送了一次数据，fd为:829
2019年2月15日5时39分46秒	通过fd发送了一次数据，fd为:830
2019年2月15日5时39分46秒	通过fd发送了一次数据，fd为:
2019年2月15日5时39分46秒	通过fd发送了一次数据，fd为:830
2019年2月15日5时39分46秒	通过fd发送了一次数据，fd为:832
2019年2月15日5时39分46秒	通过fd发送了一次数据，fd为:833
2019年2月15日5时39分46秒	通过fd发送了一次数据，fd为:834
2019年2月15日5时39分46秒	通过fd发送了一次数据，fd为:835
2019年2月15日5时39分46秒	通过fd发送了一次数据，fd为:836
2019年2月15日5时39分46秒	通过fd发送了一次数据，fd为:835
2019年2月15日5时39分46秒	通过fd发送了一次数据，fd为:835
2019年2月15日5时39分46秒	通过fd发送了一次数据，fd为:837
2019年2月15日5时39分46秒	通过fd发送了一次数据，fd为:838
2019年2月15日5时39分46秒	通过fd发送了一次数据，fd为:837
2019年2月15日5时39分46秒	通过fd发送了一次数据，fd为:839
2019年2月15日5时39分46秒	通过fd发送了一次数据，fd为:840
2019年2月15日5时39分46秒	通过fd发送了一次数据，fd为:
2019年2月15日5时39分46秒	通过fd发送了一次数据，fd为:841
2019年2月15日5时39分46秒	通过fd发送了一次数据，fd为:841
2019年2月15日5时39分46秒	通过fd发送了一次数据，fd为:842
2019年2月15日5时39分46秒	通过fd发送了一次数据，fd为:843
2019年2月15日5时39分46秒	通过fd发送了一次数据，fd为:844
2019年2月15日5时39分46秒	通过fd发送了一次数据，fd为:845
2019年2月15日5时39分46秒	通过fd发送了一次数据，fd为:846
2019年2月15日5时39分46秒	通过fd发送了一次数据，fd为:846
2019年2月15日5时39分46秒	通过fd发送了一次数据，fd为:847
2019年2月15日5时39分46秒	通过fd发送了一次数据，fd为:848
2019年2月15日5时39分46秒	通过fd发送了一次数据，fd为:849
2019年2月15日5时39分46秒	通过fd发送了一次数据，fd为:850
2019年2月15日5时39分46秒	通过fd发送了一次数据，fd为:849
2019年2月15日5时39分46秒	通过fd发送了一次数据，fd为:
851
2019年2月15日5时39分46秒	通过fd发送了一次数据，fd为:852
2019年2月15日5时39分46秒	通过fd发送了一次数据，fd为:853
2019年2月15日5时39分46秒	通过fd发送了一次数据，fd为:854
2019年2月15日5时39分46秒	通过fd发送了一次数据，fd为:855
2019年2月15日5时39分46秒	通过fd发送了一次数据，fd为:856
2019年2月15日5时39分46秒	通过fd发送了一次数据，fd为:857
2019年2月15日5时39分46秒	通过fd发送了一次数据，fd为:858
2019年2月15日5时39分46秒	通过fd发送了一次数据，fd为:859
2019年2月15日5时39分46秒	通过fd发送了一次数据，fd为:860
2019年2月15日5时39分46秒	通过fd发送了一次数据，fd为:861
2019年2月15日5时39分46秒	通过fd发送了一次数据，fd为:862
2019年2月15日5时39分46秒	通过fd发送了一次数据，fd为:863
2019年2月15日5时39分46秒	通过fd发送了一次数据，fd为:864
2019年2月15日5时39分46秒	通过fd发送了一次数据，fd为:
865
2019年2月15日5时39分46秒	通过fd发送了一次数据，fd为:866
2019年2月15日5时39分46秒	通过fd发送了一次数据，fd为:867
2019年2月15日5时39分46秒	通过fd发送了一次数据，fd为:868
2019年2月15日5时39分46秒	通过fd发送了一次数据，fd为:869
2019年2月15日5时39分46秒	通过fd发送了一次数据，fd为:870
2019年2月15日5时39分46秒	通过fd发送了一次数据，fd为:871
2019年2月15日5时39分46秒	通过fd发送了一次数据，fd为:872
2019年2月15日5时39分46秒	通过fd发送了一次数据，fd为:873
2019年2月15日5时39分46秒	通过fd发送了一次数据，fd为:874
2019年2月15日5时39分46秒	通过fd发送了一次数据，fd为:875
2019年2月15日5时39分46秒	通过fd发送了一次数据，fd为:876
2019年2月15日5时39分46秒	通过fd发送了一次数据，fd为:877
2019年2月15日5时39分46秒	通过fd发送了一次数据，fd为:878
2019年2月15日5时39分46秒	通过fd发送了一次数据，fd为:
2019年2月15日5时39分46秒	通过fd发送了一次数据，fd为:879
2019年2月15日5时39分46秒	通过fd发送了一次数据，fd为:880
2019年2月15日5时39分46秒	通过fd发送了一次数据，fd为:881
2019年2月15日5时39分46秒	通过fd发送了一次数据，fd为:882
2019年2月15日5时39分46秒	通过fd发送了一次数据，fd为:883
2019年2月15日5时39分46秒	通过fd发送了一次数据，fd为:884
2019年2月15日5时39分46秒	通过fd发送了一次数据，fd为:885
2019年2月15日5时39分46秒	通过fd发送了一次数据，fd为:886
2019年2月15日5时39分46秒	通过fd发送了一次数据，fd为:887
2019年2月15日5时39分46秒	通过fd发送了一次数据，fd为:888
2019年2月15日5时39分46秒	通过fd发送了一次数据，fd为:889
2019年2月15日5时39分46秒	通过fd发送了一次数据，fd为:890
2019年2月15日5时39分46秒	通过fd发送了一次数据，fd为:891
2019年2月15日5时39分46秒	通过fd发送了一次数据，fd为:
2019年2月15日5时39分46秒	通过fd发送了一次数据，fd为:893
2019年2月15日5时39分46秒	通过fd发送了一次数据，fd为:894
2019年2月15日5时39分46秒	通过fd发送了一次数据，fd为:895
2019年2月15日5时39分46秒	通过fd发送了一次数据，fd为:896
2019年2月15日5时39分46秒	通过fd发送了一次数据，fd为:897
2019年2月15日5时39分46秒	通过fd发送了一次数据，fd为:898
2019年2月15日5时39分46秒	通过fd发送了一次数据，fd为:899
2019年2月15日5时39分46秒	通过fd发送了一次数据，fd为:900
2019年2月15日5时39分46秒	通过fd发送了一次数据，fd为:901
2019年2月15日5时39分46秒	通过fd发送了一次数据，fd为:902
2019年2月15日5时39分46秒	通过fd发送了一次数据，fd为:903
2019年2月15日5时39分46秒	通过fd发送了一次数据，fd为:904
2019年2月15日5时39分46秒	通过fd发送了一次数据，fd为:905
2019年2月15日5时39分46秒	通过fd发送了一次数据，fd为:
2019年2月15日5时39分46秒	通过fd发送了一次数据，fd为:907
2019年2月15日5时39分46秒	通过fd发送了一次数据，fd为:906
2019年2月15日5时39分46秒	通过fd发送了一次数据，fd为:908
2019年2月15日5时39分46秒	通过fd发送了一次数据，fd为:909
2019年2月15日5时39分46秒	通过fd发送了一次数据，fd为:908
2019年2月15日5时39分46秒	通过fd发送了一次数据，fd为:910
2019年2月15日5时39分46秒	通过fd发送了一次数据，fd为:911
2019年2月15日5时39分46秒	通过fd发送了一次数据，fd为:912
2019年2月15日5时39分46秒	通过fd发送了一次数据，fd为:913
2019年2月15日5时39分46秒	通过fd发送了一次数据，fd为:914
2019年2月15日5时39分46秒	通过fd发送了一次数据，fd为:915
2019年2月15日5时39分46秒	通过fd发送了一次数据，fd为:916
2019年2月15日5时39分46秒	通过fd发送了一次数据，fd为:917
2019年2月15日5时39分46秒	通过fd发送了一次数据，fd为:
918
2019年2月15日5时39分46秒	通过fd发送了一次数据，fd为:919
2019年2月15日5时39分46秒	通过fd发送了一次数据，fd为:920
2019年2月15日5时39分46秒	通过fd发送了一次数据，fd为:921
2019年2月15日5时39分46秒	通过fd发送了一次数据，fd为:922
2019年2月15日5时39分46秒	通过fd发送了一次数据，fd为:923
2019年2月15日5时39分46秒	通过fd发送了一次数据，fd为:924
2019年2月15日5时39分46秒	通过fd发送了一次数据，fd为:925
2019年2月15日5时39分46秒	通过fd发送了一次数据，fd为:926
2019年2月15日5时39分46秒	通过fd发送了一次数据，fd为:927
2019年2月15日5时39分46秒	通过fd发送了一次数据，fd为:928
2019年2月15日5时39分46秒	通过fd发送了一次数据，fd为:929
2019年2月15日5时39分46秒	通过fd发送了一次数据，fd为:930
2019年2月15日5时39分46秒	通过fd发送了一次数据，fd为:931
2019年2月15日5时39分46秒	通过fd发送了一次数据，fd为:
932
2019年2月15日5时39分46秒	通过fd发送了一次数据，fd为:933
2019年2月15日5时39分46秒	通过fd发送了一次数据，fd为:934
2019年2月15日5时39分46秒	通过fd发送了一次数据，fd为:935
2019年2月15日5时39分46秒	通过fd发送了一次数据，fd为:936
2019年2月15日5时39分46秒	通过fd发送了一次数据，fd为:937
2019年2月15日5时39分46秒	通过fd发送了一次数据，fd为:938
2019年2月15日5时39分46秒	通过fd发送了一次数据，fd为:937
2019年2月15日5时39分46秒	通过fd发送了一次数据，fd为:939
2019年2月15日5时39分46秒	通过fd发送了一次数据，fd为:940
2019年2月15日5时39分46秒	通过fd发送了一次数据，fd为:941
2019年2月15日5时39分46秒	通过fd发送了一次数据，fd为:942
2019年2月15日5时39分46秒	通过fd发送了一次数据，fd为:943
2019年2月15日5时39分46秒	通过fd发送了一次数据，fd为:944
2019年2月15日5时39分46秒	通过fd发送了一次数据，fd为:
2019年2月15日5时39分46秒	通过fd发送了一次数据，fd为:946
2019年2月15日5时39分46秒	通过fd发送了一次数据，fd为:947
2019年2月15日5时39分46秒	通过fd发送了一次数据，fd为:946
2019年2月15日5时39分46秒	通过fd发送了一次数据，fd为:948
2019年2月15日5时39分46秒	通过fd发送了一次数据，fd为:946
2019年2月15日5时39分46秒	通过fd发送了一次数据，fd为:949
2019年2月15日5时39分46秒	通过fd发送了一次数据，fd为:950
2019年2月15日5时39分46秒	通过fd发送了一次数据，fd为:951
2019年2月15日5时39分46秒	通过fd发送了一次数据，fd为:952
2019年2月15日5时39分46秒	通过fd发送了一次数据，fd为:953
2019年2月15日5时39分46秒	通过fd发送了一次数据，fd为:954
2019年2月15日5时39分46秒	通过fd发送了一次数据，fd为:955
2019年2月15日5时39分46秒	通过fd发送了一次数据，fd为:956
2019年2月15日5时39分46秒	通过fd发送了一次数据，fd为:
2019年2月15日5时39分46秒	通过fd发送了一次数据，fd为:958
2019年2月15日5时39分46秒	通过fd发送了一次数据，fd为:959
2019年2月15日5时39分46秒	通过fd发送了一次数据，fd为:960
2019年2月15日5时39分46秒	通过fd发送了一次数据，fd为:961
2019年2月15日5时39分46秒	通过fd发送了一次数据，fd为:962
2019年2月15日5时39分46秒	通过fd发送了一次数据，fd为:963
2019年2月15日5时39分46秒	通过fd发送了一次数据，fd为:963
2019年2月15日5时39分46秒	通过fd发送了一次数据，fd为:964
2019年2月15日5时39分46秒	通过fd发送了一次数据，fd为:965
2019年2月15日5时39分46秒	通过fd发送了一次数据，fd为:966
2019年2月15日5时39分46秒	通过fd发送了一次数据，fd为:967
2019年2月15日5时39分46秒	通过fd发送了一次数据，fd为:968
2019年2月15日5时39分46秒	通过fd发送了一次数据，fd为:969
2019年2月15日5时39分46秒	通过fd发送了一次数据，fd为:
2019年2月15日5时39分46秒	通过fd发送了一次数据，fd为:971
2019年2月15日5时39分46秒	通过fd发送了一次数据，fd为:970
2019年2月15日5时39分46秒	通过fd发送了一次数据，fd为:972
2019年2月15日5时39分46秒	通过fd发送了一次数据，fd为:973
2019年2月15日5时39分46秒	通过fd发送了一次数据，fd为:974
2019年2月15日5时39分46秒	通过fd发送了一次数据，fd为:975
2019年2月15日5时39分46秒	通过fd发送了一次数据，fd为:976
2019年2月15日5时39分46秒	通过fd发送了一次数据，fd为:977
2019年2月15日5时39分46秒	通过fd发送了一次数据，fd为:976

2019年2月15日5时39分46秒	通过fd发送了一次数据，fd为:978
2019年2月15日5时39分47秒	通过fd发送了一次数据，fd为:979
2019年2月15日5时39分47秒	通过fd发送了一次数据，fd为:978
2019年2月15日5时39分47秒	通过fd发送了一次数据，fd为:980
2019年2月15日5时39分47秒	通过fd发送了一次数据，fd为:981
2019年2月15日5时39分47秒	通过fd发送了一次数据，fd为:982
2019年2月15日5时39分47秒	通过fd发送了一次数据，fd为:983
2019年2月15日5时39分47秒	通过fd发送了一次数据，fd为:984
2019年2月15日5时39分47秒	通过fd发送了一次数据，fd为:985
2019年2月15日5时39分47秒	通过fd发送了一次数据，fd为:986
2019年2月15日5时39分47秒	通过fd发送了一次数据，fd为:987
2019年2月15日5时39分47秒	通过fd发送了一次数据，fd为:988
2019年2月15日5时39分47秒	通过fd发送了一次数据，fd为:987
2019年2月15日5时39分47秒	通过fd发送了一次数据，fd为:
2019年2月15日5时39分47秒	通过fd发送了一次数据，fd为:990
2019年2月15日5时39分47秒	通过fd发送了一次数据，fd为:991
2019年2月15日5时39分47秒	通过fd发送了一次数据，fd为:992
2019年2月15日5时39分47秒	通过fd发送了一次数据，fd为:993
2019年2月15日5时39分47秒	通过fd发送了一次数据，fd为:994
2019年2月15日5时39分47秒	通过fd发送了一次数据，fd为:995
2019年2月15日5时39分47秒	通过fd发送了一次数据，fd为:996
2019年2月15日5时39分47秒	通过fd发送了一次数据，fd为:996
2019年2月15日5时39分47秒	通过fd发送了一次数据，fd为:997
2019年2月15日5时39分47秒	通过fd发送了一次数据，fd为:998
2019年2月15日5时39分47秒	通过fd发送了一次数据，fd为:999
2019年2月15日5时39分47秒	通过fd发送了一次数据，fd为:1000
2019年2月15日5时39分47秒	通过fd发送了一次数据，fd为:999
2019年2月15日5时39分47秒	通过fd发送了一次数据，fd为:
2019年2月15日5时39分47秒	通过fd发送了一次数据，fd为:1001
2019年2月15日5时39分47秒	通过fd发送了一次数据，fd为:1002
2019年2月15日5时39分47秒	通过fd发送了一次数据，fd为:1003
2019年2月15日5时39分47秒	通过fd发送了一次数据，fd为:1004
2019年2月15日5时39分47秒	通过fd发送了一次数据，fd为:1005
2019年2月15日5时39分47秒	通过fd发送了一次数据，fd为:1006
2019年2月15日5时39分47秒	通过fd发送了一次数据，fd为:1007
2019年2月15日5时39分47秒	通过fd发送了一次数据，fd为:1008
2019年2月15日5时39分47秒	通过fd发送了一次数据，fd为:1009
2019年2月15日5时39分47秒	通过fd发送了一次数据，fd为:1010
2019年2月15日5时39分47秒	通过fd发送了一次数据，fd为:1011
2019年2月15日5时39分47秒	通过fd发送了一次数据，fd为:1012
2019年2月15日5时39分47秒	通过fd发送了一次数据，fd为:1013
2019年2月15日5时39分47秒	通过fd发送了一次数据，fd为:
1013
2019年2月15日5时39分47秒	通过fd发送了一次数据，fd为:1013
2019年2月15日5时39分47秒	通过fd发送了一次数据，fd为:1014
2019年2月15日5时39分47秒	通过fd发送了一次数据，fd为:1015
2019年2月15日5时39分47秒	通过fd发送了一次数据，fd为:1016
2019年2月15日5时39分47秒	通过fd发送了一次数据，fd为:1015
2019年2月15日5时39分47秒	通过fd发送了一次数据，fd为:1017
2019年2月15日5时39分47秒	通过fd发送了一次数据，fd为:1018
2019年2月15日5时39分47秒	通过fd发送了一次数据，fd为:1019
2019年2月15日5时39分47秒	通过fd发送了一次数据，fd为:1020
2019年2月15日5时39分47秒	通过fd发送了一次数据，fd为:1021
2019年2月15日5时39分47秒	通过fd发送了一次数据，fd为:1022
2019年2月15日5时39分47秒	通过fd发送了一次数据，fd为:1021
2019年2月15日5时39分47秒	通过fd发送了一次数据，fd为:1023
2019年2月15日5时39分47秒	通过fd发送了一次数据，fd为:
1024
2019年2月15日5时39分47秒	通过fd发送了一次数据，fd为:1025
2019年2月15日5时39分47秒	通过fd发送了一次数据，fd为:1026
2019年2月15日5时39分47秒	通过fd发送了一次数据，fd为:1027
2019年2月15日5时39分47秒	通过fd发送了一次数据，fd为:1028
2019年2月15日5时39分47秒	通过fd发送了一次数据，fd为:1029
2019年2月15日5时39分47秒	通过fd发送了一次数据，fd为:1030
2019年2月15日5时39分47秒	通过fd发送了一次数据，fd为:1031
2019年2月15日5时39分47秒	通过fd发送了一次数据，fd为:1032
2019年2月15日5时39分47秒	通过fd发送了一次数据，fd为:1033
2019年2月15日5时39分47秒	通过fd发送了一次数据，fd为:1034
2019年2月15日5时39分47秒	通过fd发送了一次数据，fd为:1033
2019年2月15日5时39分47秒	通过fd发送了一次数据，fd为:1035
2019年2月15日5时39分47秒	通过fd发送了一次数据，fd为:1036
2019年2月15日5时39分47秒	通过fd发送了一次数据，fd为:
1037
2019年2月15日5时39分47秒	通过fd发送了一次数据，fd为:1038
2019年2月15日5时39分47秒	通过fd发送了一次数据，fd为:1039
2019年2月15日5时39分47秒	通过fd发送了一次数据，fd为:1040
2019年2月15日5时39分47秒	通过fd发送了一次数据，fd为:1041
2019年2月15日5时39分47秒	通过fd发送了一次数据，fd为:1042
2019年2月15日5时39分47秒	通过fd发送了一次数据，fd为:1043
2019年2月15日5时39分47秒	通过fd发送了一次数据，fd为:1044
2019年2月15日5时39分47秒	通过fd发送了一次数据，fd为:1045
2019年2月15日5时39分47秒	通过fd发送了一次数据，fd为:1046
2019年2月15日5时39分47秒	通过fd发送了一次数据，fd为:1047
2019年2月15日5时39分47秒	通过fd发送了一次数据，fd为:1048
2019年2月15日5时39分47秒	通过fd发送了一次数据，fd为:1049
2019年2月15日5时39分47秒	通过fd发送了一次数据，fd为:1050
2019年2月15日5时39分47秒	通过fd发送了一次数据，fd为:
2019年2月15日5时39分47秒	通过fd发送了一次数据，fd为:1049
2019年2月15日5时39分47秒	通过fd发送了一次数据，fd为:1051
2019年2月15日5时39分47秒	通过fd发送了一次数据，fd为:1052
2019年2月15日5时39分47秒	通过fd发送了一次数据，fd为:1052
2019年2月15日5时39分47秒	通过fd发送了一次数据，fd为:1053
2019年2月15日5时39分47秒	通过fd发送了一次数据，fd为:1054
2019年2月15日5时39分47秒	通过fd发送了一次数据，fd为:1055
2019年2月15日5时39分47秒	通过fd发送了一次数据，fd为:1056
2019年2月15日5时39分47秒	通过fd发送了一次数据，fd为:1057
2019年2月15日5时39分47秒	通过fd发送了一次数据，fd为:1058
2019年2月15日5时39分47秒	通过fd发送了一次数据，fd为:1059
2019年2月15日5时39分47秒	通过fd发送了一次数据，fd为:1060
2019年2月15日5时39分47秒	通过fd发送了一次数据，fd为:1059
2019年2月15日5时39分47秒	通过fd发送了一次数据，fd为:
1061
2019年2月15日5时39分47秒	通过fd发送了一次数据，fd为:1062
2019年2月15日5时39分47秒	通过fd发送了一次数据，fd为:1063
2019年2月15日5时39分47秒	通过fd发送了一次数据，fd为:1064
2019年2月15日5时39分47秒	通过fd发送了一次数据，fd为:1065
2019年2月15日5时39分47秒	通过fd发送了一次数据，fd为:1066
2019年2月15日5时39分47秒	通过fd发送了一次数据，fd为:1067
2019年2月15日5时39分47秒	通过fd发送了一次数据，fd为:1068
2019年2月15日5时39分47秒	通过fd发送了一次数据，fd为:1069
2019年2月15日5时39分47秒	通过fd发送了一次数据，fd为:1070
2019年2月15日5时39分47秒	通过fd发送了一次数据，fd为:1071
2019年2月15日5时39分47秒	通过fd发送了一次数据，fd为:1072
2019年2月15日5时39分47秒	通过fd发送了一次数据，fd为:1073
2019年2月15日5时39分47秒	通过fd发送了一次数据，fd为:1074
2019年2月15日5时39分47秒	通过fd发送了一次数据，fd为:
2019年2月15日5时39分47秒	通过fd发送了一次数据，fd为:1076
2019年2月15日5时39分47秒	通过fd发送了一次数据，fd为:1075
2019年2月15日5时39分47秒	通过fd发送了一次数据，fd为:1077
2019年2月15日5时39分47秒	通过fd发送了一次数据，fd为:1078
2019年2月15日5时39分47秒	通过fd发送了一次数据，fd为:1077
2019年2月15日5时39分47秒	通过fd发送了一次数据，fd为:1079
2019年2月15日5时39分47秒	通过fd发送了一次数据，fd为:1080
2019年2月15日5时39分47秒	通过fd发送了一次数据，fd为:1081
2019年2月15日5时39分47秒	通过fd发送了一次数据，fd为:1082
2019年2月15日5时39分47秒	通过fd发送了一次数据，fd为:1083
2019年2月15日5时39分47秒	通过fd发送了一次数据，fd为:1082
2019年2月15日5时39分47秒	通过fd发送了一次数据，fd为:1083
2019年2月15日5时39分47秒	通过fd发送了一次数据，fd为:1084
2019年2月15日5时39分47秒	通过fd发送了一次数据，fd为:
1085
2019年2月15日5时39分47秒	通过fd发送了一次数据，fd为:1084
2019年2月15日5时39分47秒	通过fd发送了一次数据，fd为:1086
2019年2月15日5时39分47秒	通过fd发送了一次数据，fd为:1087
2019年2月15日5时39分47秒	通过fd发送了一次数据，fd为:1088
2019年2月15日5时39分47秒	通过fd发送了一次数据，fd为:1087
2019年2月15日5时39分47秒	通过fd发送了一次数据，fd为:1089
2019年2月15日5时39分47秒	通过fd发送了一次数据，fd为:1090
2019年2月15日5时39分47秒	通过fd发送了一次数据，fd为:1089
2019年2月15日5时39分47秒	通过fd发送了一次数据，fd为:1091
2019年2月15日5时39分47秒	通过fd发送了一次数据，fd为:1092
2019年2月15日5时39分47秒	通过fd发送了一次数据，fd为:1093
2019年2月15日5时39分47秒	通过fd发送了一次数据，fd为:1094
2019年2月15日5时39分47秒	通过fd发送了一次数据，fd为:1095
2019年2月15日5时39分47秒	通过fd发送了一次数据，fd为:
2019年2月15日5时39分47秒	通过fd发送了一次数据，fd为:1095
2019年2月15日5时39分47秒	通过fd发送了一次数据，fd为:1097
2019年2月15日5时39分47秒	通过fd发送了一次数据，fd为:1097
2019年2月15日5时39分47秒	通过fd发送了一次数据，fd为:1098
2019年2月15日5时39分47秒	通过fd发送了一次数据，fd为:1099
2019年2月15日5时39分47秒	通过fd发送了一次数据，fd为:1099
2019年2月15日5时39分47秒	通过fd发送了一次数据，fd为:1100
2019年2月15日5时39分47秒	通过fd发送了一次数据，fd为:1101
2019年2月15日5时39分47秒	通过fd发送了一次数据，fd为:1102
2019年2月15日5时39分47秒	通过fd发送了一次数据，fd为:1103
2019年2月15日5时39分47秒	通过fd发送了一次数据，fd为:1104
2019年2月15日5时39分47秒	通过fd发送了一次数据，fd为:1105
2019年2月15日5时39分47秒	通过fd发送了一次数据，fd为:1105
2019年2月15日5时39分47秒	通过fd发送了一次数据，fd为:
2019年2月15日5时39分47秒	通过fd发送了一次数据，fd为:1107
2019年2月15日5时39分47秒	通过fd发送了一次数据，fd为:1108
2019年2月15日5时39分47秒	通过fd发送了一次数据，fd为:1109
2019年2月15日5时39分47秒	通过fd发送了一次数据，fd为:1110
2019年2月15日5时39分47秒	通过fd发送了一次数据，fd为:1111
2019年2月15日5时39分47秒	通过fd发送了一次数据，fd为:1112
2019年2月15日5时39分47秒	通过fd发送了一次数据，fd为:1113
2019年2月15日5时39分47秒	通过fd发送了一次数据，fd为:1114
2019年2月15日5时39分47秒	通过fd发送了一次数据，fd为:1114
2019年2月15日5时39分47秒	通过fd发送了一次数据，fd为:1115
2019年2月15日5时39分47秒	通过fd发送了一次数据，fd为:1116
2019年2月15日5时39分47秒	通过fd发送了一次数据，fd为:1116
2019年2月15日5时39分47秒	通过fd发送了一次数据，fd为:1117
2019年2月15日5时39分47秒	通过fd发送了一次数据，fd为:
1118
2019年2月15日5时39分47秒	通过fd发送了一次数据，fd为:1119
2019年2月15日5时39分47秒	通过fd发送了一次数据，fd为:1120
2019年2月15日5时39分47秒	通过fd发送了一次数据，fd为:1121
2019年2月15日5时39分47秒	通过fd发送了一次数据，fd为:1122
2019年2月15日5时39分47秒	通过fd发送了一次数据，fd为:1121
2019年2月15日5时39分47秒	通过fd发送了一次数据，fd为:1123
2019年2月15日5时39分47秒	通过fd发送了一次数据，fd为:1124
2019年2月15日5时39分47秒	通过fd发送了一次数据，fd为:1125
2019年2月15日5时39分47秒	通过fd发送了一次数据，fd为:1126
2019年2月15日5时39分47秒	通过fd发送了一次数据，fd为:1125
2019年2月15日5时39分47秒	通过fd发送了一次数据，fd为:1127
2019年2月15日5时39分47秒	通过fd发送了一次数据，fd为:1128
2019年2月15日5时39分47秒	通过fd发送了一次数据，fd为:1127
2019年2月15日5时39分47秒	通过fd发送了一次数据，fd为:
1129
2019年2月15日5时39分47秒	通过fd发送了一次数据，fd为:1130
2019年2月15日5时39分47秒	通过fd发送了一次数据，fd为:1131
2019年2月15日5时39分47秒	通过fd发送了一次数据，fd为:1132
2019年2月15日5时39分47秒	通过fd发送了一次数据，fd为:1133
2019年2月15日5时39分47秒	通过fd发送了一次数据，fd为:1134
2019年2月15日5时39分47秒	通过fd发送了一次数据，fd为:1133
2019年2月15日5时39分47秒	通过fd发送了一次数据，fd为:1135
2019年2月15日5时39分47秒	通过fd发送了一次数据，fd为:1136
2019年2月15日5时39分47秒	通过fd发送了一次数据，fd为:1137
2019年2月15日5时39分47秒	通过fd发送了一次数据，fd为:1138
2019年2月15日5时39分47秒	通过fd发送了一次数据，fd为:1137
2019年2月15日5时39分47秒	通过fd发送了一次数据，fd为:1139
2019年2月15日5时39分47秒	通过fd发送了一次数据，fd为:1140
2019年2月15日5时39分47秒	通过fd发送了一次数据，fd为:
2019年2月15日5时39分47秒	通过fd发送了一次数据，fd为:1140
2019年2月15日5时39分47秒	通过fd发送了一次数据，fd为:1141
2019年2月15日5时39分47秒	通过fd发送了一次数据，fd为:1142
2019年2月15日5时39分47秒	通过fd发送了一次数据，fd为:1143
2019年2月15日5时39分47秒	通过fd发送了一次数据，fd为:1144
2019年2月15日5时39分47秒	通过fd发送了一次数据，fd为:1145
2019年2月15日5时39分47秒	通过fd发送了一次数据，fd为:1145
2019年2月15日5时39分47秒	通过fd发送了一次数据，fd为:1146
2019年2月15日5时39分47秒	通过fd发送了一次数据，fd为:1145
2019年2月15日5时39分47秒	通过fd发送了一次数据，fd为:1147
2019年2月15日5时39分47秒	通过fd发送了一次数据，fd为:1145
2019年2月15日5时39分47秒	通过fd发送了一次数据，fd为:1148
2019年2月15日5时39分47秒	通过fd发送了一次数据，fd为:1149
2019年2月15日5时39分47秒	通过fd发送了一次数据，fd为:
2019年2月15日5时39分47秒	通过fd发送了一次数据，fd为:1151
2019年2月15日5时39分47秒	通过fd发送了一次数据，fd为:1150
2019年2月15日5时39分47秒	通过fd发送了一次数据，fd为:1152
2019年2月15日5时39分47秒	通过fd发送了一次数据，fd为:1153
2019年2月15日5时39分47秒	通过fd发送了一次数据，fd为:1152
2019年2月15日5时39分47秒	通过fd发送了一次数据，fd为:1154
2019年2月15日5时39分47秒	通过fd发送了一次数据，fd为:1155
2019年2月15日5时39分47秒	通过fd发送了一次数据，fd为:1156
2019年2月15日5时39分47秒	通过fd发送了一次数据，fd为:1157
2019年2月15日5时39分47秒	通过fd发送了一次数据，fd为:1158
2019年2月15日5时39分47秒	通过fd发送了一次数据，fd为:1159
2019年2月15日5时39分47秒	通过fd发送了一次数据，fd为:1160
2019年2月15日5时39分47秒	通过fd发送了一次数据，fd为:1161
2019年2月15日5时39分47秒	通过fd发送了一次数据，fd为:
1160
2019年2月15日5时39分47秒	通过fd发送了一次数据，fd为:1161
2019年2月15日5时39分47秒	通过fd发送了一次数据，fd为:1162
2019年2月15日5时39分47秒	通过fd发送了一次数据，fd为:1163
2019年2月15日5时39分47秒	通过fd发送了一次数据，fd为:1164
2019年2月15日5时39分47秒	通过fd发送了一次数据，fd为:1165
2019年2月15日5时39分47秒	通过fd发送了一次数据，fd为:1166
2019年2月15日5时39分47秒	通过fd发送了一次数据，fd为:1167
2019年2月15日5时39分47秒	通过fd发送了一次数据，fd为:1168
2019年2月15日5时39分47秒	通过fd发送了一次数据，fd为:1169
2019年2月15日5时39分47秒	通过fd发送了一次数据，fd为:1168
2019年2月15日5时39分47秒	通过fd发送了一次数据，fd为:1170
2019年2月15日5时39分47秒	通过fd发送了一次数据，fd为:1171
2019年2月15日5时39分47秒	通过fd发送了一次数据，fd为:1172
2019年2月15日5时39分47秒	通过fd发送了一次数据，fd为:
1172
2019年2月15日5时39分47秒	通过fd发送了一次数据，fd为:1173
2019年2月15日5时39分47秒	通过fd发送了一次数据，fd为:1174
2019年2月15日5时39分47秒	通过fd发送了一次数据，fd为:1175
2019年2月15日5时39分47秒	通过fd发送了一次数据，fd为:1176
2019年2月15日5时39分47秒	通过fd发送了一次数据，fd为:1175
2019年2月15日5时39分47秒	通过fd发送了一次数据，fd为:1177
2019年2月15日5时39分47秒	通过fd发送了一次数据，fd为:1178
2019年2月15日5时39分47秒	通过fd发送了一次数据，fd为:1179
2019年2月15日5时39分47秒	通过fd发送了一次数据，fd为:1180
2019年2月15日5时39分47秒	通过fd发送了一次数据，fd为:1181
2019年2月15日5时39分47秒	通过fd发送了一次数据，fd为:1182
2019年2月15日5时39分47秒	通过fd发送了一次数据，fd为:1183
2019年2月15日5时39分47秒	通过fd发送了一次数据，fd为:1184
2019年2月15日5时39分47秒	通过fd发送了一次数据，fd为:
2019年2月15日5时39分47秒	通过fd发送了一次数据，fd为:1184
2019年2月15日5时39分47秒	通过fd发送了一次数据，fd为:1186
2019年2月15日5时39分47秒	通过fd发送了一次数据，fd为:1187
2019年2月15日5时39分47秒	通过fd发送了一次数据，fd为:1188
2019年2月15日5时39分47秒	通过fd发送了一次数据，fd为:1189
2019年2月15日5时39分47秒	通过fd发送了一次数据，fd为:1190
2019年2月15日5时39分47秒	通过fd发送了一次数据，fd为:1191
2019年2月15日5时39分47秒	通过fd发送了一次数据，fd为:1192
2019年2月15日5时39分47秒	通过fd发送了一次数据，fd为:1193
2019年2月15日5时39分47秒	通过fd发送了一次数据，fd为:1194
2019年2月15日5时39分47秒	通过fd发送了一次数据，fd为:1195
2019年2月15日5时39分47秒	通过fd发送了一次数据，fd为:1196
2019年2月15日5时39分47秒	通过fd发送了一次数据，fd为:1197
2019年2月15日5时39分47秒	通过fd发送了一次数据，fd为:
2019年2月15日5时39分47秒	通过fd发送了一次数据，fd为:1199
2019年2月15日5时39分47秒	通过fd发送了一次数据，fd为:1200
2019年2月15日5时39分47秒	通过fd发送了一次数据，fd为:1201
2019年2月15日5时39分47秒	通过fd发送了一次数据，fd为:1202
2019年2月15日5时39分47秒	通过fd发送了一次数据，fd为:1203
2019年2月15日5时39分47秒	通过fd发送了一次数据，fd为:1204
2019年2月15日5时39分47秒	通过fd发送了一次数据，fd为:1203
2019年2月15日5时39分47秒	通过fd发送了一次数据，fd为:1205
2019年2月15日5时39分47秒	通过fd发送了一次数据，fd为:1206
2019年2月15日5时39分47秒	通过fd发送了一次数据，fd为:1207
2019年2月15日5时39分47秒	通过fd发送了一次数据，fd为:1208
2019年2月15日5时39分47秒	通过fd发送了一次数据，fd为:1207
2019年2月15日5时39分47秒	通过fd发送了一次数据，fd为:1209
2019年2月15日5时39分47秒	通过fd发送了一次数据，fd为:
2019年2月15日5时39分47秒	通过fd发送了一次数据，fd为:1211
2019年2月15日5时39分47秒	通过fd发送了一次数据，fd为:1212
2019年2月15日5时39分47秒	通过fd发送了一次数据，fd为:1213
2019年2月15日5时39分47秒	通过fd发送了一次数据，fd为:1214
2019年2月15日5时39分47秒	通过fd发送了一次数据，fd为:1215
2019年2月15日5时39分47秒	通过fd发送了一次数据，fd为:1216
2019年2月15日5时39分47秒	通过fd发送了一次数据，fd为:1217
2019年2月15日5时39分47秒	通过fd发送了一次数据，fd为:1216
2019年2月15日5时39分47秒	通过fd发送了一次数据，fd为:1216
2019年2月15日5时39分47秒	通过fd发送了一次数据，fd为:1218
2019年2月15日5时39分47秒	通过fd发送了一次数据，fd为:1219
2019年2月15日5时39分47秒	通过fd发送了一次数据，fd为:1220
2019年2月15日5时39分47秒	通过fd发送了一次数据，fd为:1221
2019年2月15日5时39分47秒	通过fd发送了一次数据，fd为:
1222
2019年2月15日5时39分47秒	通过fd发送了一次数据，fd为:1223
2019年2月15日5时39分47秒	通过fd发送了一次数据，fd为:1224
2019年2月15日5时39分47秒	通过fd发送了一次数据，fd为:1225
2019年2月15日5时39分47秒	通过fd发送了一次数据，fd为:1226
2019年2月15日5时39分47秒	通过fd发送了一次数据，fd为:1226
2019年2月15日5时39分47秒	通过fd发送了一次数据，fd为:1227
2019年2月15日5时39分47秒	通过fd发送了一次数据，fd为:1226
2019年2月15日5时39分47秒	通过fd发送了一次数据，fd为:1228
2019年2月15日5时39分47秒	通过fd发送了一次数据，fd为:1226
2019年2月15日5时39分47秒	通过fd发送了一次数据，fd为:1228
2019年2月15日5时39分47秒	通过fd发送了一次数据，fd为:1229
2019年2月15日5时39分47秒	通过fd发送了一次数据，fd为:1230
2019年2月15日5时39分47秒	通过fd发送了一次数据，fd为:1231
2019年2月15日5时39分47秒	通过fd发送了一次数据，fd为:
2019年2月15日5时39分47秒	通过fd发送了一次数据，fd为:1230
2019年2月15日5时39分47秒	通过fd发送了一次数据，fd为:1232
2019年2月15日5时39分47秒	通过fd发送了一次数据，fd为:1233
2019年2月15日5时39分47秒	通过fd发送了一次数据，fd为:1234
2019年2月15日5时39分47秒	通过fd发送了一次数据，fd为:1233
2019年2月15日5时39分47秒	通过fd发送了一次数据，fd为:1235
2019年2月15日5时39分47秒	通过fd发送了一次数据，fd为:1236
2019年2月15日5时39分47秒	通过fd发送了一次数据，fd为:1237
2019年2月15日5时39分47秒	通过fd发送了一次数据，fd为:1238
2019年2月15日5时39分47秒	通过fd发送了一次数据，fd为:1239
2019年2月15日5时39分47秒	通过fd发送了一次数据，fd为:1240
2019年2月15日5时39分47秒	通过fd发送了一次数据，fd为:1241
2019年2月15日5时39分47秒	通过fd发送了一次数据，fd为:1242
2019年2月15日5时39分47秒	通过fd发送了一次数据，fd为:
1243
2019年2月15日5时39分47秒	通过fd发送了一次数据，fd为:1242
2019年2月15日5时39分47秒	通过fd发送了一次数据，fd为:1243
2019年2月15日5时39分47秒	通过fd发送了一次数据，fd为:1244
2019年2月15日5时39分47秒	通过fd发送了一次数据，fd为:1245
2019年2月15日5时39分47秒	通过fd发送了一次数据，fd为:1246
2019年2月15日5时39分47秒	通过fd发送了一次数据，fd为:1247
2019年2月15日5时39分47秒	通过fd发送了一次数据，fd为:1248
2019年2月15日5时39分47秒	通过fd发送了一次数据，fd为:1249
2019年2月15日5时39分47秒	通过fd发送了一次数据，fd为:1250
2019年2月15日5时39分47秒	通过fd发送了一次数据，fd为:1251
2019年2月15日5时39分47秒	通过fd发送了一次数据，fd为:1252
2019年2月15日5时39分47秒	通过fd发送了一次数据，fd为:1253
2019年2月15日5时39分47秒	通过fd发送了一次数据，fd为:1254
2019年2月15日5时39分47秒	通过fd发送了一次数据，fd为:
1255
2019年2月15日5时39分47秒	通过fd发送了一次数据，fd为:1256
2019年2月15日5时39分47秒	通过fd发送了一次数据，fd为:1257
2019年2月15日5时39分47秒	通过fd发送了一次数据，fd为:1258
2019年2月15日5时39分47秒	通过fd发送了一次数据，fd为:1259
2019年2月15日5时39分47秒	通过fd发送了一次数据，fd为:1260
2019年2月15日5时39分47秒	通过fd发送了一次数据，fd为:1261
2019年2月15日5时39分47秒	通过fd发送了一次数据，fd为:1260
2019年2月15日5时39分47秒	通过fd发送了一次数据，fd为:1261
2019年2月15日5时39分47秒	通过fd发送了一次数据，fd为:1262
2019年2月15日5时39分47秒	通过fd发送了一次数据，fd为:1263
2019年2月15日5时39分47秒	通过fd发送了一次数据，fd为:1264
2019年2月15日5时39分47秒	通过fd发送了一次数据，fd为:1265
2019年2月15日5时39分47秒	通过fd发送了一次数据，fd为:1266
2019年2月15日5时39分47秒	通过fd发送了一次数据，fd为:
2019年2月15日5时39分47秒	通过fd发送了一次数据，fd为:1268
2019年2月15日5时39分47秒	通过fd发送了一次数据，fd为:1269
2019年2月15日5时39分47秒	通过fd发送了一次数据，fd为:1270
2019年2月15日5时39分47秒	通过fd发送了一次数据，fd为:1271
2019年2月15日5时39分47秒	通过fd发送了一次数据，fd为:1272
2019年2月15日5时39分47秒	通过fd发送了一次数据，fd为:1273
2019年2月15日5时39分47秒	通过fd发送了一次数据，fd为:1274
2019年2月15日5时39分47秒	通过fd发送了一次数据，fd为:1275
2019年2月15日5时39分47秒	通过fd发送了一次数据，fd为:1276
2019年2月15日5时39分47秒	通过fd发送了一次数据，fd为:1277
2019年2月15日5时39分47秒	通过fd发送了一次数据，fd为:1278
2019年2月15日5时39分47秒	通过fd发送了一次数据，fd为:1279
2019年2月15日5时39分47秒	通过fd发送了一次数据，fd为:1278
2019年2月15日5时39分47秒	通过fd发送了一次数据，fd为:
2019年2月15日5时39分47秒	通过fd发送了一次数据，fd为:1281
2019年2月15日5时39分47秒	通过fd发送了一次数据，fd为:1282
2019年2月15日5时39分47秒	通过fd发送了一次数据，fd为:1283
2019年2月15日5时39分47秒	通过fd发送了一次数据，fd为:1284
2019年2月15日5时39分47秒	通过fd发送了一次数据，fd为:1285
2019年2月15日5时39分47秒	通过fd发送了一次数据，fd为:1286
2019年2月15日5时39分47秒	通过fd发送了一次数据，fd为:1287
2019年2月15日5时39分47秒	通过fd发送了一次数据，fd为:1288
2019年2月15日5时39分47秒	通过fd发送了一次数据，fd为:1287
2019年2月15日5时39分47秒	通过fd发送了一次数据，fd为:1288
2019年2月15日5时39分47秒	通过fd发送了一次数据，fd为:1289
2019年2月15日5时39分47秒	通过fd发送了一次数据，fd为:1290
2019年2月15日5时39分47秒	通过fd发送了一次数据，fd为:1291
2019年2月15日5时39分47秒	通过fd发送了一次数据，fd为:
2019年2月15日5时39分47秒	通过fd发送了一次数据，fd为:1292
2019年2月15日5时39分47秒	通过fd发送了一次数据，fd为:1293
2019年2月15日5时39分47秒	通过fd发送了一次数据，fd为:1294
2019年2月15日5时39分47秒	通过fd发送了一次数据，fd为:1295
2019年2月15日5时39分47秒	通过fd发送了一次数据，fd为:1294
2019年2月15日5时39分47秒	通过fd发送了一次数据，fd为:1296
2019年2月15日5时39分47秒	通过fd发送了一次数据，fd为:1297
2019年2月15日5时39分47秒	通过fd发送了一次数据，fd为:1298
2019年2月15日5时39分47秒	通过fd发送了一次数据，fd为:1299
2019年2月15日5时39分47秒	通过fd发送了一次数据，fd为:1300
2019年2月15日5时39分47秒	通过fd发送了一次数据，fd为:1301
2019年2月15日5时39分47秒	通过fd发送了一次数据，fd为:1302
2019年2月15日5时39分47秒	通过fd发送了一次数据，fd为:1303
2019年2月15日5时39分47秒	通过fd发送了一次数据，fd为:
1304
2019年2月15日5时39分47秒	通过fd发送了一次数据，fd为:1303
2019年2月15日5时39分47秒	通过fd发送了一次数据，fd为:1303
2019年2月15日5时39分47秒	通过fd发送了一次数据，fd为:1304
2019年2月15日5时39分47秒	通过fd发送了一次数据，fd为:1305
2019年2月15日5时39分47秒	通过fd发送了一次数据，fd为:1306
2019年2月15日5时39分47秒	通过fd发送了一次数据，fd为:1307
2019年2月15日5时39分47秒	通过fd发送了一次数据，fd为:1308
2019年2月15日5时39分47秒	通过fd发送了一次数据，fd为:1309
2019年2月15日5时39分47秒	通过fd发送了一次数据，fd为:1308
2019年2月15日5时39分47秒	通过fd发送了一次数据，fd为:1310
2019年2月15日5时39分47秒	通过fd发送了一次数据，fd为:1311
2019年2月15日5时39分47秒	通过fd发送了一次数据，fd为:1310
2019年2月15日5时39分47秒	通过fd发送了一次数据，fd为:1312
2019年2月15日5时39分47秒	通过fd发送了一次数据，fd为:
2019年2月15日5时39分47秒	通过fd发送了一次数据，fd为:1314
2019年2月15日5时39分48秒	通过fd发送了一次数据，fd为:1315
2019年2月15日5时39分48秒	通过fd发送了一次数据，fd为:1314
2019年2月15日5时39分48秒	通过fd发送了一次数据，fd为:1316
2019年2月15日5时39分48秒	通过fd发送了一次数据，fd为:1314
2019年2月15日5时39分48秒	通过fd发送了一次数据，fd为:1317
2019年2月15日5时39分48秒	通过fd发送了一次数据，fd为:1318
2019年2月15日5时39分48秒	通过fd发送了一次数据，fd为:1319
2019年2月15日5时39分48秒	通过fd发送了一次数据，fd为:1320
2019年2月15日5时39分48秒	通过fd发送了一次数据，fd为:1321
2019年2月15日5时39分48秒	通过fd发送了一次数据，fd为:1322
2019年2月15日5时39分48秒	通过fd发送了一次数据，fd为:1323
2019年2月15日5时39分48秒	通过fd发送了一次数据，fd为:1324
2019年2月15日5时39分48秒	通过fd发送了一次数据，fd为:
2019年2月15日5时39分48秒	通过fd发送了一次数据，fd为:1324
2019年2月15日5时39分48秒	通过fd发送了一次数据，fd为:1326
2019年2月15日5时39分48秒	通过fd发送了一次数据，fd为:1327
2019年2月15日5时39分48秒	通过fd发送了一次数据，fd为:1328
2019年2月15日5时39分48秒	通过fd发送了一次数据，fd为:1329
2019年2月15日5时39分48秒	通过fd发送了一次数据，fd为:1330
2019年2月15日5时39分48秒	通过fd发送了一次数据，fd为:1330
2019年2月15日5时39分48秒	通过fd发送了一次数据，fd为:1331
2019年2月15日5时39分48秒	通过fd发送了一次数据，fd为:1332
2019年2月15日5时39分48秒	通过fd发送了一次数据，fd为:1333
2019年2月15日5时39分48秒	通过fd发送了一次数据，fd为:1332
2019年2月15日5时39分48秒	通过fd发送了一次数据，fd为:1334
2019年2月15日5时39分48秒	通过fd发送了一次数据，fd为:1335
2019年2月15日5时39分48秒	通过fd发送了一次数据，fd为:
1336
2019年2月15日5时39分48秒	通过fd发送了一次数据，fd为:1337
2019年2月15日5时39分48秒	通过fd发送了一次数据，fd为:1338
2019年2月15日5时39分48秒	通过fd发送了一次数据，fd为:1339
2019年2月15日5时39分48秒	通过fd发送了一次数据，fd为:1338
2019年2月15日5时39分48秒	通过fd发送了一次数据，fd为:1340
2019年2月15日5时39分48秒	通过fd发送了一次数据，fd为:1341
2019年2月15日5时39分48秒	通过fd发送了一次数据，fd为:1342
2019年2月15日5时39分48秒	通过fd发送了一次数据，fd为:1343
2019年2月15日5时39分48秒	通过fd发送了一次数据，fd为:1344
2019年2月15日5时39分48秒	通过fd发送了一次数据，fd为:1345
2019年2月15日5时39分48秒	通过fd发送了一次数据，fd为:1346
2019年2月15日5时39分48秒	通过fd发送了一次数据，fd为:1347
2019年2月15日5时39分48秒	通过fd发送了一次数据，fd为:1348
2019年2月15日5时39分48秒	通过fd发送了一次数据，fd为:
2019年2月15日5时39分48秒	通过fd发送了一次数据，fd为:1350
2019年2月15日5时39分48秒	通过fd发送了一次数据，fd为:1351
2019年2月15日5时39分48秒	通过fd发送了一次数据，fd为:1352
2019年2月15日5时39分48秒	通过fd发送了一次数据，fd为:1353
2019年2月15日5时39分48秒	通过fd发送了一次数据，fd为:1354
2019年2月15日5时39分48秒	通过fd发送了一次数据，fd为:1355
2019年2月15日5时39分48秒	通过fd发送了一次数据，fd为:1355
2019年2月15日5时39分48秒	通过fd发送了一次数据，fd为:1356
2019年2月15日5时39分48秒	通过fd发送了一次数据，fd为:1357
2019年2月15日5时39分48秒	通过fd发送了一次数据，fd为:1358
2019年2月15日5时39分48秒	通过fd发送了一次数据，fd为:1359
2019年2月15日5时39分48秒	通过fd发送了一次数据，fd为:1360
2019年2月15日5时39分48秒	通过fd发送了一次数据，fd为:1361
2019年2月15日5时39分48秒	通过fd发送了一次数据，fd为:
2019年2月15日5时39分48秒	通过fd发送了一次数据，fd为:1361
2019年2月15日5时39分48秒	通过fd发送了一次数据，fd为:1363
2019年2月15日5时39分48秒	通过fd发送了一次数据，fd为:1364
2019年2月15日5时39分48秒	通过fd发送了一次数据，fd为:1365
2019年2月15日5时39分48秒	通过fd发送了一次数据，fd为:1366
2019年2月15日5时39分48秒	通过fd发送了一次数据，fd为:1367
2019年2月15日5时39分48秒	通过fd发送了一次数据，fd为:1368
2019年2月15日5时39分48秒	通过fd发送了一次数据，fd为:1369
2019年2月15日5时39分48秒	通过fd发送了一次数据，fd为:1370
2019年2月15日5时39分48秒	通过fd发送了一次数据，fd为:1371
2019年2月15日5时39分48秒	通过fd发送了一次数据，fd为:1370
2019年2月15日5时39分48秒	通过fd发送了一次数据，fd为:1372
2019年2月15日5时39分48秒	通过fd发送了一次数据，fd为:1373
2019年2月15日5时39分48秒	通过fd发送了一次数据，fd为:
1374
2019年2月15日5时39分48秒	通过fd发送了一次数据，fd为:1375
2019年2月15日5时39分48秒	通过fd发送了一次数据，fd为:1376
2019年2月15日5时39分48秒	通过fd发送了一次数据，fd为:1375
2019年2月15日5时39分48秒	通过fd发送了一次数据，fd为:1377
2019年2月15日5时39分48秒	通过fd发送了一次数据，fd为:1377
2019年2月15日5时39分48秒	通过fd发送了一次数据，fd为:1378
2019年2月15日5时39分48秒	通过fd发送了一次数据，fd为:1377
2019年2月15日5时39分48秒	通过fd发送了一次数据，fd为:1379
2019年2月15日5时39分48秒	通过fd发送了一次数据，fd为:1380
2019年2月15日5时39分48秒	通过fd发送了一次数据，fd为:1381
2019年2月15日5时39分48秒	通过fd发送了一次数据，fd为:1382
2019年2月15日5时39分48秒	通过fd发送了一次数据，fd为:1383
2019年2月15日5时39分48秒	通过fd发送了一次数据，fd为:1382
2019年2月15日5时39分48秒	通过fd发送了一次数据，fd为:
2019年2月15日5时39分48秒	通过fd发送了一次数据，fd为:1385
2019年2月15日5时39分48秒	通过fd发送了一次数据，fd为:1384
2019年2月15日5时39分48秒	通过fd发送了一次数据，fd为:1385
2019年2月15日5时39分48秒	通过fd发送了一次数据，fd为:1386
2019年2月15日5时39分48秒	通过fd发送了一次数据，fd为:1387
2019年2月15日5时39分48秒	通过fd发送了一次数据，fd为:1388
2019年2月15日5时39分48秒	通过fd发送了一次数据，fd为:1389
2019年2月15日5时39分48秒	通过fd发送了一次数据，fd为:1390
2019年2月15日5时39分48秒	通过fd发送了一次数据，fd为:1389
2019年2月15日5时39分48秒	通过fd发送了一次数据，fd为:1391
2019年2月15日5时39分48秒	通过fd发送了一次数据，fd为:1392
2019年2月15日5时39分48秒	通过fd发送了一次数据，fd为:1393
2019年2月15日5时39分48秒	通过fd发送了一次数据，fd为:1392
2019年2月15日5时39分48秒	通过fd发送了一次数据，fd为:
1394
2019年2月15日5时39分48秒	通过fd发送了一次数据，fd为:1395
2019年2月15日5时39分48秒	通过fd发送了一次数据，fd为:1396
2019年2月15日5时39分48秒	通过fd发送了一次数据，fd为:1397
2019年2月15日5时39分48秒	通过fd发送了一次数据，fd为:1397
2019年2月15日5时39分48秒	通过fd发送了一次数据，fd为:1398
2019年2月15日5时39分48秒	通过fd发送了一次数据，fd为:1399
2019年2月15日5时39分48秒	通过fd发送了一次数据，fd为:1400
2019年2月15日5时39分48秒	通过fd发送了一次数据，fd为:1401
2019年2月15日5时39分48秒	通过fd发送了一次数据，fd为:1402
2019年2月15日5时39分48秒	通过fd发送了一次数据，fd为:1403
2019年2月15日5时39分48秒	通过fd发送了一次数据，fd为:1404
2019年2月15日5时39分48秒	通过fd发送了一次数据，fd为:1405
2019年2月15日5时39分48秒	通过fd发送了一次数据，fd为:1406
2019年2月15日5时39分48秒	通过fd发送了一次数据，fd为:
2019年2月15日5时39分48秒	通过fd发送了一次数据，fd为:1408
2019年2月15日5时39分48秒	通过fd发送了一次数据，fd为:1409
2019年2月15日5时39分48秒	通过fd发送了一次数据，fd为:1410
2019年2月15日5时39分48秒	通过fd发送了一次数据，fd为:1411
2019年2月15日5时39分48秒	通过fd发送了一次数据，fd为:1411
2019年2月15日5时39分48秒	通过fd发送了一次数据，fd为:1412
2019年2月15日5时39分48秒	通过fd发送了一次数据，fd为:1413
2019年2月15日5时39分48秒	通过fd发送了一次数据，fd为:1414
2019年2月15日5时39分48秒	通过fd发送了一次数据，fd为:1415
2019年2月15日5时39分48秒	通过fd发送了一次数据，fd为:1416
2019年2月15日5时39分48秒	通过fd发送了一次数据，fd为:1417
2019年2月15日5时39分48秒	通过fd发送了一次数据，fd为:1418
2019年2月15日5时39分48秒	通过fd发送了一次数据，fd为:1419
2019年2月15日5时39分48秒	通过fd发送了一次数据，fd为:
1419
2019年2月15日5时39分48秒	通过fd发送了一次数据，fd为:1420
2019年2月15日5时39分48秒	通过fd发送了一次数据，fd为:1419
2019年2月15日5时39分48秒	通过fd发送了一次数据，fd为:1420
2019年2月15日5时39分48秒	通过fd发送了一次数据，fd为:1421
2019年2月15日5时39分48秒	通过fd发送了一次数据，fd为:1422
2019年2月15日5时39分48秒	通过fd发送了一次数据，fd为:1423
2019年2月15日5时39分48秒	通过fd发送了一次数据，fd为:1424
2019年2月15日5时39分48秒	通过fd发送了一次数据，fd为:1425
2019年2月15日5时39分48秒	通过fd发送了一次数据，fd为:1426
2019年2月15日5时39分48秒	通过fd发送了一次数据，fd为:1426
2019年2月15日5时39分48秒	通过fd发送了一次数据，fd为:1427
2019年2月15日5时39分48秒	通过fd发送了一次数据，fd为:1428
2019年2月15日5时39分48秒	通过fd发送了一次数据，fd为:1429
2019年2月15日5时39分48秒	通过fd发送了一次数据，fd为:
1429
2019年2月15日5时39分48秒	通过fd发送了一次数据，fd为:1429
2019年2月15日5时39分48秒	通过fd发送了一次数据，fd为:1430
2019年2月15日5时39分48秒	通过fd发送了一次数据，fd为:1429
2019年2月15日5时39分48秒	通过fd发送了一次数据，fd为:1431
2019年2月15日5时39分48秒	通过fd发送了一次数据，fd为:1432
2019年2月15日5时39分48秒	通过fd发送了一次数据，fd为:1432
2019年2月15日5时39分48秒	通过fd发送了一次数据，fd为:1433
2019年2月15日5时39分48秒	通过fd发送了一次数据，fd为:1433
2019年2月15日5时39分48秒	通过fd发送了一次数据，fd为:1433
2019年2月15日5时39分48秒	通过fd发送了一次数据，fd为:1434
2019年2月15日5时39分48秒	通过fd发送了一次数据，fd为:1434
2019年2月15日5时39分48秒	通过fd发送了一次数据，fd为:1435
2019年2月15日5时39分48秒	通过fd发送了一次数据，fd为:1436
2019年2月15日5时39分48秒	通过fd发送了一次数据，fd为:
2019年2月15日5时39分48秒	通过fd发送了一次数据，fd为:1438
2019年2月15日5时39分48秒	通过fd发送了一次数据，fd为:1439
2019年2月15日5时39分48秒	通过fd发送了一次数据，fd为:1440
2019年2月15日5时39分48秒	通过fd发送了一次数据，fd为:1441
2019年2月15日5时39分48秒	通过fd发送了一次数据，fd为:1442
2019年2月15日5时39分48秒	通过fd发送了一次数据，fd为:1443
2019年2月15日5时39分48秒	通过fd发送了一次数据，fd为:1444
2019年2月15日5时39分48秒	通过fd发送了一次数据，fd为:1445
2019年2月15日5时39分48秒	通过fd发送了一次数据，fd为:1444
2019年2月15日5时39分48秒	通过fd发送了一次数据，fd为:1446
2019年2月15日5时39分48秒	通过fd发送了一次数据，fd为:1446
2019年2月15日5时39分48秒	通过fd发送了一次数据，fd为:1447
2019年2月15日5时39分48秒	通过fd发送了一次数据，fd为:1448
2019年2月15日5时39分48秒	通过fd发送了一次数据，fd为:
1449
2019年2月15日5时39分48秒	通过fd发送了一次数据，fd为:1449
2019年2月15日5时39分48秒	通过fd发送了一次数据，fd为:1450
2019年2月15日5时39分48秒	通过fd发送了一次数据，fd为:1450
2019年2月15日5时39分48秒	通过fd发送了一次数据，fd为:1451
2019年2月15日5时39分48秒	通过fd发送了一次数据，fd为:1452
2019年2月15日5时39分48秒	通过fd发送了一次数据，fd为:1452
2019年2月15日5时39分48秒	通过fd发送了一次数据，fd为:1452
2019年2月15日5时39分48秒	通过fd发送了一次数据，fd为:1453
2019年2月15日5时39分48秒	通过fd发送了一次数据，fd为:1454
2019年2月15日5时39分48秒	通过fd发送了一次数据，fd为:1455
2019年2月15日5时39分48秒	通过fd发送了一次数据，fd为:1456
2019年2月15日5时39分48秒	通过fd发送了一次数据，fd为:1457
2019年2月15日5时39分48秒	通过fd发送了一次数据，fd为:1458
2019年2月15日5时39分48秒	通过fd发送了一次数据，fd为:
2019年2月15日5时39分48秒	通过fd发送了一次数据，fd为:1458
2019年2月15日5时39分48秒	通过fd发送了一次数据，fd为:1459
2019年2月15日5时39分48秒	通过fd发送了一次数据，fd为:1460
2019年2月15日5时39分48秒	通过fd发送了一次数据，fd为:1461
2019年2月15日5时39分48秒	通过fd发送了一次数据，fd为:1462
2019年2月15日5时39分48秒	通过fd发送了一次数据，fd为:1463
2019年2月15日5时39分48秒	通过fd发送了一次数据，fd为:1464
2019年2月15日5时39分48秒	通过fd发送了一次数据，fd为:1465
2019年2月15日5时39分48秒	通过fd发送了一次数据，fd为:1466
2019年2月15日5时39分48秒	通过fd发送了一次数据，fd为:1467
2019年2月15日5时39分48秒	通过fd发送了一次数据，fd为:1466
2019年2月15日5时39分48秒	通过fd发送了一次数据，fd为:1468
2019年2月15日5时39分48秒	通过fd发送了一次数据，fd为:1469
2019年2月15日5时39分48秒	通过fd发送了一次数据，fd为:
2019年2月15日5时39分48秒	通过fd发送了一次数据，fd为:1471
2019年2月15日5时39分48秒	通过fd发送了一次数据，fd为:1472
2019年2月15日5时39分48秒	通过fd发送了一次数据，fd为:1473
2019年2月15日5时39分48秒	通过fd发送了一次数据，fd为:1474
2019年2月15日5时39分48秒	通过fd发送了一次数据，fd为:1475
2019年2月15日5时39分48秒	通过fd发送了一次数据，fd为:1475
2019年2月15日5时39分48秒	通过fd发送了一次数据，fd为:1476
2019年2月15日5时39分48秒	通过fd发送了一次数据，fd为:1477
2019年2月15日5时39分48秒	通过fd发送了一次数据，fd为:1477
2019年2月15日5时39分48秒	通过fd发送了一次数据，fd为:1478
2019年2月15日5时39分48秒	通过fd发送了一次数据，fd为:1479
2019年2月15日5时39分48秒	通过fd发送了一次数据，fd为:1480
2019年2月15日5时39分48秒	通过fd发送了一次数据，fd为:1481
2019年2月15日5时39分48秒	通过fd发送了一次数据，fd为:
1482
2019年2月15日5时39分48秒	通过fd发送了一次数据，fd为:1483
2019年2月15日5时39分48秒	通过fd发送了一次数据，fd为:1484
2019年2月15日5时39分48秒	通过fd发送了一次数据，fd为:1483
2019年2月15日5时39分48秒	通过fd发送了一次数据，fd为:1485
2019年2月15日5时39分48秒	通过fd发送了一次数据，fd为:1486
2019年2月15日5时39分48秒	通过fd发送了一次数据，fd为:1487
2019年2月15日5时39分48秒	通过fd发送了一次数据，fd为:1488
2019年2月15日5时39分48秒	通过fd发送了一次数据，fd为:1489
2019年2月15日5时39分48秒	通过fd发送了一次数据，fd为:1490
2019年2月15日5时39分48秒	通过fd发送了一次数据，fd为:1490
2019年2月15日5时39分48秒	通过fd发送了一次数据，fd为:1491
2019年2月15日5时39分48秒	通过fd发送了一次数据，fd为:1492
2019年2月15日5时39分48秒	通过fd发送了一次数据，fd为:1493
2019年2月15日5时39分48秒	通过fd发送了一次数据，fd为:
2019年2月15日5时39分48秒	通过fd发送了一次数据，fd为:1494
2019年2月15日5时39分48秒	通过fd发送了一次数据，fd为:1495
2019年2月15日5时39分48秒	通过fd发送了一次数据，fd为:1496
2019年2月15日5时39分48秒	通过fd发送了一次数据，fd为:1497
2019年2月15日5时39分48秒	通过fd发送了一次数据，fd为:1498
2019年2月15日5时39分48秒	通过fd发送了一次数据，fd为:1499
2019年2月15日5时39分48秒	通过fd发送了一次数据，fd为:1500
2019年2月15日5时39分48秒	通过fd发送了一次数据，fd为:1501
2019年2月15日5时39分48秒	通过fd发送了一次数据，fd为:1502
2019年2月15日5时39分48秒	通过fd发送了一次数据，fd为:1503
2019年2月15日5时39分48秒	通过fd发送了一次数据，fd为:1504
2019年2月15日5时39分48秒	通过fd发送了一次数据，fd为:1505
2019年2月15日5时39分48秒	通过fd发送了一次数据，fd为:1506
2019年2月15日5时39分48秒	通过fd发送了一次数据，fd为:
1507
2019年2月15日5时39分48秒	通过fd发送了一次数据，fd为:1508
2019年2月15日5时39分48秒	通过fd发送了一次数据，fd为:1509
2019年2月15日5时39分48秒	通过fd发送了一次数据，fd为:1510
2019年2月15日5时39分48秒	通过fd发送了一次数据，fd为:1510
2019年2月15日5时39分48秒	通过fd发送了一次数据，fd为:1511
2019年2月15日5时39分48秒	通过fd发送了一次数据，fd为:1512
2019年2月15日5时39分48秒	通过fd发送了一次数据，fd为:1513
2019年2月15日5时39分48秒	通过fd发送了一次数据，fd为:1514
2019年2月15日5时39分48秒	通过fd发送了一次数据，fd为:1515
2019年2月15日5时39分48秒	通过fd发送了一次数据，fd为:1516
2019年2月15日5时39分48秒	通过fd发送了一次数据，fd为:1517
2019年2月15日5时39分48秒	通过fd发送了一次数据，fd为:1518
2019年2月15日5时39分48秒	通过fd发送了一次数据，fd为:1519
2019年2月15日5时39分48秒	通过fd发送了一次数据，fd为:
2019年2月15日5时39分48秒	通过fd发送了一次数据，fd为:1521
2019年2月15日5时39分48秒	通过fd发送了一次数据，fd为:1520
2019年2月15日5时39分48秒	通过fd发送了一次数据，fd为:1522
2019年2月15日5时39分48秒	通过fd发送了一次数据，fd为:1523
2019年2月15日5时39分48秒	通过fd发送了一次数据，fd为:1524
2019年2月15日5时39分48秒	通过fd发送了一次数据，fd为:1525
2019年2月15日5时39分48秒	通过fd发送了一次数据，fd为:1525
2019年2月15日5时39分48秒	通过fd发送了一次数据，fd为:1526
2019年2月15日5时39分48秒	通过fd发送了一次数据，fd为:1527
2019年2月15日5时39分48秒	通过fd发送了一次数据，fd为:1528
2019年2月15日5时39分48秒	通过fd发送了一次数据，fd为:1529
2019年2月15日5时39分48秒	通过fd发送了一次数据，fd为:1530
2019年2月15日5时39分48秒	通过fd发送了一次数据，fd为:1531
2019年2月15日5时39分48秒	通过fd发送了一次数据，fd为:
2019年2月15日5时39分48秒	通过fd发送了一次数据，fd为:1533
2019年2月15日5时39分48秒	通过fd发送了一次数据，fd为:1534
2019年2月15日5时39分48秒	通过fd发送了一次数据，fd为:1535
2019年2月15日5时39分48秒	通过fd发送了一次数据，fd为:1536
2019年2月15日5时39分48秒	通过fd发送了一次数据，fd为:1537
2019年2月15日5时39分48秒	通过fd发送了一次数据，fd为:1538
2019年2月15日5时39分48秒	通过fd发送了一次数据，fd为:1539
2019年2月15日5时39分48秒	通过fd发送了一次数据，fd为:1540
2019年2月15日5时39分48秒	通过fd发送了一次数据，fd为:1538
2019年2月15日5时39分48秒	通过fd发送了一次数据，fd为:1539
2019年2月15日5时39分48秒	通过fd发送了一次数据，fd为:1541
2019年2月15日5时39分48秒	通过fd发送了一次数据，fd为:1542
2019年2月15日5时39分48秒	通过fd发送了一次数据，fd为:1543
2019年2月15日5时39分48秒	通过fd发送了一次数据，fd为:
1544
2019年2月15日5时39分48秒	通过fd发送了一次数据，fd为:1545
2019年2月15日5时39分48秒	通过fd发送了一次数据，fd为:1545
2019年2月15日5时39分48秒	通过fd发送了一次数据，fd为:1546
2019年2月15日5时39分48秒	通过fd发送了一次数据，fd为:1545
2019年2月15日5时39分48秒	通过fd发送了一次数据，fd为:1546
2019年2月15日5时39分48秒	通过fd发送了一次数据，fd为:1547
2019年2月15日5时39分48秒	通过fd发送了一次数据，fd为:1548
2019年2月15日5时39分48秒	通过fd发送了一次数据，fd为:1549
2019年2月15日5时39分48秒	通过fd发送了一次数据，fd为:1550
2019年2月15日5时39分48秒	通过fd发送了一次数据，fd为:1551
2019年2月15日5时39分48秒	通过fd发送了一次数据，fd为:1552
2019年2月15日5时39分48秒	通过fd发送了一次数据，fd为:1552
2019年2月15日5时39分48秒	通过fd发送了一次数据，fd为:1553
2019年2月15日5时39分48秒	通过fd发送了一次数据，fd为:
2019年2月15日5时39分48秒	通过fd发送了一次数据，fd为:1554
2019年2月15日5时39分48秒	通过fd发送了一次数据，fd为:1555
2019年2月15日5时39分48秒	通过fd发送了一次数据，fd为:1556
2019年2月15日5时39分48秒	通过fd发送了一次数据，fd为:1557
2019年2月15日5时39分48秒	通过fd发送了一次数据，fd为:1558
2019年2月15日5时39分48秒	通过fd发送了一次数据，fd为:1559
2019年2月15日5时39分48秒	通过fd发送了一次数据，fd为:1560
2019年2月15日5时39分48秒	通过fd发送了一次数据，fd为:1561
2019年2月15日5时39分48秒	通过fd发送了一次数据，fd为:1561
2019年2月15日5时39分48秒	通过fd发送了一次数据，fd为:1562
2019年2月15日5时39分48秒	通过fd发送了一次数据，fd为:1561
2019年2月15日5时39分48秒	通过fd发送了一次数据，fd为:1563
2019年2月15日5时39分48秒	通过fd发送了一次数据，fd为:1564
2019年2月15日5时39分48秒	通过fd发送了一次数据，fd为:
1565
2019年2月15日5时39分48秒	通过fd发送了一次数据，fd为:1565
2019年2月15日5时39分48秒	通过fd发送了一次数据，fd为:1566
2019年2月15日5时39分48秒	通过fd发送了一次数据，fd为:1567
2019年2月15日5时39分48秒	通过fd发送了一次数据，fd为:1567
2019年2月15日5时39分48秒	通过fd发送了一次数据，fd为:1568
2019年2月15日5时39分48秒	通过fd发送了一次数据，fd为:1569
2019年2月15日5时39分48秒	通过fd发送了一次数据，fd为:1570
2019年2月15日5时39分48秒	通过fd发送了一次数据，fd为:1571
2019年2月15日5时39分48秒	通过fd发送了一次数据，fd为:1572
2019年2月15日5时39分48秒	通过fd发送了一次数据，fd为:1573
2019年2月15日5时39分48秒	通过fd发送了一次数据，fd为:1574
2019年2月15日5时39分48秒	通过fd发送了一次数据，fd为:1575
2019年2月15日5时39分48秒	通过fd发送了一次数据，fd为:1576
2019年2月15日5时39分48秒	通过fd发送了一次数据，fd为:
2019年2月15日5时39分48秒	通过fd发送了一次数据，fd为:1578
2019年2月15日5时39分48秒	通过fd发送了一次数据，fd为:1577
2019年2月15日5时39分48秒	通过fd发送了一次数据，fd为:1579
2019年2月15日5时39分48秒	通过fd发送了一次数据，fd为:1580
2019年2月15日5时39分48秒	通过fd发送了一次数据，fd为:1581
2019年2月15日5时39分48秒	通过fd发送了一次数据，fd为:1582
2019年2月15日5时39分48秒	通过fd发送了一次数据，fd为:1583
2019年2月15日5时39分48秒	通过fd发送了一次数据，fd为:1584
2019年2月15日5时39分48秒	通过fd发送了一次数据，fd为:1585
2019年2月15日5时39分48秒	通过fd发送了一次数据，fd为:1584
2019年2月15日5时39分48秒	通过fd发送了一次数据，fd为:1586
2019年2月15日5时39分48秒	通过fd发送了一次数据，fd为:1587
2019年2月15日5时39分48秒	通过fd发送了一次数据，fd为:1588
2019年2月15日5时39分48秒	通过fd发送了一次数据，fd为:
2019年2月15日5时39分48秒	通过fd发送了一次数据，fd为:1590
2019年2月15日5时39分48秒	通过fd发送了一次数据，fd为:1591
2019年2月15日5时39分48秒	通过fd发送了一次数据，fd为:1592
2019年2月15日5时39分48秒	通过fd发送了一次数据，fd为:1593
2019年2月15日5时39分48秒	通过fd发送了一次数据，fd为:1594
2019年2月15日5时39分48秒	通过fd发送了一次数据，fd为:1595
2019年2月15日5时39分48秒	通过fd发送了一次数据，fd为:1596
2019年2月15日5时39分48秒	通过fd发送了一次数据，fd为:1597
2019年2月15日5时39分48秒	通过fd发送了一次数据，fd为:1598
2019年2月15日5时39分48秒	通过fd发送了一次数据，fd为:1599
2019年2月15日5时39分48秒	通过fd发送了一次数据，fd为:1599
2019年2月15日5时39分48秒	通过fd发送了一次数据，fd为:1600
2019年2月15日5时39分48秒	通过fd发送了一次数据，fd为:1601
2019年2月15日5时39分48秒	通过fd发送了一次数据，fd为:
2019年2月15日5时39分48秒	通过fd发送了一次数据，fd为:1603
2019年2月15日5时39分48秒	通过fd发送了一次数据，fd为:1604
2019年2月15日5时39分48秒	通过fd发送了一次数据，fd为:1605
2019年2月15日5时39分48秒	通过fd发送了一次数据，fd为:1606
2019年2月15日5时39分48秒	通过fd发送了一次数据，fd为:1607
2019年2月15日5时39分48秒	通过fd发送了一次数据，fd为:1608
2019年2月15日5时39分48秒	通过fd发送了一次数据，fd为:1609
2019年2月15日5时39分48秒	通过fd发送了一次数据，fd为:1610
2019年2月15日5时39分48秒	通过fd发送了一次数据，fd为:1611
2019年2月15日5时39分48秒	通过fd发送了一次数据，fd为:1612
2019年2月15日5时39分48秒	通过fd发送了一次数据，fd为:1613
2019年2月15日5时39分48秒	通过fd发送了一次数据，fd为:1614
2019年2月15日5时39分48秒	通过fd发送了一次数据，fd为:1615
2019年2月15日5时39分48秒	通过fd发送了一次数据，fd为:
2019年2月15日5时39分48秒	通过fd发送了一次数据，fd为:1617
2019年2月15日5时39分48秒	通过fd发送了一次数据，fd为:1618
2019年2月15日5时39分48秒	通过fd发送了一次数据，fd为:1619
2019年2月15日5时39分48秒	通过fd发送了一次数据，fd为:1620
2019年2月15日5时39分48秒	通过fd发送了一次数据，fd为:1621
2019年2月15日5时39分48秒	通过fd发送了一次数据，fd为:1622
2019年2月15日5时39分48秒	通过fd发送了一次数据，fd为:1623
2019年2月15日5时39分48秒	通过fd发送了一次数据，fd为:1624
2019年2月15日5时39分48秒	通过fd发送了一次数据，fd为:1625
2019年2月15日5时39分48秒	通过fd发送了一次数据，fd为:1626
2019年2月15日5时39分48秒	通过fd发送了一次数据，fd为:1627
2019年2月15日5时39分48秒	通过fd发送了一次数据，fd为:1628
2019年2月15日5时39分48秒	通过fd发送了一次数据，fd为:1629
2019年2月15日5时39分48秒	通过fd发送了一次数据，fd为:
1630
2019年2月15日5时39分48秒	通过fd发送了一次数据，fd为:1631
2019年2月15日5时39分48秒	通过fd发送了一次数据，fd为:1632
2019年2月15日5时39分48秒	通过fd发送了一次数据，fd为:1633
2019年2月15日5时39分48秒	通过fd发送了一次数据，fd为:1634
2019年2月15日5时39分48秒	通过fd发送了一次数据，fd为:1635
2019年2月15日5时39分48秒	通过fd发送了一次数据，fd为:1636
2019年2月15日5时39分48秒	通过fd发送了一次数据，fd为:1637
2019年2月15日5时39分48秒	通过fd发送了一次数据，fd为:1638
2019年2月15日5时39分48秒	通过fd发送了一次数据，fd为:1639
2019年2月15日5时39分48秒	通过fd发送了一次数据，fd为:1640
2019年2月15日5时39分48秒	通过fd发送了一次数据，fd为:1641
2019年2月15日5时39分48秒	通过fd发送了一次数据，fd为:1642
2019年2月15日5时39分48秒	通过fd发送了一次数据，fd为:1643
2019年2月15日5时39分48秒	通过fd发送了一次数据，fd为:
2019年2月15日5时39分48秒	通过fd发送了一次数据，fd为:1645
2019年2月15日5时39分48秒	通过fd发送了一次数据，fd为:1646
2019年2月15日5时39分48秒	通过fd发送了一次数据，fd为:1647
2019年2月15日5时39分48秒	通过fd发送了一次数据，fd为:1648
2019年2月15日5时39分48秒	通过fd发送了一次数据，fd为:1649
2019年2月15日5时39分48秒	通过fd发送了一次数据，fd为:1648
2019年2月15日5时39分48秒	通过fd发送了一次数据，fd为:1650
2019年2月15日5时39分48秒	通过fd发送了一次数据，fd为:1651
2019年2月15日5时39分48秒	通过fd发送了一次数据，fd为:1652
2019年2月15日5时39分48秒	通过fd发送了一次数据，fd为:1653
2019年2月15日5时39分48秒	通过fd发送了一次数据，fd为:1654
2019年2月15日5时39分48秒	通过fd发送了一次数据，fd为:1655
2019年2月15日5时39分48秒	通过fd发送了一次数据，fd为:1656
2019年2月15日5时39分48秒	通过fd发送了一次数据，fd为:
1657
2019年2月15日5时39分48秒	通过fd发送了一次数据，fd为:1658
2019年2月15日5时39分48秒	通过fd发送了一次数据，fd为:1659
2019年2月15日5时39分48秒	通过fd发送了一次数据，fd为:1660
2019年2月15日5时39分48秒	通过fd发送了一次数据，fd为:1661
2019年2月15日5时39分48秒	通过fd发送了一次数据，fd为:1662
2019年2月15日5时39分48秒	通过fd发送了一次数据，fd为:1663
2019年2月15日5时39分48秒	通过fd发送了一次数据，fd为:1663
2019年2月15日5时39分48秒	通过fd发送了一次数据，fd为:1664
2019年2月15日5时39分48秒	通过fd发送了一次数据，fd为:1665
2019年2月15日5时39分48秒	通过fd发送了一次数据，fd为:1666
2019年2月15日5时39分48秒	通过fd发送了一次数据，fd为:1667
2019年2月15日5时39分48秒	通过fd发送了一次数据，fd为:1668
2019年2月15日5时39分48秒	通过fd发送了一次数据，fd为:1669
2019年2月15日5时39分48秒	通过fd发送了一次数据，fd为:
2019年2月15日5时39分48秒	通过fd发送了一次数据，fd为:1671
2019年2月15日5时39分48秒	通过fd发送了一次数据，fd为:1672
2019年2月15日5时39分48秒	通过fd发送了一次数据，fd为:1673
2019年2月15日5时39分48秒	通过fd发送了一次数据，fd为:1674
2019年2月15日5时39分48秒	通过fd发送了一次数据，fd为:1675
2019年2月15日5时39分48秒	通过fd发送了一次数据，fd为:1676
2019年2月15日5时39分48秒	通过fd发送了一次数据，fd为:1677
2019年2月15日5时39分48秒	通过fd发送了一次数据，fd为:1678
2019年2月15日5时39分48秒	通过fd发送了一次数据，fd为:1679
2019年2月15日5时39分48秒	通过fd发送了一次数据，fd为:1680
2019年2月15日5时39分48秒	通过fd发送了一次数据，fd为:1681
2019年2月15日5时39分48秒	通过fd发送了一次数据，fd为:1682
2019年2月15日5时39分48秒	通过fd发送了一次数据，fd为:1683
2019年2月15日5时39分48秒	通过fd发送了一次数据，fd为:
2019年2月15日5时39分48秒	通过fd发送了一次数据，fd为:1685
2019年2月15日5时39分48秒	通过fd发送了一次数据，fd为:1684
2019年2月15日5时39分48秒	通过fd发送了一次数据，fd为:1686
2019年2月15日5时39分48秒	通过fd发送了一次数据，fd为:1687
2019年2月15日5时39分48秒	通过fd发送了一次数据，fd为:1688
2019年2月15日5时39分48秒	通过fd发送了一次数据，fd为:1689
2019年2月15日5时39分48秒	通过fd发送了一次数据，fd为:1690
2019年2月15日5时39分48秒	通过fd发送了一次数据，fd为:1691
2019年2月15日5时39分48秒	通过fd发送了一次数据，fd为:1692
2019年2月15日5时39分48秒	通过fd发送了一次数据，fd为:1693
2019年2月15日5时39分48秒	通过fd发送了一次数据，fd为:1694
2019年2月15日5时39分48秒	通过fd发送了一次数据，fd为:1695
2019年2月15日5时39分48秒	通过fd发送了一次数据，fd为:1696
2019年2月15日5时39分48秒	通过fd发送了一次数据，fd为:
1697
2019年2月15日5时39分48秒	通过fd发送了一次数据，fd为:1698
2019年2月15日5时39分48秒	通过fd发送了一次数据，fd为:1699
2019年2月15日5时39分48秒	通过fd发送了一次数据，fd为:1700
2019年2月15日5时39分48秒	通过fd发送了一次数据，fd为:1701
2019年2月15日5时39分48秒	通过fd发送了一次数据，fd为:1700
2019年2月15日5时39分48秒	通过fd发送了一次数据，fd为:1700
2019年2月15日5时39分49秒	通过fd发送了一次数据，fd为:1702
2019年2月15日5时39分49秒	通过fd发送了一次数据，fd为:1703
2019年2月15日5时39分49秒	通过fd发送了一次数据，fd为:1704
2019年2月15日5时39分49秒	通过fd发送了一次数据，fd为:1705
2019年2月15日5时39分49秒	通过fd发送了一次数据，fd为:1706
2019年2月15日5时39分49秒	通过fd发送了一次数据，fd为:1707
2019年2月15日5时39分49秒	通过fd发送了一次数据，fd为:1708
2019年2月15日5时39分49秒	通过fd发送了一次数据，fd为:
2019年2月15日5时39分49秒	通过fd发送了一次数据，fd为:1708
2019年2月15日5时39分49秒	通过fd发送了一次数据，fd为:1710
2019年2月15日5时39分49秒	通过fd发送了一次数据，fd为:1711
2019年2月15日5时39分49秒	通过fd发送了一次数据，fd为:1712
2019年2月15日5时39分49秒	通过fd发送了一次数据，fd为:1713
2019年2月15日5时39分49秒	通过fd发送了一次数据，fd为:1714
2019年2月15日5时39分49秒	通过fd发送了一次数据，fd为:1715
2019年2月15日5时39分49秒	通过fd发送了一次数据，fd为:1716
2019年2月15日5时39分49秒	通过fd发送了一次数据，fd为:1717
2019年2月15日5时39分49秒	通过fd发送了一次数据，fd为:1718
2019年2月15日5时39分49秒	通过fd发送了一次数据，fd为:1717
2019年2月15日5时39分49秒	通过fd发送了一次数据，fd为:1717
2019年2月15日5时39分49秒	通过fd发送了一次数据，fd为:1719
2019年2月15日5时39分49秒	通过fd发送了一次数据，fd为:
1720
2019年2月15日5时39分49秒	通过fd发送了一次数据，fd为:1721
2019年2月15日5时39分49秒	通过fd发送了一次数据，fd为:1722
2019年2月15日5时39分49秒	通过fd发送了一次数据，fd为:1723
2019年2月15日5时39分49秒	通过fd发送了一次数据，fd为:1724
2019年2月15日5时39分49秒	通过fd发送了一次数据，fd为:1725
2019年2月15日5时39分49秒	通过fd发送了一次数据，fd为:1726
2019年2月15日5时39分49秒	通过fd发送了一次数据，fd为:1725
2019年2月15日5时39分49秒	通过fd发送了一次数据，fd为:1727
2019年2月15日5时39分49秒	通过fd发送了一次数据，fd为:1728
2019年2月15日5时39分49秒	通过fd发送了一次数据，fd为:1729
2019年2月15日5时39分49秒	通过fd发送了一次数据，fd为:1730
2019年2月15日5时39分49秒	通过fd发送了一次数据，fd为:1731
2019年2月15日5时39分49秒	通过fd发送了一次数据，fd为:1732
2019年2月15日5时39分49秒	通过fd发送了一次数据，fd为:
2019年2月15日5时39分49秒	通过fd发送了一次数据，fd为:1734
2019年2月15日5时39分49秒	通过fd发送了一次数据，fd为:1735
2019年2月15日5时39分49秒	通过fd发送了一次数据，fd为:1734
2019年2月15日5时39分49秒	通过fd发送了一次数据，fd为:1736
2019年2月15日5时39分49秒	通过fd发送了一次数据，fd为:1737
2019年2月15日5时39分49秒	通过fd发送了一次数据，fd为:1738
2019年2月15日5时39分49秒	通过fd发送了一次数据，fd为:1739
2019年2月15日5时39分49秒	通过fd发送了一次数据，fd为:1740
2019年2月15日5时39分49秒	通过fd发送了一次数据，fd为:1741
2019年2月15日5时39分49秒	通过fd发送了一次数据，fd为:1742
2019年2月15日5时39分49秒	通过fd发送了一次数据，fd为:1743
2019年2月15日5时39分49秒	通过fd发送了一次数据，fd为:1744
2019年2月15日5时39分49秒	通过fd发送了一次数据，fd为:1745
2019年2月15日5时39分49秒	通过fd发送了一次数据，fd为:
2019年2月15日5时39分49秒	通过fd发送了一次数据，fd为:1747
2019年2月15日5时39分49秒	通过fd发送了一次数据，fd为:1748
2019年2月15日5时39分49秒	通过fd发送了一次数据，fd为:1749
2019年2月15日5时39分49秒	通过fd发送了一次数据，fd为:1750
2019年2月15日5时39分49秒	通过fd发送了一次数据，fd为:1751
2019年2月15日5时39分49秒	通过fd发送了一次数据，fd为:1752
2019年2月15日5时39分49秒	通过fd发送了一次数据，fd为:1753
2019年2月15日5时39分49秒	通过fd发送了一次数据，fd为:1754
2019年2月15日5时39分49秒	通过fd发送了一次数据，fd为:1753
2019年2月15日5时39分49秒	通过fd发送了一次数据，fd为:1755
2019年2月15日5时39分49秒	通过fd发送了一次数据，fd为:1756
2019年2月15日5时39分49秒	通过fd发送了一次数据，fd为:1757
2019年2月15日5时39分49秒	通过fd发送了一次数据，fd为:1758
2019年2月15日5时39分49秒	通过fd发送了一次数据，fd为:
2019年2月15日5时39分49秒	通过fd发送了一次数据，fd为:1760
2019年2月15日5时39分49秒	通过fd发送了一次数据，fd为:1759
2019年2月15日5时39分49秒	通过fd发送了一次数据，fd为:1761
2019年2月15日5时39分49秒	通过fd发送了一次数据，fd为:1762
2019年2月15日5时39分49秒	通过fd发送了一次数据，fd为:1761
2019年2月15日5时39分49秒	通过fd发送了一次数据，fd为:1763
2019年2月15日5时39分49秒	通过fd发送了一次数据，fd为:1764
2019年2月15日5时39分49秒	通过fd发送了一次数据，fd为:1765
2019年2月15日5时39分49秒	通过fd发送了一次数据，fd为:1766
2019年2月15日5时39分49秒	通过fd发送了一次数据，fd为:1767
2019年2月15日5时39分49秒	通过fd发送了一次数据，fd为:1768
2019年2月15日5时39分49秒	通过fd发送了一次数据，fd为:1769
2019年2月15日5时39分49秒	通过fd发送了一次数据，fd为:1770
2019年2月15日5时39分49秒	通过fd发送了一次数据，fd为:
1771
2019年2月15日5时39分49秒	通过fd发送了一次数据，fd为:1770
2019年2月15日5时39分49秒	通过fd发送了一次数据，fd为:1772
2019年2月15日5时39分49秒	通过fd发送了一次数据，fd为:1773
2019年2月15日5时39分49秒	通过fd发送了一次数据，fd为:1774
2019年2月15日5时39分49秒	通过fd发送了一次数据，fd为:1775
2019年2月15日5时39分49秒	通过fd发送了一次数据，fd为:1776
2019年2月15日5时39分49秒	通过fd发送了一次数据，fd为:1777
2019年2月15日5时39分49秒	通过fd发送了一次数据，fd为:1778
2019年2月15日5时39分49秒	通过fd发送了一次数据，fd为:1779
2019年2月15日5时39分49秒	通过fd发送了一次数据，fd为:1780
2019年2月15日5时39分49秒	通过fd发送了一次数据，fd为:1781
2019年2月15日5时39分49秒	通过fd发送了一次数据，fd为:1782
2019年2月15日5时39分49秒	通过fd发送了一次数据，fd为:1783
2019年2月15日5时39分49秒	通过fd发送了一次数据，fd为:
2019年2月15日5时39分49秒	通过fd发送了一次数据，fd为:1785
2019年2月15日5时39分49秒	通过fd发送了一次数据，fd为:1786
2019年2月15日5时39分49秒	通过fd发送了一次数据，fd为:1787
2019年2月15日5时39分49秒	通过fd发送了一次数据，fd为:1788
2019年2月15日5时39分49秒	通过fd发送了一次数据，fd为:1789
2019年2月15日5时39分49秒	通过fd发送了一次数据，fd为:1790
2019年2月15日5时39分49秒	通过fd发送了一次数据，fd为:1791
2019年2月15日5时39分49秒	通过fd发送了一次数据，fd为:1792
2019年2月15日5时39分49秒	通过fd发送了一次数据，fd为:1793
2019年2月15日5时39分49秒	通过fd发送了一次数据，fd为:1794
2019年2月15日5时39分49秒	通过fd发送了一次数据，fd为:1795
2019年2月15日5时39分49秒	通过fd发送了一次数据，fd为:1796
2019年2月15日5时39分49秒	通过fd发送了一次数据，fd为:1797
2019年2月15日5时39分49秒	通过fd发送了一次数据，fd为:
2019年2月15日5时39分49秒	通过fd发送了一次数据，fd为:1799
2019年2月15日5时39分49秒	通过fd发送了一次数据，fd为:1800
2019年2月15日5时39分49秒	通过fd发送了一次数据，fd为:1801
2019年2月15日5时39分49秒	通过fd发送了一次数据，fd为:1802
2019年2月15日5时39分49秒	通过fd发送了一次数据，fd为:1803
2019年2月15日5时39分49秒	通过fd发送了一次数据，fd为:1804
2019年2月15日5时39分49秒	通过fd发送了一次数据，fd为:1805
2019年2月15日5时39分49秒	通过fd发送了一次数据，fd为:1806
2019年2月15日5时39分49秒	通过fd发送了一次数据，fd为:1807
2019年2月15日5时39分49秒	通过fd发送了一次数据，fd为:1808
2019年2月15日5时39分49秒	通过fd发送了一次数据，fd为:1809
2019年2月15日5时39分49秒	通过fd发送了一次数据，fd为:1809
2019年2月15日5时39分49秒	通过fd发送了一次数据，fd为:1810
2019年2月15日5时39分49秒	通过fd发送了一次数据，fd为:
2019年2月15日5时39分49秒	通过fd发送了一次数据，fd为:1812
2019年2月15日5时39分49秒	通过fd发送了一次数据，fd为:1813
2019年2月15日5时39分49秒	通过fd发送了一次数据，fd为:1813
2019年2月15日5时39分49秒	通过fd发送了一次数据，fd为:1814
2019年2月15日5时39分49秒	通过fd发送了一次数据，fd为:1815
2019年2月15日5时39分49秒	通过fd发送了一次数据，fd为:1816
2019年2月15日5时39分49秒	通过fd发送了一次数据，fd为:1815
2019年2月15日5时39分49秒	通过fd发送了一次数据，fd为:1815
2019年2月15日5时39分49秒	通过fd发送了一次数据，fd为:1817
2019年2月15日5时39分49秒	通过fd发送了一次数据，fd为:1818
2019年2月15日5时39分49秒	通过fd发送了一次数据，fd为:1819
2019年2月15日5时39分49秒	通过fd发送了一次数据，fd为:1820
2019年2月15日5时39分49秒	通过fd发送了一次数据，fd为:1820
2019年2月15日5时39分49秒	通过fd发送了一次数据，fd为:
2019年2月15日5时39分49秒	通过fd发送了一次数据，fd为:1822
2019年2月15日5时39分49秒	通过fd发送了一次数据，fd为:1821
2019年2月15日5时39分49秒	通过fd发送了一次数据，fd为:1823
2019年2月15日5时39分49秒	通过fd发送了一次数据，fd为:1824
2019年2月15日5时39分49秒	通过fd发送了一次数据，fd为:1825
2019年2月15日5时39分49秒	通过fd发送了一次数据，fd为:1826
2019年2月15日5时39分49秒	通过fd发送了一次数据，fd为:1826
2019年2月15日5时39分49秒	通过fd发送了一次数据，fd为:1827
2019年2月15日5时39分49秒	通过fd发送了一次数据，fd为:1827
2019年2月15日5时39分49秒	通过fd发送了一次数据，fd为:1828
2019年2月15日5时39分49秒	通过fd发送了一次数据，fd为:1829
2019年2月15日5时39分49秒	通过fd发送了一次数据，fd为:1830
2019年2月15日5时39分49秒	通过fd发送了一次数据，fd为:1831
2019年2月15日5时39分49秒	通过fd发送了一次数据，fd为:
1831
2019年2月15日5时39分49秒	通过fd发送了一次数据，fd为:1832
2019年2月15日5时39分49秒	通过fd发送了一次数据，fd为:1833
2019年2月15日5时39分49秒	通过fd发送了一次数据，fd为:1834
2019年2月15日5时39分49秒	通过fd发送了一次数据，fd为:1835
2019年2月15日5时39分49秒	通过fd发送了一次数据，fd为:1835
2019年2月15日5时39分49秒	通过fd发送了一次数据，fd为:1836
2019年2月15日5时39分49秒	通过fd发送了一次数据，fd为:1837
2019年2月15日5时39分49秒	通过fd发送了一次数据，fd为:1838
2019年2月15日5时39分49秒	通过fd发送了一次数据，fd为:1839
2019年2月15日5时39分49秒	通过fd发送了一次数据，fd为:1840
2019年2月15日5时39分49秒	通过fd发送了一次数据，fd为:1841
2019年2月15日5时39分49秒	通过fd发送了一次数据，fd为:1842
2019年2月15日5时39分49秒	通过fd发送了一次数据，fd为:1842
2019年2月15日5时39分49秒	通过fd发送了一次数据，fd为:
2019年2月15日5时39分49秒	通过fd发送了一次数据，fd为:1844
2019年2月15日5时39分49秒	通过fd发送了一次数据，fd为:1845
2019年2月15日5时39分49秒	通过fd发送了一次数据，fd为:1846
2019年2月15日5时39分49秒	通过fd发送了一次数据，fd为:1847
2019年2月15日5时39分49秒	通过fd发送了一次数据，fd为:1848
2019年2月15日5时39分49秒	通过fd发送了一次数据，fd为:1849
2019年2月15日5时39分49秒	通过fd发送了一次数据，fd为:1850
2019年2月15日5时39分49秒	通过fd发送了一次数据，fd为:1851
2019年2月15日5时39分49秒	通过fd发送了一次数据，fd为:1852
2019年2月15日5时39分49秒	通过fd发送了一次数据，fd为:1853
2019年2月15日5时39分49秒	通过fd发送了一次数据，fd为:1854
2019年2月15日5时39分49秒	通过fd发送了一次数据，fd为:1855
2019年2月15日5时39分49秒	通过fd发送了一次数据，fd为:1856
2019年2月15日5时39分49秒	通过fd发送了一次数据，fd为:
2019年2月15日5时39分49秒	通过fd发送了一次数据，fd为:1858
2019年2月15日5时39分49秒	通过fd发送了一次数据，fd为:1857
2019年2月15日5时39分49秒	通过fd发送了一次数据，fd为:1859
2019年2月15日5时39分49秒	通过fd发送了一次数据，fd为:1860
2019年2月15日5时39分49秒	通过fd发送了一次数据，fd为:1861
2019年2月15日5时39分49秒	通过fd发送了一次数据，fd为:1862
2019年2月15日5时39分49秒	通过fd发送了一次数据，fd为:1863
2019年2月15日5时39分49秒	通过fd发送了一次数据，fd为:1864
2019年2月15日5时39分49秒	通过fd发送了一次数据，fd为:1865
2019年2月15日5时39分49秒	通过fd发送了一次数据，fd为:1866
2019年2月15日5时39分49秒	通过fd发送了一次数据，fd为:1866
2019年2月15日5时39分49秒	通过fd发送了一次数据，fd为:1867
2019年2月15日5时39分49秒	通过fd发送了一次数据，fd为:1868
2019年2月15日5时39分49秒	通过fd发送了一次数据，fd为:
1869
2019年2月15日5时39分49秒	通过fd发送了一次数据，fd为:1870
2019年2月15日5时39分49秒	通过fd发送了一次数据，fd为:1871
2019年2月15日5时39分49秒	通过fd发送了一次数据，fd为:1872
2019年2月15日5时39分49秒	通过fd发送了一次数据，fd为:1873
2019年2月15日5时39分49秒	通过fd发送了一次数据，fd为:1874
2019年2月15日5时39分49秒	通过fd发送了一次数据，fd为:1875
2019年2月15日5时39分49秒	通过fd发送了一次数据，fd为:1876
2019年2月15日5时39分49秒	通过fd发送了一次数据，fd为:1875
2019年2月15日5时39分49秒	通过fd发送了一次数据，fd为:1877
2019年2月15日5时39分49秒	通过fd发送了一次数据，fd为:1878
2019年2月15日5时39分49秒	通过fd发送了一次数据，fd为:1879
2019年2月15日5时39分49秒	通过fd发送了一次数据，fd为:1880
2019年2月15日5时39分49秒	通过fd发送了一次数据，fd为:1881
2019年2月15日5时39分49秒	通过fd发送了一次数据，fd为:
2019年2月15日5时39分49秒	通过fd发送了一次数据，fd为:1883
2019年2月15日5时39分49秒	通过fd发送了一次数据，fd为:1884
2019年2月15日5时39分49秒	通过fd发送了一次数据，fd为:1885
2019年2月15日5时39分49秒	通过fd发送了一次数据，fd为:1883
2019年2月15日5时39分49秒	通过fd发送了一次数据，fd为:1884
2019年2月15日5时39分49秒	通过fd发送了一次数据，fd为:1884
2019年2月15日5时39分49秒	通过fd发送了一次数据，fd为:1886
2019年2月15日5时39分49秒	通过fd发送了一次数据，fd为:1887
2019年2月15日5时39分49秒	通过fd发送了一次数据，fd为:1888
2019年2月15日5时39分49秒	通过fd发送了一次数据，fd为:1889
2019年2月15日5时39分49秒	通过fd发送了一次数据，fd为:1890
2019年2月15日5时39分49秒	通过fd发送了一次数据，fd为:1891
2019年2月15日5时39分49秒	通过fd发送了一次数据，fd为:1890
2019年2月15日5时39分49秒	通过fd发送了一次数据，fd为:
1892
2019年2月15日5时39分49秒	通过fd发送了一次数据，fd为:1893
2019年2月15日5时39分49秒	通过fd发送了一次数据，fd为:1894
2019年2月15日5时39分49秒	通过fd发送了一次数据，fd为:1893
2019年2月15日5时39分49秒	通过fd发送了一次数据，fd为:1895
2019年2月15日5时39分49秒	通过fd发送了一次数据，fd为:1896
2019年2月15日5时39分49秒	通过fd发送了一次数据，fd为:1897
2019年2月15日5时39分49秒	通过fd发送了一次数据，fd为:1898
2019年2月15日5时39分49秒	通过fd发送了一次数据，fd为:1899
2019年2月15日5时39分49秒	通过fd发送了一次数据，fd为:1900
2019年2月15日5时39分49秒	通过fd发送了一次数据，fd为:1900
2019年2月15日5时39分49秒	通过fd发送了一次数据，fd为:1901
2019年2月15日5时39分49秒	通过fd发送了一次数据，fd为:1902
2019年2月15日5时39分49秒	通过fd发送了一次数据，fd为:1903
2019年2月15日5时39分49秒	通过fd发送了一次数据，fd为:
2019年2月15日5时39分49秒	通过fd发送了一次数据，fd为:1905
2019年2月15日5时39分49秒	通过fd发送了一次数据，fd为:1906
2019年2月15日5时39分49秒	通过fd发送了一次数据，fd为:1907
2019年2月15日5时39分49秒	通过fd发送了一次数据，fd为:1908
2019年2月15日5时39分49秒	通过fd发送了一次数据，fd为:1909
2019年2月15日5时39分49秒	通过fd发送了一次数据，fd为:1910
2019年2月15日5时39分49秒	通过fd发送了一次数据，fd为:1911
2019年2月15日5时39分49秒	通过fd发送了一次数据，fd为:1912
2019年2月15日5时39分49秒	通过fd发送了一次数据，fd为:1913
2019年2月15日5时39分49秒	通过fd发送了一次数据，fd为:1914
2019年2月15日5时39分49秒	通过fd发送了一次数据，fd为:1915
2019年2月15日5时39分49秒	通过fd发送了一次数据，fd为:1916
2019年2月15日5时39分49秒	通过fd发送了一次数据，fd为:1917
2019年2月15日5时39分49秒	通过fd发送了一次数据，fd为:
2019年2月15日5时39分49秒	通过fd发送了一次数据，fd为:1919
2019年2月15日5时39分49秒	通过fd发送了一次数据，fd为:1920
2019年2月15日5时39分49秒	通过fd发送了一次数据，fd为:1921
2019年2月15日5时39分49秒	通过fd发送了一次数据，fd为:1922
2019年2月15日5时39分49秒	通过fd发送了一次数据，fd为:1923
2019年2月15日5时39分49秒	通过fd发送了一次数据，fd为:1924
2019年2月15日5时39分49秒	通过fd发送了一次数据，fd为:1925
2019年2月15日5时39分49秒	通过fd发送了一次数据，fd为:1926
2019年2月15日5时39分49秒	通过fd发送了一次数据，fd为:1925
2019年2月15日5时39分49秒	通过fd发送了一次数据，fd为:1927
2019年2月15日5时39分49秒	通过fd发送了一次数据，fd为:1925
2019年2月15日5时39分49秒	通过fd发送了一次数据，fd为:1928
2019年2月15日5时39分49秒	通过fd发送了一次数据，fd为:1929
2019年2月15日5时39分49秒	通过fd发送了一次数据，fd为:
1930
2019年2月15日5时39分49秒	通过fd发送了一次数据，fd为:1929
2019年2月15日5时39分49秒	通过fd发送了一次数据，fd为:1931
2019年2月15日5时39分49秒	通过fd发送了一次数据，fd为:1932
2019年2月15日5时39分49秒	通过fd发送了一次数据，fd为:1933
2019年2月15日5时39分49秒	通过fd发送了一次数据，fd为:1934
2019年2月15日5时39分49秒	通过fd发送了一次数据，fd为:1935
2019年2月15日5时39分49秒	通过fd发送了一次数据，fd为:1936
2019年2月15日5时39分49秒	通过fd发送了一次数据，fd为:1937
2019年2月15日5时39分49秒	通过fd发送了一次数据，fd为:1938
2019年2月15日5时39分49秒	通过fd发送了一次数据，fd为:1937
2019年2月15日5时39分49秒	通过fd发送了一次数据，fd为:1939
2019年2月15日5时39分49秒	通过fd发送了一次数据，fd为:1940
2019年2月15日5时39分49秒	通过fd发送了一次数据，fd为:1941
2019年2月15日5时39分49秒	通过fd发送了一次数据，fd为:
2019年2月15日5时39分49秒	通过fd发送了一次数据，fd为:1943
2019年2月15日5时39分49秒	通过fd发送了一次数据，fd为:1942
2019年2月15日5时39分49秒	通过fd发送了一次数据，fd为:1944
2019年2月15日5时39分49秒	通过fd发送了一次数据，fd为:1945
2019年2月15日5时39分49秒	通过fd发送了一次数据，fd为:1944
2019年2月15日5时39分49秒	通过fd发送了一次数据，fd为:1946
2019年2月15日5时39分49秒	通过fd发送了一次数据，fd为:1947
2019年2月15日5时39分49秒	通过fd发送了一次数据，fd为:1948
2019年2月15日5时39分49秒	通过fd发送了一次数据，fd为:1949
2019年2月15日5时39分49秒	通过fd发送了一次数据，fd为:1948
2019年2月15日5时39分49秒	通过fd发送了一次数据，fd为:1949
2019年2月15日5时39分49秒	通过fd发送了一次数据，fd为:1949
2019年2月15日5时39分49秒	通过fd发送了一次数据，fd为:1950
2019年2月15日5时39分49秒	通过fd发送了一次数据，fd为:
2019年2月15日5时39分49秒	通过fd发送了一次数据，fd为:1950
2019年2月15日5时39分49秒	通过fd发送了一次数据，fd为:1952
2019年2月15日5时39分49秒	通过fd发送了一次数据，fd为:1953
2019年2月15日5时39分49秒	通过fd发送了一次数据，fd为:1954
2019年2月15日5时39分49秒	通过fd发送了一次数据，fd为:1955
2019年2月15日5时39分49秒	通过fd发送了一次数据，fd为:1956
2019年2月15日5时39分49秒	通过fd发送了一次数据，fd为:1955
2019年2月15日5时39分49秒	通过fd发送了一次数据，fd为:1956
2019年2月15日5时39分49秒	通过fd发送了一次数据，fd为:1957
2019年2月15日5时39分49秒	通过fd发送了一次数据，fd为:1958
2019年2月15日5时39分49秒	通过fd发送了一次数据，fd为:1957
2019年2月15日5时39分49秒	通过fd发送了一次数据，fd为:1959
2019年2月15日5时39分49秒	通过fd发送了一次数据，fd为:1960
2019年2月15日5时39分49秒	通过fd发送了一次数据，fd为:
2019年2月15日5时39分49秒	通过fd发送了一次数据，fd为:1962
2019年2月15日5时39分49秒	通过fd发送了一次数据，fd为:1963
2019年2月15日5时39分49秒	通过fd发送了一次数据，fd为:1964
2019年2月15日5时39分49秒	通过fd发送了一次数据，fd为:1963
2019年2月15日5时39分49秒	通过fd发送了一次数据，fd为:1965
2019年2月15日5时39分49秒	通过fd发送了一次数据，fd为:1963
2019年2月15日5时39分49秒	通过fd发送了一次数据，fd为:1966
2019年2月15日5时39分49秒	通过fd发送了一次数据，fd为:1967
2019年2月15日5时39分49秒	通过fd发送了一次数据，fd为:1968
2019年2月15日5时39分49秒	通过fd发送了一次数据，fd为:1967
2019年2月15日5时39分49秒	通过fd发送了一次数据，fd为:1969
2019年2月15日5时39分49秒	通过fd发送了一次数据，fd为:1970
2019年2月15日5时39分49秒	通过fd发送了一次数据，fd为:1971
2019年2月15日5时39分49秒	通过fd发送了一次数据，fd为:
2019年2月15日5时39分49秒	通过fd发送了一次数据，fd为:1972
2019年2月15日5时39分49秒	通过fd发送了一次数据，fd为:1970
2019年2月15日5时39分49秒	通过fd发送了一次数据，fd为:1972
2019年2月15日5时39分49秒	通过fd发送了一次数据，fd为:1973
2019年2月15日5时39分49秒	通过fd发送了一次数据，fd为:1974
2019年2月15日5时39分49秒	通过fd发送了一次数据，fd为:1975
2019年2月15日5时39分49秒	通过fd发送了一次数据，fd为:1976
2019年2月15日5时39分49秒	通过fd发送了一次数据，fd为:1977
2019年2月15日5时39分49秒	通过fd发送了一次数据，fd为:1978
2019年2月15日5时39分49秒	通过fd发送了一次数据，fd为:1979
2019年2月15日5时39分49秒	通过fd发送了一次数据，fd为:1978
2019年2月15日5时39分49秒	通过fd发送了一次数据，fd为:1980
2019年2月15日5时39分49秒	通过fd发送了一次数据，fd为:1981
2019年2月15日5时39分49秒	通过fd发送了一次数据，fd为:
2019年2月15日5时39分49秒	通过fd发送了一次数据，fd为:1983
2019年2月15日5时39分49秒	通过fd发送了一次数据，fd为:1982
2019年2月15日5时39分49秒	通过fd发送了一次数据，fd为:1984
2019年2月15日5时39分49秒	通过fd发送了一次数据，fd为:1985
2019年2月15日5时39分49秒	通过fd发送了一次数据，fd为:1986
2019年2月15日5时39分49秒	通过fd发送了一次数据，fd为:1987
2019年2月15日5时39分49秒	通过fd发送了一次数据，fd为:1988
2019年2月15日5时39分49秒	通过fd发送了一次数据，fd为:1989
2019年2月15日5时39分49秒	通过fd发送了一次数据，fd为:1990
2019年2月15日5时39分49秒	通过fd发送了一次数据，fd为:1991
2019年2月15日5时39分49秒	通过fd发送了一次数据，fd为:1992
2019年2月15日5时39分49秒	通过fd发送了一次数据，fd为:1991
2019年2月15日5时39分49秒	通过fd发送了一次数据，fd为:1991
2019年2月15日5时39分49秒	通过fd发送了一次数据，fd为:
1992
2019年2月15日5时39分49秒	通过fd发送了一次数据，fd为:1993
2019年2月15日5时39分49秒	通过fd发送了一次数据，fd为:1994
2019年2月15日5时39分49秒	通过fd发送了一次数据，fd为:1995
2019年2月15日5时39分49秒	通过fd发送了一次数据，fd为:1996
2019年2月15日5时39分49秒	通过fd发送了一次数据，fd为:1997
2019年2月15日5时39分49秒	通过fd发送了一次数据，fd为:1998
2019年2月15日5时39分49秒	通过fd发送了一次数据，fd为:1999
2019年2月15日5时39分49秒	通过fd发送了一次数据，fd为:2000
2019年2月15日5时39分49秒	通过fd发送了一次数据，fd为:2001
2019年2月15日5时39分49秒	通过fd发送了一次数据，fd为:2002
2019年2月15日5时39分49秒	通过fd发送了一次数据，fd为:2003
2019年2月15日5时39分49秒	通过fd发送了一次数据，fd为:2004
2019年2月15日5时39分49秒	通过fd发送了一次数据，fd为:2005
2019年2月15日5时39分49秒	通过fd发送了一次数据，fd为:
2006
2019年2月15日5时39分49秒	通过fd发送了一次数据，fd为:2007
2019年2月15日5时39分49秒	通过fd发送了一次数据，fd为:2008
2019年2月15日5时39分49秒	通过fd发送了一次数据，fd为:2009
2019年2月15日5时39分49秒	通过fd发送了一次数据，fd为:2010
2019年2月15日5时39分49秒	通过fd发送了一次数据，fd为:2011
2019年2月15日5时39分49秒	通过fd发送了一次数据，fd为:2012
2019年2月15日5时39分49秒	通过fd发送了一次数据，fd为:2013
2019年2月15日5时39分49秒	通过fd发送了一次数据，fd为:2014
2019年2月15日5时39分49秒	通过fd发送了一次数据，fd为:2015
2019年2月15日5时39分49秒	通过fd发送了一次数据，fd为:2016
2019年2月15日5时39分49秒	通过fd发送了一次数据，fd为:2017
2019年2月15日5时39分49秒	通过fd发送了一次数据，fd为:2018
2019年2月15日5时39分49秒	通过fd发送了一次数据，fd为:2019
2019年2月15日5时39分49秒	通过fd发送了一次数据，fd为:
2019年2月15日5时39分49秒	通过fd发送了一次数据，fd为:2021
2019年2月15日5时39分49秒	通过fd发送了一次数据，fd为:2020
2019年2月15日5时39分49秒	通过fd发送了一次数据，fd为:2022
2019年2月15日5时39分49秒	通过fd发送了一次数据，fd为:2023
2019年2月15日5时39分49秒	通过fd发送了一次数据，fd为:2024
2019年2月15日5时39分49秒	通过fd发送了一次数据，fd为:2025
2019年2月15日5时39分49秒	通过fd发送了一次数据，fd为:2026
2019年2月15日5时39分49秒	通过fd发送了一次数据，fd为:2027
2019年2月15日5时39分49秒	通过fd发送了一次数据，fd为:2028
2019年2月15日5时39分49秒	通过fd发送了一次数据，fd为:2029
2019年2月15日5时39分49秒	通过fd发送了一次数据，fd为:2030
2019年2月15日5时39分49秒	通过fd发送了一次数据，fd为:2029
2019年2月15日5时39分49秒	通过fd发送了一次数据，fd为:2031
2019年2月15日5时39分49秒	通过fd发送了一次数据，fd为:
2019年2月15日5时39分49秒	通过fd发送了一次数据，fd为:2032
2019年2月15日5时39分49秒	通过fd发送了一次数据，fd为:2033
2019年2月15日5时39分49秒	通过fd发送了一次数据，fd为:2034
2019年2月15日5时39分49秒	通过fd发送了一次数据，fd为:2033
2019年2月15日5时39分49秒	通过fd发送了一次数据，fd为:2034
2019年2月15日5时39分49秒	通过fd发送了一次数据，fd为:2035
2019年2月15日5时39分49秒	通过fd发送了一次数据，fd为:2036
2019年2月15日5时39分49秒	通过fd发送了一次数据，fd为:2037
2019年2月15日5时39分49秒	通过fd发送了一次数据，fd为:2038
2019年2月15日5时39分49秒	通过fd发送了一次数据，fd为:2037
2019年2月15日5时39分49秒	通过fd发送了一次数据，fd为:2039
2019年2月15日5时39分49秒	通过fd发送了一次数据，fd为:2040
2019年2月15日5时39分49秒	通过fd发送了一次数据，fd为:2041
2019年2月15日5时39分49秒	通过fd发送了一次数据，fd为:
2019年2月15日5时39分49秒	通过fd发送了一次数据，fd为:2041
2019年2月15日5时39分49秒	通过fd发送了一次数据，fd为:2042
2019年2月15日5时39分49秒	通过fd发送了一次数据，fd为:2043
2019年2月15日5时39分49秒	通过fd发送了一次数据，fd为:2042
2019年2月15日5时39分49秒	通过fd发送了一次数据，fd为:2044
2019年2月15日5时39分49秒	通过fd发送了一次数据，fd为:2045
2019年2月15日5时39分49秒	通过fd发送了一次数据，fd为:2046
2019年2月15日5时39分49秒	通过fd发送了一次数据，fd为:2047
2019年2月15日5时39分49秒	通过fd发送了一次数据，fd为:2047
2019年2月15日5时39分49秒	通过fd发送了一次数据，fd为:2048
2019年2月15日5时39分49秒	通过fd发送了一次数据，fd为:2049
2019年2月15日5时39分49秒	通过fd发送了一次数据，fd为:2050
2019年2月15日5时39分49秒	通过fd发送了一次数据，fd为:2051
2019年2月15日5时39分49秒	通过fd发送了一次数据，fd为:
2051
2019年2月15日5时39分49秒	通过fd发送了一次数据，fd为:2052
2019年2月15日5时39分49秒	通过fd发送了一次数据，fd为:2053
2019年2月15日5时39分49秒	通过fd发送了一次数据，fd为:2054
2019年2月15日5时39分49秒	通过fd发送了一次数据，fd为:2055
2019年2月15日5时39分49秒	通过fd发送了一次数据，fd为:2056
2019年2月15日5时39分49秒	通过fd发送了一次数据，fd为:2057
2019年2月15日5时39分49秒	通过fd发送了一次数据，fd为:2058
2019年2月15日5时39分49秒	通过fd发送了一次数据，fd为:2057

2019年2月15日5时39分50秒	通过fd发送了一次数据，fd为:2059
2019年2月15日5时39分50秒	通过fd发送了一次数据，fd为:2060
2019年2月15日5时39分50秒	通过fd发送了一次数据，fd为:2060
2019年2月15日5时39分50秒	通过fd发送了一次数据，fd为:2061
2019年2月15日5时39分50秒	通过fd发送了一次数据，fd为:2062
2019年2月15日5时39分50秒	通过fd发送了一次数据，fd为:2063
2019年2月15日5时39分50秒	通过fd发送了一次数据，fd为:2064
2019年2月15日5时39分50秒	通过fd发送了一次数据，fd为:2065
2019年2月15日5时39分50秒	通过fd发送了一次数据，fd为:2066
2019年2月15日5时39分50秒	通过fd发送了一次数据，fd为:2065
2019年2月15日5时39分50秒	通过fd发送了一次数据，fd为:2067
2019年2月15日5时39分50秒	通过fd发送了一次数据，fd为:2068
2019年2月15日5时39分50秒	通过fd发送了一次数据，fd为:2069
2019年2月15日5时39分50秒	通过fd发送了一次数据，fd为:
2019年2月15日5时39分50秒	通过fd发送了一次数据，fd为:2070
2019年2月15日5时39分50秒	通过fd发送了一次数据，fd为:2071
2019年2月15日5时39分50秒	通过fd发送了一次数据，fd为:2072
2019年2月15日5时39分50秒	通过fd发送了一次数据，fd为:2073
2019年2月15日5时39分50秒	通过fd发送了一次数据，fd为:2072
2019年2月15日5时39分50秒	通过fd发送了一次数据，fd为:2074
2019年2月15日5时39分50秒	通过fd发送了一次数据，fd为:2075
2019年2月15日5时39分50秒	通过fd发送了一次数据，fd为:2076
2019年2月15日5时39分50秒	通过fd发送了一次数据，fd为:2077
2019年2月15日5时39分50秒	通过fd发送了一次数据，fd为:2076
2019年2月15日5时39分50秒	通过fd发送了一次数据，fd为:2078
2019年2月15日5时39分50秒	通过fd发送了一次数据，fd为:2079
2019年2月15日5时39分50秒	通过fd发送了一次数据，fd为:2080
2019年2月15日5时39分50秒	通过fd发送了一次数据，fd为:
2019年2月15日5时39分50秒	通过fd发送了一次数据，fd为:2080
2019年2月15日5时39分50秒	通过fd发送了一次数据，fd为:2081
2019年2月15日5时39分50秒	通过fd发送了一次数据，fd为:2081
2019年2月15日5时39分50秒	通过fd发送了一次数据，fd为:2082
2019年2月15日5时39分50秒	通过fd发送了一次数据，fd为:2083
2019年2月15日5时39分50秒	通过fd发送了一次数据，fd为:2082
2019年2月15日5时39分50秒	通过fd发送了一次数据，fd为:2084
2019年2月15日5时39分50秒	通过fd发送了一次数据，fd为:2085
2019年2月15日5时39分50秒	通过fd发送了一次数据，fd为:2086
2019年2月15日5时39分50秒	通过fd发送了一次数据，fd为:2087
2019年2月15日5时39分50秒	通过fd发送了一次数据，fd为:2088
2019年2月15日5时39分50秒	通过fd发送了一次数据，fd为:2089
2019年2月15日5时39分50秒	通过fd发送了一次数据，fd为:2090
2019年2月15日5时39分50秒	通过fd发送了一次数据，fd为:
2091
2019年2月15日5时39分50秒	通过fd发送了一次数据，fd为:2092
2019年2月15日5时39分50秒	通过fd发送了一次数据，fd为:2093
2019年2月15日5时39分50秒	通过fd发送了一次数据，fd为:2094
2019年2月15日5时39分50秒	通过fd发送了一次数据，fd为:2095
2019年2月15日5时39分50秒	通过fd发送了一次数据，fd为:2096
2019年2月15日5时39分50秒	通过fd发送了一次数据，fd为:2097
2019年2月15日5时39分50秒	通过fd发送了一次数据，fd为:2098
2019年2月15日5时39分50秒	通过fd发送了一次数据，fd为:2097
2019年2月15日5时39分50秒	通过fd发送了一次数据，fd为:2099
2019年2月15日5时39分50秒	通过fd发送了一次数据，fd为:2099
2019年2月15日5时39分50秒	通过fd发送了一次数据，fd为:2100
2019年2月15日5时39分50秒	通过fd发送了一次数据，fd为:2099
2019年2月15日5时39分50秒	通过fd发送了一次数据，fd为:2101
2019年2月15日5时39分50秒	通过fd发送了一次数据，fd为:
2019年2月15日5时39分50秒	通过fd发送了一次数据，fd为:2102
2019年2月15日5时39分50秒	通过fd发送了一次数据，fd为:2103
2019年2月15日5时39分50秒	通过fd发送了一次数据，fd为:2103
2019年2月15日5时39分50秒	通过fd发送了一次数据，fd为:2104
2019年2月15日5时39分50秒	通过fd发送了一次数据，fd为:2105
2019年2月15日5时39分50秒	通过fd发送了一次数据，fd为:2106
2019年2月15日5时39分50秒	通过fd发送了一次数据，fd为:2107
2019年2月15日5时39分50秒	通过fd发送了一次数据，fd为:2106
2019年2月15日5时39分50秒	通过fd发送了一次数据，fd为:2108
2019年2月15日5时39分50秒	通过fd发送了一次数据，fd为:2109
2019年2月15日5时39分50秒	通过fd发送了一次数据，fd为:2109
2019年2月15日5时39分50秒	通过fd发送了一次数据，fd为:2110
2019年2月15日5时39分50秒	通过fd发送了一次数据，fd为:2111
2019年2月15日5时39分50秒	通过fd发送了一次数据，fd为:
2110
2019年2月15日5时39分50秒	通过fd发送了一次数据，fd为:2112
2019年2月15日5时39分50秒	通过fd发送了一次数据，fd为:2112
2019年2月15日5时39分50秒	通过fd发送了一次数据，fd为:2112
2019年2月15日5时39分50秒	通过fd发送了一次数据，fd为:2113
2019年2月15日5时39分50秒	通过fd发送了一次数据，fd为:2114
2019年2月15日5时39分50秒	通过fd发送了一次数据，fd为:2115
2019年2月15日5时39分50秒	通过fd发送了一次数据，fd为:2116
2019年2月15日5时39分50秒	通过fd发送了一次数据，fd为:2117
2019年2月15日5时39分50秒	通过fd发送了一次数据，fd为:2117
2019年2月15日5时39分50秒	通过fd发送了一次数据，fd为:2117
2019年2月15日5时39分50秒	通过fd发送了一次数据，fd为:2118
2019年2月15日5时39分50秒	通过fd发送了一次数据，fd为:2119
2019年2月15日5时39分50秒	通过fd发送了一次数据，fd为:2120
2019年2月15日5时39分50秒	通过fd发送了一次数据，fd为:
2019年2月15日5时39分50秒	通过fd发送了一次数据，fd为:2121
2019年2月15日5时39分50秒	通过fd发送了一次数据，fd为:2122
2019年2月15日5时39分50秒	通过fd发送了一次数据，fd为:2123
2019年2月15日5时39分50秒	通过fd发送了一次数据，fd为:2124
2019年2月15日5时39分50秒	通过fd发送了一次数据，fd为:2123
2019年2月15日5时39分50秒	通过fd发送了一次数据，fd为:2123
2019年2月15日5时39分50秒	通过fd发送了一次数据，fd为:2124
2019年2月15日5时39分50秒	通过fd发送了一次数据，fd为:2125
2019年2月15日5时39分50秒	通过fd发送了一次数据，fd为:2126
2019年2月15日5时39分50秒	通过fd发送了一次数据，fd为:2127
2019年2月15日5时39分50秒	通过fd发送了一次数据，fd为:2128
2019年2月15日5时39分50秒	通过fd发送了一次数据，fd为:2129
2019年2月15日5时39分50秒	通过fd发送了一次数据，fd为:2130
2019年2月15日5时39分50秒	通过fd发送了一次数据，fd为:
2019年2月15日5时39分50秒	通过fd发送了一次数据，fd为:2131
2019年2月15日5时39分50秒	通过fd发送了一次数据，fd为:2130
2019年2月15日5时39分50秒	通过fd发送了一次数据，fd为:2131
2019年2月15日5时39分50秒	通过fd发送了一次数据，fd为:2131
2019年2月15日5时39分50秒	通过fd发送了一次数据，fd为:2132
2019年2月15日5时39分50秒	通过fd发送了一次数据，fd为:2133
2019年2月15日5时39分50秒	通过fd发送了一次数据，fd为:2134
2019年2月15日5时39分50秒	通过fd发送了一次数据，fd为:2135
2019年2月15日5时39分50秒	通过fd发送了一次数据，fd为:2136
2019年2月15日5时39分50秒	通过fd发送了一次数据，fd为:2137
2019年2月15日5时39分50秒	通过fd发送了一次数据，fd为:2137
2019年2月15日5时39分50秒	通过fd发送了一次数据，fd为:2138
2019年2月15日5时39分50秒	通过fd发送了一次数据，fd为:2137
2019年2月15日5时39分50秒	通过fd发送了一次数据，fd为:
2139
2019年2月15日5时39分50秒	通过fd发送了一次数据，fd为:2140
2019年2月15日5时39分50秒	通过fd发送了一次数据，fd为:2139
2019年2月15日5时39分50秒	通过fd发送了一次数据，fd为:2141
2019年2月15日5时39分50秒	通过fd发送了一次数据，fd为:2142
2019年2月15日5时39分50秒	通过fd发送了一次数据，fd为:2143
2019年2月15日5时39分50秒	通过fd发送了一次数据，fd为:2144
2019年2月15日5时39分50秒	通过fd发送了一次数据，fd为:2145
2019年2月15日5时39分50秒	通过fd发送了一次数据，fd为:2144
2019年2月15日5时39分50秒	通过fd发送了一次数据，fd为:2146
2019年2月15日5时39分50秒	通过fd发送了一次数据，fd为:2147
2019年2月15日5时39分50秒	通过fd发送了一次数据，fd为:2148
2019年2月15日5时39分50秒	通过fd发送了一次数据，fd为:2149
2019年2月15日5时39分50秒	通过fd发送了一次数据，fd为:2148
2019年2月15日5时39分50秒	通过fd发送了一次数据，fd为:
2019年2月15日5时39分50秒	通过fd发送了一次数据，fd为:2151
2019年2月15日5时39分50秒	通过fd发送了一次数据，fd为:2152
2019年2月15日5时39分50秒	通过fd发送了一次数据，fd为:2151
2019年2月15日5时39分50秒	通过fd发送了一次数据，fd为:2153
2019年2月15日5时39分50秒	通过fd发送了一次数据，fd为:2153
2019年2月15日5时39分50秒	通过fd发送了一次数据，fd为:2153
2019年2月15日5时39分50秒	通过fd发送了一次数据，fd为:2154
2019年2月15日5时39分50秒	通过fd发送了一次数据，fd为:2155
2019年2月15日5时39分50秒	通过fd发送了一次数据，fd为:2156
2019年2月15日5时39分50秒	通过fd发送了一次数据，fd为:2157
2019年2月15日5时39分50秒	通过fd发送了一次数据，fd为:2158
2019年2月15日5时39分50秒	通过fd发送了一次数据，fd为:2157
2019年2月15日5时39分50秒	通过fd发送了一次数据，fd为:2158
2019年2月15日5时39分50秒	通过fd发送了一次数据，fd为:
2159
2019年2月15日5时39分50秒	通过fd发送了一次数据，fd为:2160
2019年2月15日5时39分50秒	通过fd发送了一次数据，fd为:2159
2019年2月15日5时39分50秒	通过fd发送了一次数据，fd为:2161
2019年2月15日5时39分50秒	通过fd发送了一次数据，fd为:2162
2019年2月15日5时39分50秒	通过fd发送了一次数据，fd为:2163
2019年2月15日5时39分50秒	通过fd发送了一次数据，fd为:2164
2019年2月15日5时39分50秒	通过fd发送了一次数据，fd为:2165
2019年2月15日5时39分50秒	通过fd发送了一次数据，fd为:2166
2019年2月15日5时39分50秒	通过fd发送了一次数据，fd为:2167
2019年2月15日5时39分50秒	通过fd发送了一次数据，fd为:2168
2019年2月15日5时39分50秒	通过fd发送了一次数据，fd为:2169
2019年2月15日5时39分50秒	通过fd发送了一次数据，fd为:2170
2019年2月15日5时39分50秒	通过fd发送了一次数据，fd为:2171
2019年2月15日5时39分50秒	通过fd发送了一次数据，fd为:
2172
2019年2月15日5时39分50秒	通过fd发送了一次数据，fd为:2173
2019年2月15日5时39分50秒	通过fd发送了一次数据，fd为:2174
2019年2月15日5时39分50秒	通过fd发送了一次数据，fd为:2175
2019年2月15日5时39分50秒	通过fd发送了一次数据，fd为:2176
2019年2月15日5时39分50秒	通过fd发送了一次数据，fd为:2177
2019年2月15日5时39分50秒	通过fd发送了一次数据，fd为:2178
2019年2月15日5时39分50秒	通过fd发送了一次数据，fd为:2179
2019年2月15日5时39分50秒	通过fd发送了一次数据，fd为:2180
2019年2月15日5时39分50秒	通过fd发送了一次数据，fd为:2181
2019年2月15日5时39分50秒	通过fd发送了一次数据，fd为:2182
2019年2月15日5时39分50秒	通过fd发送了一次数据，fd为:2181
2019年2月15日5时39分50秒	通过fd发送了一次数据，fd为:2183
2019年2月15日5时39分50秒	通过fd发送了一次数据，fd为:2184
2019年2月15日5时39分50秒	通过fd发送了一次数据，fd为:
2185
2019年2月15日5时39分50秒	通过fd发送了一次数据，fd为:2186
2019年2月15日5时39分50秒	通过fd发送了一次数据，fd为:2187
2019年2月15日5时39分50秒	通过fd发送了一次数据，fd为:2188
2019年2月15日5时39分50秒	通过fd发送了一次数据，fd为:2189
2019年2月15日5时39分50秒	通过fd发送了一次数据，fd为:2190
2019年2月15日5时39分50秒	通过fd发送了一次数据，fd为:2190
2019年2月15日5时39分50秒	通过fd发送了一次数据，fd为:2191
2019年2月15日5时39分50秒	通过fd发送了一次数据，fd为:2192
2019年2月15日5时39分50秒	通过fd发送了一次数据，fd为:2193
2019年2月15日5时39分50秒	通过fd发送了一次数据，fd为:2194
2019年2月15日5时39分50秒	通过fd发送了一次数据，fd为:2193
2019年2月15日5时39分50秒	通过fd发送了一次数据，fd为:2195
2019年2月15日5时39分50秒	通过fd发送了一次数据，fd为:2195
2019年2月15日5时39分50秒	通过fd发送了一次数据，fd为:
2019年2月15日5时39分50秒	通过fd发送了一次数据，fd为:2197
2019年2月15日5时39分50秒	通过fd发送了一次数据，fd为:2196
2019年2月15日5时39分50秒	通过fd发送了一次数据，fd为:2198
2019年2月15日5时39分50秒	通过fd发送了一次数据，fd为:2199
2019年2月15日5时39分50秒	通过fd发送了一次数据，fd为:2200
2019年2月15日5时39分50秒	通过fd发送了一次数据，fd为:2201
2019年2月15日5时39分50秒	通过fd发送了一次数据，fd为:2200
2019年2月15日5时39分50秒	通过fd发送了一次数据，fd为:2199
2019年2月15日5时39分50秒	通过fd发送了一次数据，fd为:2202
2019年2月15日5时39分50秒	通过fd发送了一次数据，fd为:2203
2019年2月15日5时39分50秒	通过fd发送了一次数据，fd为:2204
2019年2月15日5时39分50秒	通过fd发送了一次数据，fd为:2205
2019年2月15日5时39分50秒	通过fd发送了一次数据，fd为:2206
2019年2月15日5时39分50秒	通过fd发送了一次数据，fd为:
2207
2019年2月15日5时39分50秒	通过fd发送了一次数据，fd为:2207
2019年2月15日5时39分50秒	通过fd发送了一次数据，fd为:2208
2019年2月15日5时39分50秒	通过fd发送了一次数据，fd为:2207
2019年2月15日5时39分50秒	通过fd发送了一次数据，fd为:2209
2019年2月15日5时39分50秒	通过fd发送了一次数据，fd为:2210
2019年2月15日5时39分50秒	通过fd发送了一次数据，fd为:2211
2019年2月15日5时39分50秒	通过fd发送了一次数据，fd为:2212
2019年2月15日5时39分50秒	通过fd发送了一次数据，fd为:2213
2019年2月15日5时39分50秒	通过fd发送了一次数据，fd为:2214
2019年2月15日5时39分50秒	通过fd发送了一次数据，fd为:2214
2019年2月15日5时39分50秒	通过fd发送了一次数据，fd为:2215
2019年2月15日5时39分50秒	通过fd发送了一次数据，fd为:2214
2019年2月15日5时39分50秒	通过fd发送了一次数据，fd为:2215
2019年2月15日5时39分50秒	通过fd发送了一次数据，fd为:
2216
2019年2月15日5时39分50秒	通过fd发送了一次数据，fd为:2217
2019年2月15日5时39分50秒	通过fd发送了一次数据，fd为:2218
2019年2月15日5时39分50秒	通过fd发送了一次数据，fd为:2219
2019年2月15日5时39分50秒	通过fd发送了一次数据，fd为:2220
2019年2月15日5时39分50秒	通过fd发送了一次数据，fd为:2221
2019年2月15日5时39分50秒	通过fd发送了一次数据，fd为:2222
2019年2月15日5时39分50秒	通过fd发送了一次数据，fd为:2223
2019年2月15日5时39分50秒	通过fd发送了一次数据，fd为:2222
2019年2月15日5时39分50秒	通过fd发送了一次数据，fd为:2224
2019年2月15日5时39分50秒	通过fd发送了一次数据，fd为:2222
2019年2月15日5时39分50秒	通过fd发送了一次数据，fd为:2225
2019年2月15日5时39分50秒	通过fd发送了一次数据，fd为:2226
2019年2月15日5时39分50秒	通过fd发送了一次数据，fd为:2227
2019年2月15日5时39分50秒	通过fd发送了一次数据，fd为:
2228
2019年2月15日5时39分50秒	通过fd发送了一次数据，fd为:2229
2019年2月15日5时39分50秒	通过fd发送了一次数据，fd为:2230
2019年2月15日5时39分50秒	通过fd发送了一次数据，fd为:2231
2019年2月15日5时39分50秒	通过fd发送了一次数据，fd为:2232
2019年2月15日5时39分50秒	通过fd发送了一次数据，fd为:2233
2019年2月15日5时39分50秒	通过fd发送了一次数据，fd为:2234
2019年2月15日5时39分50秒	通过fd发送了一次数据，fd为:2233
2019年2月15日5时39分50秒	通过fd发送了一次数据，fd为:2235
2019年2月15日5时39分50秒	通过fd发送了一次数据，fd为:2236
2019年2月15日5时39分50秒	通过fd发送了一次数据，fd为:2237
2019年2月15日5时39分50秒	通过fd发送了一次数据，fd为:2238
2019年2月15日5时39分50秒	通过fd发送了一次数据，fd为:2239
2019年2月15日5时39分50秒	通过fd发送了一次数据，fd为:2240
2019年2月15日5时39分50秒	通过fd发送了一次数据，fd为:
2241
2019年2月15日5时39分50秒	通过fd发送了一次数据，fd为:2242
2019年2月15日5时39分50秒	通过fd发送了一次数据，fd为:2243
2019年2月15日5时39分50秒	通过fd发送了一次数据，fd为:2244
2019年2月15日5时39分50秒	通过fd发送了一次数据，fd为:2245
2019年2月15日5时39分50秒	通过fd发送了一次数据，fd为:2246
2019年2月15日5时39分50秒	通过fd发送了一次数据，fd为:2247
2019年2月15日5时39分50秒	通过fd发送了一次数据，fd为:2248
2019年2月15日5时39分50秒	通过fd发送了一次数据，fd为:2249
2019年2月15日5时39分50秒	通过fd发送了一次数据，fd为:2250
2019年2月15日5时39分50秒	通过fd发送了一次数据，fd为:2249
2019年2月15日5时39分50秒	通过fd发送了一次数据，fd为:2251
2019年2月15日5时39分50秒	通过fd发送了一次数据，fd为:2252
2019年2月15日5时39分50秒	通过fd发送了一次数据，fd为:2253
2019年2月15日5时39分50秒	通过fd发送了一次数据，fd为:
2019年2月15日5时39分50秒	通过fd发送了一次数据，fd为:2255
2019年2月15日5时39分50秒	通过fd发送了一次数据，fd为:2256
2019年2月15日5时39分50秒	通过fd发送了一次数据，fd为:2257
2019年2月15日5时39分50秒	通过fd发送了一次数据，fd为:2257
2019年2月15日5时39分50秒	通过fd发送了一次数据，fd为:2258
2019年2月15日5时39分50秒	通过fd发送了一次数据，fd为:2259
2019年2月15日5时39分50秒	通过fd发送了一次数据，fd为:2260
2019年2月15日5时39分50秒	通过fd发送了一次数据，fd为:2261
2019年2月15日5时39分50秒	通过fd发送了一次数据，fd为:2262
2019年2月15日5时39分50秒	通过fd发送了一次数据，fd为:2263
2019年2月15日5时39分50秒	通过fd发送了一次数据，fd为:2263
2019年2月15日5时39分50秒	通过fd发送了一次数据，fd为:2264
2019年2月15日5时39分50秒	通过fd发送了一次数据，fd为:2265
2019年2月15日5时39分50秒	通过fd发送了一次数据，fd为:
2019年2月15日5时39分50秒	通过fd发送了一次数据，fd为:2267
2019年2月15日5时39分50秒	通过fd发送了一次数据，fd为:2266
2019年2月15日5时39分50秒	通过fd发送了一次数据，fd为:2268
2019年2月15日5时39分50秒	通过fd发送了一次数据，fd为:2269
2019年2月15日5时39分50秒	通过fd发送了一次数据，fd为:2268
2019年2月15日5时39分50秒	通过fd发送了一次数据，fd为:2270
2019年2月15日5时39分50秒	通过fd发送了一次数据，fd为:2271
2019年2月15日5时39分50秒	通过fd发送了一次数据，fd为:2272
2019年2月15日5时39分50秒	通过fd发送了一次数据，fd为:2273
2019年2月15日5时39分50秒	通过fd发送了一次数据，fd为:2273
2019年2月15日5时39分50秒	通过fd发送了一次数据，fd为:2274
2019年2月15日5时39分50秒	通过fd发送了一次数据，fd为:2275
2019年2月15日5时39分50秒	通过fd发送了一次数据，fd为:2276
2019年2月15日5时39分50秒	通过fd发送了一次数据，fd为:
2019年2月15日5时39分50秒	通过fd发送了一次数据，fd为:2278
2019年2月15日5时39分50秒	通过fd发送了一次数据，fd为:2279
2019年2月15日5时39分50秒	通过fd发送了一次数据，fd为:2280
2019年2月15日5时39分50秒	通过fd发送了一次数据，fd为:2281
2019年2月15日5时39分50秒	通过fd发送了一次数据，fd为:2282
2019年2月15日5时39分50秒	通过fd发送了一次数据，fd为:2283
2019年2月15日5时39分50秒	通过fd发送了一次数据，fd为:2284
2019年2月15日5时39分50秒	通过fd发送了一次数据，fd为:2285
2019年2月15日5时39分50秒	通过fd发送了一次数据，fd为:2286
2019年2月15日5时39分50秒	通过fd发送了一次数据，fd为:2287
2019年2月15日5时39分50秒	通过fd发送了一次数据，fd为:2288
2019年2月15日5时39分50秒	通过fd发送了一次数据，fd为:2289
2019年2月15日5时39分50秒	通过fd发送了一次数据，fd为:2290
2019年2月15日5时39分50秒	通过fd发送了一次数据，fd为:
2291
2019年2月15日5时39分50秒	通过fd发送了一次数据，fd为:2292
2019年2月15日5时39分50秒	通过fd发送了一次数据，fd为:2293
2019年2月15日5时39分50秒	通过fd发送了一次数据，fd为:2294
2019年2月15日5时39分50秒	通过fd发送了一次数据，fd为:2295
2019年2月15日5时39分50秒	通过fd发送了一次数据，fd为:2296
2019年2月15日5时39分50秒	通过fd发送了一次数据，fd为:2297
2019年2月15日5时39分50秒	通过fd发送了一次数据，fd为:2298
2019年2月15日5时39分50秒	通过fd发送了一次数据，fd为:2299
2019年2月15日5时39分50秒	通过fd发送了一次数据，fd为:2300
2019年2月15日5时39分50秒	通过fd发送了一次数据，fd为:2301
2019年2月15日5时39分50秒	通过fd发送了一次数据，fd为:2302
2019年2月15日5时39分50秒	通过fd发送了一次数据，fd为:2303
2019年2月15日5时39分50秒	通过fd发送了一次数据，fd为:2304
2019年2月15日5时39分50秒	通过fd发送了一次数据，fd为:
2019年2月15日5时39分50秒	通过fd发送了一次数据，fd为:2306
2019年2月15日5时39分50秒	通过fd发送了一次数据，fd为:2307
2019年2月15日5时39分50秒	通过fd发送了一次数据，fd为:2308
2019年2月15日5时39分50秒	通过fd发送了一次数据，fd为:2309
2019年2月15日5时39分50秒	通过fd发送了一次数据，fd为:2310
2019年2月15日5时39分50秒	通过fd发送了一次数据，fd为:2309
2019年2月15日5时39分50秒	通过fd发送了一次数据，fd为:2311
2019年2月15日5时39分50秒	通过fd发送了一次数据，fd为:2312
2019年2月15日5时39分50秒	通过fd发送了一次数据，fd为:2313
2019年2月15日5时39分50秒	通过fd发送了一次数据，fd为:2314
2019年2月15日5时39分50秒	通过fd发送了一次数据，fd为:2315
2019年2月15日5时39分50秒	通过fd发送了一次数据，fd为:2316
2019年2月15日5时39分50秒	通过fd发送了一次数据，fd为:2317
2019年2月15日5时39分50秒	通过fd发送了一次数据，fd为:
2019年2月15日5时39分50秒	通过fd发送了一次数据，fd为:2319
2019年2月15日5时39分50秒	通过fd发送了一次数据，fd为:2320
2019年2月15日5时39分50秒	通过fd发送了一次数据，fd为:2321
2019年2月15日5时39分50秒	通过fd发送了一次数据，fd为:2322
2019年2月15日5时39分50秒	通过fd发送了一次数据，fd为:2323
2019年2月15日5时39分50秒	通过fd发送了一次数据，fd为:2324
2019年2月15日5时39分50秒	通过fd发送了一次数据，fd为:2325
2019年2月15日5时39分50秒	通过fd发送了一次数据，fd为:2326
2019年2月15日5时39分50秒	通过fd发送了一次数据，fd为:2325
2019年2月15日5时39分50秒	通过fd发送了一次数据，fd为:2327
2019年2月15日5时39分50秒	通过fd发送了一次数据，fd为:2328
2019年2月15日5时39分50秒	通过fd发送了一次数据，fd为:2329
2019年2月15日5时39分50秒	通过fd发送了一次数据，fd为:2330
2019年2月15日5时39分50秒	通过fd发送了一次数据，fd为:
2019年2月15日5时39分50秒	通过fd发送了一次数据，fd为:2332
2019年2月15日5时39分50秒	通过fd发送了一次数据，fd为:2333
2019年2月15日5时39分50秒	通过fd发送了一次数据，fd为:2334
2019年2月15日5时39分50秒	通过fd发送了一次数据，fd为:2335
2019年2月15日5时39分50秒	通过fd发送了一次数据，fd为:2336
2019年2月15日5时39分50秒	通过fd发送了一次数据，fd为:2337
2019年2月15日5时39分50秒	通过fd发送了一次数据，fd为:2338
2019年2月15日5时39分50秒	通过fd发送了一次数据，fd为:2339
2019年2月15日5时39分50秒	通过fd发送了一次数据，fd为:2340
2019年2月15日5时39分50秒	通过fd发送了一次数据，fd为:2341
2019年2月15日5时39分50秒	通过fd发送了一次数据，fd为:2342
2019年2月15日5时39分50秒	通过fd发送了一次数据，fd为:2343
2019年2月15日5时39分50秒	通过fd发送了一次数据，fd为:2342
2019年2月15日5时39分50秒	通过fd发送了一次数据，fd为:
2019年2月15日5时39分50秒	通过fd发送了一次数据，fd为:2345
2019年2月15日5时39分50秒	通过fd发送了一次数据，fd为:2346
2019年2月15日5时39分50秒	通过fd发送了一次数据，fd为:2347
2019年2月15日5时39分50秒	通过fd发送了一次数据，fd为:2348
2019年2月15日5时39分50秒	通过fd发送了一次数据，fd为:2349
2019年2月15日5时39分50秒	通过fd发送了一次数据，fd为:2350
2019年2月15日5时39分50秒	通过fd发送了一次数据，fd为:2351
2019年2月15日5时39分50秒	通过fd发送了一次数据，fd为:2352
2019年2月15日5时39分50秒	通过fd发送了一次数据，fd为:2351
2019年2月15日5时39分50秒	通过fd发送了一次数据，fd为:2353
2019年2月15日5时39分50秒	通过fd发送了一次数据，fd为:2351
2019年2月15日5时39分50秒	通过fd发送了一次数据，fd为:2354
2019年2月15日5时39分50秒	通过fd发送了一次数据，fd为:2355
2019年2月15日5时39分50秒	通过fd发送了一次数据，fd为:
2019年2月15日5时39分50秒	通过fd发送了一次数据，fd为:2357
2019年2月15日5时39分50秒	通过fd发送了一次数据，fd为:2356
2019年2月15日5时39分50秒	通过fd发送了一次数据，fd为:2358
2019年2月15日5时39分50秒	通过fd发送了一次数据，fd为:2359
2019年2月15日5时39分50秒	通过fd发送了一次数据，fd为:2360
2019年2月15日5时39分50秒	通过fd发送了一次数据，fd为:2361
2019年2月15日5时39分50秒	通过fd发送了一次数据，fd为:2362
2019年2月15日5时39分50秒	通过fd发送了一次数据，fd为:2363
2019年2月15日5时39分50秒	通过fd发送了一次数据，fd为:2363
2019年2月15日5时39分50秒	通过fd发送了一次数据，fd为:2364
2019年2月15日5时39分50秒	通过fd发送了一次数据，fd为:2365
2019年2月15日5时39分50秒	通过fd发送了一次数据，fd为:2366
2019年2月15日5时39分50秒	通过fd发送了一次数据，fd为:2367
2019年2月15日5时39分50秒	通过fd发送了一次数据，fd为:
2368
2019年2月15日5时39分50秒	通过fd发送了一次数据，fd为:2369
2019年2月15日5时39分50秒	通过fd发送了一次数据，fd为:2370
2019年2月15日5时39分50秒	通过fd发送了一次数据，fd为:2371
2019年2月15日5时39分50秒	通过fd发送了一次数据，fd为:2372
2019年2月15日5时39分50秒	通过fd发送了一次数据，fd为:2373
2019年2月15日5时39分50秒	通过fd发送了一次数据，fd为:2374
2019年2月15日5时39分50秒	通过fd发送了一次数据，fd为:2375
2019年2月15日5时39分50秒	通过fd发送了一次数据，fd为:2374
2019年2月15日5时39分50秒	通过fd发送了一次数据，fd为:2376
2019年2月15日5时39分50秒	通过fd发送了一次数据，fd为:2377
2019年2月15日5时39分50秒	通过fd发送了一次数据，fd为:2378
2019年2月15日5时39分50秒	通过fd发送了一次数据，fd为:2379
2019年2月15日5时39分50秒	通过fd发送了一次数据，fd为:2380
2019年2月15日5时39分50秒	通过fd发送了一次数据，fd为:
2381
2019年2月15日5时39分50秒	通过fd发送了一次数据，fd为:2382
2019年2月15日5时39分50秒	通过fd发送了一次数据，fd为:2382
2019年2月15日5时39分50秒	通过fd发送了一次数据，fd为:2383
2019年2月15日5时39分50秒	通过fd发送了一次数据，fd为:2382
2019年2月15日5时39分50秒	通过fd发送了一次数据，fd为:2384
2019年2月15日5时39分50秒	通过fd发送了一次数据，fd为:2385
2019年2月15日5时39分50秒	通过fd发送了一次数据，fd为:2386
2019年2月15日5时39分50秒	通过fd发送了一次数据，fd为:2387
2019年2月15日5时39分50秒	通过fd发送了一次数据，fd为:2388
2019年2月15日5时39分50秒	通过fd发送了一次数据，fd为:2389
2019年2月15日5时39分50秒	通过fd发送了一次数据，fd为:2390
2019年2月15日5时39分50秒	通过fd发送了一次数据，fd为:2391
2019年2月15日5时39分50秒	通过fd发送了一次数据，fd为:2392
2019年2月15日5时39分50秒	通过fd发送了一次数据，fd为:
2019年2月15日5时39分50秒	通过fd发送了一次数据，fd为:2394
2019年2月15日5时39分50秒	通过fd发送了一次数据，fd为:2393
2019年2月15日5时39分50秒	通过fd发送了一次数据，fd为:2395
2019年2月15日5时39分50秒	通过fd发送了一次数据，fd为:2395
2019年2月15日5时39分50秒	通过fd发送了一次数据，fd为:2396
2019年2月15日5时39分50秒	通过fd发送了一次数据，fd为:2397
2019年2月15日5时39分50秒	通过fd发送了一次数据，fd为:2398
2019年2月15日5时39分50秒	通过fd发送了一次数据，fd为:2399
2019年2月15日5时39分50秒	通过fd发送了一次数据，fd为:2400
2019年2月15日5时39分50秒	通过fd发送了一次数据，fd为:2399
2019年2月15日5时39分50秒	通过fd发送了一次数据，fd为:2401
2019年2月15日5时39分50秒	通过fd发送了一次数据，fd为:2399
2019年2月15日5时39分50秒	通过fd发送了一次数据，fd为:2402
2019年2月15日5时39分50秒	通过fd发送了一次数据，fd为:
2019年2月15日5时39分50秒	通过fd发送了一次数据，fd为:2404
2019年2月15日5时39分50秒	通过fd发送了一次数据，fd为:2405
2019年2月15日5时39分50秒	通过fd发送了一次数据，fd为:2406
2019年2月15日5时39分50秒	通过fd发送了一次数据，fd为:2407
2019年2月15日5时39分50秒	通过fd发送了一次数据，fd为:2408
2019年2月15日5时39分50秒	通过fd发送了一次数据，fd为:2407
2019年2月15日5时39分50秒	通过fd发送了一次数据，fd为:2408
2019年2月15日5时39分51秒	通过fd发送了一次数据，fd为:2409
2019年2月15日5时39分51秒	通过fd发送了一次数据，fd为:2410
2019年2月15日5时39分51秒	通过fd发送了一次数据，fd为:2411
2019年2月15日5时39分51秒	通过fd发送了一次数据，fd为:2412
2019年2月15日5时39分51秒	通过fd发送了一次数据，fd为:2413
2019年2月15日5时39分51秒	通过fd发送了一次数据，fd为:2414
2019年2月15日5时39分51秒	通过fd发送了一次数据，fd为:
2019年2月15日5时39分51秒	通过fd发送了一次数据，fd为:2416
2019年2月15日5时39分51秒	通过fd发送了一次数据，fd为:2417
2019年2月15日5时39分51秒	通过fd发送了一次数据，fd为:2418
2019年2月15日5时39分51秒	通过fd发送了一次数据，fd为:2417
2019年2月15日5时39分51秒	通过fd发送了一次数据，fd为:2419
2019年2月15日5时39分51秒	通过fd发送了一次数据，fd为:2420
2019年2月15日5时39分51秒	通过fd发送了一次数据，fd为:2421
2019年2月15日5时39分51秒	通过fd发送了一次数据，fd为:2422
2019年2月15日5时39分51秒	通过fd发送了一次数据，fd为:2423
2019年2月15日5时39分51秒	通过fd发送了一次数据，fd为:2424
2019年2月15日5时39分51秒	通过fd发送了一次数据，fd为:2425
2019年2月15日5时39分51秒	通过fd发送了一次数据，fd为:2426
2019年2月15日5时39分51秒	通过fd发送了一次数据，fd为:2427
2019年2月15日5时39分51秒	通过fd发送了一次数据，fd为:
2019年2月15日5时39分51秒	通过fd发送了一次数据，fd为:2427
2019年2月15日5时39分51秒	通过fd发送了一次数据，fd为:2427
2019年2月15日5时39分51秒	通过fd发送了一次数据，fd为:2429
2019年2月15日5时39分51秒	通过fd发送了一次数据，fd为:2430
2019年2月15日5时39分51秒	通过fd发送了一次数据，fd为:2431
2019年2月15日5时39分51秒	通过fd发送了一次数据，fd为:2432
2019年2月15日5时39分51秒	通过fd发送了一次数据，fd为:2433
2019年2月15日5时39分51秒	通过fd发送了一次数据，fd为:2434
2019年2月15日5时39分51秒	通过fd发送了一次数据，fd为:2435
2019年2月15日5时39分51秒	通过fd发送了一次数据，fd为:2436
2019年2月15日5时39分51秒	通过fd发送了一次数据，fd为:2435
2019年2月15日5时39分51秒	通过fd发送了一次数据，fd为:2435
2019年2月15日5时39分51秒	通过fd发送了一次数据，fd为:2436
2019年2月15日5时39分51秒	通过fd发送了一次数据，fd为:
2019年2月15日5时39分51秒	通过fd发送了一次数据，fd为:2438
2019年2月15日5时39分51秒	通过fd发送了一次数据，fd为:2439
2019年2月15日5时39分51秒	通过fd发送了一次数据，fd为:2440
2019年2月15日5时39分51秒	通过fd发送了一次数据，fd为:2441
2019年2月15日5时39分51秒	通过fd发送了一次数据，fd为:2442
2019年2月15日5时39分51秒	通过fd发送了一次数据，fd为:2442
2019年2月15日5时39分51秒	通过fd发送了一次数据，fd为:2443
2019年2月15日5时39分51秒	通过fd发送了一次数据，fd为:2444
2019年2月15日5时39分51秒	通过fd发送了一次数据，fd为:2445
2019年2月15日5时39分51秒	通过fd发送了一次数据，fd为:2446
2019年2月15日5时39分51秒	通过fd发送了一次数据，fd为:2447
2019年2月15日5时39分51秒	通过fd发送了一次数据，fd为:2448
2019年2月15日5时39分51秒	通过fd发送了一次数据，fd为:2449
2019年2月15日5时39分51秒	通过fd发送了一次数据，fd为:
2448
2019年2月15日5时39分51秒	通过fd发送了一次数据，fd为:2450
2019年2月15日5时39分51秒	通过fd发送了一次数据，fd为:2448
2019年2月15日5时39分51秒	通过fd发送了一次数据，fd为:2450
2019年2月15日5时39分51秒	通过fd发送了一次数据，fd为:2451
2019年2月15日5时39分51秒	通过fd发送了一次数据，fd为:2452
2019年2月15日5时39分51秒	通过fd发送了一次数据，fd为:2452
2019年2月15日5时39分51秒	通过fd发送了一次数据，fd为:2453
2019年2月15日5时39分51秒	通过fd发送了一次数据，fd为:2454
2019年2月15日5时39分51秒	通过fd发送了一次数据，fd为:2455
2019年2月15日5时39分51秒	通过fd发送了一次数据，fd为:2456
2019年2月15日5时39分51秒	通过fd发送了一次数据，fd为:2457
2019年2月15日5时39分51秒	通过fd发送了一次数据，fd为:2456
2019年2月15日5时39分51秒	通过fd发送了一次数据，fd为:2457
2019年2月15日5时39分51秒	通过fd发送了一次数据，fd为:
2019年2月15日5时39分51秒	通过fd发送了一次数据，fd为:2459
2019年2月15日5时39分51秒	通过fd发送了一次数据，fd为:2460
2019年2月15日5时39分51秒	通过fd发送了一次数据，fd为:2461
2019年2月15日5时39分51秒	通过fd发送了一次数据，fd为:2462
2019年2月15日5时39分51秒	通过fd发送了一次数据，fd为:2463
2019年2月15日5时39分51秒	通过fd发送了一次数据，fd为:2464
2019年2月15日5时39分51秒	通过fd发送了一次数据，fd为:2464
2019年2月15日5时39分51秒	通过fd发送了一次数据，fd为:2465
2019年2月15日5时39分51秒	通过fd发送了一次数据，fd为:2464
2019年2月15日5时39分51秒	通过fd发送了一次数据，fd为:2466
2019年2月15日5时39分51秒	通过fd发送了一次数据，fd为:2467
2019年2月15日5时39分51秒	通过fd发送了一次数据，fd为:2468
2019年2月15日5时39分51秒	通过fd发送了一次数据，fd为:2469
2019年2月15日5时39分51秒	通过fd发送了一次数据，fd为:
2019年2月15日5时39分51秒	通过fd发送了一次数据，fd为:2469
2019年2月15日5时39分51秒	通过fd发送了一次数据，fd为:2470
2019年2月15日5时39分51秒	通过fd发送了一次数据，fd为:2471
2019年2月15日5时39分51秒	通过fd发送了一次数据，fd为:2472
2019年2月15日5时39分51秒	通过fd发送了一次数据，fd为:2471
2019年2月15日5时39分51秒	通过fd发送了一次数据，fd为:2473
2019年2月15日5时39分51秒	通过fd发送了一次数据，fd为:2474
2019年2月15日5时39分51秒	通过fd发送了一次数据，fd为:2475
2019年2月15日5时39分51秒	通过fd发送了一次数据，fd为:2476
2019年2月15日5时39分51秒	通过fd发送了一次数据，fd为:2477
2019年2月15日5时39分51秒	通过fd发送了一次数据，fd为:2476
2019年2月15日5时39分51秒	通过fd发送了一次数据，fd为:2478
2019年2月15日5时39分51秒	通过fd发送了一次数据，fd为:2479
2019年2月15日5时39分51秒	通过fd发送了一次数据，fd为:
2019年2月15日5时39分51秒	通过fd发送了一次数据，fd为:2479
2019年2月15日5时39分51秒	通过fd发送了一次数据，fd为:2480
2019年2月15日5时39分51秒	通过fd发送了一次数据，fd为:2481
2019年2月15日5时39分51秒	通过fd发送了一次数据，fd为:2481
2019年2月15日5时39分51秒	通过fd发送了一次数据，fd为:2482
2019年2月15日5时39分51秒	通过fd发送了一次数据，fd为:2483
2019年2月15日5时39分51秒	通过fd发送了一次数据，fd为:2484
2019年2月15日5时39分51秒	通过fd发送了一次数据，fd为:2484
2019年2月15日5时39分51秒	通过fd发送了一次数据，fd为:2485
2019年2月15日5时39分51秒	通过fd发送了一次数据，fd为:2486
2019年2月15日5时39分51秒	通过fd发送了一次数据，fd为:2487
2019年2月15日5时39分51秒	通过fd发送了一次数据，fd为:2488
2019年2月15日5时39分51秒	通过fd发送了一次数据，fd为:2489
2019年2月15日5时39分51秒	通过fd发送了一次数据，fd为:
2019年2月15日5时39分51秒	通过fd发送了一次数据，fd为:2490
2019年2月15日5时39分51秒	通过fd发送了一次数据，fd为:2491
2019年2月15日5时39分51秒	通过fd发送了一次数据，fd为:2492
2019年2月15日5时39分51秒	通过fd发送了一次数据，fd为:2493
2019年2月15日5时39分51秒	通过fd发送了一次数据，fd为:2494
2019年2月15日5时39分51秒	通过fd发送了一次数据，fd为:2495
2019年2月15日5时39分51秒	通过fd发送了一次数据，fd为:2496
2019年2月15日5时39分51秒	通过fd发送了一次数据，fd为:2497
2019年2月15日5时39分51秒	通过fd发送了一次数据，fd为:2498
2019年2月15日5时39分51秒	通过fd发送了一次数据，fd为:2499
2019年2月15日5时39分51秒	通过fd发送了一次数据，fd为:2500
2019年2月15日5时39分51秒	通过fd发送了一次数据，fd为:2501
2019年2月15日5时39分51秒	通过fd发送了一次数据，fd为:2502
2019年2月15日5时39分51秒	通过fd发送了一次数据，fd为:
2019年2月15日5时39分51秒	通过fd发送了一次数据，fd为:2504
2019年2月15日5时39分51秒	通过fd发送了一次数据，fd为:2503
2019年2月15日5时39分51秒	通过fd发送了一次数据，fd为:2505
2019年2月15日5时39分51秒	通过fd发送了一次数据，fd为:2506
2019年2月15日5时39分51秒	通过fd发送了一次数据，fd为:2507
2019年2月15日5时39分51秒	通过fd发送了一次数据，fd为:2508
2019年2月15日5时39分51秒	通过fd发送了一次数据，fd为:2509
2019年2月15日5时39分51秒	通过fd发送了一次数据，fd为:2510
2019年2月15日5时39分51秒	通过fd发送了一次数据，fd为:2511
2019年2月15日5时39分51秒	通过fd发送了一次数据，fd为:2512
2019年2月15日5时39分51秒	通过fd发送了一次数据，fd为:2513
2019年2月15日5时39分51秒	通过fd发送了一次数据，fd为:2514
2019年2月15日5时39分51秒	通过fd发送了一次数据，fd为:2515
2019年2月15日5时39分51秒	通过fd发送了一次数据，fd为:
2019年2月15日5时39分51秒	通过fd发送了一次数据，fd为:2517
2019年2月15日5时39分51秒	通过fd发送了一次数据，fd为:2516
2019年2月15日5时39分51秒	通过fd发送了一次数据，fd为:2518
2019年2月15日5时39分51秒	通过fd发送了一次数据，fd为:2519
2019年2月15日5时39分51秒	通过fd发送了一次数据，fd为:2520
2019年2月15日5时39分51秒	通过fd发送了一次数据，fd为:2521
2019年2月15日5时39分51秒	通过fd发送了一次数据，fd为:2521
2019年2月15日5时39分51秒	通过fd发送了一次数据，fd为:2522
2019年2月15日5时39分51秒	通过fd发送了一次数据，fd为:2523
2019年2月15日5时39分51秒	通过fd发送了一次数据，fd为:2522
2019年2月15日5时39分51秒	通过fd发送了一次数据，fd为:2524
2019年2月15日5时39分51秒	通过fd发送了一次数据，fd为:2525
2019年2月15日5时39分51秒	通过fd发送了一次数据，fd为:2526
2019年2月15日5时39分51秒	通过fd发送了一次数据，fd为:
2527
2019年2月15日5时39分51秒	通过fd发送了一次数据，fd为:2528
2019年2月15日5时39分51秒	通过fd发送了一次数据，fd为:2529
2019年2月15日5时39分51秒	通过fd发送了一次数据，fd为:2530
2019年2月15日5时39分51秒	通过fd发送了一次数据，fd为:2531
2019年2月15日5时39分51秒	通过fd发送了一次数据，fd为:2532
2019年2月15日5时39分51秒	通过fd发送了一次数据，fd为:2533
2019年2月15日5时39分51秒	通过fd发送了一次数据，fd为:2532
2019年2月15日5时39分51秒	通过fd发送了一次数据，fd为:2534
2019年2月15日5时39分51秒	通过fd发送了一次数据，fd为:2535
2019年2月15日5时39分51秒	通过fd发送了一次数据，fd为:2536
2019年2月15日5时39分51秒	通过fd发送了一次数据，fd为:2537
2019年2月15日5时39分51秒	通过fd发送了一次数据，fd为:2538
2019年2月15日5时39分51秒	通过fd发送了一次数据，fd为:2539
2019年2月15日5时39分51秒	通过fd发送了一次数据，fd为:
2019年2月15日5时39分51秒	通过fd发送了一次数据，fd为:2540
2019年2月15日5时39分51秒	通过fd发送了一次数据，fd为:2539
2019年2月15日5时39分51秒	通过fd发送了一次数据，fd为:2540
2019年2月15日5时39分51秒	通过fd发送了一次数据，fd为:2541
2019年2月15日5时39分51秒	通过fd发送了一次数据，fd为:2542
2019年2月15日5时39分51秒	通过fd发送了一次数据，fd为:2542
2019年2月15日5时39分51秒	通过fd发送了一次数据，fd为:2543
2019年2月15日5时39分51秒	通过fd发送了一次数据，fd为:2544
2019年2月15日5时39分51秒	通过fd发送了一次数据，fd为:2544
2019年2月15日5时39分51秒	通过fd发送了一次数据，fd为:2545
2019年2月15日5时39分51秒	通过fd发送了一次数据，fd为:2544
2019年2月15日5时39分51秒	通过fd发送了一次数据，fd为:2546
2019年2月15日5时39分51秒	通过fd发送了一次数据，fd为:2544
2019年2月15日5时39分51秒	通过fd发送了一次数据，fd为:
2019年2月15日5时39分51秒	通过fd发送了一次数据，fd为:2548
2019年2月15日5时39分51秒	通过fd发送了一次数据，fd为:2549
2019年2月15日5时39分51秒	通过fd发送了一次数据，fd为:2550
2019年2月15日5时39分51秒	通过fd发送了一次数据，fd为:2551
2019年2月15日5时39分51秒	通过fd发送了一次数据，fd为:2551
2019年2月15日5时39分51秒	通过fd发送了一次数据，fd为:2552
2019年2月15日5时39分51秒	通过fd发送了一次数据，fd为:2553
2019年2月15日5时39分51秒	通过fd发送了一次数据，fd为:2552
2019年2月15日5时39分51秒	通过fd发送了一次数据，fd为:2554
2019年2月15日5时39分51秒	通过fd发送了一次数据，fd为:2555
2019年2月15日5时39分51秒	通过fd发送了一次数据，fd为:2556
2019年2月15日5时39分51秒	通过fd发送了一次数据，fd为:2557
2019年2月15日5时39分51秒	通过fd发送了一次数据，fd为:2558
2019年2月15日5时39分51秒	通过fd发送了一次数据，fd为:
2019年2月15日5时39分51秒	通过fd发送了一次数据，fd为:2560
2019年2月15日5时39分51秒	通过fd发送了一次数据，fd为:2561
2019年2月15日5时39分51秒	通过fd发送了一次数据，fd为:2560
2019年2月15日5时39分51秒	通过fd发送了一次数据，fd为:2561
2019年2月15日5时39分51秒	通过fd发送了一次数据，fd为:2562
2019年2月15日5时39分51秒	通过fd发送了一次数据，fd为:2563
2019年2月15日5时39分51秒	通过fd发送了一次数据，fd为:2564
2019年2月15日5时39分51秒	通过fd发送了一次数据，fd为:2565
2019年2月15日5时39分51秒	通过fd发送了一次数据，fd为:2566
2019年2月15日5时39分51秒	通过fd发送了一次数据，fd为:2567
2019年2月15日5时39分51秒	通过fd发送了一次数据，fd为:2567
2019年2月15日5时39分51秒	通过fd发送了一次数据，fd为:2568
2019年2月15日5时39分51秒	通过fd发送了一次数据，fd为:2569
2019年2月15日5时39分51秒	通过fd发送了一次数据，fd为:
2019年2月15日5时39分51秒	通过fd发送了一次数据，fd为:2571
2019年2月15日5时39分51秒	通过fd发送了一次数据，fd为:2572
2019年2月15日5时39分51秒	通过fd发送了一次数据，fd为:2573
2019年2月15日5时39分51秒	通过fd发送了一次数据，fd为:2574
2019年2月15日5时39分51秒	通过fd发送了一次数据，fd为:2575
2019年2月15日5时39分51秒	通过fd发送了一次数据，fd为:2576
2019年2月15日5时39分51秒	通过fd发送了一次数据，fd为:2577
2019年2月15日5时39分51秒	通过fd发送了一次数据，fd为:2578
2019年2月15日5时39分51秒	通过fd发送了一次数据，fd为:2579
2019年2月15日5时39分51秒	通过fd发送了一次数据，fd为:2580
2019年2月15日5时39分51秒	通过fd发送了一次数据，fd为:2581
2019年2月15日5时39分51秒	通过fd发送了一次数据，fd为:2582
2019年2月15日5时39分51秒	通过fd发送了一次数据，fd为:2583
2019年2月15日5时39分51秒	通过fd发送了一次数据，fd为:
2584
2019年2月15日5时39分51秒	通过fd发送了一次数据，fd为:2585
2019年2月15日5时39分51秒	通过fd发送了一次数据，fd为:2586
2019年2月15日5时39分51秒	通过fd发送了一次数据，fd为:2587
2019年2月15日5时39分51秒	通过fd发送了一次数据，fd为:2588
2019年2月15日5时39分51秒	通过fd发送了一次数据，fd为:2589
2019年2月15日5时39分51秒	通过fd发送了一次数据，fd为:2590
2019年2月15日5时39分51秒	通过fd发送了一次数据，fd为:2591
2019年2月15日5时39分51秒	通过fd发送了一次数据，fd为:2591
2019年2月15日5时39分51秒	通过fd发送了一次数据，fd为:2592
2019年2月15日5时39分51秒	通过fd发送了一次数据，fd为:2593
2019年2月15日5时39分51秒	通过fd发送了一次数据，fd为:2594
2019年2月15日5时39分51秒	通过fd发送了一次数据，fd为:2594
2019年2月15日5时39分51秒	通过fd发送了一次数据，fd为:2595
2019年2月15日5时39分51秒	通过fd发送了一次数据，fd为:
2019年2月15日5时39分51秒	通过fd发送了一次数据，fd为:2597
2019年2月15日5时39分51秒	通过fd发送了一次数据，fd为:2598
2019年2月15日5时39分51秒	通过fd发送了一次数据，fd为:2599
2019年2月15日5时39分51秒	通过fd发送了一次数据，fd为:2600
2019年2月15日5时39分51秒	通过fd发送了一次数据，fd为:2601
2019年2月15日5时39分51秒	通过fd发送了一次数据，fd为:2602
2019年2月15日5时39分51秒	通过fd发送了一次数据，fd为:2601
2019年2月15日5时39分51秒	通过fd发送了一次数据，fd为:2603
2019年2月15日5时39分51秒	通过fd发送了一次数据，fd为:2604
2019年2月15日5时39分51秒	通过fd发送了一次数据，fd为:2605
2019年2月15日5时39分51秒	通过fd发送了一次数据，fd为:2606
2019年2月15日5时39分51秒	通过fd发送了一次数据，fd为:2607
2019年2月15日5时39分51秒	通过fd发送了一次数据，fd为:2608
2019年2月15日5时39分51秒	通过fd发送了一次数据，fd为:
2019年2月15日5时39分51秒	通过fd发送了一次数据，fd为:2610
2019年2月15日5时39分51秒	通过fd发送了一次数据，fd为:2611
2019年2月15日5时39分51秒	通过fd发送了一次数据，fd为:2612
2019年2月15日5时39分51秒	通过fd发送了一次数据，fd为:2613
2019年2月15日5时39分51秒	通过fd发送了一次数据，fd为:2614
2019年2月15日5时39分51秒	通过fd发送了一次数据，fd为:2615
2019年2月15日5时39分51秒	通过fd发送了一次数据，fd为:2616
2019年2月15日5时39分51秒	通过fd发送了一次数据，fd为:2617
2019年2月15日5时39分51秒	通过fd发送了一次数据，fd为:2618
2019年2月15日5时39分51秒	通过fd发送了一次数据，fd为:2619
2019年2月15日5时39分51秒	通过fd发送了一次数据，fd为:2620
2019年2月15日5时39分51秒	通过fd发送了一次数据，fd为:2621
2019年2月15日5时39分51秒	通过fd发送了一次数据，fd为:2622
2019年2月15日5时39分51秒	通过fd发送了一次数据，fd为:
2019年2月15日5时39分51秒	通过fd发送了一次数据，fd为:2624
2019年2月15日5时39分51秒	通过fd发送了一次数据，fd为:2625
2019年2月15日5时39分51秒	通过fd发送了一次数据，fd为:2626
2019年2月15日5时39分51秒	通过fd发送了一次数据，fd为:2627
2019年2月15日5时39分51秒	通过fd发送了一次数据，fd为:2628
2019年2月15日5时39分51秒	通过fd发送了一次数据，fd为:2629
2019年2月15日5时39分51秒	通过fd发送了一次数据，fd为:2630
2019年2月15日5时39分51秒	通过fd发送了一次数据，fd为:2631
2019年2月15日5时39分51秒	通过fd发送了一次数据，fd为:2632
2019年2月15日5时39分51秒	通过fd发送了一次数据，fd为:2633
2019年2月15日5时39分51秒	通过fd发送了一次数据，fd为:2634
2019年2月15日5时39分51秒	通过fd发送了一次数据，fd为:2635
2019年2月15日5时39分51秒	通过fd发送了一次数据，fd为:2636
2019年2月15日5时39分51秒	通过fd发送了一次数据，fd为:
2636
2019年2月15日5时39分51秒	通过fd发送了一次数据，fd为:2637
2019年2月15日5时39分51秒	通过fd发送了一次数据，fd为:2638
2019年2月15日5时39分51秒	通过fd发送了一次数据，fd为:2639
2019年2月15日5时39分51秒	通过fd发送了一次数据，fd为:2640
2019年2月15日5时39分51秒	通过fd发送了一次数据，fd为:2641
2019年2月15日5时39分51秒	通过fd发送了一次数据，fd为:2642
2019年2月15日5时39分51秒	通过fd发送了一次数据，fd为:2643
2019年2月15日5时39分51秒	通过fd发送了一次数据，fd为:2644
2019年2月15日5时39分51秒	通过fd发送了一次数据，fd为:2645
2019年2月15日5时39分51秒	通过fd发送了一次数据，fd为:2646
2019年2月15日5时39分51秒	通过fd发送了一次数据，fd为:2645
2019年2月15日5时39分51秒	通过fd发送了一次数据，fd为:2647
2019年2月15日5时39分51秒	通过fd发送了一次数据，fd为:2648
2019年2月15日5时39分51秒	通过fd发送了一次数据，fd为:
2019年2月15日5时39分51秒	通过fd发送了一次数据，fd为:2650
2019年2月15日5时39分51秒	通过fd发送了一次数据，fd为:2651
2019年2月15日5时39分51秒	通过fd发送了一次数据，fd为:2652
2019年2月15日5时39分51秒	通过fd发送了一次数据，fd为:2653
2019年2月15日5时39分51秒	通过fd发送了一次数据，fd为:2654
2019年2月15日5时39分51秒	通过fd发送了一次数据，fd为:2655
2019年2月15日5时39分51秒	通过fd发送了一次数据，fd为:2656
2019年2月15日5时39分51秒	通过fd发送了一次数据，fd为:2657
2019年2月15日5时39分51秒	通过fd发送了一次数据，fd为:2658
2019年2月15日5时39分51秒	通过fd发送了一次数据，fd为:2659
2019年2月15日5时39分51秒	通过fd发送了一次数据，fd为:2660
2019年2月15日5时39分51秒	通过fd发送了一次数据，fd为:2661
2019年2月15日5时39分51秒	通过fd发送了一次数据，fd为:2662
2019年2月15日5时39分51秒	通过fd发送了一次数据，fd为:
2019年2月15日5时39分51秒	通过fd发送了一次数据，fd为:2664
2019年2月15日5时39分51秒	通过fd发送了一次数据，fd为:2663
2019年2月15日5时39分51秒	通过fd发送了一次数据，fd为:2665
2019年2月15日5时39分51秒	通过fd发送了一次数据，fd为:2666
2019年2月15日5时39分51秒	通过fd发送了一次数据，fd为:2667
2019年2月15日5时39分51秒	通过fd发送了一次数据，fd为:2668
2019年2月15日5时39分51秒	通过fd发送了一次数据，fd为:2669
2019年2月15日5时39分51秒	通过fd发送了一次数据，fd为:2670
2019年2月15日5时39分51秒	通过fd发送了一次数据，fd为:2671
2019年2月15日5时39分51秒	通过fd发送了一次数据，fd为:2670
2019年2月15日5时39分51秒	通过fd发送了一次数据，fd为:2672
2019年2月15日5时39分51秒	通过fd发送了一次数据，fd为:2673
2019年2月15日5时39分51秒	通过fd发送了一次数据，fd为:2674
2019年2月15日5时39分51秒	通过fd发送了一次数据，fd为:
2675
2019年2月15日5时39分51秒	通过fd发送了一次数据，fd为:2676
2019年2月15日5时39分51秒	通过fd发送了一次数据，fd为:2677
2019年2月15日5时39分51秒	通过fd发送了一次数据，fd为:2678
2019年2月15日5时39分51秒	通过fd发送了一次数据，fd为:2679
2019年2月15日5时39分51秒	通过fd发送了一次数据，fd为:2680
2019年2月15日5时39分51秒	通过fd发送了一次数据，fd为:2679
2019年2月15日5时39分51秒	通过fd发送了一次数据，fd为:2680
2019年2月15日5时39分51秒	通过fd发送了一次数据，fd为:2679
2019年2月15日5时39分51秒	通过fd发送了一次数据，fd为:2681
2019年2月15日5时39分51秒	通过fd发送了一次数据，fd为:2682
2019年2月15日5时39分51秒	通过fd发送了一次数据，fd为:2683
2019年2月15日5时39分51秒	通过fd发送了一次数据，fd为:2684
2019年2月15日5时39分51秒	通过fd发送了一次数据，fd为:2685
2019年2月15日5时39分51秒	通过fd发送了一次数据，fd为:
2019年2月15日5时39分51秒	通过fd发送了一次数据，fd为:2687
2019年2月15日5时39分51秒	通过fd发送了一次数据，fd为:2688
2019年2月15日5时39分51秒	通过fd发送了一次数据，fd为:2689
2019年2月15日5时39分51秒	通过fd发送了一次数据，fd为:2688
2019年2月15日5时39分51秒	通过fd发送了一次数据，fd为:2690
2019年2月15日5时39分51秒	通过fd发送了一次数据，fd为:2691
2019年2月15日5时39分51秒	通过fd发送了一次数据，fd为:2692
2019年2月15日5时39分51秒	通过fd发送了一次数据，fd为:2693
2019年2月15日5时39分51秒	通过fd发送了一次数据，fd为:2694
2019年2月15日5时39分51秒	通过fd发送了一次数据，fd为:2693
2019年2月15日5时39分51秒	通过fd发送了一次数据，fd为:2694
2019年2月15日5时39分51秒	通过fd发送了一次数据，fd为:2695
2019年2月15日5时39分51秒	通过fd发送了一次数据，fd为:2696
2019年2月15日5时39分51秒	通过fd发送了一次数据，fd为:
2695
2019年2月15日5时39分51秒	通过fd发送了一次数据，fd为:2697
2019年2月15日5时39分51秒	通过fd发送了一次数据，fd为:2698
2019年2月15日5时39分51秒	通过fd发送了一次数据，fd为:2699
2019年2月15日5时39分51秒	通过fd发送了一次数据，fd为:2700
2019年2月15日5时39分51秒	通过fd发送了一次数据，fd为:2701
2019年2月15日5时39分51秒	通过fd发送了一次数据，fd为:2702
2019年2月15日5时39分51秒	通过fd发送了一次数据，fd为:2703
2019年2月15日5时39分51秒	通过fd发送了一次数据，fd为:2704
2019年2月15日5时39分51秒	通过fd发送了一次数据，fd为:2705
2019年2月15日5时39分51秒	通过fd发送了一次数据，fd为:2704
2019年2月15日5时39分51秒	通过fd发送了一次数据，fd为:2706
2019年2月15日5时39分51秒	通过fd发送了一次数据，fd为:2707
2019年2月15日5时39分51秒	通过fd发送了一次数据，fd为:2708
2019年2月15日5时39分51秒	通过fd发送了一次数据，fd为:
2019年2月15日5时39分51秒	通过fd发送了一次数据，fd为:2710
2019年2月15日5时39分51秒	通过fd发送了一次数据，fd为:2711
2019年2月15日5时39分51秒	通过fd发送了一次数据，fd为:2712
2019年2月15日5时39分51秒	通过fd发送了一次数据，fd为:2713
2019年2月15日5时39分51秒	通过fd发送了一次数据，fd为:2714
2019年2月15日5时39分51秒	通过fd发送了一次数据，fd为:2713
2019年2月15日5时39分51秒	通过fd发送了一次数据，fd为:2715
2019年2月15日5时39分51秒	通过fd发送了一次数据，fd为:2716
2019年2月15日5时39分51秒	通过fd发送了一次数据，fd为:2717
2019年2月15日5时39分51秒	通过fd发送了一次数据，fd为:2718
2019年2月15日5时39分51秒	通过fd发送了一次数据，fd为:2719
2019年2月15日5时39分51秒	通过fd发送了一次数据，fd为:2720
2019年2月15日5时39分51秒	通过fd发送了一次数据，fd为:2721
2019年2月15日5时39分51秒	通过fd发送了一次数据，fd为:
2019年2月15日5时39分51秒	通过fd发送了一次数据，fd为:2723
2019年2月15日5时39分51秒	通过fd发送了一次数据，fd为:2722
2019年2月15日5时39分51秒	通过fd发送了一次数据，fd为:2724
2019年2月15日5时39分51秒	通过fd发送了一次数据，fd为:2725
2019年2月15日5时39分51秒	通过fd发送了一次数据，fd为:2726
2019年2月15日5时39分51秒	通过fd发送了一次数据，fd为:2727
2019年2月15日5时39分51秒	通过fd发送了一次数据，fd为:2728
2019年2月15日5时39分51秒	通过fd发送了一次数据，fd为:2729
2019年2月15日5时39分51秒	通过fd发送了一次数据，fd为:2730
2019年2月15日5时39分51秒	通过fd发送了一次数据，fd为:2729
2019年2月15日5时39分51秒	通过fd发送了一次数据，fd为:2731
2019年2月15日5时39分51秒	通过fd发送了一次数据，fd为:2729
2019年2月15日5时39分51秒	通过fd发送了一次数据，fd为:2732
2019年2月15日5时39分51秒	通过fd发送了一次数据，fd为:
2019年2月15日5时39分51秒	通过fd发送了一次数据，fd为:2733
2019年2月15日5时39分51秒	通过fd发送了一次数据，fd为:2734
2019年2月15日5时39分51秒	通过fd发送了一次数据，fd为:2735
2019年2月15日5时39分51秒	通过fd发送了一次数据，fd为:2736
2019年2月15日5时39分51秒	通过fd发送了一次数据，fd为:2737
2019年2月15日5时39分51秒	通过fd发送了一次数据，fd为:2736
2019年2月15日5时39分51秒	通过fd发送了一次数据，fd为:2738
2019年2月15日5时39分51秒	通过fd发送了一次数据，fd为:2736
2019年2月15日5时39分51秒	通过fd发送了一次数据，fd为:2738
2019年2月15日5时39分51秒	通过fd发送了一次数据，fd为:2739
2019年2月15日5时39分51秒	通过fd发送了一次数据，fd为:2740
2019年2月15日5时39分51秒	通过fd发送了一次数据，fd为:2740
2019年2月15日5时39分51秒	通过fd发送了一次数据，fd为:2741
2019年2月15日5时39分51秒	通过fd发送了一次数据，fd为:
2741
2019年2月15日5时39分51秒	通过fd发送了一次数据，fd为:2742
2019年2月15日5时39分51秒	通过fd发送了一次数据，fd为:2741
2019年2月15日5时39分51秒	通过fd发送了一次数据，fd为:2743
2019年2月15日5时39分51秒	通过fd发送了一次数据，fd为:2744
2019年2月15日5时39分51秒	通过fd发送了一次数据，fd为:2745
2019年2月15日5时39分51秒	通过fd发送了一次数据，fd为:2746
2019年2月15日5时39分51秒	通过fd发送了一次数据，fd为:2747
2019年2月15日5时39分51秒	通过fd发送了一次数据，fd为:2747
2019年2月15日5时39分52秒	通过fd发送了一次数据，fd为:2748
2019年2月15日5时39分52秒	通过fd发送了一次数据，fd为:2749
2019年2月15日5时39分52秒	通过fd发送了一次数据，fd为:2750
2019年2月15日5时39分52秒	通过fd发送了一次数据，fd为:2751
2019年2月15日5时39分52秒	通过fd发送了一次数据，fd为:2752
2019年2月15日5时39分52秒	通过fd发送了一次数据，fd为:
2019年2月15日5时39分52秒	通过fd发送了一次数据，fd为:2753
2019年2月15日5时39分52秒	通过fd发送了一次数据，fd为:2754
2019年2月15日5时39分52秒	通过fd发送了一次数据，fd为:2755
2019年2月15日5时39分52秒	通过fd发送了一次数据，fd为:2756
2019年2月15日5时39分52秒	通过fd发送了一次数据，fd为:2757
2019年2月15日5时39分52秒	通过fd发送了一次数据，fd为:2758
2019年2月15日5时39分52秒	通过fd发送了一次数据，fd为:2759
2019年2月15日5时39分52秒	通过fd发送了一次数据，fd为:2760
2019年2月15日5时39分52秒	通过fd发送了一次数据，fd为:2761
2019年2月15日5时39分52秒	通过fd发送了一次数据，fd为:2762
2019年2月15日5时39分52秒	通过fd发送了一次数据，fd为:2763
2019年2月15日5时39分52秒	通过fd发送了一次数据，fd为:2764
2019年2月15日5时39分52秒	通过fd发送了一次数据，fd为:2765
2019年2月15日5时39分52秒	通过fd发送了一次数据，fd为:
2019年2月15日5时39分52秒	通过fd发送了一次数据，fd为:2766
2019年2月15日5时39分52秒	通过fd发送了一次数据，fd为:2767
2019年2月15日5时39分52秒	通过fd发送了一次数据，fd为:2768
2019年2月15日5时39分52秒	通过fd发送了一次数据，fd为:2769
2019年2月15日5时39分52秒	通过fd发送了一次数据，fd为:2770
2019年2月15日5时39分52秒	通过fd发送了一次数据，fd为:2770
2019年2月15日5时39分52秒	通过fd发送了一次数据，fd为:2771
2019年2月15日5时39分52秒	通过fd发送了一次数据，fd为:2772
2019年2月15日5时39分52秒	通过fd发送了一次数据，fd为:2773
2019年2月15日5时39分52秒	通过fd发送了一次数据，fd为:2774
2019年2月15日5时39分52秒	通过fd发送了一次数据，fd为:2775
2019年2月15日5时39分52秒	通过fd发送了一次数据，fd为:2776
2019年2月15日5时39分52秒	通过fd发送了一次数据，fd为:2777
2019年2月15日5时39分52秒	通过fd发送了一次数据，fd为:
2778
2019年2月15日5时39分52秒	通过fd发送了一次数据，fd为:2779
2019年2月15日5时39分52秒	通过fd发送了一次数据，fd为:2780
2019年2月15日5时39分52秒	通过fd发送了一次数据，fd为:2781
2019年2月15日5时39分52秒	通过fd发送了一次数据，fd为:2782
2019年2月15日5时39分52秒	通过fd发送了一次数据，fd为:2783
2019年2月15日5时39分52秒	通过fd发送了一次数据，fd为:2784
2019年2月15日5时39分52秒	通过fd发送了一次数据，fd为:2785
2019年2月15日5时39分52秒	通过fd发送了一次数据，fd为:2786
2019年2月15日5时39分52秒	通过fd发送了一次数据，fd为:2787
2019年2月15日5时39分52秒	通过fd发送了一次数据，fd为:2788
2019年2月15日5时39分52秒	通过fd发送了一次数据，fd为:2789
2019年2月15日5时39分52秒	通过fd发送了一次数据，fd为:2790
2019年2月15日5时39分52秒	通过fd发送了一次数据，fd为:2791
2019年2月15日5时39分52秒	通过fd发送了一次数据，fd为:
2019年2月15日5时39分52秒	通过fd发送了一次数据，fd为:2793
2019年2月15日5时39分52秒	通过fd发送了一次数据，fd为:2792
2019年2月15日5时39分52秒	通过fd发送了一次数据，fd为:2794
2019年2月15日5时39分52秒	通过fd发送了一次数据，fd为:2795
2019年2月15日5时39分52秒	通过fd发送了一次数据，fd为:2796
2019年2月15日5时39分52秒	通过fd发送了一次数据，fd为:2797
2019年2月15日5时39分52秒	通过fd发送了一次数据，fd为:2798
2019年2月15日5时39分52秒	通过fd发送了一次数据，fd为:2799
2019年2月15日5时39分52秒	通过fd发送了一次数据，fd为:2798
2019年2月15日5时39分52秒	通过fd发送了一次数据，fd为:2800
2019年2月15日5时39分52秒	通过fd发送了一次数据，fd为:2801
2019年2月15日5时39分52秒	通过fd发送了一次数据，fd为:2802
2019年2月15日5时39分52秒	通过fd发送了一次数据，fd为:2803
2019年2月15日5时39分52秒	通过fd发送了一次数据，fd为:
2019年2月15日5时39分52秒	通过fd发送了一次数据，fd为:2805
2019年2月15日5时39分52秒	通过fd发送了一次数据，fd为:2804
2019年2月15日5时39分52秒	通过fd发送了一次数据，fd为:2806
2019年2月15日5时39分52秒	通过fd发送了一次数据，fd为:2807
2019年2月15日5时39分52秒	通过fd发送了一次数据，fd为:2807
2019年2月15日5时39分52秒	通过fd发送了一次数据，fd为:2808
2019年2月15日5时39分52秒	通过fd发送了一次数据，fd为:2809
2019年2月15日5时39分52秒	通过fd发送了一次数据，fd为:2810
2019年2月15日5时39分52秒	通过fd发送了一次数据，fd为:2811
2019年2月15日5时39分52秒	通过fd发送了一次数据，fd为:2812
2019年2月15日5时39分52秒	通过fd发送了一次数据，fd为:2813
2019年2月15日5时39分52秒	通过fd发送了一次数据，fd为:2814
2019年2月15日5时39分52秒	通过fd发送了一次数据，fd为:2815
2019年2月15日5时39分52秒	通过fd发送了一次数据，fd为:
2019年2月15日5时39分52秒	通过fd发送了一次数据，fd为:2816
2019年2月15日5时39分52秒	通过fd发送了一次数据，fd为:2817
2019年2月15日5时39分52秒	通过fd发送了一次数据，fd为:2818
2019年2月15日5时39分52秒	通过fd发送了一次数据，fd为:2819
2019年2月15日5时39分52秒	通过fd发送了一次数据，fd为:2820
2019年2月15日5时39分52秒	通过fd发送了一次数据，fd为:2818
2019年2月15日5时39分52秒	通过fd发送了一次数据，fd为:2819
2019年2月15日5时39分52秒	通过fd发送了一次数据，fd为:2821
2019年2月15日5时39分52秒	通过fd发送了一次数据，fd为:2822
2019年2月15日5时39分52秒	通过fd发送了一次数据，fd为:2823
2019年2月15日5时39分52秒	通过fd发送了一次数据，fd为:2824
2019年2月15日5时39分52秒	通过fd发送了一次数据，fd为:2825
2019年2月15日5时39分52秒	通过fd发送了一次数据，fd为:2826
2019年2月15日5时39分52秒	通过fd发送了一次数据，fd为:
2019年2月15日5时39分52秒	通过fd发送了一次数据，fd为:2828
2019年2月15日5时39分52秒	通过fd发送了一次数据，fd为:2829
2019年2月15日5时39分52秒	通过fd发送了一次数据，fd为:2830
2019年2月15日5时39分52秒	通过fd发送了一次数据，fd为:2831
2019年2月15日5时39分52秒	通过fd发送了一次数据，fd为:2832
2019年2月15日5时39分52秒	通过fd发送了一次数据，fd为:2833
2019年2月15日5时39分52秒	通过fd发送了一次数据，fd为:2834
2019年2月15日5时39分52秒	通过fd发送了一次数据，fd为:2835
2019年2月15日5时39分52秒	通过fd发送了一次数据，fd为:2836
2019年2月15日5时39分52秒	通过fd发送了一次数据，fd为:2837
2019年2月15日5时39分52秒	通过fd发送了一次数据，fd为:2838
2019年2月15日5时39分52秒	通过fd发送了一次数据，fd为:2839
2019年2月15日5时39分52秒	通过fd发送了一次数据，fd为:2838
2019年2月15日5时39分52秒	通过fd发送了一次数据，fd为:
2019年2月15日5时39分52秒	通过fd发送了一次数据，fd为:2840
2019年2月15日5时39分52秒	通过fd发送了一次数据，fd为:2841
2019年2月15日5时39分52秒	通过fd发送了一次数据，fd为:2842
2019年2月15日5时39分52秒	通过fd发送了一次数据，fd为:2843
2019年2月15日5时39分52秒	通过fd发送了一次数据，fd为:2844
2019年2月15日5时39分52秒	通过fd发送了一次数据，fd为:2845
2019年2月15日5时39分52秒	通过fd发送了一次数据，fd为:2846
2019年2月15日5时39分52秒	通过fd发送了一次数据，fd为:2847
2019年2月15日5时39分52秒	通过fd发送了一次数据，fd为:2846
2019年2月15日5时39分52秒	通过fd发送了一次数据，fd为:2848
2019年2月15日5时39分52秒	通过fd发送了一次数据，fd为:2849
2019年2月15日5时39分52秒	通过fd发送了一次数据，fd为:2850
2019年2月15日5时39分52秒	通过fd发送了一次数据，fd为:2851
2019年2月15日5时39分52秒	通过fd发送了一次数据，fd为:
2019年2月15日5时39分52秒	通过fd发送了一次数据，fd为:2853
2019年2月15日5时39分52秒	通过fd发送了一次数据，fd为:2854
2019年2月15日5时39分52秒	通过fd发送了一次数据，fd为:2855
2019年2月15日5时39分52秒	通过fd发送了一次数据，fd为:2855
2019年2月15日5时39分52秒	通过fd发送了一次数据，fd为:2856
2019年2月15日5时39分52秒	通过fd发送了一次数据，fd为:2857
2019年2月15日5时39分52秒	通过fd发送了一次数据，fd为:2858
2019年2月15日5时39分52秒	通过fd发送了一次数据，fd为:2857
2019年2月15日5时39分52秒	通过fd发送了一次数据，fd为:2859
2019年2月15日5时39分52秒	通过fd发送了一次数据，fd为:2859
2019年2月15日5时39分52秒	通过fd发送了一次数据，fd为:2860
2019年2月15日5时39分52秒	通过fd发送了一次数据，fd为:2861
2019年2月15日5时39分52秒	通过fd发送了一次数据，fd为:2862
2019年2月15日5时39分52秒	通过fd发送了一次数据，fd为:
2019年2月15日5时39分52秒	通过fd发送了一次数据，fd为:2862
2019年2月15日5时39分52秒	通过fd发送了一次数据，fd为:2864
2019年2月15日5时39分52秒	通过fd发送了一次数据，fd为:2865
2019年2月15日5时39分52秒	通过fd发送了一次数据，fd为:2866
2019年2月15日5时39分52秒	通过fd发送了一次数据，fd为:2867
2019年2月15日5时39分52秒	通过fd发送了一次数据，fd为:2868
2019年2月15日5时39分52秒	通过fd发送了一次数据，fd为:2869
2019年2月15日5时39分52秒	通过fd发送了一次数据，fd为:2870
2019年2月15日5时39分52秒	通过fd发送了一次数据，fd为:2871
2019年2月15日5时39分52秒	通过fd发送了一次数据，fd为:2872
2019年2月15日5时39分52秒	通过fd发送了一次数据，fd为:2873
2019年2月15日5时39分52秒	通过fd发送了一次数据，fd为:2874
2019年2月15日5时39分52秒	通过fd发送了一次数据，fd为:2875
2019年2月15日5时39分52秒	通过fd发送了一次数据，fd为:
2019年2月15日5时39分52秒	通过fd发送了一次数据，fd为:2876
2019年2月15日5时39分52秒	通过fd发送了一次数据，fd为:2877
2019年2月15日5时39分52秒	通过fd发送了一次数据，fd为:2878
2019年2月15日5时39分52秒	通过fd发送了一次数据，fd为:2879
2019年2月15日5时39分52秒	通过fd发送了一次数据，fd为:2880
2019年2月15日5时39分52秒	通过fd发送了一次数据，fd为:2881
2019年2月15日5时39分52秒	通过fd发送了一次数据，fd为:2882
2019年2月15日5时39分52秒	通过fd发送了一次数据，fd为:2882
2019年2月15日5时39分52秒	通过fd发送了一次数据，fd为:2883
2019年2月15日5时39分52秒	通过fd发送了一次数据，fd为:2882
2019年2月15日5时39分52秒	通过fd发送了一次数据，fd为:2882
2019年2月15日5时39分52秒	通过fd发送了一次数据，fd为:2884
2019年2月15日5时39分52秒	通过fd发送了一次数据，fd为:2885
2019年2月15日5时39分52秒	通过fd发送了一次数据，fd为:
2019年2月15日5时39分52秒	通过fd发送了一次数据，fd为:2885
2019年2月15日5时39分52秒	通过fd发送了一次数据，fd为:2886
2019年2月15日5时39分52秒	通过fd发送了一次数据，fd为:2887
2019年2月15日5时39分52秒	通过fd发送了一次数据，fd为:2888
2019年2月15日5时39分52秒	通过fd发送了一次数据，fd为:2889
2019年2月15日5时39分52秒	通过fd发送了一次数据，fd为:2890
2019年2月15日5时39分52秒	通过fd发送了一次数据，fd为:2891
2019年2月15日5时39分52秒	通过fd发送了一次数据，fd为:2892
2019年2月15日5时39分52秒	通过fd发送了一次数据，fd为:2893
2019年2月15日5时39分52秒	通过fd发送了一次数据，fd为:2894
2019年2月15日5时39分52秒	通过fd发送了一次数据，fd为:2895
2019年2月15日5时39分52秒	通过fd发送了一次数据，fd为:2896
2019年2月15日5时39分52秒	通过fd发送了一次数据，fd为:2897
2019年2月15日5时39分52秒	通过fd发送了一次数据，fd为:
2019年2月15日5时39分52秒	通过fd发送了一次数据，fd为:2899
2019年2月15日5时39分52秒	通过fd发送了一次数据，fd为:2900
2019年2月15日5时39分52秒	通过fd发送了一次数据，fd为:2901
2019年2月15日5时39分52秒	通过fd发送了一次数据，fd为:2902
2019年2月15日5时39分52秒	通过fd发送了一次数据，fd为:2903
2019年2月15日5时39分52秒	通过fd发送了一次数据，fd为:2903
2019年2月15日5时39分52秒	通过fd发送了一次数据，fd为:2904
2019年2月15日5时39分52秒	通过fd发送了一次数据，fd为:2905
2019年2月15日5时39分52秒	通过fd发送了一次数据，fd为:2906
2019年2月15日5时39分52秒	通过fd发送了一次数据，fd为:2907
2019年2月15日5时39分52秒	通过fd发送了一次数据，fd为:2908
2019年2月15日5时39分52秒	通过fd发送了一次数据，fd为:2907
2019年2月15日5时39分52秒	通过fd发送了一次数据，fd为:2909
2019年2月15日5时39分52秒	通过fd发送了一次数据，fd为:
2910
2019年2月15日5时39分52秒	通过fd发送了一次数据，fd为:2911
2019年2月15日5时39分52秒	通过fd发送了一次数据，fd为:2912
2019年2月15日5时39分52秒	通过fd发送了一次数据，fd为:2913
2019年2月15日5时39分52秒	通过fd发送了一次数据，fd为:2914
2019年2月15日5时39分52秒	通过fd发送了一次数据，fd为:2915
2019年2月15日5时39分52秒	通过fd发送了一次数据，fd为:2916
2019年2月15日5时39分52秒	通过fd发送了一次数据，fd为:2917
2019年2月15日5时39分52秒	通过fd发送了一次数据，fd为:2918
2019年2月15日5时39分52秒	通过fd发送了一次数据，fd为:2919
2019年2月15日5时39分52秒	通过fd发送了一次数据，fd为:2920
2019年2月15日5时39分52秒	通过fd发送了一次数据，fd为:2921
2019年2月15日5时39分52秒	通过fd发送了一次数据，fd为:2922
2019年2月15日5时39分52秒	通过fd发送了一次数据，fd为:2923
2019年2月15日5时39分52秒	通过fd发送了一次数据，fd为:
2019年2月15日5时39分52秒	通过fd发送了一次数据，fd为:2925
2019年2月15日5时39分52秒	通过fd发送了一次数据，fd为:2924
2019年2月15日5时39分52秒	通过fd发送了一次数据，fd为:2926
2019年2月15日5时39分52秒	通过fd发送了一次数据，fd为:2927
2019年2月15日5时39分52秒	通过fd发送了一次数据，fd为:2928
2019年2月15日5时39分52秒	通过fd发送了一次数据，fd为:2929
2019年2月15日5时39分52秒	通过fd发送了一次数据，fd为:2930
2019年2月15日5时39分52秒	通过fd发送了一次数据，fd为:2931
2019年2月15日5时39分52秒	通过fd发送了一次数据，fd为:2932
2019年2月15日5时39分52秒	通过fd发送了一次数据，fd为:2933
2019年2月15日5时39分52秒	通过fd发送了一次数据，fd为:2934
2019年2月15日5时39分52秒	通过fd发送了一次数据，fd为:2935
2019年2月15日5时39分52秒	通过fd发送了一次数据，fd为:2936
2019年2月15日5时39分52秒	通过fd发送了一次数据，fd为:
2019年2月15日5时39分52秒	通过fd发送了一次数据，fd为:2935
2019年2月15日5时39分52秒	通过fd发送了一次数据，fd为:2937
2019年2月15日5时39分52秒	通过fd发送了一次数据，fd为:2938
2019年2月15日5时39分52秒	通过fd发送了一次数据，fd为:2939
2019年2月15日5时39分52秒	通过fd发送了一次数据，fd为:2939
2019年2月15日5时39分52秒	通过fd发送了一次数据，fd为:2940
2019年2月15日5时39分52秒	通过fd发送了一次数据，fd为:2941
2019年2月15日5时39分52秒	通过fd发送了一次数据，fd为:2942
2019年2月15日5时39分52秒	通过fd发送了一次数据，fd为:2943
2019年2月15日5时39分52秒	通过fd发送了一次数据，fd为:2942
2019年2月15日5时39分52秒	通过fd发送了一次数据，fd为:2944
2019年2月15日5时39分52秒	通过fd发送了一次数据，fd为:2945
2019年2月15日5时39分52秒	通过fd发送了一次数据，fd为:2946
2019年2月15日5时39分52秒	通过fd发送了一次数据，fd为:
2019年2月15日5时39分52秒	通过fd发送了一次数据，fd为:2948
2019年2月15日5时39分52秒	通过fd发送了一次数据，fd为:2949
2019年2月15日5时39分52秒	通过fd发送了一次数据，fd为:2950
2019年2月15日5时39分52秒	通过fd发送了一次数据，fd为:2951
2019年2月15日5时39分52秒	通过fd发送了一次数据，fd为:2952
2019年2月15日5时39分52秒	通过fd发送了一次数据，fd为:2953
2019年2月15日5时39分52秒	通过fd发送了一次数据，fd为:2954
2019年2月15日5时39分52秒	通过fd发送了一次数据，fd为:2955
2019年2月15日5时39分52秒	通过fd发送了一次数据，fd为:2954
2019年2月15日5时39分52秒	通过fd发送了一次数据，fd为:2956
2019年2月15日5时39分52秒	通过fd发送了一次数据，fd为:2957
2019年2月15日5时39分52秒	通过fd发送了一次数据，fd为:2958
2019年2月15日5时39分52秒	通过fd发送了一次数据，fd为:2959
2019年2月15日5时39分52秒	通过fd发送了一次数据，fd为:
2019年2月15日5时39分52秒	通过fd发送了一次数据，fd为:2961
2019年2月15日5时39分52秒	通过fd发送了一次数据，fd为:2960
2019年2月15日5时39分52秒	通过fd发送了一次数据，fd为:2962
2019年2月15日5时39分52秒	通过fd发送了一次数据，fd为:2963
2019年2月15日5时39分52秒	通过fd发送了一次数据，fd为:2962
2019年2月15日5时39分52秒	通过fd发送了一次数据，fd为:2964
2019年2月15日5时39分52秒	通过fd发送了一次数据，fd为:2965
2019年2月15日5时39分52秒	通过fd发送了一次数据，fd为:2966
2019年2月15日5时39分52秒	通过fd发送了一次数据，fd为:2967
2019年2月15日5时39分52秒	通过fd发送了一次数据，fd为:2968
2019年2月15日5时39分52秒	通过fd发送了一次数据，fd为:2969
2019年2月15日5时39分52秒	通过fd发送了一次数据，fd为:2968
2019年2月15日5时39分52秒	通过fd发送了一次数据，fd为:2968
2019年2月15日5时39分52秒	通过fd发送了一次数据，fd为:
2970
2019年2月15日5时39分52秒	通过fd发送了一次数据，fd为:2968
2019年2月15日5时39分52秒	通过fd发送了一次数据，fd为:2971
2019年2月15日5时39分52秒	通过fd发送了一次数据，fd为:2972
2019年2月15日5时39分52秒	通过fd发送了一次数据，fd为:2973
2019年2月15日5时39分52秒	通过fd发送了一次数据，fd为:2974
2019年2月15日5时39分52秒	通过fd发送了一次数据，fd为:2975
2019年2月15日5时39分52秒	通过fd发送了一次数据，fd为:2975
2019年2月15日5时39分52秒	通过fd发送了一次数据，fd为:2976
2019年2月15日5时39分52秒	通过fd发送了一次数据，fd为:2977
2019年2月15日5时39分52秒	通过fd发送了一次数据，fd为:2978
2019年2月15日5时39分52秒	通过fd发送了一次数据，fd为:2977
2019年2月15日5时39分52秒	通过fd发送了一次数据，fd为:2979
2019年2月15日5时39分52秒	通过fd发送了一次数据，fd为:2980
2019年2月15日5时39分52秒	通过fd发送了一次数据，fd为:
2019年2月15日5时39分52秒	通过fd发送了一次数据，fd为:2982
2019年2月15日5时39分52秒	通过fd发送了一次数据，fd为:2983
2019年2月15日5时39分52秒	通过fd发送了一次数据，fd为:2984
2019年2月15日5时39分52秒	通过fd发送了一次数据，fd为:2985
2019年2月15日5时39分52秒	通过fd发送了一次数据，fd为:2986
2019年2月15日5时39分52秒	通过fd发送了一次数据，fd为:2986
2019年2月15日5时39分52秒	通过fd发送了一次数据，fd为:2986
2019年2月15日5时39分52秒	通过fd发送了一次数据，fd为:2987
2019年2月15日5时39分52秒	通过fd发送了一次数据，fd为:2988
2019年2月15日5时39分52秒	通过fd发送了一次数据，fd为:2989
2019年2月15日5时39分52秒	通过fd发送了一次数据，fd为:2990
2019年2月15日5时39分52秒	通过fd发送了一次数据，fd为:2989
2019年2月15日5时39分52秒	通过fd发送了一次数据，fd为:2991
2019年2月15日5时39分52秒	通过fd发送了一次数据，fd为:
2989
2019年2月15日5时39分52秒	通过fd发送了一次数据，fd为:2989
2019年2月15日5时39分52秒	通过fd发送了一次数据，fd为:2992
2019年2月15日5时39分52秒	通过fd发送了一次数据，fd为:2993
2019年2月15日5时39分52秒	通过fd发送了一次数据，fd为:2994
2019年2月15日5时39分52秒	通过fd发送了一次数据，fd为:2995
2019年2月15日5时39分52秒	通过fd发送了一次数据，fd为:2996
2019年2月15日5时39分52秒	通过fd发送了一次数据，fd为:2997
2019年2月15日5时39分52秒	通过fd发送了一次数据，fd为:2996
2019年2月15日5时39分52秒	通过fd发送了一次数据，fd为:2996
2019年2月15日5时39分52秒	通过fd发送了一次数据，fd为:2998
2019年2月15日5时39分52秒	通过fd发送了一次数据，fd为:2999
2019年2月15日5时39分52秒	通过fd发送了一次数据，fd为:3000
2019年2月15日5时39分52秒	通过fd发送了一次数据，fd为:3001
2019年2月15日5时39分52秒	通过fd发送了一次数据，fd为:
2019年2月15日5时39分52秒	通过fd发送了一次数据，fd为:3003
2019年2月15日5时39分52秒	通过fd发送了一次数据，fd为:3004
2019年2月15日5时39分52秒	通过fd发送了一次数据，fd为:3005
2019年2月15日5时39分52秒	通过fd发送了一次数据，fd为:3006
2019年2月15日5时39分52秒	通过fd发送了一次数据，fd为:3007
2019年2月15日5时39分52秒	通过fd发送了一次数据，fd为:3006
2019年2月15日5时39分52秒	通过fd发送了一次数据，fd为:3008
2019年2月15日5时39分52秒	通过fd发送了一次数据，fd为:3009
2019年2月15日5时39分52秒	通过fd发送了一次数据，fd为:3010
2019年2月15日5时39分52秒	通过fd发送了一次数据，fd为:3011
2019年2月15日5时39分52秒	通过fd发送了一次数据，fd为:3012
2019年2月15日5时39分52秒	通过fd发送了一次数据，fd为:3013
2019年2月15日5时39分52秒	通过fd发送了一次数据，fd为:3014
2019年2月15日5时39分52秒	通过fd发送了一次数据，fd为:
2019年2月15日5时39分52秒	通过fd发送了一次数据，fd为:3016
2019年2月15日5时39分52秒	通过fd发送了一次数据，fd为:3017
2019年2月15日5时39分52秒	通过fd发送了一次数据，fd为:3018
2019年2月15日5时39分52秒	通过fd发送了一次数据，fd为:3019
2019年2月15日5时39分52秒	通过fd发送了一次数据，fd为:3020
2019年2月15日5时39分52秒	通过fd发送了一次数据，fd为:3021
2019年2月15日5时39分52秒	通过fd发送了一次数据，fd为:3020
2019年2月15日5时39分52秒	通过fd发送了一次数据，fd为:3021
2019年2月15日5时39分52秒	通过fd发送了一次数据，fd为:3022
2019年2月15日5时39分52秒	通过fd发送了一次数据，fd为:3023
2019年2月15日5时39分52秒	通过fd发送了一次数据，fd为:3024
2019年2月15日5时39分52秒	通过fd发送了一次数据，fd为:3025
2019年2月15日5时39分52秒	通过fd发送了一次数据，fd为:3026
2019年2月15日5时39分52秒	通过fd发送了一次数据，fd为:
3027
2019年2月15日5时39分52秒	通过fd发送了一次数据，fd为:3028
2019年2月15日5时39分52秒	通过fd发送了一次数据，fd为:3029
2019年2月15日5时39分52秒	通过fd发送了一次数据，fd为:3030
2019年2月15日5时39分52秒	通过fd发送了一次数据，fd为:3030
2019年2月15日5时39分52秒	通过fd发送了一次数据，fd为:3031
2019年2月15日5时39分52秒	通过fd发送了一次数据，fd为:3032
2019年2月15日5时39分52秒	通过fd发送了一次数据，fd为:3033
2019年2月15日5时39分52秒	通过fd发送了一次数据，fd为:3034
2019年2月15日5时39分52秒	通过fd发送了一次数据，fd为:3035
2019年2月15日5时39分52秒	通过fd发送了一次数据，fd为:3036
2019年2月15日5时39分52秒	通过fd发送了一次数据，fd为:3037
2019年2月15日5时39分52秒	通过fd发送了一次数据，fd为:3038
2019年2月15日5时39分52秒	通过fd发送了一次数据，fd为:3039
2019年2月15日5时39分52秒	通过fd发送了一次数据，fd为:
3040
2019年2月15日5时39分52秒	通过fd发送了一次数据，fd为:3041
2019年2月15日5时39分52秒	通过fd发送了一次数据，fd为:3042
2019年2月15日5时39分52秒	通过fd发送了一次数据，fd为:3043
2019年2月15日5时39分52秒	通过fd发送了一次数据，fd为:3043
2019年2月15日5时39分52秒	通过fd发送了一次数据，fd为:3044
2019年2月15日5时39分52秒	通过fd发送了一次数据，fd为:3043
2019年2月15日5时39分52秒	通过fd发送了一次数据，fd为:3045
2019年2月15日5时39分52秒	通过fd发送了一次数据，fd为:3046
2019年2月15日5时39分52秒	通过fd发送了一次数据，fd为:3047
2019年2月15日5时39分52秒	通过fd发送了一次数据，fd为:3048
2019年2月15日5时39分52秒	通过fd发送了一次数据，fd为:3049
2019年2月15日5时39分52秒	通过fd发送了一次数据，fd为:3048
2019年2月15日5时39分52秒	通过fd发送了一次数据，fd为:3050
2019年2月15日5时39分52秒	通过fd发送了一次数据，fd为:
3051
2019年2月15日5时39分52秒	通过fd发送了一次数据，fd为:3052
2019年2月15日5时39分52秒	通过fd发送了一次数据，fd为:3051
2019年2月15日5时39分52秒	通过fd发送了一次数据，fd为:3053
2019年2月15日5时39分52秒	通过fd发送了一次数据，fd为:3054
2019年2月15日5时39分52秒	通过fd发送了一次数据，fd为:3055
2019年2月15日5时39分52秒	通过fd发送了一次数据，fd为:3056
2019年2月15日5时39分52秒	通过fd发送了一次数据，fd为:3057
2019年2月15日5时39分52秒	通过fd发送了一次数据，fd为:3058
2019年2月15日5时39分52秒	通过fd发送了一次数据，fd为:3057
2019年2月15日5时39分52秒	通过fd发送了一次数据，fd为:3059
2019年2月15日5时39分52秒	通过fd发送了一次数据，fd为:3060
2019年2月15日5时39分52秒	通过fd发送了一次数据，fd为:3059
2019年2月15日5时39分52秒	通过fd发送了一次数据，fd为:3061
2019年2月15日5时39分52秒	通过fd发送了一次数据，fd为:
2019年2月15日5时39分52秒	通过fd发送了一次数据，fd为:3063
2019年2月15日5时39分52秒	通过fd发送了一次数据，fd为:3064
2019年2月15日5时39分52秒	通过fd发送了一次数据，fd为:3064
2019年2月15日5时39分52秒	通过fd发送了一次数据，fd为:3065
2019年2月15日5时39分52秒	通过fd发送了一次数据，fd为:3066
2019年2月15日5时39分52秒	通过fd发送了一次数据，fd为:3067
2019年2月15日5时39分52秒	通过fd发送了一次数据，fd为:3068
2019年2月15日5时39分52秒	通过fd发送了一次数据，fd为:3069
2019年2月15日5时39分52秒	通过fd发送了一次数据，fd为:3070
2019年2月15日5时39分52秒	通过fd发送了一次数据，fd为:3071
2019年2月15日5时39分52秒	通过fd发送了一次数据，fd为:3072
2019年2月15日5时39分52秒	通过fd发送了一次数据，fd为:3072
2019年2月15日5时39分52秒	通过fd发送了一次数据，fd为:3073
2019年2月15日5时39分52秒	通过fd发送了一次数据，fd为:
2019年2月15日5时39分52秒	通过fd发送了一次数据，fd为:3075
2019年2月15日5时39分52秒	通过fd发送了一次数据，fd为:3073
2019年2月15日5时39分52秒	通过fd发送了一次数据，fd为:3073
2019年2月15日5时39分52秒	通过fd发送了一次数据，fd为:3076
2019年2月15日5时39分52秒	通过fd发送了一次数据，fd为:3077
2019年2月15日5时39分52秒	通过fd发送了一次数据，fd为:3077
2019年2月15日5时39分52秒	通过fd发送了一次数据，fd为:3078
2019年2月15日5时39分52秒	通过fd发送了一次数据，fd为:3079
2019年2月15日5时39分52秒	通过fd发送了一次数据，fd为:3080
2019年2月15日5时39分52秒	通过fd发送了一次数据，fd为:3081
2019年2月15日5时39分52秒	通过fd发送了一次数据，fd为:3082
2019年2月15日5时39分52秒	通过fd发送了一次数据，fd为:3083
2019年2月15日5时39分52秒	通过fd发送了一次数据，fd为:3084
2019年2月15日5时39分52秒	通过fd发送了一次数据，fd为:
3085
2019年2月15日5时39分52秒	通过fd发送了一次数据，fd为:3086
2019年2月15日5时39分52秒	通过fd发送了一次数据，fd为:3085
2019年2月15日5时39分52秒	通过fd发送了一次数据，fd为:3087
2019年2月15日5时39分52秒	通过fd发送了一次数据，fd为:3088
2019年2月15日5时39分52秒	通过fd发送了一次数据，fd为:3089
2019年2月15日5时39分52秒	通过fd发送了一次数据，fd为:3088
2019年2月15日5时39分52秒	通过fd发送了一次数据，fd为:3090
2019年2月15日5时39分52秒	通过fd发送了一次数据，fd为:3091
2019年2月15日5时39分52秒	通过fd发送了一次数据，fd为:3092
2019年2月15日5时39分52秒	通过fd发送了一次数据，fd为:3093
2019年2月15日5时39分52秒	通过fd发送了一次数据，fd为:3092
2019年2月15日5时39分52秒	通过fd发送了一次数据，fd为:3094
2019年2月15日5时39分52秒	通过fd发送了一次数据，fd为:3095
2019年2月15日5时39分52秒	通过fd发送了一次数据，fd为:
2019年2月15日5时39分52秒	通过fd发送了一次数据，fd为:3097
2019年2月15日5时39分52秒	通过fd发送了一次数据，fd为:3096
2019年2月15日5时39分52秒	通过fd发送了一次数据，fd为:3096
2019年2月15日5时39分52秒	通过fd发送了一次数据，fd为:3098
2019年2月15日5时39分52秒	通过fd发送了一次数据，fd为:3099
2019年2月15日5时39分52秒	通过fd发送了一次数据，fd为:3100
2019年2月15日5时39分52秒	通过fd发送了一次数据，fd为:3099
2019年2月15日5时39分52秒	通过fd发送了一次数据，fd为:3101
2019年2月15日5时39分52秒	通过fd发送了一次数据，fd为:3102
2019年2月15日5时39分52秒	通过fd发送了一次数据，fd为:3103
2019年2月15日5时39分52秒	通过fd发送了一次数据，fd为:3104
2019年2月15日5时39分52秒	通过fd发送了一次数据，fd为:3103

2019年2月15日5时39分52秒	通过fd发送了一次数据，fd为:3103
2019年2月15日5时39分53秒	通过fd发送了一次数据，fd为:3105
2019年2月15日5时39分53秒	通过fd发送了一次数据，fd为:3106
2019年2月15日5时39分53秒	通过fd发送了一次数据，fd为:3107
2019年2月15日5时39分53秒	通过fd发送了一次数据，fd为:3106
2019年2月15日5时39分53秒	通过fd发送了一次数据，fd为:3108
2019年2月15日5时39分53秒	通过fd发送了一次数据，fd为:3109
2019年2月15日5时39分53秒	通过fd发送了一次数据，fd为:3110
2019年2月15日5时39分53秒	通过fd发送了一次数据，fd为:3111
2019年2月15日5时39分53秒	通过fd发送了一次数据，fd为:3110
2019年2月15日5时39分53秒	通过fd发送了一次数据，fd为:3112
2019年2月15日5时39分53秒	通过fd发送了一次数据，fd为:3113
2019年2月15日5时39分53秒	通过fd发送了一次数据，fd为:3114
2019年2月15日5时39分53秒	通过fd发送了一次数据，fd为:
3115
2019年2月15日5时39分53秒	通过fd发送了一次数据，fd为:3114
2019年2月15日5时39分53秒	通过fd发送了一次数据，fd为:3116
2019年2月15日5时39分53秒	通过fd发送了一次数据，fd为:3117
2019年2月15日5时39分53秒	通过fd发送了一次数据，fd为:3118
2019年2月15日5时39分53秒	通过fd发送了一次数据，fd为:3119
2019年2月15日5时39分53秒	通过fd发送了一次数据，fd为:3120
2019年2月15日5时39分53秒	通过fd发送了一次数据，fd为:3121
2019年2月15日5时39分53秒	通过fd发送了一次数据，fd为:3122
2019年2月15日5时39分53秒	通过fd发送了一次数据，fd为:3123
2019年2月15日5时39分53秒	通过fd发送了一次数据，fd为:3123
2019年2月15日5时39分53秒	通过fd发送了一次数据，fd为:3124
2019年2月15日5时39分53秒	通过fd发送了一次数据，fd为:3125
2019年2月15日5时39分53秒	通过fd发送了一次数据，fd为:3126
2019年2月15日5时39分53秒	通过fd发送了一次数据，fd为:
3127
2019年2月15日5时39分53秒	通过fd发送了一次数据，fd为:3128
2019年2月15日5时39分53秒	通过fd发送了一次数据，fd为:3127
2019年2月15日5时39分53秒	通过fd发送了一次数据，fd为:3129
2019年2月15日5时39分53秒	通过fd发送了一次数据，fd为:3130
2019年2月15日5时39分53秒	通过fd发送了一次数据，fd为:3131
2019年2月15日5时39分53秒	通过fd发送了一次数据，fd为:3132
2019年2月15日5时39分53秒	通过fd发送了一次数据，fd为:3131
2019年2月15日5时39分53秒	通过fd发送了一次数据，fd为:3131
2019年2月15日5时39分53秒	通过fd发送了一次数据，fd为:3132
2019年2月15日5时39分53秒	通过fd发送了一次数据，fd为:3131
2019年2月15日5时39分53秒	通过fd发送了一次数据，fd为:3133
2019年2月15日5时39分53秒	通过fd发送了一次数据，fd为:3134
2019年2月15日5时39分53秒	通过fd发送了一次数据，fd为:3135
2019年2月15日5时39分53秒	通过fd发送了一次数据，fd为:
2019年2月15日5时39分53秒	通过fd发送了一次数据，fd为:3137
2019年2月15日5时39分53秒	通过fd发送了一次数据，fd为:3136
2019年2月15日5时39分53秒	通过fd发送了一次数据，fd为:3138
2019年2月15日5时39分53秒	通过fd发送了一次数据，fd为:3136
2019年2月15日5时39分53秒	通过fd发送了一次数据，fd为:3139
2019年2月15日5时39分53秒	通过fd发送了一次数据，fd为:3136
2019年2月15日5时39分53秒	通过fd发送了一次数据，fd为:3136
2019年2月15日5时39分53秒	通过fd发送了一次数据，fd为:3140
2019年2月15日5时39分53秒	通过fd发送了一次数据，fd为:3141
2019年2月15日5时39分53秒	通过fd发送了一次数据，fd为:3142
2019年2月15日5时39分53秒	通过fd发送了一次数据，fd为:3143
2019年2月15日5时39分53秒	通过fd发送了一次数据，fd为:3144
2019年2月15日5时39分53秒	通过fd发送了一次数据，fd为:3144
2019年2月15日5时39分53秒	通过fd发送了一次数据，fd为:
2019年2月15日5时39分53秒	通过fd发送了一次数据，fd为:3145
2019年2月15日5时39分53秒	通过fd发送了一次数据，fd为:3146
2019年2月15日5时39分53秒	通过fd发送了一次数据，fd为:3147
2019年2月15日5时39分53秒	通过fd发送了一次数据，fd为:3148
2019年2月15日5时39分53秒	通过fd发送了一次数据，fd为:3149
2019年2月15日5时39分53秒	通过fd发送了一次数据，fd为:3150
2019年2月15日5时39分53秒	通过fd发送了一次数据，fd为:3151
2019年2月15日5时39分53秒	通过fd发送了一次数据，fd为:3152
2019年2月15日5时39分53秒	通过fd发送了一次数据，fd为:3152
2019年2月15日5时39分53秒	通过fd发送了一次数据，fd为:3153
2019年2月15日5时39分53秒	通过fd发送了一次数据，fd为:3154
2019年2月15日5时39分53秒	通过fd发送了一次数据，fd为:3153
2019年2月15日5时39分53秒	通过fd发送了一次数据，fd为:3155
2019年2月15日5时39分53秒	通过fd发送了一次数据，fd为:
2019年2月15日5时39分53秒	通过fd发送了一次数据，fd为:3153
2019年2月15日5时39分53秒	通过fd发送了一次数据，fd为:3156
2019年2月15日5时39分53秒	通过fd发送了一次数据，fd为:3157
2019年2月15日5时39分53秒	通过fd发送了一次数据，fd为:3158
2019年2月15日5时39分53秒	通过fd发送了一次数据，fd为:3157
2019年2月15日5时39分53秒	通过fd发送了一次数据，fd为:3159
2019年2月15日5时39分53秒	通过fd发送了一次数据，fd为:3160
2019年2月15日5时39分53秒	通过fd发送了一次数据，fd为:3161
2019年2月15日5时39分53秒	通过fd发送了一次数据，fd为:3162
2019年2月15日5时39分53秒	通过fd发送了一次数据，fd为:3163
2019年2月15日5时39分53秒	通过fd发送了一次数据，fd为:3164
2019年2月15日5时39分53秒	通过fd发送了一次数据，fd为:3165
2019年2月15日5时39分53秒	通过fd发送了一次数据，fd为:3166
2019年2月15日5时39分53秒	通过fd发送了一次数据，fd为:
2019年2月15日5时39分53秒	通过fd发送了一次数据，fd为:3167
2019年2月15日5时39分53秒	通过fd发送了一次数据，fd为:3168
2019年2月15日5时39分53秒	通过fd发送了一次数据，fd为:3169
2019年2月15日5时39分53秒	通过fd发送了一次数据，fd为:3170
2019年2月15日5时39分53秒	通过fd发送了一次数据，fd为:3171
2019年2月15日5时39分53秒	通过fd发送了一次数据，fd为:3172
2019年2月15日5时39分53秒	通过fd发送了一次数据，fd为:3173
2019年2月15日5时39分53秒	通过fd发送了一次数据，fd为:3174
2019年2月15日5时39分53秒	通过fd发送了一次数据，fd为:3175
2019年2月15日5时39分53秒	通过fd发送了一次数据，fd为:3176
2019年2月15日5时39分53秒	通过fd发送了一次数据，fd为:3177
2019年2月15日5时39分53秒	通过fd发送了一次数据，fd为:3178
2019年2月15日5时39分53秒	通过fd发送了一次数据，fd为:3179
2019年2月15日5时39分53秒	通过fd发送了一次数据，fd为:
2019年2月15日5时39分53秒	通过fd发送了一次数据，fd为:3181
2019年2月15日5时39分53秒	通过fd发送了一次数据，fd为:3182
2019年2月15日5时39分53秒	通过fd发送了一次数据，fd为:3183
2019年2月15日5时39分53秒	通过fd发送了一次数据，fd为:3184
2019年2月15日5时39分53秒	通过fd发送了一次数据，fd为:3185
2019年2月15日5时39分53秒	通过fd发送了一次数据，fd为:3186
2019年2月15日5时39分53秒	通过fd发送了一次数据，fd为:3185
2019年2月15日5时39分53秒	通过fd发送了一次数据，fd为:3187
2019年2月15日5时39分53秒	通过fd发送了一次数据，fd为:3188
2019年2月15日5时39分53秒	通过fd发送了一次数据，fd为:3189
2019年2月15日5时39分53秒	通过fd发送了一次数据，fd为:3190
2019年2月15日5时39分53秒	通过fd发送了一次数据，fd为:3191
2019年2月15日5时39分53秒	通过fd发送了一次数据，fd为:3190
2019年2月15日5时39分53秒	通过fd发送了一次数据，fd为:
3192
2019年2月15日5时39分53秒	通过fd发送了一次数据，fd为:3193
2019年2月15日5时39分53秒	通过fd发送了一次数据，fd为:3194
2019年2月15日5时39分53秒	通过fd发送了一次数据，fd为:3193
2019年2月15日5时39分53秒	通过fd发送了一次数据，fd为:3195
2019年2月15日5时39分53秒	通过fd发送了一次数据，fd为:3196
2019年2月15日5时39分53秒	通过fd发送了一次数据，fd为:3197
2019年2月15日5时39分53秒	通过fd发送了一次数据，fd为:3198
2019年2月15日5时39分53秒	通过fd发送了一次数据，fd为:3199
2019年2月15日5时39分53秒	通过fd发送了一次数据，fd为:3200
2019年2月15日5时39分53秒	通过fd发送了一次数据，fd为:3201
2019年2月15日5时39分53秒	通过fd发送了一次数据，fd为:3202
2019年2月15日5时39分53秒	通过fd发送了一次数据，fd为:3201
2019年2月15日5时39分53秒	通过fd发送了一次数据，fd为:3202
2019年2月15日5时39分53秒	通过fd发送了一次数据，fd为:
2019年2月15日5时39分53秒	通过fd发送了一次数据，fd为:3204
2019年2月15日5时39分53秒	通过fd发送了一次数据，fd为:3203
2019年2月15日5时39分53秒	通过fd发送了一次数据，fd为:3205
2019年2月15日5时39分53秒	通过fd发送了一次数据，fd为:3206
2019年2月15日5时39分53秒	通过fd发送了一次数据，fd为:3207
2019年2月15日5时39分53秒	通过fd发送了一次数据，fd为:3208
2019年2月15日5时39分53秒	通过fd发送了一次数据，fd为:3209
2019年2月15日5时39分53秒	通过fd发送了一次数据，fd为:3208
2019年2月15日5时39分53秒	通过fd发送了一次数据，fd为:3210
2019年2月15日5时39分53秒	通过fd发送了一次数据，fd为:3211
2019年2月15日5时39分53秒	通过fd发送了一次数据，fd为:3212
2019年2月15日5时39分53秒	通过fd发送了一次数据，fd为:3213
2019年2月15日5时39分53秒	通过fd发送了一次数据，fd为:3214
2019年2月15日5时39分53秒	通过fd发送了一次数据，fd为:
2019年2月15日5时39分53秒	通过fd发送了一次数据，fd为:3216
2019年2月15日5时39分53秒	通过fd发送了一次数据，fd为:3217
2019年2月15日5时39分53秒	通过fd发送了一次数据，fd为:3218
2019年2月15日5时39分53秒	通过fd发送了一次数据，fd为:3219
2019年2月15日5时39分53秒	通过fd发送了一次数据，fd为:3218
2019年2月15日5时39分53秒	通过fd发送了一次数据，fd为:3220
2019年2月15日5时39分53秒	通过fd发送了一次数据，fd为:3221
2019年2月15日5时39分53秒	通过fd发送了一次数据，fd为:3222
2019年2月15日5时39分53秒	通过fd发送了一次数据，fd为:3223
2019年2月15日5时39分53秒	通过fd发送了一次数据，fd为:3224
2019年2月15日5时39分53秒	通过fd发送了一次数据，fd为:3225
2019年2月15日5时39分53秒	通过fd发送了一次数据，fd为:3226
2019年2月15日5时39分53秒	通过fd发送了一次数据，fd为:3227
2019年2月15日5时39分53秒	通过fd发送了一次数据，fd为:
2019年2月15日5时39分53秒	通过fd发送了一次数据，fd为:3227
2019年2月15日5时39分53秒	通过fd发送了一次数据，fd为:3229
2019年2月15日5时39分53秒	通过fd发送了一次数据，fd为:3230
2019年2月15日5时39分53秒	通过fd发送了一次数据，fd为:3231
2019年2月15日5时39分53秒	通过fd发送了一次数据，fd为:3232
2019年2月15日5时39分53秒	通过fd发送了一次数据，fd为:3233
2019年2月15日5时39分53秒	通过fd发送了一次数据，fd为:3232
2019年2月15日5时39分53秒	通过fd发送了一次数据，fd为:3234
2019年2月15日5时39分53秒	通过fd发送了一次数据，fd为:3232
2019年2月15日5时39分53秒	通过fd发送了一次数据，fd为:3235
2019年2月15日5时39分53秒	通过fd发送了一次数据，fd为:3232
2019年2月15日5时39分53秒	通过fd发送了一次数据，fd为:3235
2019年2月15日5时39分53秒	通过fd发送了一次数据，fd为:3232
2019年2月15日5时39分53秒	通过fd发送了一次数据，fd为:
2019年2月15日5时39分53秒	通过fd发送了一次数据，fd为:3236
2019年2月15日5时39分53秒	通过fd发送了一次数据，fd为:3237
2019年2月15日5时39分53秒	通过fd发送了一次数据，fd为:3236
2019年2月15日5时39分53秒	通过fd发送了一次数据，fd为:3237
2019年2月15日5时39分53秒	通过fd发送了一次数据，fd为:3238
2019年2月15日5时39分53秒	通过fd发送了一次数据，fd为:3239
2019年2月15日5时39分53秒	通过fd发送了一次数据，fd为:3239
2019年2月15日5时39分53秒	通过fd发送了一次数据，fd为:3240
2019年2月15日5时39分53秒	通过fd发送了一次数据，fd为:3241
2019年2月15日5时39分53秒	通过fd发送了一次数据，fd为:3242
2019年2月15日5时39分53秒	通过fd发送了一次数据，fd为:3243
2019年2月15日5时39分53秒	通过fd发送了一次数据，fd为:3244
2019年2月15日5时39分53秒	通过fd发送了一次数据，fd为:3245
2019年2月15日5时39分53秒	通过fd发送了一次数据，fd为:
2019年2月15日5时39分53秒	通过fd发送了一次数据，fd为:3245
2019年2月15日5时39分53秒	通过fd发送了一次数据，fd为:3247
2019年2月15日5时39分53秒	通过fd发送了一次数据，fd为:3248
2019年2月15日5时39分53秒	通过fd发送了一次数据，fd为:3249
2019年2月15日5时39分53秒	通过fd发送了一次数据，fd为:3250
2019年2月15日5时39分53秒	通过fd发送了一次数据，fd为:3251
2019年2月15日5时39分53秒	通过fd发送了一次数据，fd为:3252
2019年2月15日5时39分53秒	通过fd发送了一次数据，fd为:3253
2019年2月15日5时39分53秒	通过fd发送了一次数据，fd为:3252
2019年2月15日5时39分53秒	通过fd发送了一次数据，fd为:3254
2019年2月15日5时39分53秒	通过fd发送了一次数据，fd为:3255
2019年2月15日5时39分53秒	通过fd发送了一次数据，fd为:3256
2019年2月15日5时39分53秒	通过fd发送了一次数据，fd为:3257
2019年2月15日5时39分53秒	通过fd发送了一次数据，fd为:
2019年2月15日5时39分53秒	通过fd发送了一次数据，fd为:3259
2019年2月15日5时39分53秒	通过fd发送了一次数据，fd为:3258
2019年2月15日5时39分53秒	通过fd发送了一次数据，fd为:3260
2019年2月15日5时39分53秒	通过fd发送了一次数据，fd为:3261
2019年2月15日5时39分53秒	通过fd发送了一次数据，fd为:3262
2019年2月15日5时39分53秒	通过fd发送了一次数据，fd为:3263
2019年2月15日5时39分53秒	通过fd发送了一次数据，fd为:3262
2019年2月15日5时39分53秒	通过fd发送了一次数据，fd为:3264
2019年2月15日5时39分53秒	通过fd发送了一次数据，fd为:3265
2019年2月15日5时39分53秒	通过fd发送了一次数据，fd为:3266
2019年2月15日5时39分53秒	通过fd发送了一次数据，fd为:3267
2019年2月15日5时39分53秒	通过fd发送了一次数据，fd为:3268
2019年2月15日5时39分53秒	通过fd发送了一次数据，fd为:3269
2019年2月15日5时39分53秒	通过fd发送了一次数据，fd为:
2019年2月15日5时39分53秒	通过fd发送了一次数据，fd为:3271
2019年2月15日5时39分53秒	通过fd发送了一次数据，fd为:3272
2019年2月15日5时39分53秒	通过fd发送了一次数据，fd为:3273
2019年2月15日5时39分53秒	通过fd发送了一次数据，fd为:3274
2019年2月15日5时39分53秒	通过fd发送了一次数据，fd为:3275
2019年2月15日5时39分53秒	通过fd发送了一次数据，fd为:3276
2019年2月15日5时39分53秒	通过fd发送了一次数据，fd为:3277
2019年2月15日5时39分53秒	通过fd发送了一次数据，fd为:3278
2019年2月15日5时39分53秒	通过fd发送了一次数据，fd为:3279
2019年2月15日5时39分53秒	通过fd发送了一次数据，fd为:3280
2019年2月15日5时39分53秒	通过fd发送了一次数据，fd为:3281
2019年2月15日5时39分53秒	通过fd发送了一次数据，fd为:3282
2019年2月15日5时39分53秒	通过fd发送了一次数据，fd为:3283
2019年2月15日5时39分53秒	通过fd发送了一次数据，fd为:
2019年2月15日5时39分53秒	通过fd发送了一次数据，fd为:3285
2019年2月15日5时39分53秒	通过fd发送了一次数据，fd为:3286
2019年2月15日5时39分53秒	通过fd发送了一次数据，fd为:3287
2019年2月15日5时39分53秒	通过fd发送了一次数据，fd为:3288
2019年2月15日5时39分53秒	通过fd发送了一次数据，fd为:3289
2019年2月15日5时39分53秒	通过fd发送了一次数据，fd为:3290
2019年2月15日5时39分53秒	通过fd发送了一次数据，fd为:3289
2019年2月15日5时39分53秒	通过fd发送了一次数据，fd为:3289
2019年2月15日5时39分53秒	通过fd发送了一次数据，fd为:3289
2019年2月15日5时39分53秒	通过fd发送了一次数据，fd为:3289
2019年2月15日5时39分53秒	通过fd发送了一次数据，fd为:3289
2019年2月15日5时39分53秒	通过fd发送了一次数据，fd为:3290
2019年2月15日5时39分53秒	通过fd发送了一次数据，fd为:3290
2019年2月15日5时39分53秒	通过fd发送了一次数据，fd为:
2019年2月15日5时39分53秒	通过fd发送了一次数据，fd为:3292
2019年2月15日5时39分53秒	通过fd发送了一次数据，fd为:3293
2019年2月15日5时39分53秒	通过fd发送了一次数据，fd为:3294
2019年2月15日5时39分53秒	通过fd发送了一次数据，fd为:3295
2019年2月15日5时39分53秒	通过fd发送了一次数据，fd为:3296
2019年2月15日5时39分53秒	通过fd发送了一次数据，fd为:3297
2019年2月15日5时39分53秒	通过fd发送了一次数据，fd为:3296
2019年2月15日5时39分53秒	通过fd发送了一次数据，fd为:3298
2019年2月15日5时39分53秒	通过fd发送了一次数据，fd为:3299
2019年2月15日5时39分53秒	通过fd发送了一次数据，fd为:3298
2019年2月15日5时39分53秒	通过fd发送了一次数据，fd为:3300
2019年2月15日5时39分53秒	通过fd发送了一次数据，fd为:3301
2019年2月15日5时39分53秒	通过fd发送了一次数据，fd为:3302
2019年2月15日5时39分53秒	通过fd发送了一次数据，fd为:
2019年2月15日5时39分53秒	通过fd发送了一次数据，fd为:3304
2019年2月15日5时39分53秒	通过fd发送了一次数据，fd为:3303
2019年2月15日5时39分53秒	通过fd发送了一次数据，fd为:3305
2019年2月15日5时39分53秒	通过fd发送了一次数据，fd为:3306
2019年2月15日5时39分53秒	通过fd发送了一次数据，fd为:3307
2019年2月15日5时39分53秒	通过fd发送了一次数据，fd为:3308
2019年2月15日5时39分53秒	通过fd发送了一次数据，fd为:3309
2019年2月15日5时39分53秒	通过fd发送了一次数据，fd为:3310
2019年2月15日5时39分53秒	通过fd发送了一次数据，fd为:3311
2019年2月15日5时39分53秒	通过fd发送了一次数据，fd为:3312
2019年2月15日5时39分53秒	通过fd发送了一次数据，fd为:3313
2019年2月15日5时39分53秒	通过fd发送了一次数据，fd为:3314
2019年2月15日5时39分53秒	通过fd发送了一次数据，fd为:3314
2019年2月15日5时39分53秒	通过fd发送了一次数据，fd为:
2019年2月15日5时39分53秒	通过fd发送了一次数据，fd为:3315
2019年2月15日5时39分53秒	通过fd发送了一次数据，fd为:3316
2019年2月15日5时39分53秒	通过fd发送了一次数据，fd为:3317
2019年2月15日5时39分53秒	通过fd发送了一次数据，fd为:3318
2019年2月15日5时39分53秒	通过fd发送了一次数据，fd为:3319
2019年2月15日5时39分53秒	通过fd发送了一次数据，fd为:3320
2019年2月15日5时39分53秒	通过fd发送了一次数据，fd为:3321
2019年2月15日5时39分53秒	通过fd发送了一次数据，fd为:3322
2019年2月15日5时39分53秒	通过fd发送了一次数据，fd为:3323
2019年2月15日5时39分53秒	通过fd发送了一次数据，fd为:3323
2019年2月15日5时39分53秒	通过fd发送了一次数据，fd为:3324
2019年2月15日5时39分53秒	通过fd发送了一次数据，fd为:3323
2019年2月15日5时39分53秒	通过fd发送了一次数据，fd为:3325
2019年2月15日5时39分53秒	通过fd发送了一次数据，fd为:
2019年2月15日5时39分53秒	通过fd发送了一次数据，fd为:3323
2019年2月15日5时39分53秒	通过fd发送了一次数据，fd为:3326
2019年2月15日5时39分53秒	通过fd发送了一次数据，fd为:3327
2019年2月15日5时39分53秒	通过fd发送了一次数据，fd为:3328
2019年2月15日5时39分53秒	通过fd发送了一次数据，fd为:3329
2019年2月15日5时39分53秒	通过fd发送了一次数据，fd为:3330
2019年2月15日5时39分53秒	通过fd发送了一次数据，fd为:3331
2019年2月15日5时39分53秒	通过fd发送了一次数据，fd为:3330
2019年2月15日5时39分53秒	通过fd发送了一次数据，fd为:3332
2019年2月15日5时39分53秒	通过fd发送了一次数据，fd为:3330
2019年2月15日5时39分53秒	通过fd发送了一次数据，fd为:3333
2019年2月15日5时39分53秒	通过fd发送了一次数据，fd为:3334
2019年2月15日5时39分53秒	通过fd发送了一次数据，fd为:3335
2019年2月15日5时39分53秒	通过fd发送了一次数据，fd为:
2019年2月15日5时39分53秒	通过fd发送了一次数据，fd为:3337
2019年2月15日5时39分53秒	通过fd发送了一次数据，fd为:3338
2019年2月15日5时39分53秒	通过fd发送了一次数据，fd为:3339
2019年2月15日5时39分53秒	通过fd发送了一次数据，fd为:3340
2019年2月15日5时39分53秒	通过fd发送了一次数据，fd为:3340
2019年2月15日5时39分53秒	通过fd发送了一次数据，fd为:3341
2019年2月15日5时39分53秒	通过fd发送了一次数据，fd为:3342
2019年2月15日5时39分53秒	通过fd发送了一次数据，fd为:3343
2019年2月15日5时39分53秒	通过fd发送了一次数据，fd为:3344
2019年2月15日5时39分53秒	通过fd发送了一次数据，fd为:3345
2019年2月15日5时39分53秒	通过fd发送了一次数据，fd为:3346
2019年2月15日5时39分53秒	通过fd发送了一次数据，fd为:3347
2019年2月15日5时39分53秒	通过fd发送了一次数据，fd为:3348
2019年2月15日5时39分53秒	通过fd发送了一次数据，fd为:
2019年2月15日5时39分53秒	通过fd发送了一次数据，fd为:3350
2019年2月15日5时39分53秒	通过fd发送了一次数据，fd为:3349
2019年2月15日5时39分53秒	通过fd发送了一次数据，fd为:3351
2019年2月15日5时39分53秒	通过fd发送了一次数据，fd为:3352
2019年2月15日5时39分53秒	通过fd发送了一次数据，fd为:3352
2019年2月15日5时39分53秒	通过fd发送了一次数据，fd为:3353
2019年2月15日5时39分53秒	通过fd发送了一次数据，fd为:3354
2019年2月15日5时39分53秒	通过fd发送了一次数据，fd为:3355
2019年2月15日5时39分53秒	通过fd发送了一次数据，fd为:3356
2019年2月15日5时39分53秒	通过fd发送了一次数据，fd为:3357
2019年2月15日5时39分53秒	通过fd发送了一次数据，fd为:3357
2019年2月15日5时39分53秒	通过fd发送了一次数据，fd为:3358
2019年2月15日5时39分53秒	通过fd发送了一次数据，fd为:3359
2019年2月15日5时39分53秒	通过fd发送了一次数据，fd为:
2019年2月15日5时39分53秒	通过fd发送了一次数据，fd为:3361
2019年2月15日5时39分53秒	通过fd发送了一次数据，fd为:3360
2019年2月15日5时39分53秒	通过fd发送了一次数据，fd为:3362
2019年2月15日5时39分53秒	通过fd发送了一次数据，fd为:3363
2019年2月15日5时39分53秒	通过fd发送了一次数据，fd为:3364
2019年2月15日5时39分53秒	通过fd发送了一次数据，fd为:3365
2019年2月15日5时39分53秒	通过fd发送了一次数据，fd为:3366
2019年2月15日5时39分53秒	通过fd发送了一次数据，fd为:3365
2019年2月15日5时39分53秒	通过fd发送了一次数据，fd为:3366
2019年2月15日5时39分53秒	通过fd发送了一次数据，fd为:3367
2019年2月15日5时39分53秒	通过fd发送了一次数据，fd为:3368
2019年2月15日5时39分53秒	通过fd发送了一次数据，fd为:3369
2019年2月15日5时39分53秒	通过fd发送了一次数据，fd为:3370
2019年2月15日5时39分53秒	通过fd发送了一次数据，fd为:
2019年2月15日5时39分53秒	通过fd发送了一次数据，fd为:3372
2019年2月15日5时39分53秒	通过fd发送了一次数据，fd为:3371
2019年2月15日5时39分53秒	通过fd发送了一次数据，fd为:3373
2019年2月15日5时39分53秒	通过fd发送了一次数据，fd为:3371
2019年2月15日5时39分53秒	通过fd发送了一次数据，fd为:3374
2019年2月15日5时39分53秒	通过fd发送了一次数据，fd为:3375
2019年2月15日5时39分53秒	通过fd发送了一次数据，fd为:3374
2019年2月15日5时39分53秒	通过fd发送了一次数据，fd为:3376
2019年2月15日5时39分53秒	通过fd发送了一次数据，fd为:3377
2019年2月15日5时39分53秒	通过fd发送了一次数据，fd为:3378
2019年2月15日5时39分53秒	通过fd发送了一次数据，fd为:3379
2019年2月15日5时39分53秒	通过fd发送了一次数据，fd为:3380
2019年2月15日5时39分53秒	通过fd发送了一次数据，fd为:3381
2019年2月15日5时39分53秒	通过fd发送了一次数据，fd为:
34
2019年2月15日5时39分44秒	通过fd发送了一次数据，fd为:81
102
113
125
136
147
167
179
191
203
226
251
263
288
312
334
345
355
367
385
392
396
407
444
456
465
479
490
503
513
528
541
552
562
573
586
595
608
619
630
638
646
669
680
692
717
728
740
762
771
795
819
831
840
879
892
906
945
957
970
989
1000
1049
1075
1096
1106
1141
1150
1185
1198
1210
1230
1267
1280
1292
1313
1325
1349
1362
1384
1407
1437
1459
1470
1494
1520
1532
1553
1577
1589
1602
1616
1644
1670
1684
1709
1733
1746
1759
1784
1798
1811
1821
1843
1857
1882
1904
1918
1942
1951
1961
1970
1982
2020
2029
2042
2068
2081
2102
2119
2130
2150
2196
2254
2266
2277
2305
2318
2331
2344
2356
2393
2403
2415
2428
2437
2458
2470
2480
2489
2503
2516
2540
2547
2559
2570
2596
2609
2623
2649
2663
2686
2709
2722
2733
2752
2766
2792
2804
2816
2827
2840
2852
2863
2876
2885
2898
2924
2935
2947
2960
2981
3002
3015
3062
3074
3096
3136
3145
3153
3166
3180
3203
3215
3228
3235
3246
3258
3270
3284
3291
3303
3315
3323
3336
3349
3360
3371
3380

34
2019年2月15日5时39分44秒	通过fd发送了一次数据，fd为:81
102
113
125
136
147
167
179
191
203
226
251
263
288
312
334
345
355
367
385
392
396
407
444
456
465
479
490
503
513
528
541
552
562
573
586
595
608
619
630
638
646
669
680
692
717
728
740
762
771
795
819
831
840
879
892
906
945
957
970
989
1000
1049
1075
1096
1106
1141
1150
1185
1198
1210
1230
1267
1280
1292
1313
1325
1349
1362
1384
1407
1437
1459
1470
1494
1520
1532
1553
1577
1589
1602
1616
1644
1670
1684
1709
1733
1746
1759
1784
1798
1811
1821
1843
1857
1882
1904
1918
1942
1951
1961
1970
1982
2020
2029
2042
2068
2081
2102
2119
2130
2150
2196
2254
2266
2277
2305
2318
2331
2344
2356
2393
2403
2415
2428
2437
2458
2470
2480
2489
2503
2516
2540
2547
2559
2570
2596
2609
2623
2649
2663
2686
2709
2722
2733
2752
2766
2792
2804
2816
2827
2840
2852
2863
2876
2885
2898
2924
2935
2947
2960
2981
3002
3015
3062
3074
3096
3136
3145
3153
3166
3180
3203
3215
3228
3235
3246
3258
3270
3284
3291
3303
3315
3323
3336
3349
3360
3371
3380

2019年2月15日5时39分53秒	通过fd发送了一次数据，fd为:3381
2019年2月15日5时39分53秒	通过fd发送了一次数据，fd为:3382
2019年2月15日5时39分53秒	通过fd发送了一次数据，fd为:3381
2019年2月15日5时39分53秒	通过fd发送了一次数据，fd为:3383
2019年2月15日5时39分53秒	通过fd发送了一次数据，fd为:3384
2019年2月15日5时39分53秒	通过fd发送了一次数据，fd为:3385
2019年2月15日5时39分53秒	通过fd发送了一次数据，fd为:3386
2019年2月15日5时39分53秒	通过fd发送了一次数据，fd为:3387
2019年2月15日5时39分53秒	通过fd发送了一次数据，fd为:3388
2019年2月15日5时39分53秒	通过fd发送了一次数据，fd为:3389
2019年2月15日5时39分53秒	通过fd发送了一次数据，fd为:3390
2019年2月15日5时39分53秒	通过fd发送了一次数据，fd为:3391
2019年2月15日5时39分53秒	通过fd发送了一次数据，fd为:3390
2019年2月15日5时39分53秒	通过fd发送了一次数据，fd为:
3392
2019年2月15日5时39分53秒	通过fd发送了一次数据，fd为:3392
2019年2月15日5时39分53秒	通过fd发送了一次数据，fd为:3393
2019年2月15日5时39分53秒	通过fd发送了一次数据，fd为:3394
2019年2月15日5时39分53秒	通过fd发送了一次数据，fd为:3395
2019年2月15日5时39分53秒	通过fd发送了一次数据，fd为:3396
2019年2月15日5时39分53秒	通过fd发送了一次数据，fd为:3397
2019年2月15日5时39分53秒	通过fd发送了一次数据，fd为:3398
2019年2月15日5时39分53秒	通过fd发送了一次数据，fd为:3399
2019年2月15日5时39分53秒	通过fd发送了一次数据，fd为:3400
2019年2月15日5时39分53秒	通过fd发送了一次数据，fd为:3401
2019年2月15日5时39分53秒	通过fd发送了一次数据，fd为:3402
2019年2月15日5时39分53秒	通过fd发送了一次数据，fd为:3403
2019年2月15日5时39分53秒	通过fd发送了一次数据，fd为:3404
2019年2月15日5时39分53秒	通过fd发送了一次数据，fd为:
3405
2019年2月15日5时39分53秒	通过fd发送了一次数据，fd为:3406
2019年2月15日5时39分53秒	通过fd发送了一次数据，fd为:3407
2019年2月15日5时39分53秒	通过fd发送了一次数据，fd为:3408
2019年2月15日5时39分53秒	通过fd发送了一次数据，fd为:3409
2019年2月15日5时39分53秒	通过fd发送了一次数据，fd为:3409
2019年2月15日5时39分53秒	通过fd发送了一次数据，fd为:3409
2019年2月15日5时39分53秒	通过fd发送了一次数据，fd为:3410
2019年2月15日5时39分53秒	通过fd发送了一次数据，fd为:3411
2019年2月15日5时39分53秒	通过fd发送了一次数据，fd为:3412
2019年2月15日5时39分53秒	通过fd发送了一次数据，fd为:3413
2019年2月15日5时39分53秒	通过fd发送了一次数据，fd为:3414
2019年2月15日5时39分53秒	通过fd发送了一次数据，fd为:3415
2019年2月15日5时39分53秒	通过fd发送了一次数据，fd为:3414
2019年2月15日5时39分53秒	通过fd发送了一次数据，fd为:
3416
2019年2月15日5时39分53秒	通过fd发送了一次数据，fd为:3417
2019年2月15日5时39分53秒	通过fd发送了一次数据，fd为:3416
2019年2月15日5时39分53秒	通过fd发送了一次数据，fd为:3418
2019年2月15日5时39分53秒	通过fd发送了一次数据，fd为:3418
2019年2月15日5时39分53秒	通过fd发送了一次数据，fd为:3419
2019年2月15日5时39分53秒	通过fd发送了一次数据，fd为:3420
2019年2月15日5时39分53秒	通过fd发送了一次数据，fd为:3421
2019年2月15日5时39分53秒	通过fd发送了一次数据，fd为:3420
2019年2月15日5时39分53秒	通过fd发送了一次数据，fd为:3422
2019年2月15日5时39分53秒	通过fd发送了一次数据，fd为:3420
2019年2月15日5时39分53秒	通过fd发送了一次数据，fd为:3423
2019年2月15日5时39分53秒	通过fd发送了一次数据，fd为:3424
2019年2月15日5时39分53秒	通过fd发送了一次数据，fd为:3425
2019年2月15日5时39分53秒	通过fd发送了一次数据，fd为:3426

3416
2019年2月15日5时39分53秒	通过fd发送了一次数据，fd为:3417
2019年2月15日5时39分53秒	通过fd发送了一次数据，fd为:3416
2019年2月15日5时39分53秒	通过fd发送了一次数据，fd为:3418
2019年2月15日5时39分53秒	通过fd发送了一次数据，fd为:3418
2019年2月15日5时39分53秒	通过fd发送了一次数据，fd为:3419
2019年2月15日5时39分53秒	通过fd发送了一次数据，fd为:3420
2019年2月15日5时39分53秒	通过fd发送了一次数据，fd为:3421
2019年2月15日5时39分53秒	通过fd发送了一次数据，fd为:3420
2019年2月15日5时39分53秒	通过fd发送了一次数据，fd为:3422
2019年2月15日5时39分53秒	通过fd发送了一次数据，fd为:3420
2019年2月15日5时39分53秒	通过fd发送了一次数据，fd为:3423
2019年2月15日5时39分53秒	通过fd发送了一次数据，fd为:3424
2019年2月15日5时39分53秒	通过fd发送了一次数据，fd为:3425
2019年2月15日5时39分53秒	通过fd发送了一次数据，fd为:3426

3416
2019年2月15日5时39分53秒	通过fd发送了一次数据，fd为:3417
2019年2月15日5时39分53秒	通过fd发送了一次数据，fd为:3416
2019年2月15日5时39分53秒	通过fd发送了一次数据，fd为:3418
2019年2月15日5时39分53秒	通过fd发送了一次数据，fd为:3418
2019年2月15日5时39分53秒	通过fd发送了一次数据，fd为:3419
2019年2月15日5时39分53秒	通过fd发送了一次数据，fd为:3420
2019年2月15日5时39分53秒	通过fd发送了一次数据，fd为:3421
2019年2月15日5时39分53秒	通过fd发送了一次数据，fd为:3420
2019年2月15日5时39分53秒	通过fd发送了一次数据，fd为:3422
2019年2月15日5时39分53秒	通过fd发送了一次数据，fd为:3420
2019年2月15日5时39分53秒	通过fd发送了一次数据，fd为:3423
2019年2月15日5时39分53秒	通过fd发送了一次数据，fd为:3424
2019年2月15日5时39分53秒	通过fd发送了一次数据，fd为:3425
2019年2月15日5时39分53秒	通过fd发送了一次数据，fd为:3426

2019年2月15日5时39分53秒	通过fd发送了一次数据，fd为:3427
2019年2月15日5时39分53秒	通过fd发送了一次数据，fd为:3428
2019年2月15日5时39分53秒	通过fd发送了一次数据，fd为:3429
2019年2月15日5时39分53秒	通过fd发送了一次数据，fd为:3428
2019年2月15日5时39分53秒	通过fd发送了一次数据，fd为:3429
2019年2月15日5时39分53秒	通过fd发送了一次数据，fd为:3430
2019年2月15日5时39分53秒	通过fd发送了一次数据，fd为:3431
2019年2月15日5时39分53秒	通过fd发送了一次数据，fd为:3430
2019年2月15日5时39分53秒	通过fd发送了一次数据，fd为:3432
2019年2月15日5时39分53秒	通过fd发送了一次数据，fd为:3432
2019年2月15日5时39分53秒	通过fd发送了一次数据，fd为:3432
2019年2月15日5时39分53秒	通过fd发送了一次数据，fd为:3433
2019年2月15日5时39分53秒	通过fd发送了一次数据，fd为:3434
2019年2月15日5时39分53秒	通过fd发送了一次数据，fd为:
3433
2019年2月15日5时39分53秒	通过fd发送了一次数据，fd为:3435
2019年2月15日5时39分53秒	通过fd发送了一次数据，fd为:3436
2019年2月15日5时39分53秒	通过fd发送了一次数据，fd为:3437
2019年2月15日5时39分53秒	通过fd发送了一次数据，fd为:3438
2019年2月15日5时39分53秒	通过fd发送了一次数据，fd为:3439
2019年2月15日5时39分53秒	通过fd发送了一次数据，fd为:3440
2019年2月15日5时39分53秒	通过fd发送了一次数据，fd为:3441
2019年2月15日5时39分53秒	通过fd发送了一次数据，fd为:3442
2019年2月15日5时39分53秒	通过fd发送了一次数据，fd为:3442
2019年2月15日5时39分53秒	通过fd发送了一次数据，fd为:3443
2019年2月15日5时39分53秒	通过fd发送了一次数据，fd为:3444
2019年2月15日5时39分53秒	通过fd发送了一次数据，fd为:3445
2019年2月15日5时39分53秒	通过fd发送了一次数据，fd为:3446
2019年2月15日5时39分53秒	通过fd发送了一次数据，fd为:3447

3433
2019年2月15日5时39分53秒	通过fd发送了一次数据，fd为:3435
2019年2月15日5时39分53秒	通过fd发送了一次数据，fd为:3436
2019年2月15日5时39分53秒	通过fd发送了一次数据，fd为:3437
2019年2月15日5时39分53秒	通过fd发送了一次数据，fd为:3438
2019年2月15日5时39分53秒	通过fd发送了一次数据，fd为:3439
2019年2月15日5时39分53秒	通过fd发送了一次数据，fd为:3440
2019年2月15日5时39分53秒	通过fd发送了一次数据，fd为:3441
2019年2月15日5时39分53秒	通过fd发送了一次数据，fd为:3442
2019年2月15日5时39分53秒	通过fd发送了一次数据，fd为:3442
2019年2月15日5时39分53秒	通过fd发送了一次数据，fd为:3443
2019年2月15日5时39分53秒	通过fd发送了一次数据，fd为:3444
2019年2月15日5时39分53秒	通过fd发送了一次数据，fd为:3445
2019年2月15日5时39分53秒	通过fd发送了一次数据，fd为:3446
2019年2月15日5时39分53秒	通过fd发送了一次数据，fd为:3447

3433
2019年2月15日5时39分53秒	通过fd发送了一次数据，fd为:3435
2019年2月15日5时39分53秒	通过fd发送了一次数据，fd为:3436
2019年2月15日5时39分53秒	通过fd发送了一次数据，fd为:3437
2019年2月15日5时39分53秒	通过fd发送了一次数据，fd为:3438
2019年2月15日5时39分53秒	通过fd发送了一次数据，fd为:3439
2019年2月15日5时39分53秒	通过fd发送了一次数据，fd为:3440
2019年2月15日5时39分53秒	通过fd发送了一次数据，fd为:3441
2019年2月15日5时39分53秒	通过fd发送了一次数据，fd为:3442
2019年2月15日5时39分53秒	通过fd发送了一次数据，fd为:3442
2019年2月15日5时39分53秒	通过fd发送了一次数据，fd为:3443
2019年2月15日5时39分53秒	通过fd发送了一次数据，fd为:3444
2019年2月15日5时39分53秒	通过fd发送了一次数据，fd为:3445
2019年2月15日5时39分53秒	通过fd发送了一次数据，fd为:3446
2019年2月15日5时39分53秒	通过fd发送了一次数据，fd为:3447

2019年2月15日5时39分53秒	通过fd发送了一次数据，fd为:3448
2019年2月15日5时39分53秒	通过fd发送了一次数据，fd为:3449
2019年2月15日5时39分53秒	通过fd发送了一次数据，fd为:3450
2019年2月15日5时39分53秒	通过fd发送了一次数据，fd为:3449
2019年2月15日5时39分53秒	通过fd发送了一次数据，fd为:3451
2019年2月15日5时39分54秒	通过fd发送了一次数据，fd为:3452
2019年2月15日5时39分54秒	通过fd发送了一次数据，fd为:3453
2019年2月15日5时39分54秒	通过fd发送了一次数据，fd为:3454
2019年2月15日5时39分54秒	通过fd发送了一次数据，fd为:3455
2019年2月15日5时39分54秒	通过fd发送了一次数据，fd为:3456
2019年2月15日5时39分54秒	通过fd发送了一次数据，fd为:3457
2019年2月15日5时39分54秒	通过fd发送了一次数据，fd为:3458
2019年2月15日5时39分54秒	通过fd发送了一次数据，fd为:3459
2019年2月15日5时39分54秒	通过fd发送了一次数据，fd为:
3460
2019年2月15日5时39分54秒	通过fd发送了一次数据，fd为:3461
2019年2月15日5时39分54秒	通过fd发送了一次数据，fd为:3462
2019年2月15日5时39分54秒	通过fd发送了一次数据，fd为:3463
2019年2月15日5时39分54秒	通过fd发送了一次数据，fd为:3464
2019年2月15日5时39分54秒	通过fd发送了一次数据，fd为:3465
2019年2月15日5时39分54秒	通过fd发送了一次数据，fd为:3466
2019年2月15日5时39分54秒	通过fd发送了一次数据，fd为:3467
2019年2月15日5时39分54秒	通过fd发送了一次数据，fd为:3468
2019年2月15日5时39分54秒	通过fd发送了一次数据，fd为:3469
2019年2月15日5时39分54秒	通过fd发送了一次数据，fd为:3470
2019年2月15日5时39分54秒	通过fd发送了一次数据，fd为:3471
2019年2月15日5时39分54秒	通过fd发送了一次数据，fd为:3472
2019年2月15日5时39分54秒	通过fd发送了一次数据，fd为:3473
2019年2月15日5时39分54秒	通过fd发送了一次数据，fd为:
3474
2019年2月15日5时39分54秒	通过fd发送了一次数据，fd为:3475
2019年2月15日5时39分54秒	通过fd发送了一次数据，fd为:3476
2019年2月15日5时39分54秒	通过fd发送了一次数据，fd为:3477
2019年2月15日5时39分54秒	通过fd发送了一次数据，fd为:3478
2019年2月15日5时39分54秒	通过fd发送了一次数据，fd为:3479
2019年2月15日5时39分54秒	通过fd发送了一次数据，fd为:3480
2019年2月15日5时39分54秒	通过fd发送了一次数据，fd为:3481
2019年2月15日5时39分54秒	通过fd发送了一次数据，fd为:3482
2019年2月15日5时39分54秒	通过fd发送了一次数据，fd为:3483
2019年2月15日5时39分54秒	通过fd发送了一次数据，fd为:3484
2019年2月15日5时39分54秒	通过fd发送了一次数据，fd为:3485
2019年2月15日5时39分54秒	通过fd发送了一次数据，fd为:3486
2019年2月15日5时39分54秒	通过fd发送了一次数据，fd为:3487
2019年2月15日5时39分54秒	通过fd发送了一次数据，fd为:
3488
2019年2月15日5时39分54秒	通过fd发送了一次数据，fd为:3488
2019年2月15日5时39分54秒	通过fd发送了一次数据，fd为:3489
2019年2月15日5时39分54秒	通过fd发送了一次数据，fd为:3490
2019年2月15日5时39分54秒	通过fd发送了一次数据，fd为:3491
2019年2月15日5时39分54秒	通过fd发送了一次数据，fd为:3492
2019年2月15日5时39分54秒	通过fd发送了一次数据，fd为:3493
2019年2月15日5时39分54秒	通过fd发送了一次数据，fd为:3494
2019年2月15日5时39分54秒	通过fd发送了一次数据，fd为:3495
2019年2月15日5时39分54秒	通过fd发送了一次数据，fd为:3496
2019年2月15日5时39分54秒	通过fd发送了一次数据，fd为:3497
2019年2月15日5时39分54秒	通过fd发送了一次数据，fd为:3498
2019年2月15日5时39分54秒	通过fd发送了一次数据，fd为:3499
2019年2月15日5时39分54秒	通过fd发送了一次数据，fd为:3500
2019年2月15日5时39分54秒	通过fd发送了一次数据，fd为:3501

3488
2019年2月15日5时39分54秒	通过fd发送了一次数据，fd为:3488
2019年2月15日5时39分54秒	通过fd发送了一次数据，fd为:3489
2019年2月15日5时39分54秒	通过fd发送了一次数据，fd为:3490
2019年2月15日5时39分54秒	通过fd发送了一次数据，fd为:3491
2019年2月15日5时39分54秒	通过fd发送了一次数据，fd为:3492
2019年2月15日5时39分54秒	通过fd发送了一次数据，fd为:3493
2019年2月15日5时39分54秒	通过fd发送了一次数据，fd为:3494
2019年2月15日5时39分54秒	通过fd发送了一次数据，fd为:3495
2019年2月15日5时39分54秒	通过fd发送了一次数据，fd为:3496
2019年2月15日5时39分54秒	通过fd发送了一次数据，fd为:3497
2019年2月15日5时39分54秒	通过fd发送了一次数据，fd为:3498
2019年2月15日5时39分54秒	通过fd发送了一次数据，fd为:3499
2019年2月15日5时39分54秒	通过fd发送了一次数据，fd为:3500
2019年2月15日5时39分54秒	通过fd发送了一次数据，fd为:3501

3488
2019年2月15日5时39分54秒	通过fd发送了一次数据，fd为:3488
2019年2月15日5时39分54秒	通过fd发送了一次数据，fd为:3489
2019年2月15日5时39分54秒	通过fd发送了一次数据，fd为:3490
2019年2月15日5时39分54秒	通过fd发送了一次数据，fd为:3491
2019年2月15日5时39分54秒	通过fd发送了一次数据，fd为:3492
2019年2月15日5时39分54秒	通过fd发送了一次数据，fd为:3493
2019年2月15日5时39分54秒	通过fd发送了一次数据，fd为:3494
2019年2月15日5时39分54秒	通过fd发送了一次数据，fd为:3495
2019年2月15日5时39分54秒	通过fd发送了一次数据，fd为:3496
2019年2月15日5时39分54秒	通过fd发送了一次数据，fd为:3497
2019年2月15日5时39分54秒	通过fd发送了一次数据，fd为:3498
2019年2月15日5时39分54秒	通过fd发送了一次数据，fd为:3499
2019年2月15日5时39分54秒	通过fd发送了一次数据，fd为:3500
2019年2月15日5时39分54秒	通过fd发送了一次数据，fd为:3501

2019年2月15日5时39分54秒	通过fd发送了一次数据，fd为:3502
2019年2月15日5时39分54秒	通过fd发送了一次数据，fd为:3503
2019年2月15日5时39分54秒	通过fd发送了一次数据，fd为:3504
2019年2月15日5时39分54秒	通过fd发送了一次数据，fd为:3505
2019年2月15日5时39分54秒	通过fd发送了一次数据，fd为:3506
2019年2月15日5时39分54秒	通过fd发送了一次数据，fd为:3507
2019年2月15日5时39分54秒	通过fd发送了一次数据，fd为:3508
2019年2月15日5时39分54秒	通过fd发送了一次数据，fd为:3509
2019年2月15日5时39分54秒	通过fd发送了一次数据，fd为:3510
2019年2月15日5时39分54秒	通过fd发送了一次数据，fd为:3511
2019年2月15日5时39分54秒	通过fd发送了一次数据，fd为:3512
2019年2月15日5时39分54秒	通过fd发送了一次数据，fd为:3513
2019年2月15日5时39分54秒	通过fd发送了一次数据，fd为:3514
2019年2月15日5时39分54秒	通过fd发送了一次数据，fd为:
3515
2019年2月15日5时39分54秒	通过fd发送了一次数据，fd为:3516
2019年2月15日5时39分54秒	通过fd发送了一次数据，fd为:3517
2019年2月15日5时39分54秒	通过fd发送了一次数据，fd为:3516
2019年2月15日5时39分54秒	通过fd发送了一次数据，fd为:3518
2019年2月15日5时39分54秒	通过fd发送了一次数据，fd为:3519
2019年2月15日5时39分54秒	通过fd发送了一次数据，fd为:3520
2019年2月15日5时39分54秒	通过fd发送了一次数据，fd为:3521
2019年2月15日5时39分54秒	通过fd发送了一次数据，fd为:3522
2019年2月15日5时39分54秒	通过fd发送了一次数据，fd为:3523
2019年2月15日5时39分54秒	通过fd发送了一次数据，fd为:3524
2019年2月15日5时39分54秒	通过fd发送了一次数据，fd为:3525
2019年2月15日5时39分54秒	通过fd发送了一次数据，fd为:3526
2019年2月15日5时39分54秒	通过fd发送了一次数据，fd为:3527
2019年2月15日5时39分54秒	通过fd发送了一次数据，fd为:
3528
2019年2月15日5时39分54秒	通过fd发送了一次数据，fd为:3529
2019年2月15日5时39分54秒	通过fd发送了一次数据，fd为:3530
2019年2月15日5时39分54秒	通过fd发送了一次数据，fd为:3531
2019年2月15日5时39分54秒	通过fd发送了一次数据，fd为:3530
2019年2月15日5时39分54秒	通过fd发送了一次数据，fd为:3532
2019年2月15日5时39分54秒	通过fd发送了一次数据，fd为:3533
2019年2月15日5时39分54秒	通过fd发送了一次数据，fd为:3534
2019年2月15日5时39分54秒	通过fd发送了一次数据，fd为:3535
2019年2月15日5时39分54秒	通过fd发送了一次数据，fd为:3536
2019年2月15日5时39分54秒	通过fd发送了一次数据，fd为:3537
2019年2月15日5时39分54秒	通过fd发送了一次数据，fd为:3538
2019年2月15日5时39分54秒	通过fd发送了一次数据，fd为:3539
2019年2月15日5时39分54秒	通过fd发送了一次数据，fd为:3540
2019年2月15日5时39分54秒	通过fd发送了一次数据，fd为:
3539
2019年2月15日5时39分54秒	通过fd发送了一次数据，fd为:3541
2019年2月15日5时39分54秒	通过fd发送了一次数据，fd为:3542
2019年2月15日5时39分54秒	通过fd发送了一次数据，fd为:3543
2019年2月15日5时39分54秒	通过fd发送了一次数据，fd为:3544
2019年2月15日5时39分54秒	通过fd发送了一次数据，fd为:3545
2019年2月15日5时39分54秒	通过fd发送了一次数据，fd为:3546
2019年2月15日5时39分54秒	通过fd发送了一次数据，fd为:3547
2019年2月15日5时39分54秒	通过fd发送了一次数据，fd为:3546
2019年2月15日5时39分54秒	通过fd发送了一次数据，fd为:3548
2019年2月15日5时39分54秒	通过fd发送了一次数据，fd为:3549
2019年2月15日5时39分54秒	通过fd发送了一次数据，fd为:3550
2019年2月15日5时39分54秒	通过fd发送了一次数据，fd为:3551
2019年2月15日5时39分54秒	通过fd发送了一次数据，fd为:3552
2019年2月15日5时39分54秒	通过fd发送了一次数据，fd为:3553

3539
2019年2月15日5时39分54秒	通过fd发送了一次数据，fd为:3541
2019年2月15日5时39分54秒	通过fd发送了一次数据，fd为:3542
2019年2月15日5时39分54秒	通过fd发送了一次数据，fd为:3543
2019年2月15日5时39分54秒	通过fd发送了一次数据，fd为:3544
2019年2月15日5时39分54秒	通过fd发送了一次数据，fd为:3545
2019年2月15日5时39分54秒	通过fd发送了一次数据，fd为:3546
2019年2月15日5时39分54秒	通过fd发送了一次数据，fd为:3547
2019年2月15日5时39分54秒	通过fd发送了一次数据，fd为:3546
2019年2月15日5时39分54秒	通过fd发送了一次数据，fd为:3548
2019年2月15日5时39分54秒	通过fd发送了一次数据，fd为:3549
2019年2月15日5时39分54秒	通过fd发送了一次数据，fd为:3550
2019年2月15日5时39分54秒	通过fd发送了一次数据，fd为:3551
2019年2月15日5时39分54秒	通过fd发送了一次数据，fd为:3552
2019年2月15日5时39分54秒	通过fd发送了一次数据，fd为:3553

3539
2019年2月15日5时39分54秒	通过fd发送了一次数据，fd为:3541
2019年2月15日5时39分54秒	通过fd发送了一次数据，fd为:3542
2019年2月15日5时39分54秒	通过fd发送了一次数据，fd为:3543
2019年2月15日5时39分54秒	通过fd发送了一次数据，fd为:3544
2019年2月15日5时39分54秒	通过fd发送了一次数据，fd为:3545
2019年2月15日5时39分54秒	通过fd发送了一次数据，fd为:3546
2019年2月15日5时39分54秒	通过fd发送了一次数据，fd为:3547
2019年2月15日5时39分54秒	通过fd发送了一次数据，fd为:3546
2019年2月15日5时39分54秒	通过fd发送了一次数据，fd为:3548
2019年2月15日5时39分54秒	通过fd发送了一次数据，fd为:3549
2019年2月15日5时39分54秒	通过fd发送了一次数据，fd为:3550
2019年2月15日5时39分54秒	通过fd发送了一次数据，fd为:3551
2019年2月15日5时39分54秒	通过fd发送了一次数据，fd为:3552
2019年2月15日5时39分54秒	通过fd发送了一次数据，fd为:3553

2019年2月15日5时39分54秒	通过fd发送了一次数据，fd为:3554
2019年2月15日5时39分54秒	通过fd发送了一次数据，fd为:3555
2019年2月15日5时39分54秒	通过fd发送了一次数据，fd为:3556
2019年2月15日5时39分54秒	通过fd发送了一次数据，fd为:3557
2019年2月15日5时39分54秒	通过fd发送了一次数据，fd为:3558
2019年2月15日5时39分54秒	通过fd发送了一次数据，fd为:3559
2019年2月15日5时39分54秒	通过fd发送了一次数据，fd为:3560
2019年2月15日5时39分54秒	通过fd发送了一次数据，fd为:3561
2019年2月15日5时39分54秒	通过fd发送了一次数据，fd为:3562
2019年2月15日5时39分54秒	通过fd发送了一次数据，fd为:3563
2019年2月15日5时39分54秒	通过fd发送了一次数据，fd为:3564
2019年2月15日5时39分54秒	通过fd发送了一次数据，fd为:3565
2019年2月15日5时39分54秒	通过fd发送了一次数据，fd为:3566
2019年2月15日5时39分54秒	通过fd发送了一次数据，fd为:
3567
2019年2月15日5时39分54秒	通过fd发送了一次数据，fd为:3568
2019年2月15日5时39分54秒	通过fd发送了一次数据，fd为:3569
2019年2月15日5时39分54秒	通过fd发送了一次数据，fd为:3570
2019年2月15日5时39分54秒	通过fd发送了一次数据，fd为:3571
2019年2月15日5时39分54秒	通过fd发送了一次数据，fd为:3572
2019年2月15日5时39分54秒	通过fd发送了一次数据，fd为:3573
2019年2月15日5时39分54秒	通过fd发送了一次数据，fd为:3574
2019年2月15日5时39分54秒	通过fd发送了一次数据，fd为:3575
2019年2月15日5时39分54秒	通过fd发送了一次数据，fd为:3576
2019年2月15日5时39分54秒	通过fd发送了一次数据，fd为:3577
2019年2月15日5时39分54秒	通过fd发送了一次数据，fd为:3578
2019年2月15日5时39分54秒	通过fd发送了一次数据，fd为:3579
2019年2月15日5时39分54秒	通过fd发送了一次数据，fd为:3580
2019年2月15日5时39分54秒	通过fd发送了一次数据，fd为:3581

3567
2019年2月15日5时39分54秒	通过fd发送了一次数据，fd为:3568
2019年2月15日5时39分54秒	通过fd发送了一次数据，fd为:3569
2019年2月15日5时39分54秒	通过fd发送了一次数据，fd为:3570
2019年2月15日5时39分54秒	通过fd发送了一次数据，fd为:3571
2019年2月15日5时39分54秒	通过fd发送了一次数据，fd为:3572
2019年2月15日5时39分54秒	通过fd发送了一次数据，fd为:3573
2019年2月15日5时39分54秒	通过fd发送了一次数据，fd为:3574
2019年2月15日5时39分54秒	通过fd发送了一次数据，fd为:3575
2019年2月15日5时39分54秒	通过fd发送了一次数据，fd为:3576
2019年2月15日5时39分54秒	通过fd发送了一次数据，fd为:3577
2019年2月15日5时39分54秒	通过fd发送了一次数据，fd为:3578
2019年2月15日5时39分54秒	通过fd发送了一次数据，fd为:3579
2019年2月15日5时39分54秒	通过fd发送了一次数据，fd为:3580
2019年2月15日5时39分54秒	通过fd发送了一次数据，fd为:3581

3567
2019年2月15日5时39分54秒	通过fd发送了一次数据，fd为:3568
2019年2月15日5时39分54秒	通过fd发送了一次数据，fd为:3569
2019年2月15日5时39分54秒	通过fd发送了一次数据，fd为:3570
2019年2月15日5时39分54秒	通过fd发送了一次数据，fd为:3571
2019年2月15日5时39分54秒	通过fd发送了一次数据，fd为:3572
2019年2月15日5时39分54秒	通过fd发送了一次数据，fd为:3573
2019年2月15日5时39分54秒	通过fd发送了一次数据，fd为:3574
2019年2月15日5时39分54秒	通过fd发送了一次数据，fd为:3575
2019年2月15日5时39分54秒	通过fd发送了一次数据，fd为:3576
2019年2月15日5时39分54秒	通过fd发送了一次数据，fd为:3577
2019年2月15日5时39分54秒	通过fd发送了一次数据，fd为:3578
2019年2月15日5时39分54秒	通过fd发送了一次数据，fd为:3579
2019年2月15日5时39分54秒	通过fd发送了一次数据，fd为:3580
2019年2月15日5时39分54秒	通过fd发送了一次数据，fd为:3581

2019年2月15日5时39分54秒	通过fd发送了一次数据，fd为:3582
2019年2月15日5时39分54秒	通过fd发送了一次数据，fd为:3583
2019年2月15日5时39分54秒	通过fd发送了一次数据，fd为:3584
2019年2月15日5时39分54秒	通过fd发送了一次数据，fd为:3585
2019年2月15日5时39分54秒	通过fd发送了一次数据，fd为:3586
2019年2月15日5时39分54秒	通过fd发送了一次数据，fd为:3587
2019年2月15日5时39分54秒	通过fd发送了一次数据，fd为:3588
2019年2月15日5时39分54秒	通过fd发送了一次数据，fd为:3589
2019年2月15日5时39分54秒	通过fd发送了一次数据，fd为:3589
2019年2月15日5时39分54秒	通过fd发送了一次数据，fd为:3590
2019年2月15日5时39分54秒	通过fd发送了一次数据，fd为:3589
2019年2月15日5时39分54秒	通过fd发送了一次数据，fd为:3590
2019年2月15日5时39分54秒	通过fd发送了一次数据，fd为:3591
2019年2月15日5时39分54秒	通过fd发送了一次数据，fd为:
3590
2019年2月15日5时39分54秒	通过fd发送了一次数据，fd为:3592
2019年2月15日5时39分54秒	通过fd发送了一次数据，fd为:3593
2019年2月15日5时39分54秒	通过fd发送了一次数据，fd为:3594
2019年2月15日5时39分54秒	通过fd发送了一次数据，fd为:3595
2019年2月15日5时39分54秒	通过fd发送了一次数据，fd为:3596
2019年2月15日5时39分54秒	通过fd发送了一次数据，fd为:3597
2019年2月15日5时39分54秒	通过fd发送了一次数据，fd为:3598
2019年2月15日5时39分54秒	通过fd发送了一次数据，fd为:3597
2019年2月15日5时39分54秒	通过fd发送了一次数据，fd为:3599
2019年2月15日5时39分54秒	通过fd发送了一次数据，fd为:3597
2019年2月15日5时39分54秒	通过fd发送了一次数据，fd为:3600
2019年2月15日5时39分54秒	通过fd发送了一次数据，fd为:3601
2019年2月15日5时39分54秒	通过fd发送了一次数据，fd为:3602
2019年2月15日5时39分54秒	通过fd发送了一次数据，fd为:
3603
2019年2月15日5时39分54秒	通过fd发送了一次数据，fd为:3604
2019年2月15日5时39分54秒	通过fd发送了一次数据，fd为:3605
2019年2月15日5时39分54秒	通过fd发送了一次数据，fd为:3605
2019年2月15日5时39分54秒	通过fd发送了一次数据，fd为:3606
2019年2月15日5时39分54秒	通过fd发送了一次数据，fd为:3606
2019年2月15日5时39分54秒	通过fd发送了一次数据，fd为:3606
2019年2月15日5时39分54秒	通过fd发送了一次数据，fd为:3607
2019年2月15日5时39分54秒	通过fd发送了一次数据，fd为:3608
2019年2月15日5时39分54秒	通过fd发送了一次数据，fd为:3609
2019年2月15日5时39分54秒	通过fd发送了一次数据，fd为:3608

2019年2月15日5时39分56秒	通过fd发送了一次数据，fd为:3608
2019年2月15日5时39分57秒	通过fd发送了一次数据，fd为:3608
2019年2月15日5时39分57秒	通过fd发送了一次数据，fd为:3610
2019年2月15日5时39分57秒	通过fd发送了一次数据，fd为:3608










testlog

2019年2月15日5时40分34秒	通过fd发送了一次数据，fd为:21
2019年2月15日5时40分34秒	通过fd发送了一次数据，fd为:22
2019年2月15日5时40分34秒	通过fd发送了一次数据，fd为:23
2019年2月15日5时40分34秒	通过fd发送了一次数据，fd为:25
2019年2月15日5时40分34秒	通过fd发送了一次数据，fd为:26
2019年2月15日5时40分34秒	通过fd发送了一次数据，fd为:27
2019年2月15日5时40分34秒	通过fd发送了一次数据，fd为:28
2019年2月15日5时40分34秒	通过fd发送了一次数据，fd为:29
2019年2月15日5时40分34秒	通过fd发送了一次数据，fd为:30
2019年2月15日5时40分34秒	通过fd发送了一次数据，fd为:31
2019年2月15日5时40分34秒	通过fd发送了一次数据，fd为:32
2019年2月15日5时40分34秒	通过fd发送了一次数据，fd为:33
2019年2月15日5时40分34秒	通过fd发送了一次数据，fd为:34
2019年2月15日5时40分34秒	通过fd发送了一次数据，fd为:
2019年2月15日5时40分34秒	通过fd发送了一次数据，fd为:38
2019年2月15日5时40分34秒	通过fd发送了一次数据，fd为:47
2019年2月15日5时40分34秒	通过fd发送了一次数据，fd为:49
2019年2月15日5时40分34秒	通过fd发送了一次数据，fd为:51
2019年2月15日5时40分34秒	2019年2月15日5时40分34秒	通过fd发送了一次数据，fd为:54
2019年2月15日5时40分34秒	通过fd发送了一次数据，fd为:78
2019年2月15日5时40分34秒	通过fd发送了一次数据，fd为:80
通过fd发送了一次数据，fd为:50
2019年2月15日5时40分34秒	通过fd发送了一次数据，fd为:81
2019年2月15日5时40分34秒	通过fd发送了一次数据，fd为:82
2019年2月15日5时40分34秒	通过fd发送了一次数据，fd为:83
2019年2月15日5时40分34秒	通过fd发送了一次数据，fd为:84
2019年2月15日5时40分34秒	通过fd发送了一次数据，fd为:85
2019年2月15日5时40分34秒	通过fd发送了一次数据，fd为:
通过fd发送了一次数据，fd为:87
2019年2月15日5时40分34秒	通过fd发送了一次数据，fd为:99
2019年2月15日5时40分34秒	通过fd发送了一次数据，fd为:100
86
2019年2月15日5时40分34秒	通过fd发送了一次数据，fd为:94
2019年2月15日5时40分34秒	通过fd发送了一次数据，fd为:96
2019年2月15日5时40分34秒	通过fd发送了一次数据，fd为:90
2019年2月15日5时40分34秒	通过fd发送了一次数据，fd为:92
2019年2月15日5时40分34秒	通过fd发送了一次数据，fd为:101
2019年2月15日5时40分34秒	通过fd发送了一次数据，fd为:102
2019年2月15日5时40分34秒	通过fd发送了一次数据，fd为:103
2019年2月15日5时40分34秒	通过fd发送了一次数据，fd为:104
2019年2月15日5时40分34秒	通过fd发送了一次数据，fd为:107
2019年2月15日5时40分34秒	通过fd发送了一次数据，fd为:108
2019年2月15日5时40分34秒	通过fd发送了一次数据，fd为:112
2019年2月15日5时40分34秒	通过fd发送了一次数据，fd为:
2019年2月15日5时40分34秒	通过fd发送了一次数据，fd为:113
2019年2月15日5时40分34秒	通过fd发送了一次数据，fd为:117
106
2019年2月15日5时40分34秒	通过fd发送了一次数据，fd为:114
2019年2月15日5时40分34秒	通过fd发送了一次数据，fd为:120
2019年2月15日5时40分34秒	通过fd发送了一次数据，fd为:119
2019年2月15日5时40分34秒	通过fd发送了一次数据，fd为:118
2019年2月15日5时40分34秒	通过fd发送了一次数据，fd为:122
2019年2月15日5时40分34秒	通过fd发送了一次数据，fd为:124
2019年2月15日5时40分34秒	通过fd发送了一次数据，fd为:121
2019年2月15日5时40分34秒	通过fd发送了一次数据，fd为:130
2019年2月15日5时40分34秒	通过fd发送了一次数据，fd为:129
2019年2月15日5时40分34秒	通过fd发送了一次数据，fd为:131
2019年2月15日5时40分34秒	通过fd发送了一次数据，fd为:128
2019年2月15日5时40分34秒	通过fd发送了一次数据，fd为:
2019年2月15日5时40分34秒	通过fd发送了一次数据，fd为:116
2019年2月15日5时40分34秒	通过fd发送了一次数据，fd为:134
2019年2月15日5时40分34秒	通过fd发送了一次数据，fd为:136
2019年2月15日5时40分34秒	通过fd发送了一次数据，fd为:132
2019年2月15日5时40分34秒	通过fd发送了一次数据，fd为:127
2019年2月15日5时40分34秒	通过fd发送了一次数据，fd为:105
2019年2月15日5时40分34秒	通过fd发送了一次数据，fd为:137
2019年2月15日5时40分34秒	通过fd发送了一次数据，fd为:115
2019年2月15日5时40分34秒	通过fd发送了一次数据，fd为:125
2019年2月15日5时40分34秒	通过fd发送了一次数据，fd为:140
2019年2月15日5时40分34秒	通过fd发送了一次数据，fd为:141
2019年2月15日5时40分34秒	通过fd发送了一次数据，fd为:138
2019年2月15日5时40分34秒	通过fd发送了一次数据，fd为:127
2019年2月15日5时40分34秒	通过fd发送了一次数据，fd为:
2019年2月15日5时40分34秒	通过fd发送了一次数据，fd为:142
2019年2月15日5时40分34秒	通过fd发送了一次数据，fd为:145
2019年2月15日5时40分34秒	通过fd发送了一次数据，fd为:134
2019年2月15日5时40分34秒	通过fd发送了一次数据，fd为:146
2019年2月15日5时40分34秒	通过fd发送了一次数据，fd为:147
2019年2月15日5时40分34秒	通过fd发送了一次数据，fd为:143
2019年2月15日5时40分34秒	通过fd发送了一次数据，fd为:135
2019年2月15日5时40分34秒	通过fd发送了一次数据，fd为:139
2019年2月15日5时40分34秒	通过fd发送了一次数据，fd为:148
2019年2月15日5时40分34秒	通过fd发送了一次数据，fd为:157
2019年2月15日5时40分34秒	通过fd发送了一次数据，fd为:153
2019年2月15日5时40分34秒	通过fd发送了一次数据，fd为:161
2019年2月15日5时40分34秒	通过fd发送了一次数据，fd为:159
2019年2月15日5时40分34秒	通过fd发送了一次数据，fd为:
2019年2月15日5时40分34秒	通过fd发送了一次数据，fd为:162
2019年2月15日5时40分34秒	通过fd发送了一次数据，fd为:160
2019年2月15日5时40分34秒	通过fd发送了一次数据，fd为:163
2019年2月15日5时40分34秒	通过fd发送了一次数据，fd为:163
2019年2月15日5时40分34秒	通过fd发送了一次数据，fd为:161
2019年2月15日5时40分34秒	通过fd发送了一次数据，fd为:166
2019年2月15日5时40分34秒	通过fd发送了一次数据，fd为:121
2019年2月15日5时40分34秒	通过fd发送了一次数据，fd为:165
2019年2月15日5时40分34秒	通过fd发送了一次数据，fd为:160
2019年2月15日5时40分34秒	通过fd发送了一次数据，fd为:169
2019年2月15日5时40分34秒	通过fd发送了一次数据，fd为:157
2019年2月15日5时40分34秒	通过fd发送了一次数据，fd为:160
2019年2月15日5时40分34秒	通过fd发送了一次数据，fd为:164
2019年2月15日5时40分34秒	通过fd发送了一次数据，fd为:
2019年2月15日5时40分34秒	通过fd发送了一次数据，fd为:168
2019年2月15日5时40分34秒	通过fd发送了一次数据，fd为:151
2019年2月15日5时40分34秒	通过fd发送了一次数据，fd为:161
2019年2月15日5时40分34秒	通过fd发送了一次数据，fd为:150
2019年2月15日5时40分34秒	通过fd发送了一次数据，fd为:168
2019年2月15日5时40分34秒	通过fd发送了一次数据，fd为:170
2019年2月15日5时40分34秒	通过fd发送了一次数据，fd为:157
2019年2月15日5时40分34秒	通过fd发送了一次数据，fd为:171
2019年2月15日5时40分34秒	通过fd发送了一次数据，fd为:168
2019年2月15日5时40分34秒	通过fd发送了一次数据，fd为:167
2019年2月15日5时40分34秒	通过fd发送了一次数据，fd为:161
2019年2月15日5时40分34秒	通过fd发送了一次数据，fd为:168
2019年2月15日5时40分34秒	通过fd发送了一次数据，fd为:157
2019年2月15日5时40分34秒	通过fd发送了一次数据，fd为:
2019年2月15日5时40分34秒	通过fd发送了一次数据，fd为:174
2019年2月15日5时40分34秒	通过fd发送了一次数据，fd为:173
2019年2月15日5时40分34秒	通过fd发送了一次数据，fd为:170
2019年2月15日5时40分34秒	通过fd发送了一次数据，fd为:172
2019年2月15日5时40分34秒	通过fd发送了一次数据，fd为:175
2019年2月15日5时40分34秒	通过fd发送了一次数据，fd为:170
2019年2月15日5时40分34秒	通过fd发送了一次数据，fd为:176
2019年2月15日5时40分34秒	通过fd发送了一次数据，fd为:177
2019年2月15日5时40分34秒	通过fd发送了一次数据，fd为:178
2019年2月15日5时40分34秒	通过fd发送了一次数据，fd为:179
2019年2月15日5时40分34秒	通过fd发送了一次数据，fd为:180
2019年2月15日5时40分34秒	通过fd发送了一次数据，fd为:178
2019年2月15日5时40分34秒	通过fd发送了一次数据，fd为:181
2019年2月15日5时40分34秒	通过fd发送了一次数据，fd为:
2019年2月15日5时40分34秒	通过fd发送了一次数据，fd为:180
2019年2月15日5时40分34秒	通过fd发送了一次数据，fd为:182
2019年2月15日5时40分34秒	通过fd发送了一次数据，fd为:182
2019年2月15日5时40分34秒	通过fd发送了一次数据，fd为:183
2019年2月15日5时40分34秒	通过fd发送了一次数据，fd为:183
2019年2月15日5时40分34秒	通过fd发送了一次数据，fd为:184
2019年2月15日5时40分34秒	通过fd发送了一次数据，fd为:185
2019年2月15日5时40分34秒	通过fd发送了一次数据，fd为:186
2019年2月15日5时40分34秒	通过fd发送了一次数据，fd为:187
2019年2月15日5时40分34秒	通过fd发送了一次数据，fd为:188
2019年2月15日5时40分34秒	通过fd发送了一次数据，fd为:189
2019年2月15日5时40分34秒	通过fd发送了一次数据，fd为:190
2019年2月15日5时40分34秒	通过fd发送了一次数据，fd为:191
2019年2月15日5时40分34秒	通过fd发送了一次数据，fd为:
192
2019年2月15日5时40分34秒	通过fd发送了一次数据，fd为:191
2019年2月15日5时40分34秒	通过fd发送了一次数据，fd为:190
2019年2月15日5时40分34秒	通过fd发送了一次数据，fd为:192
2019年2月15日5时40分34秒	通过fd发送了一次数据，fd为:193
2019年2月15日5时40分34秒	通过fd发送了一次数据，fd为:192
2019年2月15日5时40分34秒	通过fd发送了一次数据，fd为:194
2019年2月15日5时40分34秒	通过fd发送了一次数据，fd为:195
2019年2月15日5时40分34秒	通过fd发送了一次数据，fd为:196
2019年2月15日5时40分34秒	通过fd发送了一次数据，fd为:195
2019年2月15日5时40分34秒	通过fd发送了一次数据，fd为:197
2019年2月15日5时40分34秒	通过fd发送了一次数据，fd为:198
2019年2月15日5时40分34秒	通过fd发送了一次数据，fd为:199
2019年2月15日5时40分34秒	通过fd发送了一次数据，fd为:200
2019年2月15日5时40分34秒	通过fd发送了一次数据，fd为:
2019年2月15日5时40分34秒	通过fd发送了一次数据，fd为:200
2019年2月15日5时40分34秒	通过fd发送了一次数据，fd为:201

2019年2月15日5时40分34秒	通过fd发送了一次数据，fd为:202
2019年2月15日5时40分34秒	通过fd发送了一次数据，fd为:203
2019年2月15日5时40分35秒	通过fd发送了一次数据，fd为:204
2019年2月15日5时40分35秒	通过fd发送了一次数据，fd为:205
2019年2月15日5时40分35秒	通过fd发送了一次数据，fd为:206
2019年2月15日5时40分35秒	通过fd发送了一次数据，fd为:207
2019年2月15日5时40分35秒	通过fd发送了一次数据，fd为:206
2019年2月15日5时40分35秒	通过fd发送了一次数据，fd为:208
2019年2月15日5时40分35秒	通过fd发送了一次数据，fd为:209
2019年2月15日5时40分35秒	通过fd发送了一次数据，fd为:208
2019年2月15日5时40分35秒	通过fd发送了一次数据，fd为:209
2019年2月15日5时40分35秒	通过fd发送了一次数据，fd为:210
2019年2月15日5时40分35秒	通过fd发送了一次数据，fd为:211
2019年2月15日5时40分35秒	通过fd发送了一次数据，fd为:
212
2019年2月15日5时40分35秒	通过fd发送了一次数据，fd为:213
2019年2月15日5时40分35秒	通过fd发送了一次数据，fd为:214
2019年2月15日5时40分35秒	通过fd发送了一次数据，fd为:215
2019年2月15日5时40分35秒	通过fd发送了一次数据，fd为:216
2019年2月15日5时40分35秒	通过fd发送了一次数据，fd为:215
2019年2月15日5时40分35秒	通过fd发送了一次数据，fd为:216
2019年2月15日5时40分35秒	通过fd发送了一次数据，fd为:215
2019年2月15日5时40分35秒	通过fd发送了一次数据，fd为:217
2019年2月15日5时40分35秒	通过fd发送了一次数据，fd为:215
2019年2月15日5时40分35秒	通过fd发送了一次数据，fd为:218
2019年2月15日5时40分35秒	通过fd发送了一次数据，fd为:219
2019年2月15日5时40分35秒	通过fd发送了一次数据，fd为:219
2019年2月15日5时40分35秒	通过fd发送了一次数据，fd为:220
2019年2月15日5时40分35秒	通过fd发送了一次数据，fd为:
2019年2月15日5时40分35秒	通过fd发送了一次数据，fd为:221
2019年2月15日5时40分35秒	通过fd发送了一次数据，fd为:222
2019年2月15日5时40分35秒	通过fd发送了一次数据，fd为:223
2019年2月15日5时40分35秒	通过fd发送了一次数据，fd为:224
2019年2月15日5时40分35秒	通过fd发送了一次数据，fd为:225
2019年2月15日5时40分35秒	通过fd发送了一次数据，fd为:226
2019年2月15日5时40分35秒	通过fd发送了一次数据，fd为:227
2019年2月15日5时40分35秒	通过fd发送了一次数据，fd为:228
2019年2月15日5时40分35秒	通过fd发送了一次数据，fd为:229
2019年2月15日5时40分35秒	通过fd发送了一次数据，fd为:230
2019年2月15日5时40分35秒	通过fd发送了一次数据，fd为:231
2019年2月15日5时40分35秒	通过fd发送了一次数据，fd为:232
2019年2月15日5时40分35秒	通过fd发送了一次数据，fd为:233
2019年2月15日5时40分35秒	通过fd发送了一次数据，fd为:
2019年2月15日5时40分35秒	通过fd发送了一次数据，fd为:234
2019年2月15日5时40分35秒	通过fd发送了一次数据，fd为:235
2019年2月15日5时40分35秒	通过fd发送了一次数据，fd为:236
2019年2月15日5时40分35秒	通过fd发送了一次数据，fd为:237
2019年2月15日5时40分35秒	通过fd发送了一次数据，fd为:238
2019年2月15日5时40分35秒	通过fd发送了一次数据，fd为:239
2019年2月15日5时40分35秒	通过fd发送了一次数据，fd为:240
2019年2月15日5时40分35秒	通过fd发送了一次数据，fd为:241
2019年2月15日5时40分35秒	通过fd发送了一次数据，fd为:242
2019年2月15日5时40分35秒	通过fd发送了一次数据，fd为:243
2019年2月15日5时40分35秒	通过fd发送了一次数据，fd为:244
2019年2月15日5时40分35秒	通过fd发送了一次数据，fd为:243
2019年2月15日5时40分35秒	通过fd发送了一次数据，fd为:245
2019年2月15日5时40分35秒	通过fd发送了一次数据，fd为:
2019年2月15日5时40分35秒	通过fd发送了一次数据，fd为:246
2019年2月15日5时40分35秒	通过fd发送了一次数据，fd为:247
2019年2月15日5时40分35秒	通过fd发送了一次数据，fd为:248
2019年2月15日5时40分35秒	通过fd发送了一次数据，fd为:249
2019年2月15日5时40分35秒	通过fd发送了一次数据，fd为:248
2019年2月15日5时40分35秒	通过fd发送了一次数据，fd为:248
2019年2月15日5时40分35秒	通过fd发送了一次数据，fd为:249
2019年2月15日5时40分35秒	通过fd发送了一次数据，fd为:250
2019年2月15日5时40分35秒	通过fd发送了一次数据，fd为:251
2019年2月15日5时40分35秒	通过fd发送了一次数据，fd为:250
2019年2月15日5时40分35秒	通过fd发送了一次数据，fd为:252
2019年2月15日5时40分35秒	通过fd发送了一次数据，fd为:253
2019年2月15日5时40分35秒	通过fd发送了一次数据，fd为:254
2019年2月15日5时40分35秒	通过fd发送了一次数据，fd为:
2019年2月15日5时40分35秒	通过fd发送了一次数据，fd为:255
2019年2月15日5时40分35秒	通过fd发送了一次数据，fd为:256
2019年2月15日5时40分35秒	通过fd发送了一次数据，fd为:257
2019年2月15日5时40分35秒	通过fd发送了一次数据，fd为:258
2019年2月15日5时40分35秒	通过fd发送了一次数据，fd为:259
2019年2月15日5时40分35秒	通过fd发送了一次数据，fd为:260
2019年2月15日5时40分35秒	通过fd发送了一次数据，fd为:261
2019年2月15日5时40分35秒	通过fd发送了一次数据，fd为:262
2019年2月15日5时40分35秒	通过fd发送了一次数据，fd为:263
2019年2月15日5时40分35秒	通过fd发送了一次数据，fd为:264
2019年2月15日5时40分35秒	通过fd发送了一次数据，fd为:262
2019年2月15日5时40分35秒	通过fd发送了一次数据，fd为:264
2019年2月15日5时40分35秒	通过fd发送了一次数据，fd为:265
2019年2月15日5时40分35秒	通过fd发送了一次数据，fd为:
266
2019年2月15日5时40分35秒	通过fd发送了一次数据，fd为:265
2019年2月15日5时40分35秒	通过fd发送了一次数据，fd为:267
2019年2月15日5时40分35秒	通过fd发送了一次数据，fd为:268
2019年2月15日5时40分35秒	通过fd发送了一次数据，fd为:269
2019年2月15日5时40分35秒	通过fd发送了一次数据，fd为:268
2019年2月15日5时40分35秒	通过fd发送了一次数据，fd为:270
2019年2月15日5时40分35秒	通过fd发送了一次数据，fd为:271
2019年2月15日5时40分35秒	通过fd发送了一次数据，fd为:272
2019年2月15日5时40分35秒	通过fd发送了一次数据，fd为:271
2019年2月15日5时40分35秒	通过fd发送了一次数据，fd为:272
2019年2月15日5时40分35秒	通过fd发送了一次数据，fd为:273
2019年2月15日5时40分35秒	通过fd发送了一次数据，fd为:274
2019年2月15日5时40分35秒	通过fd发送了一次数据，fd为:275
2019年2月15日5时40分35秒	通过fd发送了一次数据，fd为:
2019年2月15日5时40分35秒	通过fd发送了一次数据，fd为:277
2019年2月15日5时40分35秒	通过fd发送了一次数据，fd为:276
2019年2月15日5时40分35秒	通过fd发送了一次数据，fd为:278
2019年2月15日5时40分35秒	通过fd发送了一次数据，fd为:279
2019年2月15日5时40分35秒	通过fd发送了一次数据，fd为:280
2019年2月15日5时40分35秒	通过fd发送了一次数据，fd为:281
2019年2月15日5时40分35秒	通过fd发送了一次数据，fd为:282
2019年2月15日5时40分35秒	通过fd发送了一次数据，fd为:283
2019年2月15日5时40分35秒	通过fd发送了一次数据，fd为:283
2019年2月15日5时40分35秒	通过fd发送了一次数据，fd为:284
2019年2月15日5时40分35秒	通过fd发送了一次数据，fd为:283
2019年2月15日5时40分35秒	通过fd发送了一次数据，fd为:285
2019年2月15日5时40分35秒	通过fd发送了一次数据，fd为:286
2019年2月15日5时40分35秒	通过fd发送了一次数据，fd为:
2019年2月15日5时40分35秒	通过fd发送了一次数据，fd为:288
2019年2月15日5时40分35秒	通过fd发送了一次数据，fd为:289
2019年2月15日5时40分35秒	通过fd发送了一次数据，fd为:290
2019年2月15日5时40分35秒	通过fd发送了一次数据，fd为:290
2019年2月15日5时40分35秒	通过fd发送了一次数据，fd为:290
2019年2月15日5时40分35秒	通过fd发送了一次数据，fd为:291
2019年2月15日5时40分35秒	通过fd发送了一次数据，fd为:292
2019年2月15日5时40分35秒	通过fd发送了一次数据，fd为:293
2019年2月15日5时40分35秒	通过fd发送了一次数据，fd为:294
2019年2月15日5时40分35秒	通过fd发送了一次数据，fd为:295
2019年2月15日5时40分35秒	通过fd发送了一次数据，fd为:296
2019年2月15日5时40分35秒	通过fd发送了一次数据，fd为:297
2019年2月15日5时40分35秒	通过fd发送了一次数据，fd为:298
2019年2月15日5时40分35秒	通过fd发送了一次数据，fd为:
2019年2月15日5时40分35秒	通过fd发送了一次数据，fd为:300
2019年2月15日5时40分35秒	通过fd发送了一次数据，fd为:301
2019年2月15日5时40分35秒	通过fd发送了一次数据，fd为:302
2019年2月15日5时40分35秒	通过fd发送了一次数据，fd为:302
2019年2月15日5时40分35秒	通过fd发送了一次数据，fd为:303
2019年2月15日5时40分35秒	通过fd发送了一次数据，fd为:304
2019年2月15日5时40分35秒	通过fd发送了一次数据，fd为:305
2019年2月15日5时40分35秒	通过fd发送了一次数据，fd为:304
2019年2月15日5时40分35秒	通过fd发送了一次数据，fd为:306
2019年2月15日5时40分35秒	通过fd发送了一次数据，fd为:307
2019年2月15日5时40分35秒	通过fd发送了一次数据，fd为:308
2019年2月15日5时40分35秒	通过fd发送了一次数据，fd为:307
2019年2月15日5时40分35秒	通过fd发送了一次数据，fd为:308
2019年2月15日5时40分35秒	通过fd发送了一次数据，fd为:
2019年2月15日5时40分35秒	通过fd发送了一次数据，fd为:310
2019年2月15日5时40分35秒	通过fd发送了一次数据，fd为:311
2019年2月15日5时40分35秒	通过fd发送了一次数据，fd为:312
2019年2月15日5时40分35秒	通过fd发送了一次数据，fd为:313
2019年2月15日5时40分35秒	通过fd发送了一次数据，fd为:314
2019年2月15日5时40分35秒	通过fd发送了一次数据，fd为:315
2019年2月15日5时40分35秒	通过fd发送了一次数据，fd为:316
2019年2月15日5时40分35秒	通过fd发送了一次数据，fd为:317
2019年2月15日5时40分35秒	通过fd发送了一次数据，fd为:318
2019年2月15日5时40分35秒	通过fd发送了一次数据，fd为:319
2019年2月15日5时40分35秒	通过fd发送了一次数据，fd为:320
2019年2月15日5时40分35秒	通过fd发送了一次数据，fd为:319
2019年2月15日5时40分35秒	通过fd发送了一次数据，fd为:319
2019年2月15日5时40分35秒	通过fd发送了一次数据，fd为:
2019年2月15日5时40分35秒	通过fd发送了一次数据，fd为:321
2019年2月15日5时40分35秒	通过fd发送了一次数据，fd为:322
2019年2月15日5时40分35秒	通过fd发送了一次数据，fd为:323
2019年2月15日5时40分35秒	通过fd发送了一次数据，fd为:324
2019年2月15日5时40分35秒	通过fd发送了一次数据，fd为:325
2019年2月15日5时40分35秒	通过fd发送了一次数据，fd为:325
2019年2月15日5时40分35秒	通过fd发送了一次数据，fd为:326
2019年2月15日5时40分35秒	通过fd发送了一次数据，fd为:327
2019年2月15日5时40分35秒	通过fd发送了一次数据，fd为:328
2019年2月15日5时40分35秒	通过fd发送了一次数据，fd为:329
2019年2月15日5时40分35秒	通过fd发送了一次数据，fd为:330
2019年2月15日5时40分35秒	通过fd发送了一次数据，fd为:331
2019年2月15日5时40分35秒	通过fd发送了一次数据，fd为:331
2019年2月15日5时40分35秒	通过fd发送了一次数据，fd为:
2019年2月15日5时40分35秒	通过fd发送了一次数据，fd为:333
2019年2月15日5时40分35秒	通过fd发送了一次数据，fd为:334
2019年2月15日5时40分35秒	通过fd发送了一次数据，fd为:335
2019年2月15日5时40分35秒	通过fd发送了一次数据，fd为:336
2019年2月15日5时40分35秒	通过fd发送了一次数据，fd为:337
2019年2月15日5时40分35秒	通过fd发送了一次数据，fd为:336
2019年2月15日5时40分35秒	通过fd发送了一次数据，fd为:338
2019年2月15日5时40分35秒	通过fd发送了一次数据，fd为:339
2019年2月15日5时40分35秒	通过fd发送了一次数据，fd为:339
2019年2月15日5时40分35秒	通过fd发送了一次数据，fd为:339
2019年2月15日5时40分35秒	通过fd发送了一次数据，fd为:340
2019年2月15日5时40分35秒	通过fd发送了一次数据，fd为:341
2019年2月15日5时40分35秒	通过fd发送了一次数据，fd为:342
2019年2月15日5时40分35秒	通过fd发送了一次数据，fd为:
2019年2月15日5时40分35秒	通过fd发送了一次数据，fd为:344
2019年2月15日5时40分35秒	通过fd发送了一次数据，fd为:343
2019年2月15日5时40分35秒	通过fd发送了一次数据，fd为:344
2019年2月15日5时40分35秒	通过fd发送了一次数据，fd为:345
2019年2月15日5时40分35秒	通过fd发送了一次数据，fd为:346
2019年2月15日5时40分35秒	通过fd发送了一次数据，fd为:347
2019年2月15日5时40分35秒	通过fd发送了一次数据，fd为:346
2019年2月15日5时40分35秒	通过fd发送了一次数据，fd为:347
2019年2月15日5时40分35秒	通过fd发送了一次数据，fd为:348
2019年2月15日5时40分35秒	通过fd发送了一次数据，fd为:348
2019年2月15日5时40分35秒	通过fd发送了一次数据，fd为:349
2019年2月15日5时40分35秒	通过fd发送了一次数据，fd为:350
2019年2月15日5时40分35秒	通过fd发送了一次数据，fd为:349
2019年2月15日5时40分35秒	通过fd发送了一次数据，fd为:
2019年2月15日5时40分35秒	通过fd发送了一次数据，fd为:351
2019年2月15日5时40分35秒	通过fd发送了一次数据，fd为:352
2019年2月15日5时40分35秒	通过fd发送了一次数据，fd为:353
2019年2月15日5时40分35秒	通过fd发送了一次数据，fd为:354
2019年2月15日5时40分35秒	通过fd发送了一次数据，fd为:355
2019年2月15日5时40分35秒	通过fd发送了一次数据，fd为:356
2019年2月15日5时40分35秒	通过fd发送了一次数据，fd为:357
2019年2月15日5时40分35秒	通过fd发送了一次数据，fd为:358
2019年2月15日5时40分35秒	通过fd发送了一次数据，fd为:357
2019年2月15日5时40分35秒	通过fd发送了一次数据，fd为:359
2019年2月15日5时40分35秒	通过fd发送了一次数据，fd为:360
2019年2月15日5时40分35秒	通过fd发送了一次数据，fd为:361
2019年2月15日5时40分35秒	通过fd发送了一次数据，fd为:362
2019年2月15日5时40分35秒	通过fd发送了一次数据，fd为:
2019年2月15日5时40分35秒	通过fd发送了一次数据，fd为:362
2019年2月15日5时40分35秒	通过fd发送了一次数据，fd为:363
2019年2月15日5时40分35秒	通过fd发送了一次数据，fd为:364
2019年2月15日5时40分35秒	通过fd发送了一次数据，fd为:364
2019年2月15日5时40分35秒	通过fd发送了一次数据，fd为:365
2019年2月15日5时40分35秒	通过fd发送了一次数据，fd为:366
2019年2月15日5时40分35秒	通过fd发送了一次数据，fd为:367
2019年2月15日5时40分35秒	通过fd发送了一次数据，fd为:367
2019年2月15日5时40分35秒	通过fd发送了一次数据，fd为:368
2019年2月15日5时40分35秒	通过fd发送了一次数据，fd为:369
2019年2月15日5时40分35秒	通过fd发送了一次数据，fd为:368
2019年2月15日5时40分35秒	通过fd发送了一次数据，fd为:370
2019年2月15日5时40分35秒	通过fd发送了一次数据，fd为:370
2019年2月15日5时40分35秒	通过fd发送了一次数据，fd为:
2019年2月15日5时40分35秒	通过fd发送了一次数据，fd为:370
2019年2月15日5时40分35秒	通过fd发送了一次数据，fd为:371
2019年2月15日5时40分35秒	通过fd发送了一次数据，fd为:372
2019年2月15日5时40分35秒	通过fd发送了一次数据，fd为:371
2019年2月15日5时40分35秒	通过fd发送了一次数据，fd为:373
2019年2月15日5时40分35秒	通过fd发送了一次数据，fd为:374
2019年2月15日5时40分35秒	通过fd发送了一次数据，fd为:373
2019年2月15日5时40分35秒	通过fd发送了一次数据，fd为:375
2019年2月15日5时40分35秒	通过fd发送了一次数据，fd为:376
2019年2月15日5时40分35秒	通过fd发送了一次数据，fd为:377
2019年2月15日5时40分35秒	通过fd发送了一次数据，fd为:378
2019年2月15日5时40分35秒	通过fd发送了一次数据，fd为:379
2019年2月15日5时40分35秒	通过fd发送了一次数据，fd为:378
2019年2月15日5时40分35秒	通过fd发送了一次数据，fd为:
2019年2月15日5时40分35秒	通过fd发送了一次数据，fd为:381
2019年2月15日5时40分35秒	通过fd发送了一次数据，fd为:382
2019年2月15日5时40分35秒	通过fd发送了一次数据，fd为:383
2019年2月15日5时40分35秒	通过fd发送了一次数据，fd为:382
2019年2月15日5时40分35秒	通过fd发送了一次数据，fd为:384
2019年2月15日5时40分35秒	通过fd发送了一次数据，fd为:385
2019年2月15日5时40分35秒	通过fd发送了一次数据，fd为:386
2019年2月15日5时40分35秒	通过fd发送了一次数据，fd为:387
2019年2月15日5时40分35秒	通过fd发送了一次数据，fd为:388
2019年2月15日5时40分35秒	通过fd发送了一次数据，fd为:387
2019年2月15日5时40分35秒	通过fd发送了一次数据，fd为:389
2019年2月15日5时40分35秒	通过fd发送了一次数据，fd为:390
2019年2月15日5时40分35秒	通过fd发送了一次数据，fd为:391
2019年2月15日5时40分35秒	通过fd发送了一次数据，fd为:
392
2019年2月15日5时40分35秒	通过fd发送了一次数据，fd为:393
2019年2月15日5时40分35秒	通过fd发送了一次数据，fd为:394
2019年2月15日5时40分35秒	通过fd发送了一次数据，fd为:395
2019年2月15日5时40分35秒	通过fd发送了一次数据，fd为:396
2019年2月15日5时40分35秒	通过fd发送了一次数据，fd为:395
2019年2月15日5时40分35秒	通过fd发送了一次数据，fd为:397
2019年2月15日5时40分35秒	通过fd发送了一次数据，fd为:398
2019年2月15日5时40分35秒	通过fd发送了一次数据，fd为:397
2019年2月15日5时40分35秒	通过fd发送了一次数据，fd为:399
2019年2月15日5时40分35秒	通过fd发送了一次数据，fd为:400
2019年2月15日5时40分35秒	通过fd发送了一次数据，fd为:399
2019年2月15日5时40分35秒	通过fd发送了一次数据，fd为:401
2019年2月15日5时40分35秒	通过fd发送了一次数据，fd为:402
2019年2月15日5时40分35秒	通过fd发送了一次数据，fd为:
2019年2月15日5时40分35秒	通过fd发送了一次数据，fd为:403
2019年2月15日5时40分35秒	通过fd发送了一次数据，fd为:402
2019年2月15日5时40分35秒	通过fd发送了一次数据，fd为:404
2019年2月15日5时40分35秒	通过fd发送了一次数据，fd为:405
2019年2月15日5时40分35秒	通过fd发送了一次数据，fd为:406
2019年2月15日5时40分35秒	通过fd发送了一次数据，fd为:407
2019年2月15日5时40分35秒	通过fd发送了一次数据，fd为:408
2019年2月15日5时40分35秒	通过fd发送了一次数据，fd为:409
2019年2月15日5时40分35秒	通过fd发送了一次数据，fd为:408
2019年2月15日5时40分35秒	通过fd发送了一次数据，fd为:410
2019年2月15日5时40分35秒	通过fd发送了一次数据，fd为:410
2019年2月15日5时40分35秒	通过fd发送了一次数据，fd为:411
2019年2月15日5时40分35秒	通过fd发送了一次数据，fd为:412
2019年2月15日5时40分35秒	通过fd发送了一次数据，fd为:
413
2019年2月15日5时40分35秒	通过fd发送了一次数据，fd为:413
2019年2月15日5时40分35秒	通过fd发送了一次数据，fd为:414
2019年2月15日5时40分35秒	通过fd发送了一次数据，fd为:415
2019年2月15日5时40分35秒	通过fd发送了一次数据，fd为:416
2019年2月15日5时40分35秒	通过fd发送了一次数据，fd为:415
2019年2月15日5时40分35秒	通过fd发送了一次数据，fd为:417
2019年2月15日5时40分35秒	通过fd发送了一次数据，fd为:418
2019年2月15日5时40分35秒	通过fd发送了一次数据，fd为:419
2019年2月15日5时40分35秒	通过fd发送了一次数据，fd为:420
2019年2月15日5时40分35秒	通过fd发送了一次数据，fd为:421
2019年2月15日5时40分35秒	通过fd发送了一次数据，fd为:422
2019年2月15日5时40分35秒	通过fd发送了一次数据，fd为:423
2019年2月15日5时40分35秒	通过fd发送了一次数据，fd为:423
2019年2月15日5时40分35秒	通过fd发送了一次数据，fd为:
2019年2月15日5时40分35秒	通过fd发送了一次数据，fd为:423
2019年2月15日5时40分35秒	通过fd发送了一次数据，fd为:425
2019年2月15日5时40分35秒	通过fd发送了一次数据，fd为:426
2019年2月15日5时40分35秒	通过fd发送了一次数据，fd为:427
2019年2月15日5时40分35秒	通过fd发送了一次数据，fd为:428
2019年2月15日5时40分35秒	通过fd发送了一次数据，fd为:429
2019年2月15日5时40分35秒	通过fd发送了一次数据，fd为:430
2019年2月15日5时40分35秒	通过fd发送了一次数据，fd为:431
2019年2月15日5时40分35秒	通过fd发送了一次数据，fd为:432
2019年2月15日5时40分35秒	通过fd发送了一次数据，fd为:433
2019年2月15日5时40分35秒	通过fd发送了一次数据，fd为:434
2019年2月15日5时40分35秒	通过fd发送了一次数据，fd为:435
2019年2月15日5时40分35秒	通过fd发送了一次数据，fd为:434
2019年2月15日5时40分35秒	通过fd发送了一次数据，fd为:
2019年2月15日5时40分35秒	通过fd发送了一次数据，fd为:437
2019年2月15日5时40分35秒	通过fd发送了一次数据，fd为:436
2019年2月15日5时40分35秒	通过fd发送了一次数据，fd为:438
2019年2月15日5时40分35秒	通过fd发送了一次数据，fd为:439
2019年2月15日5时40分35秒	通过fd发送了一次数据，fd为:440
2019年2月15日5时40分35秒	通过fd发送了一次数据，fd为:441
2019年2月15日5时40分35秒	通过fd发送了一次数据，fd为:442
2019年2月15日5时40分35秒	通过fd发送了一次数据，fd为:443
2019年2月15日5时40分35秒	通过fd发送了一次数据，fd为:444
2019年2月15日5时40分35秒	通过fd发送了一次数据，fd为:445
2019年2月15日5时40分35秒	通过fd发送了一次数据，fd为:446
2019年2月15日5时40分35秒	通过fd发送了一次数据，fd为:447
2019年2月15日5时40分35秒	通过fd发送了一次数据，fd为:448
2019年2月15日5时40分35秒	通过fd发送了一次数据，fd为:
449
2019年2月15日5时40分35秒	通过fd发送了一次数据，fd为:450
2019年2月15日5时40分35秒	通过fd发送了一次数据，fd为:450
2019年2月15日5时40分35秒	通过fd发送了一次数据，fd为:451
2019年2月15日5时40分35秒	通过fd发送了一次数据，fd为:452
2019年2月15日5时40分35秒	通过fd发送了一次数据，fd为:451
2019年2月15日5时40分35秒	通过fd发送了一次数据，fd为:452
2019年2月15日5时40分35秒	通过fd发送了一次数据，fd为:453
2019年2月15日5时40分35秒	通过fd发送了一次数据，fd为:454
2019年2月15日5时40分35秒	通过fd发送了一次数据，fd为:455
2019年2月15日5时40分35秒	通过fd发送了一次数据，fd为:456
2019年2月15日5时40分35秒	通过fd发送了一次数据，fd为:457
2019年2月15日5时40分35秒	通过fd发送了一次数据，fd为:458
2019年2月15日5时40分35秒	通过fd发送了一次数据，fd为:459
2019年2月15日5时40分35秒	通过fd发送了一次数据，fd为:
2019年2月15日5时40分35秒	通过fd发送了一次数据，fd为:459
2019年2月15日5时40分35秒	通过fd发送了一次数据，fd为:461
2019年2月15日5时40分35秒	通过fd发送了一次数据，fd为:462
2019年2月15日5时40分35秒	通过fd发送了一次数据，fd为:463
2019年2月15日5时40分35秒	通过fd发送了一次数据，fd为:462
2019年2月15日5时40分35秒	通过fd发送了一次数据，fd为:464
2019年2月15日5时40分35秒	通过fd发送了一次数据，fd为:462
2019年2月15日5时40分35秒	通过fd发送了一次数据，fd为:465
2019年2月15日5时40分35秒	通过fd发送了一次数据，fd为:466
2019年2月15日5时40分35秒	通过fd发送了一次数据，fd为:467
2019年2月15日5时40分35秒	通过fd发送了一次数据，fd为:468
2019年2月15日5时40分35秒	通过fd发送了一次数据，fd为:469
2019年2月15日5时40分35秒	通过fd发送了一次数据，fd为:468
2019年2月15日5时40分35秒	通过fd发送了一次数据，fd为:
2019年2月15日5时40分35秒	通过fd发送了一次数据，fd为:471
2019年2月15日5时40分35秒	通过fd发送了一次数据，fd为:472
2019年2月15日5时40分35秒	通过fd发送了一次数据，fd为:473
2019年2月15日5时40分35秒	通过fd发送了一次数据，fd为:474
2019年2月15日5时40分35秒	通过fd发送了一次数据，fd为:475
2019年2月15日5时40分35秒	通过fd发送了一次数据，fd为:476
2019年2月15日5时40分35秒	通过fd发送了一次数据，fd为:475
2019年2月15日5时40分35秒	通过fd发送了一次数据，fd为:477
2019年2月15日5时40分35秒	通过fd发送了一次数据，fd为:475
2019年2月15日5时40分35秒	通过fd发送了一次数据，fd为:477
2019年2月15日5时40分35秒	通过fd发送了一次数据，fd为:478
2019年2月15日5时40分35秒	通过fd发送了一次数据，fd为:479
2019年2月15日5时40分35秒	通过fd发送了一次数据，fd为:480
2019年2月15日5时40分35秒	通过fd发送了一次数据，fd为:
2019年2月15日5时40分35秒	通过fd发送了一次数据，fd为:481
2019年2月15日5时40分35秒	通过fd发送了一次数据，fd为:482
2019年2月15日5时40分35秒	通过fd发送了一次数据，fd为:483
2019年2月15日5时40分35秒	通过fd发送了一次数据，fd为:484
2019年2月15日5时40分35秒	通过fd发送了一次数据，fd为:485
2019年2月15日5时40分35秒	通过fd发送了一次数据，fd为:485
2019年2月15日5时40分35秒	通过fd发送了一次数据，fd为:486
2019年2月15日5时40分35秒	通过fd发送了一次数据，fd为:487
2019年2月15日5时40分35秒	通过fd发送了一次数据，fd为:488
2019年2月15日5时40分35秒	通过fd发送了一次数据，fd为:489
2019年2月15日5时40分35秒	通过fd发送了一次数据，fd为:490
2019年2月15日5时40分35秒	通过fd发送了一次数据，fd为:489
2019年2月15日5时40分35秒	通过fd发送了一次数据，fd为:491
2019年2月15日5时40分35秒	通过fd发送了一次数据，fd为:
2019年2月15日5时40分35秒	通过fd发送了一次数据，fd为:493
2019年2月15日5时40分35秒	通过fd发送了一次数据，fd为:494
2019年2月15日5时40分35秒	通过fd发送了一次数据，fd为:493
2019年2月15日5时40分35秒	通过fd发送了一次数据，fd为:495
2019年2月15日5时40分35秒	通过fd发送了一次数据，fd为:496
2019年2月15日5时40分35秒	通过fd发送了一次数据，fd为:497
2019年2月15日5时40分35秒	通过fd发送了一次数据，fd为:498
2019年2月15日5时40分35秒	通过fd发送了一次数据，fd为:499
2019年2月15日5时40分35秒	通过fd发送了一次数据，fd为:500
2019年2月15日5时40分35秒	通过fd发送了一次数据，fd为:501
2019年2月15日5时40分35秒	通过fd发送了一次数据，fd为:502
2019年2月15日5时40分35秒	通过fd发送了一次数据，fd为:503
2019年2月15日5时40分35秒	通过fd发送了一次数据，fd为:504
2019年2月15日5时40分35秒	通过fd发送了一次数据，fd为:
2019年2月15日5时40分35秒	通过fd发送了一次数据，fd为:506
2019年2月15日5时40分35秒	通过fd发送了一次数据，fd为:507
2019年2月15日5时40分35秒	通过fd发送了一次数据，fd为:508
2019年2月15日5时40分35秒	通过fd发送了一次数据，fd为:509
2019年2月15日5时40分35秒	通过fd发送了一次数据，fd为:510
2019年2月15日5时40分35秒	通过fd发送了一次数据，fd为:511
2019年2月15日5时40分35秒	通过fd发送了一次数据，fd为:510
2019年2月15日5时40分35秒	通过fd发送了一次数据，fd为:512
2019年2月15日5时40分35秒	通过fd发送了一次数据，fd为:513
2019年2月15日5时40分35秒	通过fd发送了一次数据，fd为:514
2019年2月15日5时40分35秒	通过fd发送了一次数据，fd为:515
2019年2月15日5时40分35秒	通过fd发送了一次数据，fd为:514
2019年2月15日5时40分35秒	通过fd发送了一次数据，fd为:514
2019年2月15日5时40分35秒	通过fd发送了一次数据，fd为:
2019年2月15日5时40分35秒	通过fd发送了一次数据，fd为:516
2019年2月15日5时40分35秒	通过fd发送了一次数据，fd为:517
2019年2月15日5时40分35秒	通过fd发送了一次数据，fd为:518
2019年2月15日5时40分35秒	通过fd发送了一次数据，fd为:519
2019年2月15日5时40分35秒	通过fd发送了一次数据，fd为:520
2019年2月15日5时40分35秒	通过fd发送了一次数据，fd为:521
2019年2月15日5时40分35秒	通过fd发送了一次数据，fd为:522
2019年2月15日5时40分35秒	通过fd发送了一次数据，fd为:523
2019年2月15日5时40分35秒	通过fd发送了一次数据，fd为:523
2019年2月15日5时40分35秒	通过fd发送了一次数据，fd为:524
2019年2月15日5时40分35秒	通过fd发送了一次数据，fd为:525
2019年2月15日5时40分35秒	通过fd发送了一次数据，fd为:526
2019年2月15日5时40分35秒	通过fd发送了一次数据，fd为:527
2019年2月15日5时40分35秒	通过fd发送了一次数据，fd为:
2019年2月15日5时40分35秒	通过fd发送了一次数据，fd为:529
2019年2月15日5时40分35秒	通过fd发送了一次数据，fd为:528
2019年2月15日5时40分35秒	通过fd发送了一次数据，fd为:530
2019年2月15日5时40分35秒	通过fd发送了一次数据，fd为:531
2019年2月15日5时40分35秒	通过fd发送了一次数据，fd为:532
2019年2月15日5时40分35秒	通过fd发送了一次数据，fd为:533
2019年2月15日5时40分35秒	通过fd发送了一次数据，fd为:534
2019年2月15日5时40分35秒	通过fd发送了一次数据，fd为:535
2019年2月15日5时40分35秒	通过fd发送了一次数据，fd为:536
2019年2月15日5时40分35秒	通过fd发送了一次数据，fd为:537
2019年2月15日5时40分35秒	通过fd发送了一次数据，fd为:538
2019年2月15日5时40分35秒	通过fd发送了一次数据，fd为:539
2019年2月15日5时40分35秒	通过fd发送了一次数据，fd为:540
2019年2月15日5时40分35秒	通过fd发送了一次数据，fd为:
2019年2月15日5时40分36秒	通过fd发送了一次数据，fd为:541
2019年2月15日5时40分36秒	通过fd发送了一次数据，fd为:542
2019年2月15日5时40分36秒	通过fd发送了一次数据，fd为:543
2019年2月15日5时40分36秒	通过fd发送了一次数据，fd为:544
2019年2月15日5时40分36秒	通过fd发送了一次数据，fd为:545
2019年2月15日5时40分36秒	通过fd发送了一次数据，fd为:546
2019年2月15日5时40分36秒	通过fd发送了一次数据，fd为:547
2019年2月15日5时40分36秒	通过fd发送了一次数据，fd为:548
2019年2月15日5时40分36秒	通过fd发送了一次数据，fd为:547
2019年2月15日5时40分36秒	通过fd发送了一次数据，fd为:549
2019年2月15日5时40分36秒	通过fd发送了一次数据，fd为:550
2019年2月15日5时40分36秒	通过fd发送了一次数据，fd为:549
2019年2月15日5时40分36秒	通过fd发送了一次数据，fd为:551
2019年2月15日5时40分36秒	通过fd发送了一次数据，fd为:
2019年2月15日5时40分36秒	通过fd发送了一次数据，fd为:552
2019年2月15日5时40分36秒	通过fd发送了一次数据，fd为:553
2019年2月15日5时40分36秒	通过fd发送了一次数据，fd为:554
2019年2月15日5时40分36秒	通过fd发送了一次数据，fd为:555
2019年2月15日5时40分36秒	通过fd发送了一次数据，fd为:556
2019年2月15日5时40分36秒	通过fd发送了一次数据，fd为:557
2019年2月15日5时40分36秒	通过fd发送了一次数据，fd为:558
2019年2月15日5时40分36秒	通过fd发送了一次数据，fd为:559
2019年2月15日5时40分36秒	通过fd发送了一次数据，fd为:560
2019年2月15日5时40分36秒	通过fd发送了一次数据，fd为:561
2019年2月15日5时40分36秒	通过fd发送了一次数据，fd为:562
2019年2月15日5时40分36秒	通过fd发送了一次数据，fd为:561
2019年2月15日5时40分36秒	通过fd发送了一次数据，fd为:563
2019年2月15日5时40分36秒	通过fd发送了一次数据，fd为:
561
2019年2月15日5时40分36秒	通过fd发送了一次数据，fd为:563
2019年2月15日5时40分36秒	通过fd发送了一次数据，fd为:564
2019年2月15日5时40分36秒	通过fd发送了一次数据，fd为:565
2019年2月15日5时40分36秒	通过fd发送了一次数据，fd为:565
2019年2月15日5时40分36秒	通过fd发送了一次数据，fd为:566
2019年2月15日5时40分36秒	通过fd发送了一次数据，fd为:567
2019年2月15日5时40分36秒	通过fd发送了一次数据，fd为:568
2019年2月15日5时40分36秒	通过fd发送了一次数据，fd为:568
2019年2月15日5时40分36秒	通过fd发送了一次数据，fd为:569
2019年2月15日5时40分36秒	通过fd发送了一次数据，fd为:570
2019年2月15日5时40分36秒	通过fd发送了一次数据，fd为:571
2019年2月15日5时40分36秒	通过fd发送了一次数据，fd为:572
2019年2月15日5时40分36秒	通过fd发送了一次数据，fd为:573
2019年2月15日5时40分36秒	通过fd发送了一次数据，fd为:
2019年2月15日5时40分36秒	通过fd发送了一次数据，fd为:573
2019年2月15日5时40分36秒	通过fd发送了一次数据，fd为:574
2019年2月15日5时40分36秒	通过fd发送了一次数据，fd为:575
2019年2月15日5时40分36秒	通过fd发送了一次数据，fd为:576
2019年2月15日5时40分36秒	通过fd发送了一次数据，fd为:577
2019年2月15日5时40分36秒	通过fd发送了一次数据，fd为:578
2019年2月15日5时40分36秒	通过fd发送了一次数据，fd为:579
2019年2月15日5时40分36秒	通过fd发送了一次数据，fd为:580
2019年2月15日5时40分36秒	通过fd发送了一次数据，fd为:581
2019年2月15日5时40分36秒	通过fd发送了一次数据，fd为:582
2019年2月15日5时40分36秒	通过fd发送了一次数据，fd为:581
2019年2月15日5时40分36秒	通过fd发送了一次数据，fd为:581
2019年2月15日5时40分36秒	通过fd发送了一次数据，fd为:582
2019年2月15日5时40分36秒	通过fd发送了一次数据，fd为:
2019年2月15日5时40分36秒	通过fd发送了一次数据，fd为:584
2019年2月15日5时40分36秒	通过fd发送了一次数据，fd为:585
2019年2月15日5时40分36秒	通过fd发送了一次数据，fd为:586
2019年2月15日5时40分36秒	通过fd发送了一次数据，fd为:587
2019年2月15日5时40分36秒	通过fd发送了一次数据，fd为:588
2019年2月15日5时40分36秒	通过fd发送了一次数据，fd为:589
2019年2月15日5时40分36秒	通过fd发送了一次数据，fd为:590
2019年2月15日5时40分36秒	通过fd发送了一次数据，fd为:589
2019年2月15日5时40分36秒	通过fd发送了一次数据，fd为:590
2019年2月15日5时40分36秒	通过fd发送了一次数据，fd为:591
2019年2月15日5时40分36秒	通过fd发送了一次数据，fd为:592
2019年2月15日5时40分36秒	通过fd发送了一次数据，fd为:593
2019年2月15日5时40分36秒	通过fd发送了一次数据，fd为:594
2019年2月15日5时40分36秒	通过fd发送了一次数据，fd为:
2019年2月15日5时40分36秒	通过fd发送了一次数据，fd为:596
2019年2月15日5时40分36秒	通过fd发送了一次数据，fd为:597
2019年2月15日5时40分36秒	通过fd发送了一次数据，fd为:596
2019年2月15日5时40分36秒	通过fd发送了一次数据，fd为:598
2019年2月15日5时40分36秒	通过fd发送了一次数据，fd为:596
2019年2月15日5时40分36秒	通过fd发送了一次数据，fd为:599
2019年2月15日5时40分36秒	通过fd发送了一次数据，fd为:600
2019年2月15日5时40分36秒	通过fd发送了一次数据，fd为:601
2019年2月15日5时40分36秒	通过fd发送了一次数据，fd为:602
2019年2月15日5时40分36秒	通过fd发送了一次数据，fd为:603
2019年2月15日5时40分36秒	通过fd发送了一次数据，fd为:604
2019年2月15日5时40分36秒	通过fd发送了一次数据，fd为:605
2019年2月15日5时40分36秒	通过fd发送了一次数据，fd为:606
2019年2月15日5时40分36秒	通过fd发送了一次数据，fd为:
2019年2月15日5时40分36秒	通过fd发送了一次数据，fd为:607
2019年2月15日5时40分36秒	通过fd发送了一次数据，fd为:606
2019年2月15日5时40分36秒	通过fd发送了一次数据，fd为:608
2019年2月15日5时40分36秒	通过fd发送了一次数据，fd为:609
2019年2月15日5时40分36秒	通过fd发送了一次数据，fd为:609
2019年2月15日5时40分36秒	通过fd发送了一次数据，fd为:610
2019年2月15日5时40分36秒	通过fd发送了一次数据，fd为:611
2019年2月15日5时40分36秒	通过fd发送了一次数据，fd为:612
2019年2月15日5时40分36秒	通过fd发送了一次数据，fd为:613
2019年2月15日5时40分36秒	通过fd发送了一次数据，fd为:612
2019年2月15日5时40分36秒	通过fd发送了一次数据，fd为:614
2019年2月15日5时40分36秒	通过fd发送了一次数据，fd为:615
2019年2月15日5时40分36秒	通过fd发送了一次数据，fd为:616
2019年2月15日5时40分36秒	通过fd发送了一次数据，fd为:
617
2019年2月15日5时40分36秒	通过fd发送了一次数据，fd为:618
2019年2月15日5时40分36秒	通过fd发送了一次数据，fd为:619
2019年2月15日5时40分36秒	通过fd发送了一次数据，fd为:620
2019年2月15日5时40分36秒	通过fd发送了一次数据，fd为:619
2019年2月15日5时40分36秒	通过fd发送了一次数据，fd为:621
2019年2月15日5时40分36秒	通过fd发送了一次数据，fd为:622
2019年2月15日5时40分36秒	通过fd发送了一次数据，fd为:623
2019年2月15日5时40分36秒	通过fd发送了一次数据，fd为:624
2019年2月15日5时40分36秒	通过fd发送了一次数据，fd为:625
2019年2月15日5时40分36秒	通过fd发送了一次数据，fd为:626
2019年2月15日5时40分36秒	通过fd发送了一次数据，fd为:627
2019年2月15日5时40分36秒	通过fd发送了一次数据，fd为:628
2019年2月15日5时40分36秒	通过fd发送了一次数据，fd为:627
2019年2月15日5时40分36秒	通过fd发送了一次数据，fd为:
2019年2月15日5时40分36秒	通过fd发送了一次数据，fd为:630
2019年2月15日5时40分36秒	通过fd发送了一次数据，fd为:629
2019年2月15日5时40分36秒	通过fd发送了一次数据，fd为:631
2019年2月15日5时40分36秒	通过fd发送了一次数据，fd为:632
2019年2月15日5时40分36秒	通过fd发送了一次数据，fd为:633
2019年2月15日5时40分36秒	通过fd发送了一次数据，fd为:632
2019年2月15日5时40分36秒	通过fd发送了一次数据，fd为:634
2019年2月15日5时40分36秒	通过fd发送了一次数据，fd为:635
2019年2月15日5时40分36秒	通过fd发送了一次数据，fd为:634
2019年2月15日5时40分36秒	通过fd发送了一次数据，fd为:635
2019年2月15日5时40分36秒	通过fd发送了一次数据，fd为:636
2019年2月15日5时40分36秒	通过fd发送了一次数据，fd为:637
2019年2月15日5时40分36秒	通过fd发送了一次数据，fd为:638
2019年2月15日5时40分36秒	通过fd发送了一次数据，fd为:
2019年2月15日5时40分36秒	通过fd发送了一次数据，fd为:640
2019年2月15日5时40分36秒	通过fd发送了一次数据，fd为:639
2019年2月15日5时40分36秒	通过fd发送了一次数据，fd为:641
2019年2月15日5时40分36秒	通过fd发送了一次数据，fd为:642
2019年2月15日5时40分36秒	通过fd发送了一次数据，fd为:643
2019年2月15日5时40分36秒	通过fd发送了一次数据，fd为:642
2019年2月15日5时40分36秒	通过fd发送了一次数据，fd为:643
2019年2月15日5时40分36秒	通过fd发送了一次数据，fd为:644
2019年2月15日5时40分36秒	通过fd发送了一次数据，fd为:645
2019年2月15日5时40分36秒	通过fd发送了一次数据，fd为:646
2019年2月15日5时40分36秒	通过fd发送了一次数据，fd为:647
2019年2月15日5时40分36秒	通过fd发送了一次数据，fd为:648
2019年2月15日5时40分36秒	通过fd发送了一次数据，fd为:649
2019年2月15日5时40分36秒	通过fd发送了一次数据，fd为:
2019年2月15日5时40分36秒	通过fd发送了一次数据，fd为:651
2019年2月15日5时40分36秒	通过fd发送了一次数据，fd为:650
2019年2月15日5时40分36秒	通过fd发送了一次数据，fd为:652
2019年2月15日5时40分36秒	通过fd发送了一次数据，fd为:653
2019年2月15日5时40分36秒	通过fd发送了一次数据，fd为:654
2019年2月15日5时40分36秒	通过fd发送了一次数据，fd为:655
2019年2月15日5时40分36秒	通过fd发送了一次数据，fd为:654
2019年2月15日5时40分36秒	通过fd发送了一次数据，fd为:656
2019年2月15日5时40分36秒	通过fd发送了一次数据，fd为:657
2019年2月15日5时40分36秒	通过fd发送了一次数据，fd为:658
2019年2月15日5时40分36秒	通过fd发送了一次数据，fd为:659
2019年2月15日5时40分36秒	通过fd发送了一次数据，fd为:660
2019年2月15日5时40分36秒	通过fd发送了一次数据，fd为:661
2019年2月15日5时40分36秒	通过fd发送了一次数据，fd为:
2019年2月15日5时40分36秒	通过fd发送了一次数据，fd为:663
2019年2月15日5时40分36秒	通过fd发送了一次数据，fd为:664
2019年2月15日5时40分36秒	通过fd发送了一次数据，fd为:665
2019年2月15日5时40分36秒	通过fd发送了一次数据，fd为:666
2019年2月15日5时40分36秒	通过fd发送了一次数据，fd为:667
2019年2月15日5时40分36秒	通过fd发送了一次数据，fd为:668
2019年2月15日5时40分36秒	通过fd发送了一次数据，fd为:669
2019年2月15日5时40分36秒	通过fd发送了一次数据，fd为:670
2019年2月15日5时40分36秒	通过fd发送了一次数据，fd为:671
2019年2月15日5时40分36秒	通过fd发送了一次数据，fd为:672
2019年2月15日5时40分36秒	通过fd发送了一次数据，fd为:671
2019年2月15日5时40分36秒	通过fd发送了一次数据，fd为:672
2019年2月15日5时40分36秒	通过fd发送了一次数据，fd为:673
2019年2月15日5时40分36秒	通过fd发送了一次数据，fd为:
674
2019年2月15日5时40分36秒	通过fd发送了一次数据，fd为:675
2019年2月15日5时40分36秒	通过fd发送了一次数据，fd为:676
2019年2月15日5时40分36秒	通过fd发送了一次数据，fd为:677
2019年2月15日5时40分36秒	通过fd发送了一次数据，fd为:676
2019年2月15日5时40分36秒	通过fd发送了一次数据，fd为:678
2019年2月15日5时40分36秒	通过fd发送了一次数据，fd为:679
2019年2月15日5时40分36秒	通过fd发送了一次数据，fd为:680
2019年2月15日5时40分36秒	通过fd发送了一次数据，fd为:681
2019年2月15日5时40分36秒	通过fd发送了一次数据，fd为:682
2019年2月15日5时40分36秒	通过fd发送了一次数据，fd为:683
2019年2月15日5时40分36秒	通过fd发送了一次数据，fd为:684
2019年2月15日5时40分36秒	通过fd发送了一次数据，fd为:684
2019年2月15日5时40分36秒	通过fd发送了一次数据，fd为:685
2019年2月15日5时40分36秒	通过fd发送了一次数据，fd为:
2019年2月15日5时40分36秒	通过fd发送了一次数据，fd为:686
2019年2月15日5时40分36秒	通过fd发送了一次数据，fd为:684
2019年2月15日5时40分36秒	通过fd发送了一次数据，fd为:686
2019年2月15日5时40分36秒	通过fd发送了一次数据，fd为:687
2019年2月15日5时40分36秒	通过fd发送了一次数据，fd为:684
2019年2月15日5时40分36秒	通过fd发送了一次数据，fd为:688
2019年2月15日5时40分36秒	通过fd发送了一次数据，fd为:689
2019年2月15日5时40分36秒	通过fd发送了一次数据，fd为:690
2019年2月15日5时40分36秒	通过fd发送了一次数据，fd为:691
2019年2月15日5时40分36秒	通过fd发送了一次数据，fd为:692
2019年2月15日5时40分36秒	通过fd发送了一次数据，fd为:693
2019年2月15日5时40分36秒	通过fd发送了一次数据，fd为:692
2019年2月15日5时40分36秒	通过fd发送了一次数据，fd为:693
2019年2月15日5时40分36秒	通过fd发送了一次数据，fd为:
2019年2月15日5时40分36秒	通过fd发送了一次数据，fd为:695
2019年2月15日5时40分36秒	通过fd发送了一次数据，fd为:696
2019年2月15日5时40分36秒	通过fd发送了一次数据，fd为:697
2019年2月15日5时40分36秒	通过fd发送了一次数据，fd为:698
2019年2月15日5时40分36秒	通过fd发送了一次数据，fd为:699
2019年2月15日5时40分36秒	通过fd发送了一次数据，fd为:700
2019年2月15日5时40分36秒	通过fd发送了一次数据，fd为:701
2019年2月15日5时40分36秒	通过fd发送了一次数据，fd为:702
2019年2月15日5时40分36秒	通过fd发送了一次数据，fd为:703
2019年2月15日5时40分36秒	通过fd发送了一次数据，fd为:704
2019年2月15日5时40分36秒	通过fd发送了一次数据，fd为:705
2019年2月15日5时40分36秒	通过fd发送了一次数据，fd为:706
2019年2月15日5时40分36秒	通过fd发送了一次数据，fd为:707
2019年2月15日5时40分36秒	通过fd发送了一次数据，fd为:
2019年2月15日5时40分36秒	通过fd发送了一次数据，fd为:707
2019年2月15日5时40分36秒	通过fd发送了一次数据，fd为:708
2019年2月15日5时40分36秒	通过fd发送了一次数据，fd为:709
2019年2月15日5时40分36秒	通过fd发送了一次数据，fd为:710
2019年2月15日5时40分36秒	通过fd发送了一次数据，fd为:711
2019年2月15日5时40分36秒	通过fd发送了一次数据，fd为:712
2019年2月15日5时40分36秒	通过fd发送了一次数据，fd为:713
2019年2月15日5时40分36秒	通过fd发送了一次数据，fd为:712
2019年2月15日5时40分36秒	通过fd发送了一次数据，fd为:713
2019年2月15日5时40分36秒	通过fd发送了一次数据，fd为:714
2019年2月15日5时40分36秒	通过fd发送了一次数据，fd为:714
2019年2月15日5时40分36秒	通过fd发送了一次数据，fd为:714
2019年2月15日5时40分36秒	通过fd发送了一次数据，fd为:715
2019年2月15日5时40分36秒	通过fd发送了一次数据，fd为:
2019年2月15日5时40分36秒	通过fd发送了一次数据，fd为:716
2019年2月15日5时40分36秒	通过fd发送了一次数据，fd为:717
2019年2月15日5时40分36秒	通过fd发送了一次数据，fd为:718
2019年2月15日5时40分36秒	通过fd发送了一次数据，fd为:719
2019年2月15日5时40分36秒	通过fd发送了一次数据，fd为:718
2019年2月15日5时40分36秒	通过fd发送了一次数据，fd为:719
2019年2月15日5时40分36秒	通过fd发送了一次数据，fd为:720
2019年2月15日5时40分36秒	通过fd发送了一次数据，fd为:721
2019年2月15日5时40分36秒	通过fd发送了一次数据，fd为:722
2019年2月15日5时40分36秒	通过fd发送了一次数据，fd为:723
2019年2月15日5时40分36秒	通过fd发送了一次数据，fd为:724
2019年2月15日5时40分36秒	通过fd发送了一次数据，fd为:725
2019年2月15日5时40分36秒	通过fd发送了一次数据，fd为:724
2019年2月15日5时40分36秒	通过fd发送了一次数据，fd为:
2019年2月15日5时40分36秒	通过fd发送了一次数据，fd为:727
2019年2月15日5时40分36秒	通过fd发送了一次数据，fd为:728
2019年2月15日5时40分36秒	通过fd发送了一次数据，fd为:729
2019年2月15日5时40分36秒	通过fd发送了一次数据，fd为:728
2019年2月15日5时40分36秒	通过fd发送了一次数据，fd为:729
2019年2月15日5时40分36秒	通过fd发送了一次数据，fd为:730
2019年2月15日5时40分36秒	通过fd发送了一次数据，fd为:731
2019年2月15日5时40分36秒	通过fd发送了一次数据，fd为:732
2019年2月15日5时40分36秒	通过fd发送了一次数据，fd为:733
2019年2月15日5时40分36秒	通过fd发送了一次数据，fd为:732
2019年2月15日5时40分36秒	通过fd发送了一次数据，fd为:734
2019年2月15日5时40分36秒	通过fd发送了一次数据，fd为:735
2019年2月15日5时40分36秒	通过fd发送了一次数据，fd为:736
2019年2月15日5时40分36秒	通过fd发送了一次数据，fd为:
2019年2月15日5时40分36秒	通过fd发送了一次数据，fd为:738
2019年2月15日5时40分36秒	通过fd发送了一次数据，fd为:737
2019年2月15日5时40分36秒	通过fd发送了一次数据，fd为:739
2019年2月15日5时40分36秒	通过fd发送了一次数据，fd为:740
2019年2月15日5时40分36秒	通过fd发送了一次数据，fd为:741
2019年2月15日5时40分36秒	通过fd发送了一次数据，fd为:742
2019年2月15日5时40分36秒	通过fd发送了一次数据，fd为:743
2019年2月15日5时40分36秒	通过fd发送了一次数据，fd为:742
2019年2月15日5时40分36秒	通过fd发送了一次数据，fd为:744
2019年2月15日5时40分36秒	通过fd发送了一次数据，fd为:744
2019年2月15日5时40分36秒	通过fd发送了一次数据，fd为:745
2019年2月15日5时40分36秒	通过fd发送了一次数据，fd为:746
2019年2月15日5时40分36秒	通过fd发送了一次数据，fd为:745
2019年2月15日5时40分36秒	通过fd发送了一次数据，fd为:
747
2019年2月15日5时40分36秒	通过fd发送了一次数据，fd为:745
2019年2月15日5时40分36秒	通过fd发送了一次数据，fd为:747
2019年2月15日5时40分36秒	通过fd发送了一次数据，fd为:748
2019年2月15日5时40分36秒	通过fd发送了一次数据，fd为:749
2019年2月15日5时40分36秒	通过fd发送了一次数据，fd为:749
2019年2月15日5时40分36秒	通过fd发送了一次数据，fd为:749
2019年2月15日5时40分36秒	通过fd发送了一次数据，fd为:750
2019年2月15日5时40分36秒	通过fd发送了一次数据，fd为:751
2019年2月15日5时40分36秒	通过fd发送了一次数据，fd为:750
2019年2月15日5时40分36秒	通过fd发送了一次数据，fd为:751
2019年2月15日5时40分36秒	通过fd发送了一次数据，fd为:751
2019年2月15日5时40分36秒	通过fd发送了一次数据，fd为:752
2019年2月15日5时40分36秒	通过fd发送了一次数据，fd为:753
2019年2月15日5时40分36秒	通过fd发送了一次数据，fd为:
753
2019年2月15日5时40分36秒	通过fd发送了一次数据，fd为:753
2019年2月15日5时40分36秒	通过fd发送了一次数据，fd为:754
2019年2月15日5时40分36秒	通过fd发送了一次数据，fd为:753
2019年2月15日5时40分36秒	通过fd发送了一次数据，fd为:755
2019年2月15日5时40分36秒	通过fd发送了一次数据，fd为:753
2019年2月15日5时40分36秒	通过fd发送了一次数据，fd为:756
2019年2月15日5时40分36秒	通过fd发送了一次数据，fd为:757
2019年2月15日5时40分36秒	通过fd发送了一次数据，fd为:758
2019年2月15日5时40分36秒	通过fd发送了一次数据，fd为:759
2019年2月15日5时40分36秒	通过fd发送了一次数据，fd为:760
2019年2月15日5时40分36秒	通过fd发送了一次数据，fd为:761
2019年2月15日5时40分36秒	通过fd发送了一次数据，fd为:762
2019年2月15日5时40分36秒	通过fd发送了一次数据，fd为:763
2019年2月15日5时40分36秒	通过fd发送了一次数据，fd为:
2019年2月15日5时40分36秒	通过fd发送了一次数据，fd为:765
2019年2月15日5时40分36秒	通过fd发送了一次数据，fd为:766
2019年2月15日5时40分36秒	通过fd发送了一次数据，fd为:765
2019年2月15日5时40分36秒	通过fd发送了一次数据，fd为:767
2019年2月15日5时40分36秒	通过fd发送了一次数据，fd为:768
2019年2月15日5时40分36秒	通过fd发送了一次数据，fd为:769
2019年2月15日5时40分36秒	通过fd发送了一次数据，fd为:770
2019年2月15日5时40分36秒	通过fd发送了一次数据，fd为:771
2019年2月15日5时40分36秒	通过fd发送了一次数据，fd为:772
2019年2月15日5时40分36秒	通过fd发送了一次数据，fd为:773
2019年2月15日5时40分36秒	通过fd发送了一次数据，fd为:774
2019年2月15日5时40分36秒	通过fd发送了一次数据，fd为:775
2019年2月15日5时40分36秒	通过fd发送了一次数据，fd为:776
2019年2月15日5时40分36秒	通过fd发送了一次数据，fd为:
2019年2月15日5时40分36秒	通过fd发送了一次数据，fd为:778
2019年2月15日5时40分36秒	通过fd发送了一次数据，fd为:777
2019年2月15日5时40分36秒	通过fd发送了一次数据，fd为:779
2019年2月15日5时40分36秒	通过fd发送了一次数据，fd为:777
2019年2月15日5时40分36秒	通过fd发送了一次数据，fd为:780
2019年2月15日5时40分36秒	通过fd发送了一次数据，fd为:781
2019年2月15日5时40分36秒	通过fd发送了一次数据，fd为:782
2019年2月15日5时40分36秒	通过fd发送了一次数据，fd为:783
2019年2月15日5时40分36秒	通过fd发送了一次数据，fd为:783
2019年2月15日5时40分36秒	通过fd发送了一次数据，fd为:784
2019年2月15日5时40分36秒	通过fd发送了一次数据，fd为:785
2019年2月15日5时40分36秒	通过fd发送了一次数据，fd为:784
2019年2月15日5时40分36秒	通过fd发送了一次数据，fd为:786
2019年2月15日5时40分36秒	通过fd发送了一次数据，fd为:
2019年2月15日5时40分36秒	通过fd发送了一次数据，fd为:787
2019年2月15日5时40分36秒	通过fd发送了一次数据，fd为:788
2019年2月15日5时40分36秒	通过fd发送了一次数据，fd为:789
2019年2月15日5时40分36秒	通过fd发送了一次数据，fd为:790
2019年2月15日5时40分36秒	通过fd发送了一次数据，fd为:791
2019年2月15日5时40分36秒	通过fd发送了一次数据，fd为:792
2019年2月15日5时40分36秒	通过fd发送了一次数据，fd为:793
2019年2月15日5时40分36秒	通过fd发送了一次数据，fd为:794
2019年2月15日5时40分36秒	通过fd发送了一次数据，fd为:795
2019年2月15日5时40分36秒	通过fd发送了一次数据，fd为:795
2019年2月15日5时40分36秒	通过fd发送了一次数据，fd为:796
2019年2月15日5时40分36秒	通过fd发送了一次数据，fd为:797
2019年2月15日5时40分36秒	通过fd发送了一次数据，fd为:798
2019年2月15日5时40分36秒	通过fd发送了一次数据，fd为:
799
2019年2月15日5时40分36秒	通过fd发送了一次数据，fd为:800
2019年2月15日5时40分36秒	通过fd发送了一次数据，fd为:800
2019年2月15日5时40分36秒	通过fd发送了一次数据，fd为:801
2019年2月15日5时40分36秒	通过fd发送了一次数据，fd为:800
2019年2月15日5时40分36秒	通过fd发送了一次数据，fd为:802
2019年2月15日5时40分36秒	通过fd发送了一次数据，fd为:803
2019年2月15日5时40分36秒	通过fd发送了一次数据，fd为:804
2019年2月15日5时40分36秒	通过fd发送了一次数据，fd为:805
2019年2月15日5时40分36秒	通过fd发送了一次数据，fd为:806
2019年2月15日5时40分36秒	通过fd发送了一次数据，fd为:807
2019年2月15日5时40分36秒	通过fd发送了一次数据，fd为:808
2019年2月15日5时40分36秒	通过fd发送了一次数据，fd为:809
2019年2月15日5时40分36秒	通过fd发送了一次数据，fd为:810
2019年2月15日5时40分36秒	通过fd发送了一次数据，fd为:
2019年2月15日5时40分36秒	通过fd发送了一次数据，fd为:812
2019年2月15日5时40分36秒	通过fd发送了一次数据，fd为:811
2019年2月15日5时40分36秒	通过fd发送了一次数据，fd为:813
2019年2月15日5时40分36秒	通过fd发送了一次数据，fd为:814
2019年2月15日5时40分36秒	通过fd发送了一次数据，fd为:815
2019年2月15日5时40分36秒	通过fd发送了一次数据，fd为:816
2019年2月15日5时40分36秒	通过fd发送了一次数据，fd为:817
2019年2月15日5时40分36秒	通过fd发送了一次数据，fd为:818
2019年2月15日5时40分36秒	通过fd发送了一次数据，fd为:819
2019年2月15日5时40分36秒	通过fd发送了一次数据，fd为:820
2019年2月15日5时40分36秒	通过fd发送了一次数据，fd为:819
2019年2月15日5时40分36秒	通过fd发送了一次数据，fd为:820
2019年2月15日5时40分36秒	通过fd发送了一次数据，fd为:819
2019年2月15日5时40分36秒	通过fd发送了一次数据，fd为:
2019年2月15日5时40分36秒	通过fd发送了一次数据，fd为:819
2019年2月15日5时40分36秒	通过fd发送了一次数据，fd为:820
2019年2月15日5时40分36秒	通过fd发送了一次数据，fd为:822
2019年2月15日5时40分36秒	通过fd发送了一次数据，fd为:823
2019年2月15日5时40分36秒	通过fd发送了一次数据，fd为:824
2019年2月15日5时40分36秒	通过fd发送了一次数据，fd为:825
2019年2月15日5时40分36秒	通过fd发送了一次数据，fd为:826
2019年2月15日5时40分36秒	通过fd发送了一次数据，fd为:827
2019年2月15日5时40分36秒	通过fd发送了一次数据，fd为:826
2019年2月15日5时40分36秒	通过fd发送了一次数据，fd为:828
2019年2月15日5时40分36秒	通过fd发送了一次数据，fd为:829
2019年2月15日5时40分36秒	通过fd发送了一次数据，fd为:830
2019年2月15日5时40分36秒	通过fd发送了一次数据，fd为:831
2019年2月15日5时40分36秒	通过fd发送了一次数据，fd为:
2019年2月15日5时40分36秒	通过fd发送了一次数据，fd为:830
2019年2月15日5时40分36秒	通过fd发送了一次数据，fd为:832
2019年2月15日5时40分36秒	通过fd发送了一次数据，fd为:833
2019年2月15日5时40分36秒	通过fd发送了一次数据，fd为:834
2019年2月15日5时40分36秒	通过fd发送了一次数据，fd为:835
2019年2月15日5时40分36秒	通过fd发送了一次数据，fd为:836
2019年2月15日5时40分36秒	通过fd发送了一次数据，fd为:835
2019年2月15日5时40分36秒	通过fd发送了一次数据，fd为:837
2019年2月15日5时40分36秒	通过fd发送了一次数据，fd为:838
2019年2月15日5时40分36秒	通过fd发送了一次数据，fd为:839
2019年2月15日5时40分36秒	通过fd发送了一次数据，fd为:840
2019年2月15日5时40分36秒	通过fd发送了一次数据，fd为:841
2019年2月15日5时40分36秒	通过fd发送了一次数据，fd为:842
2019年2月15日5时40分36秒	通过fd发送了一次数据，fd为:
2019年2月15日5时40分36秒	通过fd发送了一次数据，fd为:844
2019年2月15日5时40分36秒	通过fd发送了一次数据，fd为:843
2019年2月15日5时40分36秒	通过fd发送了一次数据，fd为:845
2019年2月15日5时40分36秒	通过fd发送了一次数据，fd为:846
2019年2月15日5时40分36秒	通过fd发送了一次数据，fd为:845
2019年2月15日5时40分36秒	通过fd发送了一次数据，fd为:847
2019年2月15日5时40分36秒	通过fd发送了一次数据，fd为:845
2019年2月15日5时40分36秒	通过fd发送了一次数据，fd为:847
2019年2月15日5时40分36秒	通过fd发送了一次数据，fd为:845
2019年2月15日5时40分36秒	通过fd发送了一次数据，fd为:848
2019年2月15日5时40分36秒	通过fd发送了一次数据，fd为:849
2019年2月15日5时40分36秒	通过fd发送了一次数据，fd为:850
2019年2月15日5时40分36秒	通过fd发送了一次数据，fd为:851
2019年2月15日5时40分36秒	通过fd发送了一次数据，fd为:
2019年2月15日5时40分36秒	通过fd发送了一次数据，fd为:851
2019年2月15日5时40分36秒	通过fd发送了一次数据，fd为:853
2019年2月15日5时40分36秒	通过fd发送了一次数据，fd为:851
2019年2月15日5时40分36秒	通过fd发送了一次数据，fd为:851
2019年2月15日5时40分36秒	通过fd发送了一次数据，fd为:854
2019年2月15日5时40分36秒	通过fd发送了一次数据，fd为:855
2019年2月15日5时40分36秒	通过fd发送了一次数据，fd为:856
2019年2月15日5时40分36秒	通过fd发送了一次数据，fd为:857
2019年2月15日5时40分36秒	通过fd发送了一次数据，fd为:858
2019年2月15日5时40分36秒	通过fd发送了一次数据，fd为:859
2019年2月15日5时40分36秒	通过fd发送了一次数据，fd为:860
2019年2月15日5时40分36秒	通过fd发送了一次数据，fd为:860
2019年2月15日5时40分36秒	通过fd发送了一次数据，fd为:861
2019年2月15日5时40分36秒	通过fd发送了一次数据，fd为:
861
2019年2月15日5时40分36秒	通过fd发送了一次数据，fd为:862
2019年2月15日5时40分36秒	通过fd发送了一次数据，fd为:863
2019年2月15日5时40分36秒	通过fd发送了一次数据，fd为:864
2019年2月15日5时40分36秒	通过fd发送了一次数据，fd为:865
2019年2月15日5时40分36秒	通过fd发送了一次数据，fd为:866
2019年2月15日5时40分36秒	通过fd发送了一次数据，fd为:867
2019年2月15日5时40分36秒	通过fd发送了一次数据，fd为:868
2019年2月15日5时40分36秒	通过fd发送了一次数据，fd为:868
2019年2月15日5时40分36秒	通过fd发送了一次数据，fd为:869
2019年2月15日5时40分36秒	通过fd发送了一次数据，fd为:868
2019年2月15日5时40分36秒	通过fd发送了一次数据，fd为:870
2019年2月15日5时40分36秒	通过fd发送了一次数据，fd为:871
2019年2月15日5时40分36秒	通过fd发送了一次数据，fd为:872
2019年2月15日5时40分36秒	通过fd发送了一次数据，fd为:
2019年2月15日5时40分36秒	通过fd发送了一次数据，fd为:874
2019年2月15日5时40分36秒	通过fd发送了一次数据，fd为:875
2019年2月15日5时40分36秒	通过fd发送了一次数据，fd为:874
2019年2月15日5时40分36秒	通过fd发送了一次数据，fd为:876
2019年2月15日5时40分36秒	通过fd发送了一次数据，fd为:876
2019年2月15日5时40分36秒	通过fd发送了一次数据，fd为:877
2019年2月15日5时40分36秒	通过fd发送了一次数据，fd为:878
2019年2月15日5时40分36秒	通过fd发送了一次数据，fd为:879
2019年2月15日5时40分36秒	通过fd发送了一次数据，fd为:878
2019年2月15日5时40分36秒	通过fd发送了一次数据，fd为:880
2019年2月15日5时40分36秒	通过fd发送了一次数据，fd为:881
2019年2月15日5时40分36秒	通过fd发送了一次数据，fd为:882
2019年2月15日5时40分36秒	通过fd发送了一次数据，fd为:883
2019年2月15日5时40分37秒	通过fd发送了一次数据，fd为:
2019年2月15日5时40分37秒	通过fd发送了一次数据，fd为:885
2019年2月15日5时40分37秒	通过fd发送了一次数据，fd为:884
2019年2月15日5时40分37秒	通过fd发送了一次数据，fd为:884
2019年2月15日5时40分37秒	通过fd发送了一次数据，fd为:886
2019年2月15日5时40分37秒	通过fd发送了一次数据，fd为:887
2019年2月15日5时40分37秒	通过fd发送了一次数据，fd为:888
2019年2月15日5时40分37秒	通过fd发送了一次数据，fd为:889
2019年2月15日5时40分37秒	通过fd发送了一次数据，fd为:890
2019年2月15日5时40分37秒	通过fd发送了一次数据，fd为:891
2019年2月15日5时40分37秒	通过fd发送了一次数据，fd为:892
2019年2月15日5时40分37秒	通过fd发送了一次数据，fd为:893
2019年2月15日5时40分37秒	通过fd发送了一次数据，fd为:894
2019年2月15日5时40分37秒	通过fd发送了一次数据，fd为:895
2019年2月15日5时40分37秒	通过fd发送了一次数据，fd为:
896
2019年2月15日5时40分37秒	通过fd发送了一次数据，fd为:895
2019年2月15日5时40分37秒	通过fd发送了一次数据，fd为:896
2019年2月15日5时40分37秒	通过fd发送了一次数据，fd为:895
2019年2月15日5时40分37秒	通过fd发送了一次数据，fd为:897
2019年2月15日5时40分37秒	通过fd发送了一次数据，fd为:897
2019年2月15日5时40分37秒	通过fd发送了一次数据，fd为:898
2019年2月15日5时40分37秒	通过fd发送了一次数据，fd为:899
2019年2月15日5时40分37秒	通过fd发送了一次数据，fd为:900
2019年2月15日5时40分37秒	通过fd发送了一次数据，fd为:899
2019年2月15日5时40分37秒	通过fd发送了一次数据，fd为:900
2019年2月15日5时40分37秒	通过fd发送了一次数据，fd为:901
2019年2月15日5时40分37秒	通过fd发送了一次数据，fd为:900
2019年2月15日5时40分37秒	通过fd发送了一次数据，fd为:900
2019年2月15日5时40分37秒	通过fd发送了一次数据，fd为:
902
2019年2月15日5时40分37秒	通过fd发送了一次数据，fd为:903
2019年2月15日5时40分37秒	通过fd发送了一次数据，fd为:902
2019年2月15日5时40分37秒	通过fd发送了一次数据，fd为:904
2019年2月15日5时40分37秒	通过fd发送了一次数据，fd为:905
2019年2月15日5时40分37秒	通过fd发送了一次数据，fd为:906
2019年2月15日5时40分37秒	通过fd发送了一次数据，fd为:905
2019年2月15日5时40分37秒	通过fd发送了一次数据，fd为:907
2019年2月15日5时40分37秒	通过fd发送了一次数据，fd为:908
2019年2月15日5时40分37秒	通过fd发送了一次数据，fd为:907
2019年2月15日5时40分37秒	通过fd发送了一次数据，fd为:909
2019年2月15日5时40分37秒	通过fd发送了一次数据，fd为:910
2019年2月15日5时40分37秒	通过fd发送了一次数据，fd为:911
2019年2月15日5时40分37秒	通过fd发送了一次数据，fd为:912
2019年2月15日5时40分37秒	通过fd发送了一次数据，fd为:
913
2019年2月15日5时40分37秒	通过fd发送了一次数据，fd为:914
2019年2月15日5时40分37秒	通过fd发送了一次数据，fd为:915
2019年2月15日5时40分37秒	通过fd发送了一次数据，fd为:916
2019年2月15日5时40分37秒	通过fd发送了一次数据，fd为:917
2019年2月15日5时40分37秒	通过fd发送了一次数据，fd为:918
2019年2月15日5时40分37秒	通过fd发送了一次数据，fd为:919
2019年2月15日5时40分37秒	通过fd发送了一次数据，fd为:920
2019年2月15日5时40分37秒	通过fd发送了一次数据，fd为:919
2019年2月15日5时40分37秒	通过fd发送了一次数据，fd为:921
2019年2月15日5时40分37秒	通过fd发送了一次数据，fd为:922
2019年2月15日5时40分37秒	通过fd发送了一次数据，fd为:923
2019年2月15日5时40分37秒	通过fd发送了一次数据，fd为:924
2019年2月15日5时40分37秒	通过fd发送了一次数据，fd为:925
2019年2月15日5时40分37秒	通过fd发送了一次数据，fd为:
2019年2月15日5时40分37秒	通过fd发送了一次数据，fd为:927
2019年2月15日5时40分37秒	通过fd发送了一次数据，fd为:928
2019年2月15日5时40分37秒	通过fd发送了一次数据，fd为:929
2019年2月15日5时40分37秒	通过fd发送了一次数据，fd为:930
2019年2月15日5时40分37秒	通过fd发送了一次数据，fd为:929
2019年2月15日5时40分37秒	通过fd发送了一次数据，fd为:931
2019年2月15日5时40分37秒	通过fd发送了一次数据，fd为:932
2019年2月15日5时40分37秒	通过fd发送了一次数据，fd为:931
2019年2月15日5时40分37秒	通过fd发送了一次数据，fd为:933
2019年2月15日5时40分37秒	通过fd发送了一次数据，fd为:934
2019年2月15日5时40分37秒	通过fd发送了一次数据，fd为:935
2019年2月15日5时40分37秒	通过fd发送了一次数据，fd为:936
2019年2月15日5时40分37秒	通过fd发送了一次数据，fd为:937
2019年2月15日5时40分37秒	通过fd发送了一次数据，fd为:
2019年2月15日5时40分37秒	通过fd发送了一次数据，fd为:938
2019年2月15日5时40分37秒	通过fd发送了一次数据，fd为:939
2019年2月15日5时40分37秒	通过fd发送了一次数据，fd为:940
2019年2月15日5时40分37秒	通过fd发送了一次数据，fd为:939
2019年2月15日5时40分37秒	通过fd发送了一次数据，fd为:941
2019年2月15日5时40分37秒	通过fd发送了一次数据，fd为:941
2019年2月15日5时40分37秒	通过fd发送了一次数据，fd为:939
2019年2月15日5时40分37秒	通过fd发送了一次数据，fd为:942
2019年2月15日5时40分37秒	通过fd发送了一次数据，fd为:943
2019年2月15日5时40分37秒	通过fd发送了一次数据，fd为:942
2019年2月15日5时40分37秒	通过fd发送了一次数据，fd为:943
2019年2月15日5时40分37秒	通过fd发送了一次数据，fd为:944
2019年2月15日5时40分37秒	通过fd发送了一次数据，fd为:945
2019年2月15日5时40分37秒	通过fd发送了一次数据，fd为:
946
2019年2月15日5时40分37秒	通过fd发送了一次数据，fd为:947
2019年2月15日5时40分37秒	通过fd发送了一次数据，fd为:948
2019年2月15日5时40分37秒	通过fd发送了一次数据，fd为:949
2019年2月15日5时40分37秒	通过fd发送了一次数据，fd为:950
2019年2月15日5时40分37秒	通过fd发送了一次数据，fd为:949
2019年2月15日5时40分37秒	通过fd发送了一次数据，fd为:951
2019年2月15日5时40分37秒	通过fd发送了一次数据，fd为:952
2019年2月15日5时40分37秒	通过fd发送了一次数据，fd为:953
2019年2月15日5时40分37秒	通过fd发送了一次数据，fd为:954
2019年2月15日5时40分37秒	通过fd发送了一次数据，fd为:955
2019年2月15日5时40分37秒	通过fd发送了一次数据，fd为:954
2019年2月15日5时40分37秒	通过fd发送了一次数据，fd为:955
2019年2月15日5时40分37秒	通过fd发送了一次数据，fd为:956
2019年2月15日5时40分37秒	通过fd发送了一次数据，fd为:
2019年2月15日5时40分37秒	通过fd发送了一次数据，fd为:958
2019年2月15日5时40分37秒	通过fd发送了一次数据，fd为:957
2019年2月15日5时40分37秒	通过fd发送了一次数据，fd为:959
2019年2月15日5时40分37秒	通过fd发送了一次数据，fd为:960
2019年2月15日5时40分37秒	通过fd发送了一次数据，fd为:961
2019年2月15日5时40分37秒	通过fd发送了一次数据，fd为:960
2019年2月15日5时40分37秒	通过fd发送了一次数据，fd为:962
2019年2月15日5时40分37秒	通过fd发送了一次数据，fd为:960
2019年2月15日5时40分37秒	通过fd发送了一次数据，fd为:963
2019年2月15日5时40分37秒	通过fd发送了一次数据，fd为:964
2019年2月15日5时40分37秒	通过fd发送了一次数据，fd为:965
2019年2月15日5时40分37秒	通过fd发送了一次数据，fd为:964
2019年2月15日5时40分37秒	通过fd发送了一次数据，fd为:965
2019年2月15日5时40分37秒	通过fd发送了一次数据，fd为:
2019年2月15日5时40分37秒	通过fd发送了一次数据，fd为:967
2019年2月15日5时40分37秒	通过fd发送了一次数据，fd为:968
2019年2月15日5时40分37秒	通过fd发送了一次数据，fd为:967
2019年2月15日5时40分37秒	通过fd发送了一次数据，fd为:969
2019年2月15日5时40分37秒	通过fd发送了一次数据，fd为:967
2019年2月15日5时40分37秒	通过fd发送了一次数据，fd为:968
2019年2月15日5时40分37秒	通过fd发送了一次数据，fd为:969
2019年2月15日5时40分37秒	通过fd发送了一次数据，fd为:970
2019年2月15日5时40分37秒	通过fd发送了一次数据，fd为:971
2019年2月15日5时40分37秒	通过fd发送了一次数据，fd为:972
2019年2月15日5时40分37秒	通过fd发送了一次数据，fd为:973
2019年2月15日5时40分37秒	通过fd发送了一次数据，fd为:974
2019年2月15日5时40分37秒	通过fd发送了一次数据，fd为:975
2019年2月15日5时40分37秒	通过fd发送了一次数据，fd为:
976
2019年2月15日5时40分37秒	通过fd发送了一次数据，fd为:977
2019年2月15日5时40分37秒	通过fd发送了一次数据，fd为:978
2019年2月15日5时40分37秒	通过fd发送了一次数据，fd为:979
2019年2月15日5时40分37秒	通过fd发送了一次数据，fd为:980
2019年2月15日5时40分37秒	通过fd发送了一次数据，fd为:981
2019年2月15日5时40分37秒	通过fd发送了一次数据，fd为:982
2019年2月15日5时40分37秒	通过fd发送了一次数据，fd为:983
2019年2月15日5时40分37秒	通过fd发送了一次数据，fd为:982
2019年2月15日5时40分37秒	通过fd发送了一次数据，fd为:983
2019年2月15日5时40分37秒	通过fd发送了一次数据，fd为:982
2019年2月15日5时40分37秒	通过fd发送了一次数据，fd为:984
2019年2月15日5时40分37秒	通过fd发送了一次数据，fd为:985
2019年2月15日5时40分37秒	通过fd发送了一次数据，fd为:984
2019年2月15日5时40分37秒	通过fd发送了一次数据，fd为:
2019年2月15日5时40分37秒	通过fd发送了一次数据，fd为:987
2019年2月15日5时40分37秒	通过fd发送了一次数据，fd为:988
2019年2月15日5时40分37秒	通过fd发送了一次数据，fd为:989
2019年2月15日5时40分37秒	通过fd发送了一次数据，fd为:990
2019年2月15日5时40分37秒	通过fd发送了一次数据，fd为:991
2019年2月15日5时40分37秒	通过fd发送了一次数据，fd为:992
2019年2月15日5时40分37秒	通过fd发送了一次数据，fd为:993
2019年2月15日5时40分37秒	通过fd发送了一次数据，fd为:992
2019年2月15日5时40分37秒	通过fd发送了一次数据，fd为:994
2019年2月15日5时40分37秒	通过fd发送了一次数据，fd为:992
2019年2月15日5时40分37秒	通过fd发送了一次数据，fd为:995
2019年2月15日5时40分37秒	通过fd发送了一次数据，fd为:996
2019年2月15日5时40分37秒	通过fd发送了一次数据，fd为:997
2019年2月15日5时40分37秒	通过fd发送了一次数据，fd为:
2019年2月15日5时40分37秒	通过fd发送了一次数据，fd为:998
2019年2月15日5时40分37秒	通过fd发送了一次数据，fd为:996
2019年2月15日5时40分37秒	通过fd发送了一次数据，fd为:999
2019年2月15日5时40分37秒	通过fd发送了一次数据，fd为:996
2019年2月15日5时40分37秒	通过fd发送了一次数据，fd为:1000
2019年2月15日5时40分37秒	通过fd发送了一次数据，fd为:996
2019年2月15日5时40分37秒	通过fd发送了一次数据，fd为:1001
2019年2月15日5时40分37秒	通过fd发送了一次数据，fd为:1002
2019年2月15日5时40分37秒	通过fd发送了一次数据，fd为:1003
2019年2月15日5时40分37秒	通过fd发送了一次数据，fd为:1004
2019年2月15日5时40分37秒	通过fd发送了一次数据，fd为:1005
2019年2月15日5时40分37秒	通过fd发送了一次数据，fd为:1006
2019年2月15日5时40分37秒	通过fd发送了一次数据，fd为:1006
2019年2月15日5时40分37秒	通过fd发送了一次数据，fd为:
2019年2月15日5时40分37秒	通过fd发送了一次数据，fd为:1008
2019年2月15日5时40分37秒	通过fd发送了一次数据，fd为:1009
2019年2月15日5时40分37秒	通过fd发送了一次数据，fd为:1010
2019年2月15日5时40分37秒	通过fd发送了一次数据，fd为:1011
2019年2月15日5时40分37秒	通过fd发送了一次数据，fd为:1012
2019年2月15日5时40分37秒	通过fd发送了一次数据，fd为:1013
2019年2月15日5时40分37秒	通过fd发送了一次数据，fd为:1014
2019年2月15日5时40分37秒	通过fd发送了一次数据，fd为:1015
2019年2月15日5时40分37秒	通过fd发送了一次数据，fd为:1016
2019年2月15日5时40分37秒	通过fd发送了一次数据，fd为:1017
2019年2月15日5时40分37秒	通过fd发送了一次数据，fd为:1018
2019年2月15日5时40分37秒	通过fd发送了一次数据，fd为:1019
2019年2月15日5时40分37秒	通过fd发送了一次数据，fd为:1020
2019年2月15日5时40分37秒	通过fd发送了一次数据，fd为:
1021
2019年2月15日5时40分37秒	通过fd发送了一次数据，fd为:1022
2019年2月15日5时40分37秒	通过fd发送了一次数据，fd为:1023
2019年2月15日5时40分37秒	通过fd发送了一次数据，fd为:1024
2019年2月15日5时40分37秒	通过fd发送了一次数据，fd为:1025
2019年2月15日5时40分37秒	通过fd发送了一次数据，fd为:1026
2019年2月15日5时40分37秒	通过fd发送了一次数据，fd为:1027
2019年2月15日5时40分37秒	通过fd发送了一次数据，fd为:1028
2019年2月15日5时40分37秒	通过fd发送了一次数据，fd为:1029
2019年2月15日5时40分37秒	通过fd发送了一次数据，fd为:1029
2019年2月15日5时40分37秒	通过fd发送了一次数据，fd为:1030
2019年2月15日5时40分37秒	通过fd发送了一次数据，fd为:1031
2019年2月15日5时40分37秒	通过fd发送了一次数据，fd为:1032
2019年2月15日5时40分37秒	通过fd发送了一次数据，fd为:1033
2019年2月15日5时40分37秒	通过fd发送了一次数据，fd为:
1034
2019年2月15日5时40分37秒	通过fd发送了一次数据，fd为:1035
2019年2月15日5时40分37秒	通过fd发送了一次数据，fd为:1034
2019年2月15日5时40分37秒	通过fd发送了一次数据，fd为:1034
2019年2月15日5时40分37秒	通过fd发送了一次数据，fd为:1036
2019年2月15日5时40分37秒	通过fd发送了一次数据，fd为:1037
2019年2月15日5时40分37秒	通过fd发送了一次数据，fd为:1038
2019年2月15日5时40分37秒	通过fd发送了一次数据，fd为:1039
2019年2月15日5时40分37秒	通过fd发送了一次数据，fd为:1040
2019年2月15日5时40分37秒	通过fd发送了一次数据，fd为:1041
2019年2月15日5时40分37秒	通过fd发送了一次数据，fd为:1042
2019年2月15日5时40分37秒	通过fd发送了一次数据，fd为:1043
2019年2月15日5时40分37秒	通过fd发送了一次数据，fd为:1044
2019年2月15日5时40分37秒	通过fd发送了一次数据，fd为:1045
2019年2月15日5时40分37秒	通过fd发送了一次数据，fd为:
2019年2月15日5时40分37秒	通过fd发送了一次数据，fd为:1046
2019年2月15日5时40分37秒	通过fd发送了一次数据，fd为:1044
2019年2月15日5时40分37秒	通过fd发送了一次数据，fd为:1047
2019年2月15日5时40分37秒	通过fd发送了一次数据，fd为:1048
2019年2月15日5时40分37秒	通过fd发送了一次数据，fd为:1047
2019年2月15日5时40分37秒	通过fd发送了一次数据，fd为:1048
2019年2月15日5时40分37秒	通过fd发送了一次数据，fd为:1047
2019年2月15日5时40分37秒	通过fd发送了一次数据，fd为:1049
2019年2月15日5时40分37秒	通过fd发送了一次数据，fd为:1050
2019年2月15日5时40分37秒	通过fd发送了一次数据，fd为:1051
2019年2月15日5时40分37秒	通过fd发送了一次数据，fd为:1052
2019年2月15日5时40分37秒	通过fd发送了一次数据，fd为:1051
2019年2月15日5时40分37秒	通过fd发送了一次数据，fd为:1052
2019年2月15日5时40分37秒	通过fd发送了一次数据，fd为:
2019年2月15日5时40分37秒	通过fd发送了一次数据，fd为:1053
2019年2月15日5时40分37秒	通过fd发送了一次数据，fd为:1054
2019年2月15日5时40分37秒	通过fd发送了一次数据，fd为:1055
2019年2月15日5时40分37秒	通过fd发送了一次数据，fd为:1056
2019年2月15日5时40分37秒	通过fd发送了一次数据，fd为:1055
2019年2月15日5时40分37秒	通过fd发送了一次数据，fd为:1056
2019年2月15日5时40分37秒	通过fd发送了一次数据，fd为:1057
2019年2月15日5时40分37秒	通过fd发送了一次数据，fd为:1057
2019年2月15日5时40分37秒	通过fd发送了一次数据，fd为:1057
2019年2月15日5时40分37秒	通过fd发送了一次数据，fd为:1058
2019年2月15日5时40分37秒	通过fd发送了一次数据，fd为:1057
2019年2月15日5时40分37秒	通过fd发送了一次数据，fd为:1059
2019年2月15日5时40分37秒	通过fd发送了一次数据，fd为:1057
2019年2月15日5时40分37秒	通过fd发送了一次数据，fd为:
2019年2月15日5时40分37秒	通过fd发送了一次数据，fd为:1057
2019年2月15日5时40分37秒	通过fd发送了一次数据，fd为:1060
2019年2月15日5时40分37秒	通过fd发送了一次数据，fd为:1061
2019年2月15日5时40分37秒	通过fd发送了一次数据，fd为:1062
2019年2月15日5时40分37秒	通过fd发送了一次数据，fd为:1062
2019年2月15日5时40分37秒	通过fd发送了一次数据，fd为:1063
2019年2月15日5时40分37秒	通过fd发送了一次数据，fd为:1064
2019年2月15日5时40分37秒	通过fd发送了一次数据，fd为:1065
2019年2月15日5时40分37秒	通过fd发送了一次数据，fd为:1066
2019年2月15日5时40分37秒	通过fd发送了一次数据，fd为:1067
2019年2月15日5时40分37秒	通过fd发送了一次数据，fd为:1066
2019年2月15日5时40分37秒	通过fd发送了一次数据，fd为:1068
2019年2月15日5时40分37秒	通过fd发送了一次数据，fd为:1069
2019年2月15日5时40分37秒	通过fd发送了一次数据，fd为:
2019年2月15日5时40分37秒	通过fd发送了一次数据，fd为:1070
2019年2月15日5时40分37秒	通过fd发送了一次数据，fd为:1068
2019年2月15日5时40分37秒	通过fd发送了一次数据，fd为:1071
2019年2月15日5时40分37秒	通过fd发送了一次数据，fd为:1072
2019年2月15日5时40分37秒	通过fd发送了一次数据，fd为:1073
2019年2月15日5时40分37秒	通过fd发送了一次数据，fd为:1074
2019年2月15日5时40分37秒	通过fd发送了一次数据，fd为:1075
2019年2月15日5时40分37秒	通过fd发送了一次数据，fd为:1074
2019年2月15日5时40分37秒	通过fd发送了一次数据，fd为:1076
2019年2月15日5时40分37秒	通过fd发送了一次数据，fd为:1077
2019年2月15日5时40分37秒	通过fd发送了一次数据，fd为:1078
2019年2月15日5时40分37秒	通过fd发送了一次数据，fd为:1079
2019年2月15日5时40分37秒	通过fd发送了一次数据，fd为:1080
2019年2月15日5时40分37秒	通过fd发送了一次数据，fd为:
2019年2月15日5时40分37秒	通过fd发送了一次数据，fd为:1082
2019年2月15日5时40分37秒	通过fd发送了一次数据，fd为:1083
2019年2月15日5时40分37秒	通过fd发送了一次数据，fd为:1084
2019年2月15日5时40分37秒	通过fd发送了一次数据，fd为:1085
2019年2月15日5时40分37秒	通过fd发送了一次数据，fd为:1086
2019年2月15日5时40分37秒	通过fd发送了一次数据，fd为:1087
2019年2月15日5时40分37秒	通过fd发送了一次数据，fd为:1088
2019年2月15日5时40分37秒	通过fd发送了一次数据，fd为:1089
2019年2月15日5时40分37秒	通过fd发送了一次数据，fd为:1090
2019年2月15日5时40分37秒	通过fd发送了一次数据，fd为:1089
2019年2月15日5时40分37秒	通过fd发送了一次数据，fd为:1091
2019年2月15日5时40分37秒	通过fd发送了一次数据，fd为:1092
2019年2月15日5时40分37秒	通过fd发送了一次数据，fd为:1093
2019年2月15日5时40分37秒	通过fd发送了一次数据，fd为:
1094
2019年2月15日5时40分37秒	通过fd发送了一次数据，fd为:1095
2019年2月15日5时40分37秒	通过fd发送了一次数据，fd为:1094
2019年2月15日5时40分37秒	通过fd发送了一次数据，fd为:1096
2019年2月15日5时40分37秒	通过fd发送了一次数据，fd为:1094
2019年2月15日5时40分37秒	通过fd发送了一次数据，fd为:1096
2019年2月15日5时40分37秒	通过fd发送了一次数据，fd为:1097
2019年2月15日5时40分37秒	通过fd发送了一次数据，fd为:1098
2019年2月15日5时40分37秒	通过fd发送了一次数据，fd为:1099
2019年2月15日5时40分37秒	通过fd发送了一次数据，fd为:1100
2019年2月15日5时40分37秒	通过fd发送了一次数据，fd为:1101
2019年2月15日5时40分37秒	通过fd发送了一次数据，fd为:1102
2019年2月15日5时40分37秒	通过fd发送了一次数据，fd为:1103
2019年2月15日5时40分37秒	通过fd发送了一次数据，fd为:1104
2019年2月15日5时40分37秒	通过fd发送了一次数据，fd为:
1105
2019年2月15日5时40分37秒	通过fd发送了一次数据，fd为:1104
2019年2月15日5时40分37秒	通过fd发送了一次数据，fd为:1106
2019年2月15日5时40分37秒	通过fd发送了一次数据，fd为:1106
2019年2月15日5时40分37秒	通过fd发送了一次数据，fd为:1107
2019年2月15日5时40分37秒	通过fd发送了一次数据，fd为:1107
2019年2月15日5时40分37秒	通过fd发送了一次数据，fd为:1108
2019年2月15日5时40分37秒	通过fd发送了一次数据，fd为:1109
2019年2月15日5时40分37秒	通过fd发送了一次数据，fd为:1110
2019年2月15日5时40分37秒	通过fd发送了一次数据，fd为:1111
2019年2月15日5时40分37秒	通过fd发送了一次数据，fd为:1112
2019年2月15日5时40分37秒	通过fd发送了一次数据，fd为:1111
2019年2月15日5时40分37秒	通过fd发送了一次数据，fd为:1113
2019年2月15日5时40分37秒	通过fd发送了一次数据，fd为:1114
2019年2月15日5时40分37秒	通过fd发送了一次数据，fd为:
2019年2月15日5时40分37秒	通过fd发送了一次数据，fd为:1116
2019年2月15日5时40分37秒	通过fd发送了一次数据，fd为:1117
2019年2月15日5时40分37秒	通过fd发送了一次数据，fd为:1118
2019年2月15日5时40分37秒	通过fd发送了一次数据，fd为:1117
2019年2月15日5时40分37秒	通过fd发送了一次数据，fd为:1119
2019年2月15日5时40分37秒	通过fd发送了一次数据，fd为:1120
2019年2月15日5时40分37秒	通过fd发送了一次数据，fd为:1121
2019年2月15日5时40分37秒	通过fd发送了一次数据，fd为:1122
2019年2月15日5时40分37秒	通过fd发送了一次数据，fd为:1123
2019年2月15日5时40分37秒	通过fd发送了一次数据，fd为:1122
2019年2月15日5时40分37秒	通过fd发送了一次数据，fd为:1123
2019年2月15日5时40分37秒	通过fd发送了一次数据，fd为:1124
2019年2月15日5时40分37秒	通过fd发送了一次数据，fd为:1125
2019年2月15日5时40分37秒	通过fd发送了一次数据，fd为:
2019年2月15日5时40分37秒	通过fd发送了一次数据，fd为:1127
2019年2月15日5时40分37秒	通过fd发送了一次数据，fd为:1126
2019年2月15日5时40分37秒	通过fd发送了一次数据，fd为:1127
2019年2月15日5时40分37秒	通过fd发送了一次数据，fd为:1128
2019年2月15日5时40分37秒	通过fd发送了一次数据，fd为:1129
2019年2月15日5时40分37秒	通过fd发送了一次数据，fd为:1130
2019年2月15日5时40分37秒	通过fd发送了一次数据，fd为:1131
2019年2月15日5时40分37秒	通过fd发送了一次数据，fd为:1132
2019年2月15日5时40分37秒	通过fd发送了一次数据，fd为:1131
2019年2月15日5时40分37秒	通过fd发送了一次数据，fd为:1133
2019年2月15日5时40分37秒	通过fd发送了一次数据，fd为:1134
2019年2月15日5时40分37秒	通过fd发送了一次数据，fd为:1135
2019年2月15日5时40分37秒	通过fd发送了一次数据，fd为:1136
2019年2月15日5时40分37秒	通过fd发送了一次数据，fd为:
2019年2月15日5时40分37秒	通过fd发送了一次数据，fd为:1138
2019年2月15日5时40分37秒	通过fd发送了一次数据，fd为:1139
2019年2月15日5时40分37秒	通过fd发送了一次数据，fd为:1140
2019年2月15日5时40分37秒	通过fd发送了一次数据，fd为:1141
2019年2月15日5时40分37秒	通过fd发送了一次数据，fd为:1142
2019年2月15日5时40分37秒	通过fd发送了一次数据，fd为:1142
2019年2月15日5时40分37秒	通过fd发送了一次数据，fd为:1143
2019年2月15日5时40分37秒	通过fd发送了一次数据，fd为:1144
2019年2月15日5时40分37秒	通过fd发送了一次数据，fd为:1145
2019年2月15日5时40分37秒	通过fd发送了一次数据，fd为:1146
2019年2月15日5时40分37秒	通过fd发送了一次数据，fd为:1145
2019年2月15日5时40分37秒	通过fd发送了一次数据，fd为:1147
2019年2月15日5时40分37秒	通过fd发送了一次数据，fd为:1148
2019年2月15日5时40分37秒	通过fd发送了一次数据，fd为:
1149
2019年2月15日5时40分37秒	通过fd发送了一次数据，fd为:1148
2019年2月15日5时40分37秒	通过fd发送了一次数据，fd为:1149
2019年2月15日5时40分37秒	通过fd发送了一次数据，fd为:1148
2019年2月15日5时40分37秒	通过fd发送了一次数据，fd为:1150
2019年2月15日5时40分37秒	通过fd发送了一次数据，fd为:1151
2019年2月15日5时40分37秒	通过fd发送了一次数据，fd为:1152
2019年2月15日5时40分37秒	通过fd发送了一次数据，fd为:1151
2019年2月15日5时40分37秒	通过fd发送了一次数据，fd为:1153
2019年2月15日5时40分37秒	通过fd发送了一次数据，fd为:1151
2019年2月15日5时40分37秒	通过fd发送了一次数据，fd为:1153
2019年2月15日5时40分37秒	通过fd发送了一次数据，fd为:1154
2019年2月15日5时40分37秒	通过fd发送了一次数据，fd为:1155
2019年2月15日5时40分37秒	通过fd发送了一次数据，fd为:1156
2019年2月15日5时40分37秒	通过fd发送了一次数据，fd为:
1157
2019年2月15日5时40分37秒	通过fd发送了一次数据，fd为:1158
2019年2月15日5时40分37秒	通过fd发送了一次数据，fd为:1159
2019年2月15日5时40分37秒	通过fd发送了一次数据，fd为:1160
2019年2月15日5时40分37秒	通过fd发送了一次数据，fd为:1161
2019年2月15日5时40分37秒	通过fd发送了一次数据，fd为:1162
2019年2月15日5时40分37秒	通过fd发送了一次数据，fd为:1162
2019年2月15日5时40分37秒	通过fd发送了一次数据，fd为:1163
2019年2月15日5时40分37秒	通过fd发送了一次数据，fd为:1164
2019年2月15日5时40分37秒	通过fd发送了一次数据，fd为:1165
2019年2月15日5时40分37秒	通过fd发送了一次数据，fd为:1166
2019年2月15日5时40分37秒	通过fd发送了一次数据，fd为:1167
2019年2月15日5时40分37秒	通过fd发送了一次数据，fd为:1168
2019年2月15日5时40分37秒	通过fd发送了一次数据，fd为:1169
2019年2月15日5时40分37秒	通过fd发送了一次数据，fd为:
2019年2月15日5时40分37秒	通过fd发送了一次数据，fd为:1170
2019年2月15日5时40分37秒	通过fd发送了一次数据，fd为:1168
2019年2月15日5时40分37秒	通过fd发送了一次数据，fd为:1170
2019年2月15日5时40分37秒	通过fd发送了一次数据，fd为:1171
2019年2月15日5时40分37秒	通过fd发送了一次数据，fd为:1172
2019年2月15日5时40分37秒	通过fd发送了一次数据，fd为:1171
2019年2月15日5时40分37秒	通过fd发送了一次数据，fd为:1173
2019年2月15日5时40分37秒	通过fd发送了一次数据，fd为:1174
2019年2月15日5时40分37秒	通过fd发送了一次数据，fd为:1174
2019年2月15日5时40分37秒	通过fd发送了一次数据，fd为:1175
2019年2月15日5时40分37秒	通过fd发送了一次数据，fd为:1176
2019年2月15日5时40分37秒	通过fd发送了一次数据，fd为:1177
2019年2月15日5时40分37秒	通过fd发送了一次数据，fd为:1178
2019年2月15日5时40分37秒	通过fd发送了一次数据，fd为:
1179
2019年2月15日5时40分37秒	通过fd发送了一次数据，fd为:1180
2019年2月15日5时40分37秒	通过fd发送了一次数据，fd为:1181
2019年2月15日5时40分37秒	通过fd发送了一次数据，fd为:1182
2019年2月15日5时40分37秒	通过fd发送了一次数据，fd为:1183
2019年2月15日5时40分37秒	通过fd发送了一次数据，fd为:1184
2019年2月15日5时40分37秒	通过fd发送了一次数据，fd为:1185
2019年2月15日5时40分37秒	通过fd发送了一次数据，fd为:1186
2019年2月15日5时40分37秒	通过fd发送了一次数据，fd为:1185
2019年2月15日5时40分37秒	通过fd发送了一次数据，fd为:1187
2019年2月15日5时40分37秒	通过fd发送了一次数据，fd为:1188
2019年2月15日5时40分37秒	通过fd发送了一次数据，fd为:1189
2019年2月15日5时40分37秒	通过fd发送了一次数据，fd为:1190
2019年2月15日5时40分37秒	通过fd发送了一次数据，fd为:1191
2019年2月15日5时40分37秒	通过fd发送了一次数据，fd为:
1192
2019年2月15日5时40分37秒	通过fd发送了一次数据，fd为:1193
2019年2月15日5时40分37秒	通过fd发送了一次数据，fd为:1194
2019年2月15日5时40分37秒	通过fd发送了一次数据，fd为:1195
2019年2月15日5时40分37秒	通过fd发送了一次数据，fd为:1194
2019年2月15日5时40分37秒	通过fd发送了一次数据，fd为:1196
2019年2月15日5时40分37秒	通过fd发送了一次数据，fd为:1197
2019年2月15日5时40分37秒	通过fd发送了一次数据，fd为:1198
2019年2月15日5时40分37秒	通过fd发送了一次数据，fd为:1199
2019年2月15日5时40分37秒	通过fd发送了一次数据，fd为:1200
2019年2月15日5时40分37秒	通过fd发送了一次数据，fd为:1201

2019年2月15日5时40分37秒	通过fd发送了一次数据，fd为:1202
2019年2月15日5时40分38秒	通过fd发送了一次数据，fd为:1203
2019年2月15日5时40分38秒	通过fd发送了一次数据，fd为:1204
2019年2月15日5时40分38秒	通过fd发送了一次数据，fd为:1205
2019年2月15日5时40分38秒	通过fd发送了一次数据，fd为:1205
2019年2月15日5时40分38秒	通过fd发送了一次数据，fd为:1206
2019年2月15日5时40分38秒	通过fd发送了一次数据，fd为:1207
2019年2月15日5时40分38秒	通过fd发送了一次数据，fd为:1208
2019年2月15日5时40分38秒	通过fd发送了一次数据，fd为:1209
2019年2月15日5时40分38秒	通过fd发送了一次数据，fd为:1210
2019年2月15日5时40分38秒	通过fd发送了一次数据，fd为:1211
2019年2月15日5时40分38秒	通过fd发送了一次数据，fd为:1210
2019年2月15日5时40分38秒	通过fd发送了一次数据，fd为:1212
2019年2月15日5时40分38秒	通过fd发送了一次数据，fd为:
2019年2月15日5时40分38秒	通过fd发送了一次数据，fd为:1214
2019年2月15日5时40分38秒	通过fd发送了一次数据，fd为:1215
2019年2月15日5时40分38秒	通过fd发送了一次数据，fd为:1216
2019年2月15日5时40分38秒	通过fd发送了一次数据，fd为:1217
2019年2月15日5时40分38秒	通过fd发送了一次数据，fd为:1218
2019年2月15日5时40分38秒	通过fd发送了一次数据，fd为:1219
2019年2月15日5时40分38秒	通过fd发送了一次数据，fd为:1220
2019年2月15日5时40分38秒	通过fd发送了一次数据，fd为:1219
2019年2月15日5时40分38秒	通过fd发送了一次数据，fd为:1221
2019年2月15日5时40分38秒	通过fd发送了一次数据，fd为:1219
2019年2月15日5时40分38秒	通过fd发送了一次数据，fd为:1222
2019年2月15日5时40分38秒	通过fd发送了一次数据，fd为:1219
2019年2月15日5时40分38秒	通过fd发送了一次数据，fd为:1223
2019年2月15日5时40分38秒	通过fd发送了一次数据，fd为:
2019年2月15日5时40分38秒	通过fd发送了一次数据，fd为:1224
2019年2月15日5时40分38秒	通过fd发送了一次数据，fd为:1225
2019年2月15日5时40分38秒	通过fd发送了一次数据，fd为:1226
2019年2月15日5时40分38秒	通过fd发送了一次数据，fd为:1227
2019年2月15日5时40分38秒	通过fd发送了一次数据，fd为:1227
2019年2月15日5时40分38秒	通过fd发送了一次数据，fd为:1228
2019年2月15日5时40分38秒	通过fd发送了一次数据，fd为:1229
2019年2月15日5时40分38秒	通过fd发送了一次数据，fd为:1230
2019年2月15日5时40分38秒	通过fd发送了一次数据，fd为:1231
2019年2月15日5时40分38秒	通过fd发送了一次数据，fd为:1232
2019年2月15日5时40分38秒	通过fd发送了一次数据，fd为:1233
2019年2月15日5时40分38秒	通过fd发送了一次数据，fd为:1234
2019年2月15日5时40分38秒	通过fd发送了一次数据，fd为:1235
2019年2月15日5时40分38秒	通过fd发送了一次数据，fd为:
2019年2月15日5时40分38秒	通过fd发送了一次数据，fd为:1235
2019年2月15日5时40分38秒	通过fd发送了一次数据，fd为:1236
2019年2月15日5时40分38秒	通过fd发送了一次数据，fd为:1237
2019年2月15日5时40分38秒	通过fd发送了一次数据，fd为:1238
2019年2月15日5时40分38秒	通过fd发送了一次数据，fd为:1239
2019年2月15日5时40分38秒	通过fd发送了一次数据，fd为:1240
2019年2月15日5时40分38秒	通过fd发送了一次数据，fd为:1241
2019年2月15日5时40分38秒	通过fd发送了一次数据，fd为:1242
2019年2月15日5时40分38秒	通过fd发送了一次数据，fd为:1241
2019年2月15日5时40分38秒	通过fd发送了一次数据，fd为:1243
2019年2月15日5时40分38秒	通过fd发送了一次数据，fd为:1241
2019年2月15日5时40分38秒	通过fd发送了一次数据，fd为:1244
2019年2月15日5时40分38秒	通过fd发送了一次数据，fd为:1245
2019年2月15日5时40分38秒	通过fd发送了一次数据，fd为:
2019年2月15日5时40分38秒	通过fd发送了一次数据，fd为:1247
2019年2月15日5时40分38秒	通过fd发送了一次数据，fd为:1248
2019年2月15日5时40分38秒	通过fd发送了一次数据，fd为:1249
2019年2月15日5时40分38秒	通过fd发送了一次数据，fd为:1250
2019年2月15日5时40分38秒	通过fd发送了一次数据，fd为:1251
2019年2月15日5时40分38秒	通过fd发送了一次数据，fd为:1252
2019年2月15日5时40分38秒	通过fd发送了一次数据，fd为:1253
2019年2月15日5时40分38秒	通过fd发送了一次数据，fd为:1254
2019年2月15日5时40分38秒	通过fd发送了一次数据，fd为:1255
2019年2月15日5时40分38秒	通过fd发送了一次数据，fd为:1254
2019年2月15日5时40分38秒	通过fd发送了一次数据，fd为:1256
2019年2月15日5时40分38秒	通过fd发送了一次数据，fd为:1257
2019年2月15日5时40分38秒	通过fd发送了一次数据，fd为:1258
2019年2月15日5时40分38秒	通过fd发送了一次数据，fd为:
2019年2月15日5时40分38秒	通过fd发送了一次数据，fd为:1259
2019年2月15日5时40分38秒	通过fd发送了一次数据，fd为:1257
2019年2月15日5时40分38秒	通过fd发送了一次数据，fd为:1260
2019年2月15日5时40分38秒	通过fd发送了一次数据，fd为:1261
2019年2月15日5时40分38秒	通过fd发送了一次数据，fd为:1262
2019年2月15日5时40分38秒	通过fd发送了一次数据，fd为:1263
2019年2月15日5时40分38秒	通过fd发送了一次数据，fd为:1264
2019年2月15日5时40分38秒	通过fd发送了一次数据，fd为:1265
2019年2月15日5时40分38秒	通过fd发送了一次数据，fd为:1266
2019年2月15日5时40分38秒	通过fd发送了一次数据，fd为:1267
2019年2月15日5时40分38秒	通过fd发送了一次数据，fd为:1268
2019年2月15日5时40分38秒	通过fd发送了一次数据，fd为:1269
2019年2月15日5时40分38秒	通过fd发送了一次数据，fd为:1270
2019年2月15日5时40分38秒	通过fd发送了一次数据，fd为:
2019年2月15日5时40分38秒	通过fd发送了一次数据，fd为:1271
2019年2月15日5时40分38秒	通过fd发送了一次数据，fd为:1272
2019年2月15日5时40分38秒	通过fd发送了一次数据，fd为:1273
2019年2月15日5时40分38秒	通过fd发送了一次数据，fd为:1274
2019年2月15日5时40分38秒	通过fd发送了一次数据，fd为:1275
2019年2月15日5时40分38秒	通过fd发送了一次数据，fd为:1276
2019年2月15日5时40分38秒	通过fd发送了一次数据，fd为:1277
2019年2月15日5时40分38秒	通过fd发送了一次数据，fd为:1276
2019年2月15日5时40分38秒	通过fd发送了一次数据，fd为:1278
2019年2月15日5时40分38秒	通过fd发送了一次数据，fd为:1276
2019年2月15日5时40分38秒	通过fd发送了一次数据，fd为:1279
2019年2月15日5时40分38秒	通过fd发送了一次数据，fd为:1276
2019年2月15日5时40分38秒	通过fd发送了一次数据，fd为:1280
2019年2月15日5时40分38秒	通过fd发送了一次数据，fd为:
2019年2月15日5时40分38秒	通过fd发送了一次数据，fd为:1282
2019年2月15日5时40分38秒	通过fd发送了一次数据，fd为:1283
2019年2月15日5时40分38秒	通过fd发送了一次数据，fd为:1284
2019年2月15日5时40分38秒	通过fd发送了一次数据，fd为:1285
2019年2月15日5时40分38秒	通过fd发送了一次数据，fd为:1285
2019年2月15日5时40分38秒	通过fd发送了一次数据，fd为:1286
2019年2月15日5时40分38秒	通过fd发送了一次数据，fd为:1287
2019年2月15日5时40分38秒	通过fd发送了一次数据，fd为:1286
2019年2月15日5时40分38秒	通过fd发送了一次数据，fd为:1287
2019年2月15日5时40分38秒	通过fd发送了一次数据，fd为:1288
2019年2月15日5时40分38秒	通过fd发送了一次数据，fd为:1289
2019年2月15日5时40分38秒	通过fd发送了一次数据，fd为:1290
2019年2月15日5时40分38秒	通过fd发送了一次数据，fd为:1291
2019年2月15日5时40分38秒	通过fd发送了一次数据，fd为:
2019年2月15日5时40分38秒	通过fd发送了一次数据，fd为:1293
2019年2月15日5时40分38秒	通过fd发送了一次数据，fd为:1293
2019年2月15日5时40分38秒	通过fd发送了一次数据，fd为:1294
2019年2月15日5时40分38秒	通过fd发送了一次数据，fd为:1294
2019年2月15日5时40分38秒	通过fd发送了一次数据，fd为:1295
2019年2月15日5时40分38秒	通过fd发送了一次数据，fd为:1296
2019年2月15日5时40分38秒	通过fd发送了一次数据，fd为:1297
2019年2月15日5时40分38秒	通过fd发送了一次数据，fd为:1296
2019年2月15日5时40分38秒	通过fd发送了一次数据，fd为:1296
2019年2月15日5时40分38秒	通过fd发送了一次数据，fd为:1298
2019年2月15日5时40分38秒	通过fd发送了一次数据，fd为:1299
2019年2月15日5时40分38秒	通过fd发送了一次数据，fd为:1300
2019年2月15日5时40分38秒	通过fd发送了一次数据，fd为:1299
2019年2月15日5时40分38秒	通过fd发送了一次数据，fd为:
2019年2月15日5时40分38秒	通过fd发送了一次数据，fd为:1299
2019年2月15日5时40分38秒	通过fd发送了一次数据，fd为:1302
2019年2月15日5时40分38秒	通过fd发送了一次数据，fd为:1299
2019年2月15日5时40分38秒	通过fd发送了一次数据，fd为:1302
2019年2月15日5时40分38秒	通过fd发送了一次数据，fd为:1303
2019年2月15日5时40分38秒	通过fd发送了一次数据，fd为:1304
2019年2月15日5时40分38秒	通过fd发送了一次数据，fd为:1305
2019年2月15日5时40分38秒	通过fd发送了一次数据，fd为:1306
2019年2月15日5时40分38秒	通过fd发送了一次数据，fd为:1305
2019年2月15日5时40分38秒	通过fd发送了一次数据，fd为:1307
2019年2月15日5时40分38秒	通过fd发送了一次数据，fd为:1305
2019年2月15日5时40分38秒	通过fd发送了一次数据，fd为:1306
2019年2月15日5时40分38秒	通过fd发送了一次数据，fd为:1305
2019年2月15日5时40分38秒	通过fd发送了一次数据，fd为:
2019年2月15日5时40分38秒	通过fd发送了一次数据，fd为:1309
2019年2月15日5时40分38秒	通过fd发送了一次数据，fd为:1310
2019年2月15日5时40分38秒	通过fd发送了一次数据，fd为:1311
2019年2月15日5时40分38秒	通过fd发送了一次数据，fd为:1312
2019年2月15日5时40分38秒	通过fd发送了一次数据，fd为:1313
2019年2月15日5时40分38秒	通过fd发送了一次数据，fd为:1314
2019年2月15日5时40分38秒	通过fd发送了一次数据，fd为:1315
2019年2月15日5时40分38秒	通过fd发送了一次数据，fd为:1316
2019年2月15日5时40分38秒	通过fd发送了一次数据，fd为:1315
2019年2月15日5时40分38秒	通过fd发送了一次数据，fd为:1315
2019年2月15日5时40分38秒	通过fd发送了一次数据，fd为:1317
2019年2月15日5时40分38秒	通过fd发送了一次数据，fd为:1317
2019年2月15日5时40分38秒	通过fd发送了一次数据，fd为:1318
2019年2月15日5时40分38秒	通过fd发送了一次数据，fd为:
2019年2月15日5时40分38秒	通过fd发送了一次数据，fd为:1318
2019年2月15日5时40分38秒	通过fd发送了一次数据，fd为:1319
2019年2月15日5时40分38秒	通过fd发送了一次数据，fd为:1320
2019年2月15日5时40分38秒	通过fd发送了一次数据，fd为:1319
2019年2月15日5时40分38秒	通过fd发送了一次数据，fd为:1321
2019年2月15日5时40分38秒	通过fd发送了一次数据，fd为:1322
2019年2月15日5时40分38秒	通过fd发送了一次数据，fd为:1321
2019年2月15日5时40分38秒	通过fd发送了一次数据，fd为:1323
2019年2月15日5时40分38秒	通过fd发送了一次数据，fd为:1324
2019年2月15日5时40分38秒	通过fd发送了一次数据，fd为:1323
2019年2月15日5时40分38秒	通过fd发送了一次数据，fd为:1324
2019年2月15日5时40分38秒	通过fd发送了一次数据，fd为:1325
2019年2月15日5时40分38秒	通过fd发送了一次数据，fd为:1326
2019年2月15日5时40分38秒	通过fd发送了一次数据，fd为:
2019年2月15日5时40分38秒	通过fd发送了一次数据，fd为:1328
2019年2月15日5时40分38秒	通过fd发送了一次数据，fd为:1329
2019年2月15日5时40分38秒	通过fd发送了一次数据，fd为:1328
2019年2月15日5时40分38秒	通过fd发送了一次数据，fd为:1330
2019年2月15日5时40分38秒	通过fd发送了一次数据，fd为:1331
2019年2月15日5时40分38秒	通过fd发送了一次数据，fd为:1332
2019年2月15日5时40分38秒	通过fd发送了一次数据，fd为:1333
2019年2月15日5时40分38秒	通过fd发送了一次数据，fd为:1332
2019年2月15日5时40分38秒	通过fd发送了一次数据，fd为:1332
2019年2月15日5时40分38秒	通过fd发送了一次数据，fd为:1334
2019年2月15日5时40分38秒	通过fd发送了一次数据，fd为:1335
2019年2月15日5时40分38秒	通过fd发送了一次数据，fd为:1336
2019年2月15日5时40分38秒	通过fd发送了一次数据，fd为:1337
2019年2月15日5时40分38秒	通过fd发送了一次数据，fd为:
1338
2019年2月15日5时40分38秒	通过fd发送了一次数据，fd为:1337
2019年2月15日5时40分38秒	通过fd发送了一次数据，fd为:1339
2019年2月15日5时40分38秒	通过fd发送了一次数据，fd为:1340
2019年2月15日5时40分38秒	通过fd发送了一次数据，fd为:1339
2019年2月15日5时40分38秒	通过fd发送了一次数据，fd为:1340
2019年2月15日5时40分38秒	通过fd发送了一次数据，fd为:1339
2019年2月15日5时40分38秒	通过fd发送了一次数据，fd为:1341
2019年2月15日5时40分38秒	通过fd发送了一次数据，fd为:1342
2019年2月15日5时40分38秒	通过fd发送了一次数据，fd为:1343
2019年2月15日5时40分38秒	通过fd发送了一次数据，fd为:1343
2019年2月15日5时40分38秒	通过fd发送了一次数据，fd为:1344
2019年2月15日5时40分38秒	通过fd发送了一次数据，fd为:1345
2019年2月15日5时40分38秒	通过fd发送了一次数据，fd为:1344
2019年2月15日5时40分38秒	通过fd发送了一次数据，fd为:
2019年2月15日5时40分38秒	通过fd发送了一次数据，fd为:1344
2019年2月15日5时40分38秒	通过fd发送了一次数据，fd为:1347
2019年2月15日5时40分38秒	通过fd发送了一次数据，fd为:1348
2019年2月15日5时40分38秒	通过fd发送了一次数据，fd为:1349
2019年2月15日5时40分38秒	通过fd发送了一次数据，fd为:1350
2019年2月15日5时40分38秒	通过fd发送了一次数据，fd为:1351
2019年2月15日5时40分38秒	通过fd发送了一次数据，fd为:1352
2019年2月15日5时40分38秒	通过fd发送了一次数据，fd为:1353
2019年2月15日5时40分38秒	通过fd发送了一次数据，fd为:1354
2019年2月15日5时40分38秒	通过fd发送了一次数据，fd为:1353
2019年2月15日5时40分38秒	通过fd发送了一次数据，fd为:1355
2019年2月15日5时40分38秒	通过fd发送了一次数据，fd为:1356
2019年2月15日5时40分38秒	通过fd发送了一次数据，fd为:1355
2019年2月15日5时40分38秒	通过fd发送了一次数据，fd为:
2019年2月15日5时40分38秒	通过fd发送了一次数据，fd为:1358
2019年2月15日5时40分38秒	通过fd发送了一次数据，fd为:1359
2019年2月15日5时40分38秒	通过fd发送了一次数据，fd为:1358
2019年2月15日5时40分38秒	通过fd发送了一次数据，fd为:1360
2019年2月15日5时40分38秒	通过fd发送了一次数据，fd为:1361
2019年2月15日5时40分38秒	通过fd发送了一次数据，fd为:1360
2019年2月15日5时40分38秒	通过fd发送了一次数据，fd为:1362
2019年2月15日5时40分38秒	通过fd发送了一次数据，fd为:1363
2019年2月15日5时40分38秒	通过fd发送了一次数据，fd为:1364
2019年2月15日5时40分38秒	通过fd发送了一次数据，fd为:1365
2019年2月15日5时40分38秒	通过fd发送了一次数据，fd为:1366
2019年2月15日5时40分38秒	通过fd发送了一次数据，fd为:1367
2019年2月15日5时40分38秒	通过fd发送了一次数据，fd为:1368
2019年2月15日5时40分38秒	通过fd发送了一次数据，fd为:
1368
2019年2月15日5时40分38秒	通过fd发送了一次数据，fd为:1369
2019年2月15日5时40分38秒	通过fd发送了一次数据，fd为:1370
2019年2月15日5时40分38秒	通过fd发送了一次数据，fd为:1371
2019年2月15日5时40分38秒	通过fd发送了一次数据，fd为:1370
2019年2月15日5时40分38秒	通过fd发送了一次数据，fd为:1372
2019年2月15日5时40分38秒	通过fd发送了一次数据，fd为:1372
2019年2月15日5时40分38秒	通过fd发送了一次数据，fd为:1373
2019年2月15日5时40分38秒	通过fd发送了一次数据，fd为:1374
2019年2月15日5时40分38秒	通过fd发送了一次数据，fd为:1375
2019年2月15日5时40分38秒	通过fd发送了一次数据，fd为:1376
2019年2月15日5时40分38秒	通过fd发送了一次数据，fd为:1377
2019年2月15日5时40分38秒	通过fd发送了一次数据，fd为:1377
2019年2月15日5时40分38秒	通过fd发送了一次数据，fd为:1378
2019年2月15日5时40分38秒	通过fd发送了一次数据，fd为:
2019年2月15日5时40分38秒	通过fd发送了一次数据，fd为:1380
2019年2月15日5时40分38秒	通过fd发送了一次数据，fd为:1380
2019年2月15日5时40分38秒	通过fd发送了一次数据，fd为:1381
2019年2月15日5时40分38秒	通过fd发送了一次数据，fd为:1382
2019年2月15日5时40分38秒	通过fd发送了一次数据，fd为:1383
2019年2月15日5时40分38秒	通过fd发送了一次数据，fd为:1384
2019年2月15日5时40分38秒	通过fd发送了一次数据，fd为:1385
2019年2月15日5时40分38秒	通过fd发送了一次数据，fd为:1385
2019年2月15日5时40分38秒	通过fd发送了一次数据，fd为:1386
2019年2月15日5时40分38秒	通过fd发送了一次数据，fd为:1387
2019年2月15日5时40分38秒	通过fd发送了一次数据，fd为:1388
2019年2月15日5时40分38秒	通过fd发送了一次数据，fd为:1389
2019年2月15日5时40分38秒	通过fd发送了一次数据，fd为:1390
2019年2月15日5时40分38秒	通过fd发送了一次数据，fd为:
1391
2019年2月15日5时40分38秒	通过fd发送了一次数据，fd为:1392
2019年2月15日5时40分38秒	通过fd发送了一次数据，fd为:1393
2019年2月15日5时40分38秒	通过fd发送了一次数据，fd为:1394
2019年2月15日5时40分38秒	通过fd发送了一次数据，fd为:1395
2019年2月15日5时40分38秒	通过fd发送了一次数据，fd为:1396
2019年2月15日5时40分38秒	通过fd发送了一次数据，fd为:1397
2019年2月15日5时40分38秒	通过fd发送了一次数据，fd为:1398
2019年2月15日5时40分38秒	通过fd发送了一次数据，fd为:1399
2019年2月15日5时40分38秒	通过fd发送了一次数据，fd为:1400
2019年2月15日5时40分38秒	通过fd发送了一次数据，fd为:1399
2019年2月15日5时40分38秒	通过fd发送了一次数据，fd为:1401
2019年2月15日5时40分38秒	通过fd发送了一次数据，fd为:1402
2019年2月15日5时40分38秒	通过fd发送了一次数据，fd为:1401
2019年2月15日5时40分38秒	通过fd发送了一次数据，fd为:
2019年2月15日5时40分38秒	通过fd发送了一次数据，fd为:1404
2019年2月15日5时40分38秒	通过fd发送了一次数据，fd为:1405
2019年2月15日5时40分38秒	通过fd发送了一次数据，fd为:1406
2019年2月15日5时40分38秒	通过fd发送了一次数据，fd为:1407
2019年2月15日5时40分38秒	通过fd发送了一次数据，fd为:1408
2019年2月15日5时40分38秒	通过fd发送了一次数据，fd为:1409
2019年2月15日5时40分38秒	通过fd发送了一次数据，fd为:1410
2019年2月15日5时40分38秒	通过fd发送了一次数据，fd为:1409
2019年2月15日5时40分38秒	通过fd发送了一次数据，fd为:1411
2019年2月15日5时40分38秒	通过fd发送了一次数据，fd为:1412
2019年2月15日5时40分38秒	通过fd发送了一次数据，fd为:1413
2019年2月15日5时40分38秒	通过fd发送了一次数据，fd为:1414
2019年2月15日5时40分38秒	通过fd发送了一次数据，fd为:1414
2019年2月15日5时40分38秒	通过fd发送了一次数据，fd为:
2019年2月15日5时40分38秒	通过fd发送了一次数据，fd为:1416
2019年2月15日5时40分38秒	通过fd发送了一次数据，fd为:1417
2019年2月15日5时40分38秒	通过fd发送了一次数据，fd为:1418
2019年2月15日5时40分38秒	通过fd发送了一次数据，fd为:1419
2019年2月15日5时40分38秒	通过fd发送了一次数据，fd为:1420
2019年2月15日5时40分38秒	通过fd发送了一次数据，fd为:1421
2019年2月15日5时40分38秒	通过fd发送了一次数据，fd为:1422
2019年2月15日5时40分38秒	通过fd发送了一次数据，fd为:1421
2019年2月15日5时40分38秒	通过fd发送了一次数据，fd为:1422
2019年2月15日5时40分38秒	通过fd发送了一次数据，fd为:1423
2019年2月15日5时40分38秒	通过fd发送了一次数据，fd为:1422
2019年2月15日5时40分38秒	通过fd发送了一次数据，fd为:1423
2019年2月15日5时40分38秒	通过fd发送了一次数据，fd为:1423
2019年2月15日5时40分38秒	通过fd发送了一次数据，fd为:
2019年2月15日5时40分38秒	通过fd发送了一次数据，fd为:1425
2019年2月15日5时40分38秒	通过fd发送了一次数据，fd为:1426
2019年2月15日5时40分38秒	通过fd发送了一次数据，fd为:1427
2019年2月15日5时40分38秒	通过fd发送了一次数据，fd为:1428
2019年2月15日5时40分38秒	通过fd发送了一次数据，fd为:1429
2019年2月15日5时40分38秒	通过fd发送了一次数据，fd为:1429
2019年2月15日5时40分38秒	通过fd发送了一次数据，fd为:1430
2019年2月15日5时40分38秒	通过fd发送了一次数据，fd为:1431
2019年2月15日5时40分38秒	通过fd发送了一次数据，fd为:1432
2019年2月15日5时40分38秒	通过fd发送了一次数据，fd为:1433
2019年2月15日5时40分38秒	通过fd发送了一次数据，fd为:1434
2019年2月15日5时40分38秒	通过fd发送了一次数据，fd为:1435
2019年2月15日5时40分38秒	通过fd发送了一次数据，fd为:1436
2019年2月15日5时40分38秒	通过fd发送了一次数据，fd为:
2019年2月15日5时40分38秒	通过fd发送了一次数据，fd为:1437
2019年2月15日5时40分38秒	通过fd发送了一次数据，fd为:1438
2019年2月15日5时40分38秒	通过fd发送了一次数据，fd为:1439
2019年2月15日5时40分38秒	通过fd发送了一次数据，fd为:1440
2019年2月15日5时40分38秒	通过fd发送了一次数据，fd为:1441
2019年2月15日5时40分38秒	通过fd发送了一次数据，fd为:1442
2019年2月15日5时40分38秒	通过fd发送了一次数据，fd为:1441
2019年2月15日5时40分38秒	通过fd发送了一次数据，fd为:1443
2019年2月15日5时40分38秒	通过fd发送了一次数据，fd为:1444
2019年2月15日5时40分38秒	通过fd发送了一次数据，fd为:1445
2019年2月15日5时40分38秒	通过fd发送了一次数据，fd为:1446
2019年2月15日5时40分38秒	通过fd发送了一次数据，fd为:1447
2019年2月15日5时40分38秒	通过fd发送了一次数据，fd为:1448
2019年2月15日5时40分38秒	通过fd发送了一次数据，fd为:
2019年2月15日5时40分38秒	通过fd发送了一次数据，fd为:1450
2019年2月15日5时40分38秒	通过fd发送了一次数据，fd为:1450
2019年2月15日5时40分38秒	通过fd发送了一次数据，fd为:1451
2019年2月15日5时40分38秒	通过fd发送了一次数据，fd为:1452
2019年2月15日5时40分38秒	通过fd发送了一次数据，fd为:1453
2019年2月15日5时40分38秒	通过fd发送了一次数据，fd为:1452
2019年2月15日5时40分38秒	通过fd发送了一次数据，fd为:1453
2019年2月15日5时40分38秒	通过fd发送了一次数据，fd为:1454
2019年2月15日5时40分38秒	通过fd发送了一次数据，fd为:1455
2019年2月15日5时40分38秒	通过fd发送了一次数据，fd为:1456
2019年2月15日5时40分38秒	通过fd发送了一次数据，fd为:1457
2019年2月15日5时40分38秒	通过fd发送了一次数据，fd为:1458
2019年2月15日5时40分38秒	通过fd发送了一次数据，fd为:1457
2019年2月15日5时40分38秒	通过fd发送了一次数据，fd为:
2019年2月15日5时40分38秒	通过fd发送了一次数据，fd为:1460
2019年2月15日5时40分38秒	通过fd发送了一次数据，fd为:1459
2019年2月15日5时40分38秒	通过fd发送了一次数据，fd为:1461
2019年2月15日5时40分38秒	通过fd发送了一次数据，fd为:1462
2019年2月15日5时40分38秒	通过fd发送了一次数据，fd为:1463
2019年2月15日5时40分38秒	通过fd发送了一次数据，fd为:1464
2019年2月15日5时40分38秒	通过fd发送了一次数据，fd为:1465
2019年2月15日5时40分38秒	通过fd发送了一次数据，fd为:1466
2019年2月15日5时40分38秒	通过fd发送了一次数据，fd为:1467
2019年2月15日5时40分38秒	通过fd发送了一次数据，fd为:1468
2019年2月15日5时40分38秒	通过fd发送了一次数据，fd为:1468
2019年2月15日5时40分38秒	通过fd发送了一次数据，fd为:1469
2019年2月15日5时40分38秒	通过fd发送了一次数据，fd为:1468
2019年2月15日5时40分38秒	通过fd发送了一次数据，fd为:
2019年2月15日5时40分38秒	通过fd发送了一次数据，fd为:1468
2019年2月15日5时40分38秒	通过fd发送了一次数据，fd为:1470
2019年2月15日5时40分38秒	通过fd发送了一次数据，fd为:1471
2019年2月15日5时40分38秒	通过fd发送了一次数据，fd为:1472
2019年2月15日5时40分38秒	通过fd发送了一次数据，fd为:1473
2019年2月15日5时40分38秒	通过fd发送了一次数据，fd为:1474
2019年2月15日5时40分38秒	通过fd发送了一次数据，fd为:1475
2019年2月15日5时40分38秒	通过fd发送了一次数据，fd为:1476
2019年2月15日5时40分38秒	通过fd发送了一次数据，fd为:1475
2019年2月15日5时40分38秒	通过fd发送了一次数据，fd为:1477
2019年2月15日5时40分38秒	通过fd发送了一次数据，fd为:1475
2019年2月15日5时40分38秒	通过fd发送了一次数据，fd为:1478
2019年2月15日5时40分38秒	通过fd发送了一次数据，fd为:1478
2019年2月15日5时40分38秒	通过fd发送了一次数据，fd为:
2019年2月15日5时40分38秒	通过fd发送了一次数据，fd为:1480
2019年2月15日5时40分38秒	通过fd发送了一次数据，fd为:1481
2019年2月15日5时40分38秒	通过fd发送了一次数据，fd为:1482
2019年2月15日5时40分38秒	通过fd发送了一次数据，fd为:1481
2019年2月15日5时40分38秒	通过fd发送了一次数据，fd为:1483
2019年2月15日5时40分38秒	通过fd发送了一次数据，fd为:1481
2019年2月15日5时40分38秒	通过fd发送了一次数据，fd为:1483
2019年2月15日5时40分38秒	通过fd发送了一次数据，fd为:1481
2019年2月15日5时40分38秒	通过fd发送了一次数据，fd为:1484
2019年2月15日5时40分38秒	通过fd发送了一次数据，fd为:1481
2019年2月15日5时40分38秒	通过fd发送了一次数据，fd为:1484
2019年2月15日5时40分38秒	通过fd发送了一次数据，fd为:1485
2019年2月15日5时40分38秒	通过fd发送了一次数据，fd为:1485
2019年2月15日5时40分38秒	通过fd发送了一次数据，fd为:
2019年2月15日5时40分38秒	通过fd发送了一次数据，fd为:1487
2019年2月15日5时40分38秒	通过fd发送了一次数据，fd为:1486
2019年2月15日5时40分38秒	通过fd发送了一次数据，fd为:1488
2019年2月15日5时40分38秒	通过fd发送了一次数据，fd为:1489
2019年2月15日5时40分38秒	通过fd发送了一次数据，fd为:1489
2019年2月15日5时40分38秒	通过fd发送了一次数据，fd为:1490
2019年2月15日5时40分38秒	通过fd发送了一次数据，fd为:1491
2019年2月15日5时40分38秒	通过fd发送了一次数据，fd为:1492
2019年2月15日5时40分38秒	通过fd发送了一次数据，fd为:1493
2019年2月15日5时40分38秒	通过fd发送了一次数据，fd为:1494
2019年2月15日5时40分38秒	通过fd发送了一次数据，fd为:1495
2019年2月15日5时40分38秒	通过fd发送了一次数据，fd为:1496
2019年2月15日5时40分38秒	通过fd发送了一次数据，fd为:1497
2019年2月15日5时40分38秒	通过fd发送了一次数据，fd为:
2019年2月15日5时40分38秒	通过fd发送了一次数据，fd为:1498
2019年2月15日5时40分38秒	通过fd发送了一次数据，fd为:1499
2019年2月15日5时40分38秒	通过fd发送了一次数据，fd为:1500
2019年2月15日5时40分38秒	通过fd发送了一次数据，fd为:1501
2019年2月15日5时40分38秒	通过fd发送了一次数据，fd为:1502
2019年2月15日5时40分38秒	通过fd发送了一次数据，fd为:1503
2019年2月15日5时40分38秒	通过fd发送了一次数据，fd为:1504
2019年2月15日5时40分38秒	通过fd发送了一次数据，fd为:1505
2019年2月15日5时40分38秒	通过fd发送了一次数据，fd为:1504
2019年2月15日5时40分38秒	通过fd发送了一次数据，fd为:1506
2019年2月15日5时40分38秒	通过fd发送了一次数据，fd为:1507
2019年2月15日5时40分38秒	通过fd发送了一次数据，fd为:1508
2019年2月15日5时40分38秒	通过fd发送了一次数据，fd为:1509
2019年2月15日5时40分38秒	通过fd发送了一次数据，fd为:
1510
2019年2月15日5时40分38秒	通过fd发送了一次数据，fd为:1511
2019年2月15日5时40分38秒	通过fd发送了一次数据，fd为:1512
2019年2月15日5时40分38秒	通过fd发送了一次数据，fd为:1513
2019年2月15日5时40分38秒	通过fd发送了一次数据，fd为:1511
2019年2月15日5时40分38秒	通过fd发送了一次数据，fd为:1514
2019年2月15日5时40分38秒	通过fd发送了一次数据，fd为:1515
2019年2月15日5时40分38秒	通过fd发送了一次数据，fd为:1516
2019年2月15日5时40分38秒	通过fd发送了一次数据，fd为:1517
2019年2月15日5时40分38秒	通过fd发送了一次数据，fd为:1518
2019年2月15日5时40分38秒	通过fd发送了一次数据，fd为:1519
2019年2月15日5时40分38秒	通过fd发送了一次数据，fd为:1520
2019年2月15日5时40分38秒	通过fd发送了一次数据，fd为:1519
2019年2月15日5时40分38秒	通过fd发送了一次数据，fd为:1520
2019年2月15日5时40分38秒	通过fd发送了一次数据，fd为:
2019年2月15日5时40分38秒	通过fd发送了一次数据，fd为:1520
2019年2月15日5时40分38秒	通过fd发送了一次数据，fd为:1522
2019年2月15日5时40分38秒	通过fd发送了一次数据，fd为:1520
2019年2月15日5时40分38秒	通过fd发送了一次数据，fd为:1523
2019年2月15日5时40分38秒	通过fd发送了一次数据，fd为:1524
2019年2月15日5时40分38秒	通过fd发送了一次数据，fd为:1525
2019年2月15日5时40分38秒	通过fd发送了一次数据，fd为:1526
2019年2月15日5时40分38秒	通过fd发送了一次数据，fd为:1527
2019年2月15日5时40分38秒	通过fd发送了一次数据，fd为:1528
2019年2月15日5时40分38秒	通过fd发送了一次数据，fd为:1529
2019年2月15日5时40分38秒	通过fd发送了一次数据，fd为:1530
2019年2月15日5时40分38秒	通过fd发送了一次数据，fd为:1531
2019年2月15日5时40分38秒	通过fd发送了一次数据，fd为:1530
2019年2月15日5时40分38秒	通过fd发送了一次数据，fd为:
2019年2月15日5时40分38秒	通过fd发送了一次数据，fd为:1533
2019年2月15日5时40分38秒	通过fd发送了一次数据，fd为:1534
2019年2月15日5时40分38秒	通过fd发送了一次数据，fd为:1535
2019年2月15日5时40分38秒	通过fd发送了一次数据，fd为:1536
2019年2月15日5时40分38秒	通过fd发送了一次数据，fd为:1537
2019年2月15日5时40分38秒	通过fd发送了一次数据，fd为:1538
2019年2月15日5时40分38秒	通过fd发送了一次数据，fd为:1539
2019年2月15日5时40分38秒	通过fd发送了一次数据，fd为:1540
2019年2月15日5时40分38秒	通过fd发送了一次数据，fd为:1541
2019年2月15日5时40分38秒	通过fd发送了一次数据，fd为:1542
2019年2月15日5时40分38秒	通过fd发送了一次数据，fd为:1543
2019年2月15日5时40分38秒	通过fd发送了一次数据，fd为:1542
2019年2月15日5时40分38秒	通过fd发送了一次数据，fd为:1544
2019年2月15日5时40分38秒	通过fd发送了一次数据，fd为:
1545
2019年2月15日5时40分38秒	通过fd发送了一次数据，fd为:1545
2019年2月15日5时40分38秒	通过fd发送了一次数据，fd为:1546
2019年2月15日5时40分38秒	通过fd发送了一次数据，fd为:1547
2019年2月15日5时40分38秒	通过fd发送了一次数据，fd为:1548
2019年2月15日5时40分38秒	通过fd发送了一次数据，fd为:1549
2019年2月15日5时40分38秒	通过fd发送了一次数据，fd为:1550
2019年2月15日5时40分38秒	通过fd发送了一次数据，fd为:1551
2019年2月15日5时40分39秒	通过fd发送了一次数据，fd为:1549
2019年2月15日5时40分39秒	通过fd发送了一次数据，fd为:1550
2019年2月15日5时40分39秒	通过fd发送了一次数据，fd为:1552
2019年2月15日5时40分39秒	通过fd发送了一次数据，fd为:1553
2019年2月15日5时40分39秒	通过fd发送了一次数据，fd为:1554
2019年2月15日5时40分39秒	通过fd发送了一次数据，fd为:1555
2019年2月15日5时40分39秒	通过fd发送了一次数据，fd为:
1556
2019年2月15日5时40分39秒	通过fd发送了一次数据，fd为:1556
2019年2月15日5时40分39秒	通过fd发送了一次数据，fd为:1556
2019年2月15日5时40分39秒	通过fd发送了一次数据，fd为:1557
2019年2月15日5时40分39秒	通过fd发送了一次数据，fd为:1558
2019年2月15日5时40分39秒	通过fd发送了一次数据，fd为:1559
2019年2月15日5时40分39秒	通过fd发送了一次数据，fd为:1558
2019年2月15日5时40分39秒	通过fd发送了一次数据，fd为:1559
2019年2月15日5时40分39秒	通过fd发送了一次数据，fd为:1560
2019年2月15日5时40分39秒	通过fd发送了一次数据，fd为:1561
2019年2月15日5时40分39秒	通过fd发送了一次数据，fd为:1562
2019年2月15日5时40分39秒	通过fd发送了一次数据，fd为:1563
2019年2月15日5时40分39秒	通过fd发送了一次数据，fd为:1562
2019年2月15日5时40分39秒	通过fd发送了一次数据，fd为:1563
2019年2月15日5时40分39秒	通过fd发送了一次数据，fd为:
2019年2月15日5时40分39秒	通过fd发送了一次数据，fd为:1563
2019年2月15日5时40分39秒	通过fd发送了一次数据，fd为:1562
2019年2月15日5时40分39秒	通过fd发送了一次数据，fd为:1564
2019年2月15日5时40分39秒	通过fd发送了一次数据，fd为:1565
2019年2月15日5时40分39秒	通过fd发送了一次数据，fd为:1566
2019年2月15日5时40分39秒	通过fd发送了一次数据，fd为:1567
2019年2月15日5时40分39秒	通过fd发送了一次数据，fd为:1568
2019年2月15日5时40分39秒	通过fd发送了一次数据，fd为:1569
2019年2月15日5时40分39秒	通过fd发送了一次数据，fd为:1570
2019年2月15日5时40分39秒	通过fd发送了一次数据，fd为:1571
2019年2月15日5时40分39秒	通过fd发送了一次数据，fd为:1572
2019年2月15日5时40分39秒	通过fd发送了一次数据，fd为:1573
2019年2月15日5时40分39秒	通过fd发送了一次数据，fd为:1572
2019年2月15日5时40分39秒	通过fd发送了一次数据，fd为:
2019年2月15日5时40分39秒	通过fd发送了一次数据，fd为:1575
2019年2月15日5时40分39秒	通过fd发送了一次数据，fd为:1574
2019年2月15日5时40分39秒	通过fd发送了一次数据，fd为:1576
2019年2月15日5时40分39秒	通过fd发送了一次数据，fd为:1577
2019年2月15日5时40分39秒	通过fd发送了一次数据，fd为:1578
2019年2月15日5时40分39秒	通过fd发送了一次数据，fd为:1579
2019年2月15日5时40分39秒	通过fd发送了一次数据，fd为:1578
2019年2月15日5时40分39秒	通过fd发送了一次数据，fd为:1579
2019年2月15日5时40分39秒	通过fd发送了一次数据，fd为:1580
2019年2月15日5时40分39秒	通过fd发送了一次数据，fd为:1581
2019年2月15日5时40分39秒	通过fd发送了一次数据，fd为:1582
2019年2月15日5时40分39秒	通过fd发送了一次数据，fd为:1583
2019年2月15日5时40分39秒	通过fd发送了一次数据，fd为:1584
2019年2月15日5时40分39秒	通过fd发送了一次数据，fd为:
2019年2月15日5时40分39秒	通过fd发送了一次数据，fd为:1586
2019年2月15日5时40分39秒	通过fd发送了一次数据，fd为:1585
2019年2月15日5时40分39秒	通过fd发送了一次数据，fd为:1587
2019年2月15日5时40分39秒	通过fd发送了一次数据，fd为:1588
2019年2月15日5时40分39秒	通过fd发送了一次数据，fd为:1589
2019年2月15日5时40分39秒	通过fd发送了一次数据，fd为:1590
2019年2月15日5时40分39秒	通过fd发送了一次数据，fd为:1591
2019年2月15日5时40分39秒	通过fd发送了一次数据，fd为:1592
2019年2月15日5时40分39秒	通过fd发送了一次数据，fd为:1591
2019年2月15日5时40分39秒	通过fd发送了一次数据，fd为:1593
2019年2月15日5时40分39秒	通过fd发送了一次数据，fd为:1591
2019年2月15日5时40分39秒	通过fd发送了一次数据，fd为:1594
2019年2月15日5时40分39秒	通过fd发送了一次数据，fd为:1591
2019年2月15日5时40分39秒	通过fd发送了一次数据，fd为:
2019年2月15日5时40分39秒	通过fd发送了一次数据，fd为:1591
2019年2月15日5时40分39秒	通过fd发送了一次数据，fd为:1594
2019年2月15日5时40分39秒	通过fd发送了一次数据，fd为:1591
2019年2月15日5时40分39秒	通过fd发送了一次数据，fd为:1595
2019年2月15日5时40分39秒	通过fd发送了一次数据，fd为:1591
2019年2月15日5时40分39秒	通过fd发送了一次数据，fd为:1596
2019年2月15日5时40分39秒	通过fd发送了一次数据，fd为:1597
2019年2月15日5时40分39秒	通过fd发送了一次数据，fd为:1596
2019年2月15日5时40分39秒	通过fd发送了一次数据，fd为:1597
2019年2月15日5时40分39秒	通过fd发送了一次数据，fd为:1598
2019年2月15日5时40分39秒	通过fd发送了一次数据，fd为:1599
2019年2月15日5时40分39秒	通过fd发送了一次数据，fd为:1600
2019年2月15日5时40分39秒	通过fd发送了一次数据，fd为:1600
2019年2月15日5时40分39秒	通过fd发送了一次数据，fd为:
1601
2019年2月15日5时40分39秒	通过fd发送了一次数据，fd为:1600
2019年2月15日5时40分39秒	通过fd发送了一次数据，fd为:1602
2019年2月15日5时40分39秒	通过fd发送了一次数据，fd为:1603
2019年2月15日5时40分39秒	通过fd发送了一次数据，fd为:1604
2019年2月15日5时40分39秒	通过fd发送了一次数据，fd为:1605
2019年2月15日5时40分39秒	通过fd发送了一次数据，fd为:1605
2019年2月15日5时40分39秒	通过fd发送了一次数据，fd为:1606
2019年2月15日5时40分39秒	通过fd发送了一次数据，fd为:1607
2019年2月15日5时40分39秒	通过fd发送了一次数据，fd为:1608
2019年2月15日5时40分39秒	通过fd发送了一次数据，fd为:1609
2019年2月15日5时40分39秒	通过fd发送了一次数据，fd为:1610
2019年2月15日5时40分39秒	通过fd发送了一次数据，fd为:1610
2019年2月15日5时40分39秒	通过fd发送了一次数据，fd为:1611
2019年2月15日5时40分39秒	通过fd发送了一次数据，fd为:
1610
2019年2月15日5时40分39秒	通过fd发送了一次数据，fd为:1612
2019年2月15日5时40分39秒	通过fd发送了一次数据，fd为:1613
2019年2月15日5时40分39秒	通过fd发送了一次数据，fd为:1614
2019年2月15日5时40分39秒	通过fd发送了一次数据，fd为:1613
2019年2月15日5时40分39秒	通过fd发送了一次数据，fd为:1614
2019年2月15日5时40分39秒	通过fd发送了一次数据，fd为:1615
2019年2月15日5时40分39秒	通过fd发送了一次数据，fd为:1616
2019年2月15日5时40分39秒	通过fd发送了一次数据，fd为:1617
2019年2月15日5时40分39秒	通过fd发送了一次数据，fd为:1618
2019年2月15日5时40分39秒	通过fd发送了一次数据，fd为:1619
2019年2月15日5时40分39秒	通过fd发送了一次数据，fd为:1620
2019年2月15日5时40分39秒	通过fd发送了一次数据，fd为:1620
2019年2月15日5时40分39秒	通过fd发送了一次数据，fd为:1621
2019年2月15日5时40分39秒	通过fd发送了一次数据，fd为:
2019年2月15日5时40分39秒	通过fd发送了一次数据，fd为:1623
2019年2月15日5时40分39秒	通过fd发送了一次数据，fd为:1623
2019年2月15日5时40分39秒	通过fd发送了一次数据，fd为:1624
2019年2月15日5时40分39秒	通过fd发送了一次数据，fd为:1625
2019年2月15日5时40分39秒	通过fd发送了一次数据，fd为:1626
2019年2月15日5时40分39秒	通过fd发送了一次数据，fd为:1627
2019年2月15日5时40分39秒	通过fd发送了一次数据，fd为:1628
2019年2月15日5时40分39秒	通过fd发送了一次数据，fd为:1628
2019年2月15日5时40分39秒	通过fd发送了一次数据，fd为:1629
2019年2月15日5时40分39秒	通过fd发送了一次数据，fd为:1628
2019年2月15日5时40分39秒	通过fd发送了一次数据，fd为:1630
2019年2月15日5时40分39秒	通过fd发送了一次数据，fd为:1628
2019年2月15日5时40分39秒	通过fd发送了一次数据，fd为:1631
2019年2月15日5时40分39秒	通过fd发送了一次数据，fd为:
2019年2月15日5时40分39秒	通过fd发送了一次数据，fd为:1633
2019年2月15日5时40分39秒	通过fd发送了一次数据，fd为:1632
2019年2月15日5时40分39秒	通过fd发送了一次数据，fd为:1634
2019年2月15日5时40分39秒	通过fd发送了一次数据，fd为:1635
2019年2月15日5时40分39秒	通过fd发送了一次数据，fd为:1634
2019年2月15日5时40分39秒	通过fd发送了一次数据，fd为:1636
2019年2月15日5时40分39秒	通过fd发送了一次数据，fd为:1637
2019年2月15日5时40分39秒	通过fd发送了一次数据，fd为:1638
2019年2月15日5时40分39秒	通过fd发送了一次数据，fd为:1639
2019年2月15日5时40分39秒	通过fd发送了一次数据，fd为:1640
2019年2月15日5时40分39秒	通过fd发送了一次数据，fd为:1641
2019年2月15日5时40分39秒	通过fd发送了一次数据，fd为:1642
2019年2月15日5时40分39秒	通过fd发送了一次数据，fd为:1643
2019年2月15日5时40分39秒	通过fd发送了一次数据，fd为:
2019年2月15日5时40分39秒	通过fd发送了一次数据，fd为:1645
2019年2月15日5时40分39秒	通过fd发送了一次数据，fd为:1645
2019年2月15日5时40分39秒	通过fd发送了一次数据，fd为:1646
2019年2月15日5时40分39秒	通过fd发送了一次数据，fd为:1645
2019年2月15日5时40分39秒	通过fd发送了一次数据，fd为:1646
2019年2月15日5时40分39秒	通过fd发送了一次数据，fd为:1647
2019年2月15日5时40分39秒	通过fd发送了一次数据，fd为:1646
2019年2月15日5时40分39秒	通过fd发送了一次数据，fd为:1648
2019年2月15日5时40分39秒	通过fd发送了一次数据，fd为:1649
2019年2月15日5时40分39秒	通过fd发送了一次数据，fd为:1650
2019年2月15日5时40分39秒	通过fd发送了一次数据，fd为:1649
2019年2月15日5时40分39秒	通过fd发送了一次数据，fd为:1651
2019年2月15日5时40分39秒	通过fd发送了一次数据，fd为:1649
2019年2月15日5时40分39秒	通过fd发送了一次数据，fd为:
1652
2019年2月15日5时40分39秒	通过fd发送了一次数据，fd为:1653
2019年2月15日5时40分39秒	通过fd发送了一次数据，fd为:1654
2019年2月15日5时40分39秒	通过fd发送了一次数据，fd为:1655
2019年2月15日5时40分39秒	通过fd发送了一次数据，fd为:1656
2019年2月15日5时40分39秒	通过fd发送了一次数据，fd为:1655
2019年2月15日5时40分39秒	通过fd发送了一次数据，fd为:1657
2019年2月15日5时40分39秒	通过fd发送了一次数据，fd为:1658
2019年2月15日5时40分39秒	通过fd发送了一次数据，fd为:1659
2019年2月15日5时40分39秒	通过fd发送了一次数据，fd为:1660
2019年2月15日5时40分39秒	通过fd发送了一次数据，fd为:1661
2019年2月15日5时40分39秒	通过fd发送了一次数据，fd为:1662
2019年2月15日5时40分39秒	通过fd发送了一次数据，fd为:1663
2019年2月15日5时40分39秒	通过fd发送了一次数据，fd为:1664
2019年2月15日5时40分39秒	通过fd发送了一次数据，fd为:
1665
2019年2月15日5时40分39秒	通过fd发送了一次数据，fd为:1664
2019年2月15日5时40分39秒	通过fd发送了一次数据，fd为:1666
2019年2月15日5时40分39秒	通过fd发送了一次数据，fd为:1664
2019年2月15日5时40分39秒	通过fd发送了一次数据，fd为:1666
2019年2月15日5时40分39秒	通过fd发送了一次数据，fd为:1664
2019年2月15日5时40分39秒	通过fd发送了一次数据，fd为:1667
2019年2月15日5时40分39秒	通过fd发送了一次数据，fd为:1668
2019年2月15日5时40分39秒	通过fd发送了一次数据，fd为:1669
2019年2月15日5时40分39秒	通过fd发送了一次数据，fd为:1668
2019年2月15日5时40分39秒	通过fd发送了一次数据，fd为:1669
2019年2月15日5时40分39秒	通过fd发送了一次数据，fd为:1670
2019年2月15日5时40分39秒	通过fd发送了一次数据，fd为:1670
2019年2月15日5时40分39秒	通过fd发送了一次数据，fd为:1671
2019年2月15日5时40分39秒	通过fd发送了一次数据，fd为:
2019年2月15日5时40分39秒	通过fd发送了一次数据，fd为:1673
2019年2月15日5时40分39秒	通过fd发送了一次数据，fd为:1672
2019年2月15日5时40分39秒	通过fd发送了一次数据，fd为:1674
2019年2月15日5时40分39秒	通过fd发送了一次数据，fd为:1675
2019年2月15日5时40分39秒	通过fd发送了一次数据，fd为:1676
2019年2月15日5时40分39秒	通过fd发送了一次数据，fd为:1677
2019年2月15日5时40分39秒	通过fd发送了一次数据，fd为:1678
2019年2月15日5时40分39秒	通过fd发送了一次数据，fd为:1678
2019年2月15日5时40分39秒	通过fd发送了一次数据，fd为:1679
2019年2月15日5时40分39秒	通过fd发送了一次数据，fd为:1680
2019年2月15日5时40分39秒	通过fd发送了一次数据，fd为:1681
2019年2月15日5时40分39秒	通过fd发送了一次数据，fd为:1682
2019年2月15日5时40分39秒	通过fd发送了一次数据，fd为:1682
2019年2月15日5时40分39秒	通过fd发送了一次数据，fd为:
2019年2月15日5时40分39秒	通过fd发送了一次数据，fd为:1684
2019年2月15日5时40分39秒	通过fd发送了一次数据，fd为:1683
2019年2月15日5时40分39秒	通过fd发送了一次数据，fd为:1685
2019年2月15日5时40分39秒	通过fd发送了一次数据，fd为:1683
2019年2月15日5时40分39秒	通过fd发送了一次数据，fd为:1685
2019年2月15日5时40分39秒	通过fd发送了一次数据，fd为:1683
2019年2月15日5时40分39秒	通过fd发送了一次数据，fd为:1686
2019年2月15日5时40分39秒	通过fd发送了一次数据，fd为:1687
2019年2月15日5时40分39秒	通过fd发送了一次数据，fd为:1688
2019年2月15日5时40分39秒	通过fd发送了一次数据，fd为:1689
2019年2月15日5时40分39秒	通过fd发送了一次数据，fd为:1690
2019年2月15日5时40分39秒	通过fd发送了一次数据，fd为:1689
2019年2月15日5时40分39秒	通过fd发送了一次数据，fd为:1691
2019年2月15日5时40分39秒	通过fd发送了一次数据，fd为:
2019年2月15日5时40分39秒	通过fd发送了一次数据，fd为:1692
2019年2月15日5时40分39秒	通过fd发送了一次数据，fd为:1689
2019年2月15日5时40分39秒	通过fd发送了一次数据，fd为:1693
2019年2月15日5时40分39秒	通过fd发送了一次数据，fd为:1694
2019年2月15日5时40分39秒	通过fd发送了一次数据，fd为:1695
2019年2月15日5时40分39秒	通过fd发送了一次数据，fd为:1696
2019年2月15日5时40分39秒	通过fd发送了一次数据，fd为:1697
2019年2月15日5时40分39秒	通过fd发送了一次数据，fd为:1698
2019年2月15日5时40分39秒	通过fd发送了一次数据，fd为:1697
2019年2月15日5时40分39秒	通过fd发送了一次数据，fd为:1699
2019年2月15日5时40分39秒	通过fd发送了一次数据，fd为:1697
2019年2月15日5时40分39秒	通过fd发送了一次数据，fd为:1700
2019年2月15日5时40分39秒	通过fd发送了一次数据，fd为:1701
2019年2月15日5时40分39秒	通过fd发送了一次数据，fd为:
1702
2019年2月15日5时40分39秒	通过fd发送了一次数据，fd为:1703
2019年2月15日5时40分39秒	通过fd发送了一次数据，fd为:1702
2019年2月15日5时40分39秒	通过fd发送了一次数据，fd为:1704
2019年2月15日5时40分39秒	通过fd发送了一次数据，fd为:1705
2019年2月15日5时40分39秒	通过fd发送了一次数据，fd为:1706
2019年2月15日5时40分39秒	通过fd发送了一次数据，fd为:1706
2019年2月15日5时40分39秒	通过fd发送了一次数据，fd为:1707
2019年2月15日5时40分39秒	通过fd发送了一次数据，fd为:1708
2019年2月15日5时40分39秒	通过fd发送了一次数据，fd为:1707
2019年2月15日5时40分39秒	通过fd发送了一次数据，fd为:1708
2019年2月15日5时40分39秒	通过fd发送了一次数据，fd为:1709
2019年2月15日5时40分39秒	通过fd发送了一次数据，fd为:1710
2019年2月15日5时40分39秒	通过fd发送了一次数据，fd为:1711
2019年2月15日5时40分39秒	通过fd发送了一次数据，fd为:
1711
2019年2月15日5时40分39秒	通过fd发送了一次数据，fd为:1712
2019年2月15日5时40分39秒	通过fd发送了一次数据，fd为:1713
2019年2月15日5时40分39秒	通过fd发送了一次数据，fd为:1712
2019年2月15日5时40分39秒	通过fd发送了一次数据，fd为:1714
2019年2月15日5时40分39秒	通过fd发送了一次数据，fd为:1712
2019年2月15日5时40分39秒	通过fd发送了一次数据，fd为:1715
2019年2月15日5时40分39秒	通过fd发送了一次数据，fd为:1712
2019年2月15日5时40分39秒	通过fd发送了一次数据，fd为:1715
2019年2月15日5时40分39秒	通过fd发送了一次数据，fd为:1716
2019年2月15日5时40分39秒	通过fd发送了一次数据，fd为:1717
2019年2月15日5时40分39秒	通过fd发送了一次数据，fd为:1716
2019年2月15日5时40分39秒	通过fd发送了一次数据，fd为:1718
2019年2月15日5时40分39秒	通过fd发送了一次数据，fd为:1719
2019年2月15日5时40分39秒	通过fd发送了一次数据，fd为:
2019年2月15日5时40分39秒	通过fd发送了一次数据，fd为:1721
2019年2月15日5时40分39秒	通过fd发送了一次数据，fd为:1722
2019年2月15日5时40分39秒	通过fd发送了一次数据，fd为:1723
2019年2月15日5时40分39秒	通过fd发送了一次数据，fd为:1724
2019年2月15日5时40分39秒	通过fd发送了一次数据，fd为:1725
2019年2月15日5时40分39秒	通过fd发送了一次数据，fd为:1726
2019年2月15日5时40分39秒	通过fd发送了一次数据，fd为:1727
2019年2月15日5时40分39秒	通过fd发送了一次数据，fd为:1726
2019年2月15日5时40分39秒	通过fd发送了一次数据，fd为:1727
2019年2月15日5时40分39秒	通过fd发送了一次数据，fd为:1726
2019年2月15日5时40分39秒	通过fd发送了一次数据，fd为:1728
2019年2月15日5时40分39秒	通过fd发送了一次数据，fd为:1729
2019年2月15日5时40分39秒	通过fd发送了一次数据，fd为:1730
2019年2月15日5时40分39秒	通过fd发送了一次数据，fd为:
2019年2月15日5时40分39秒	通过fd发送了一次数据，fd为:1732
2019年2月15日5时40分39秒	通过fd发送了一次数据，fd为:1733
2019年2月15日5时40分39秒	通过fd发送了一次数据，fd为:1734
2019年2月15日5时40分39秒	通过fd发送了一次数据，fd为:1735
2019年2月15日5时40分39秒	通过fd发送了一次数据，fd为:1736
2019年2月15日5时40分39秒	通过fd发送了一次数据，fd为:1737
2019年2月15日5时40分39秒	通过fd发送了一次数据，fd为:1736
2019年2月15日5时40分39秒	通过fd发送了一次数据，fd为:1738
2019年2月15日5时40分39秒	通过fd发送了一次数据，fd为:1739
2019年2月15日5时40分39秒	通过fd发送了一次数据，fd为:1740
2019年2月15日5时40分39秒	通过fd发送了一次数据，fd为:1741
2019年2月15日5时40分39秒	通过fd发送了一次数据，fd为:1742
2019年2月15日5时40分39秒	通过fd发送了一次数据，fd为:1741
2019年2月15日5时40分39秒	通过fd发送了一次数据，fd为:
2019年2月15日5时40分39秒	通过fd发送了一次数据，fd为:1744
2019年2月15日5时40分39秒	通过fd发送了一次数据，fd为:1744
2019年2月15日5时40分39秒	通过fd发送了一次数据，fd为:1745
2019年2月15日5时40分39秒	通过fd发送了一次数据，fd为:1746
2019年2月15日5时40分39秒	通过fd发送了一次数据，fd为:1747
2019年2月15日5时40分39秒	通过fd发送了一次数据，fd为:1748
2019年2月15日5时40分39秒	通过fd发送了一次数据，fd为:1749
2019年2月15日5时40分39秒	通过fd发送了一次数据，fd为:1750
2019年2月15日5时40分39秒	通过fd发送了一次数据，fd为:1751
2019年2月15日5时40分39秒	通过fd发送了一次数据，fd为:1752
2019年2月15日5时40分39秒	通过fd发送了一次数据，fd为:1753
2019年2月15日5时40分39秒	通过fd发送了一次数据，fd为:1754
2019年2月15日5时40分39秒	通过fd发送了一次数据，fd为:1755
2019年2月15日5时40分39秒	通过fd发送了一次数据，fd为:
2019年2月15日5时40分39秒	通过fd发送了一次数据，fd为:1756
2019年2月15日5时40分39秒	通过fd发送了一次数据，fd为:1754
2019年2月15日5时40分39秒	通过fd发送了一次数据，fd为:1756
2019年2月15日5时40分39秒	通过fd发送了一次数据，fd为:1754
2019年2月15日5时40分39秒	通过fd发送了一次数据，fd为:1754
2019年2月15日5时40分39秒	通过fd发送了一次数据，fd为:1757
2019年2月15日5时40分39秒	通过fd发送了一次数据，fd为:1754
2019年2月15日5时40分39秒	通过fd发送了一次数据，fd为:1758
2019年2月15日5时40分39秒	通过fd发送了一次数据，fd为:1754
2019年2月15日5时40分39秒	通过fd发送了一次数据，fd为:1758
2019年2月15日5时40分39秒	通过fd发送了一次数据，fd为:1759
2019年2月15日5时40分39秒	通过fd发送了一次数据，fd为:1760
2019年2月15日5时40分39秒	通过fd发送了一次数据，fd为:1761
2019年2月15日5时40分39秒	通过fd发送了一次数据，fd为:
1760
2019年2月15日5时40分39秒	通过fd发送了一次数据，fd为:1762
2019年2月15日5时40分39秒	通过fd发送了一次数据，fd为:1763
2019年2月15日5时40分39秒	通过fd发送了一次数据，fd为:1763
2019年2月15日5时40分39秒	通过fd发送了一次数据，fd为:1764
2019年2月15日5时40分39秒	通过fd发送了一次数据，fd为:1763
2019年2月15日5时40分39秒	通过fd发送了一次数据，fd为:1765
2019年2月15日5时40分39秒	通过fd发送了一次数据，fd为:1766
2019年2月15日5时40分39秒	通过fd发送了一次数据，fd为:1767
2019年2月15日5时40分39秒	通过fd发送了一次数据，fd为:1768
2019年2月15日5时40分39秒	通过fd发送了一次数据，fd为:1769
2019年2月15日5时40分39秒	通过fd发送了一次数据，fd为:1768
2019年2月15日5时40分39秒	通过fd发送了一次数据，fd为:1770
2019年2月15日5时40分39秒	通过fd发送了一次数据，fd为:1771
2019年2月15日5时40分39秒	通过fd发送了一次数据，fd为:
2019年2月15日5时40分39秒	通过fd发送了一次数据，fd为:1771
2019年2月15日5时40分39秒	通过fd发送了一次数据，fd为:1772
2019年2月15日5时40分39秒	通过fd发送了一次数据，fd为:1773
2019年2月15日5时40分39秒	通过fd发送了一次数据，fd为:1774
2019年2月15日5时40分39秒	通过fd发送了一次数据，fd为:1775
2019年2月15日5时40分39秒	通过fd发送了一次数据，fd为:1776
2019年2月15日5时40分39秒	通过fd发送了一次数据，fd为:1777
2019年2月15日5时40分39秒	通过fd发送了一次数据，fd为:1778
2019年2月15日5时40分39秒	通过fd发送了一次数据，fd为:1779
2019年2月15日5时40分39秒	通过fd发送了一次数据，fd为:1778
2019年2月15日5时40分39秒	通过fd发送了一次数据，fd为:1780
2019年2月15日5时40分39秒	通过fd发送了一次数据，fd为:1781
2019年2月15日5时40分39秒	通过fd发送了一次数据，fd为:1781
2019年2月15日5时40分39秒	通过fd发送了一次数据，fd为:
2019年2月15日5时40分39秒	通过fd发送了一次数据，fd为:1783
2019年2月15日5时40分39秒	通过fd发送了一次数据，fd为:1784
2019年2月15日5时40分39秒	通过fd发送了一次数据，fd为:1785
2019年2月15日5时40分39秒	通过fd发送了一次数据，fd为:1786
2019年2月15日5时40分39秒	通过fd发送了一次数据，fd为:1787
2019年2月15日5时40分39秒	通过fd发送了一次数据，fd为:1786
2019年2月15日5时40分39秒	通过fd发送了一次数据，fd为:1788
2019年2月15日5时40分39秒	通过fd发送了一次数据，fd为:1789
2019年2月15日5时40分39秒	通过fd发送了一次数据，fd为:1790
2019年2月15日5时40分39秒	通过fd发送了一次数据，fd为:1791
2019年2月15日5时40分39秒	通过fd发送了一次数据，fd为:1792
2019年2月15日5时40分39秒	通过fd发送了一次数据，fd为:1793
2019年2月15日5时40分39秒	通过fd发送了一次数据，fd为:1794
2019年2月15日5时40分39秒	通过fd发送了一次数据，fd为:
2019年2月15日5时40分39秒	通过fd发送了一次数据，fd为:1795
2019年2月15日5时40分39秒	通过fd发送了一次数据，fd为:1795
2019年2月15日5时40分39秒	通过fd发送了一次数据，fd为:1796
2019年2月15日5时40分39秒	通过fd发送了一次数据，fd为:1797
2019年2月15日5时40分39秒	通过fd发送了一次数据，fd为:1798
2019年2月15日5时40分39秒	通过fd发送了一次数据，fd为:1799
2019年2月15日5时40分39秒	通过fd发送了一次数据，fd为:1800
2019年2月15日5时40分39秒	通过fd发送了一次数据，fd为:1801
2019年2月15日5时40分39秒	通过fd发送了一次数据，fd为:1802
2019年2月15日5时40分39秒	通过fd发送了一次数据，fd为:1801
2019年2月15日5时40分39秒	通过fd发送了一次数据，fd为:1802
2019年2月15日5时40分39秒	通过fd发送了一次数据，fd为:1803
2019年2月15日5时40分39秒	通过fd发送了一次数据，fd为:1804
2019年2月15日5时40分39秒	通过fd发送了一次数据，fd为:
1805
2019年2月15日5时40分39秒	通过fd发送了一次数据，fd为:1806
2019年2月15日5时40分39秒	通过fd发送了一次数据，fd为:1807
2019年2月15日5时40分39秒	通过fd发送了一次数据，fd为:1808
2019年2月15日5时40分39秒	通过fd发送了一次数据，fd为:1809
2019年2月15日5时40分39秒	通过fd发送了一次数据，fd为:1810
2019年2月15日5时40分39秒	通过fd发送了一次数据，fd为:1811
2019年2月15日5时40分39秒	通过fd发送了一次数据，fd为:1810
2019年2月15日5时40分39秒	通过fd发送了一次数据，fd为:1811
2019年2月15日5时40分39秒	通过fd发送了一次数据，fd为:1810
2019年2月15日5时40分39秒	通过fd发送了一次数据，fd为:1812
2019年2月15日5时40分39秒	通过fd发送了一次数据，fd为:1813
2019年2月15日5时40分39秒	通过fd发送了一次数据，fd为:1814
2019年2月15日5时40分39秒	通过fd发送了一次数据，fd为:1815
2019年2月15日5时40分39秒	通过fd发送了一次数据，fd为:
2019年2月15日5时40分39秒	通过fd发送了一次数据，fd为:1816
2019年2月15日5时40分39秒	通过fd发送了一次数据，fd为:1817
2019年2月15日5时40分39秒	通过fd发送了一次数据，fd为:1816
2019年2月15日5时40分39秒	通过fd发送了一次数据，fd为:1818
2019年2月15日5时40分39秒	通过fd发送了一次数据，fd为:1816
2019年2月15日5时40分39秒	通过fd发送了一次数据，fd为:1818
2019年2月15日5时40分39秒	通过fd发送了一次数据，fd为:1818
2019年2月15日5时40分39秒	通过fd发送了一次数据，fd为:1819
2019年2月15日5时40分39秒	通过fd发送了一次数据，fd为:1820
2019年2月15日5时40分39秒	通过fd发送了一次数据，fd为:1821
2019年2月15日5时40分39秒	通过fd发送了一次数据，fd为:1820
2019年2月15日5时40分39秒	通过fd发送了一次数据，fd为:1820
2019年2月15日5时40分39秒	通过fd发送了一次数据，fd为:1822
2019年2月15日5时40分39秒	通过fd发送了一次数据，fd为:
1823
2019年2月15日5时40分39秒	通过fd发送了一次数据，fd为:1824
2019年2月15日5时40分39秒	通过fd发送了一次数据，fd为:1823
2019年2月15日5时40分39秒	通过fd发送了一次数据，fd为:1825
2019年2月15日5时40分39秒	通过fd发送了一次数据，fd为:1826
2019年2月15日5时40分39秒	通过fd发送了一次数据，fd为:1827
2019年2月15日5时40分39秒	通过fd发送了一次数据，fd为:1828
2019年2月15日5时40分39秒	通过fd发送了一次数据，fd为:1827
2019年2月15日5时40分39秒	通过fd发送了一次数据，fd为:1828
2019年2月15日5时40分39秒	通过fd发送了一次数据，fd为:1829
2019年2月15日5时40分39秒	通过fd发送了一次数据，fd为:1830
2019年2月15日5时40分39秒	通过fd发送了一次数据，fd为:1831
2019年2月15日5时40分39秒	通过fd发送了一次数据，fd为:1832
2019年2月15日5时40分39秒	通过fd发送了一次数据，fd为:1832
2019年2月15日5时40分39秒	通过fd发送了一次数据，fd为:
2019年2月15日5时40分39秒	通过fd发送了一次数据，fd为:1834
2019年2月15日5时40分39秒	通过fd发送了一次数据，fd为:1835
2019年2月15日5时40分39秒	通过fd发送了一次数据，fd为:1834
2019年2月15日5时40分39秒	通过fd发送了一次数据，fd为:1836
2019年2月15日5时40分39秒	通过fd发送了一次数据，fd为:1837
2019年2月15日5时40分39秒	通过fd发送了一次数据，fd为:1836
2019年2月15日5时40分39秒	通过fd发送了一次数据，fd为:1838
2019年2月15日5时40分39秒	通过fd发送了一次数据，fd为:1839
2019年2月15日5时40分39秒	通过fd发送了一次数据，fd为:1840
2019年2月15日5时40分39秒	通过fd发送了一次数据，fd为:1841
2019年2月15日5时40分39秒	通过fd发送了一次数据，fd为:1840
2019年2月15日5时40分39秒	通过fd发送了一次数据，fd为:1842
2019年2月15日5时40分39秒	通过fd发送了一次数据，fd为:1843
2019年2月15日5时40分39秒	通过fd发送了一次数据，fd为:
2019年2月15日5时40分39秒	通过fd发送了一次数据，fd为:1845
2019年2月15日5时40分39秒	通过fd发送了一次数据，fd为:1844
2019年2月15日5时40分39秒	通过fd发送了一次数据，fd为:1846
2019年2月15日5时40分39秒	通过fd发送了一次数据，fd为:1847
2019年2月15日5时40分39秒	通过fd发送了一次数据，fd为:1848
2019年2月15日5时40分39秒	通过fd发送了一次数据，fd为:1849
2019年2月15日5时40分39秒	通过fd发送了一次数据，fd为:1850
2019年2月15日5时40分39秒	通过fd发送了一次数据，fd为:1851
2019年2月15日5时40分39秒	通过fd发送了一次数据，fd为:1852
2019年2月15日5时40分39秒	通过fd发送了一次数据，fd为:1851
2019年2月15日5时40分39秒	通过fd发送了一次数据，fd为:1852
2019年2月15日5时40分39秒	通过fd发送了一次数据，fd为:1853
2019年2月15日5时40分39秒	通过fd发送了一次数据，fd为:1854
2019年2月15日5时40分39秒	通过fd发送了一次数据，fd为:
1855
2019年2月15日5时40分40秒	通过fd发送了一次数据，fd为:1856
2019年2月15日5时40分40秒	通过fd发送了一次数据，fd为:1857
2019年2月15日5时40分40秒	通过fd发送了一次数据，fd为:1858
2019年2月15日5时40分40秒	通过fd发送了一次数据，fd为:1859
2019年2月15日5时40分40秒	通过fd发送了一次数据，fd为:1860
2019年2月15日5时40分40秒	通过fd发送了一次数据，fd为:1861
2019年2月15日5时40分40秒	通过fd发送了一次数据，fd为:1862
2019年2月15日5时40分40秒	通过fd发送了一次数据，fd为:1863
2019年2月15日5时40分40秒	通过fd发送了一次数据，fd为:1864
2019年2月15日5时40分40秒	通过fd发送了一次数据，fd为:1865
2019年2月15日5时40分40秒	通过fd发送了一次数据，fd为:1866
2019年2月15日5时40分40秒	通过fd发送了一次数据，fd为:1867
2019年2月15日5时40分40秒	通过fd发送了一次数据，fd为:1868
2019年2月15日5时40分40秒	通过fd发送了一次数据，fd为:
2019年2月15日5时40分40秒	通过fd发送了一次数据，fd为:1870
2019年2月15日5时40分40秒	通过fd发送了一次数据，fd为:1871
2019年2月15日5时40分40秒	通过fd发送了一次数据，fd为:1872
2019年2月15日5时40分40秒	通过fd发送了一次数据，fd为:1873
2019年2月15日5时40分40秒	通过fd发送了一次数据，fd为:1873
2019年2月15日5时40分40秒	通过fd发送了一次数据，fd为:1874
2019年2月15日5时40分40秒	通过fd发送了一次数据，fd为:1874
2019年2月15日5时40分40秒	通过fd发送了一次数据，fd为:1875
2019年2月15日5时40分40秒	通过fd发送了一次数据，fd为:1876
2019年2月15日5时40分40秒	通过fd发送了一次数据，fd为:1877
2019年2月15日5时40分40秒	通过fd发送了一次数据，fd为:1878
2019年2月15日5时40分40秒	通过fd发送了一次数据，fd为:1879
2019年2月15日5时40分40秒	通过fd发送了一次数据，fd为:1880
2019年2月15日5时40分40秒	通过fd发送了一次数据，fd为:
2019年2月15日5时40分40秒	通过fd发送了一次数据，fd为:1880
2019年2月15日5时40分40秒	通过fd发送了一次数据，fd为:1882
2019年2月15日5时40分40秒	通过fd发送了一次数据，fd为:1883
2019年2月15日5时40分40秒	通过fd发送了一次数据，fd为:1884
2019年2月15日5时40分40秒	通过fd发送了一次数据，fd为:1885
2019年2月15日5时40分40秒	通过fd发送了一次数据，fd为:1884
2019年2月15日5时40分40秒	通过fd发送了一次数据，fd为:1884
2019年2月15日5时40分40秒	通过fd发送了一次数据，fd为:1885
2019年2月15日5时40分40秒	通过fd发送了一次数据，fd为:1886
2019年2月15日5时40分40秒	通过fd发送了一次数据，fd为:1887
2019年2月15日5时40分40秒	通过fd发送了一次数据，fd为:1888
2019年2月15日5时40分40秒	通过fd发送了一次数据，fd为:1889
2019年2月15日5时40分40秒	通过fd发送了一次数据，fd为:1890
2019年2月15日5时40分40秒	通过fd发送了一次数据，fd为:
2019年2月15日5时40分40秒	通过fd发送了一次数据，fd为:1892
2019年2月15日5时40分40秒	通过fd发送了一次数据，fd为:1893
2019年2月15日5时40分40秒	通过fd发送了一次数据，fd为:1894
2019年2月15日5时40分40秒	通过fd发送了一次数据，fd为:1895
2019年2月15日5时40分40秒	通过fd发送了一次数据，fd为:1896
2019年2月15日5时40分40秒	通过fd发送了一次数据，fd为:1897
2019年2月15日5时40分40秒	通过fd发送了一次数据，fd为:1898
2019年2月15日5时40分40秒	通过fd发送了一次数据，fd为:1899
2019年2月15日5时40分40秒	通过fd发送了一次数据，fd为:1898
2019年2月15日5时40分40秒	通过fd发送了一次数据，fd为:1900
2019年2月15日5时40分40秒	通过fd发送了一次数据，fd为:1901
2019年2月15日5时40分40秒	通过fd发送了一次数据，fd为:1900
2019年2月15日5时40分40秒	通过fd发送了一次数据，fd为:1902
2019年2月15日5时40分40秒	通过fd发送了一次数据，fd为:
2019年2月15日5时40分40秒	通过fd发送了一次数据，fd为:1904
2019年2月15日5时40分40秒	通过fd发送了一次数据，fd为:1905
2019年2月15日5时40分40秒	通过fd发送了一次数据，fd为:1906
2019年2月15日5时40分40秒	通过fd发送了一次数据，fd为:1907
2019年2月15日5时40分40秒	通过fd发送了一次数据，fd为:1906
2019年2月15日5时40分40秒	通过fd发送了一次数据，fd为:1908
2019年2月15日5时40分40秒	通过fd发送了一次数据，fd为:1909
2019年2月15日5时40分40秒	通过fd发送了一次数据，fd为:1910
2019年2月15日5时40分40秒	通过fd发送了一次数据，fd为:1911
2019年2月15日5时40分40秒	通过fd发送了一次数据，fd为:1912
2019年2月15日5时40分40秒	通过fd发送了一次数据，fd为:1911
2019年2月15日5时40分40秒	通过fd发送了一次数据，fd为:1912
2019年2月15日5时40分40秒	通过fd发送了一次数据，fd为:1913
2019年2月15日5时40分40秒	通过fd发送了一次数据，fd为:
2019年2月15日5时40分40秒	通过fd发送了一次数据，fd为:1915
2019年2月15日5时40分40秒	通过fd发送了一次数据，fd为:1916
2019年2月15日5时40分40秒	通过fd发送了一次数据，fd为:1917
2019年2月15日5时40分40秒	通过fd发送了一次数据，fd为:1918
2019年2月15日5时40分40秒	通过fd发送了一次数据，fd为:1919
2019年2月15日5时40分40秒	通过fd发送了一次数据，fd为:1920
2019年2月15日5时40分40秒	通过fd发送了一次数据，fd为:1921
2019年2月15日5时40分40秒	通过fd发送了一次数据，fd为:1921
2019年2月15日5时40分40秒	通过fd发送了一次数据，fd为:1922
2019年2月15日5时40分40秒	通过fd发送了一次数据，fd为:1923
2019年2月15日5时40分40秒	通过fd发送了一次数据，fd为:1924
2019年2月15日5时40分40秒	通过fd发送了一次数据，fd为:1923
2019年2月15日5时40分40秒	通过fd发送了一次数据，fd为:1925
2019年2月15日5时40分40秒	通过fd发送了一次数据，fd为:
2019年2月15日5时40分40秒	通过fd发送了一次数据，fd为:1926
2019年2月15日5时40分40秒	通过fd发送了一次数据，fd为:1927
2019年2月15日5时40分40秒	通过fd发送了一次数据，fd为:1928
2019年2月15日5时40分40秒	通过fd发送了一次数据，fd为:1927
2019年2月15日5时40分40秒	通过fd发送了一次数据，fd为:1929
2019年2月15日5时40分40秒	通过fd发送了一次数据，fd为:1930
2019年2月15日5时40分40秒	通过fd发送了一次数据，fd为:1931
2019年2月15日5时40分40秒	通过fd发送了一次数据，fd为:1932
2019年2月15日5时40分40秒	通过fd发送了一次数据，fd为:1933
2019年2月15日5时40分40秒	通过fd发送了一次数据，fd为:1934
2019年2月15日5时40分40秒	通过fd发送了一次数据，fd为:1935
2019年2月15日5时40分40秒	通过fd发送了一次数据，fd为:1936
2019年2月15日5时40分40秒	通过fd发送了一次数据，fd为:1937
2019年2月15日5时40分40秒	通过fd发送了一次数据，fd为:
1938
2019年2月15日5时40分40秒	通过fd发送了一次数据，fd为:1939
2019年2月15日5时40分40秒	通过fd发送了一次数据，fd为:1940
2019年2月15日5时40分40秒	通过fd发送了一次数据，fd为:1941
2019年2月15日5时40分40秒	通过fd发送了一次数据，fd为:1942
2019年2月15日5时40分40秒	通过fd发送了一次数据，fd为:1943
2019年2月15日5时40分40秒	通过fd发送了一次数据，fd为:1944
2019年2月15日5时40分40秒	通过fd发送了一次数据，fd为:1945
2019年2月15日5时40分40秒	通过fd发送了一次数据，fd为:1946
2019年2月15日5时40分40秒	通过fd发送了一次数据，fd为:1947
2019年2月15日5时40分40秒	通过fd发送了一次数据，fd为:1948
2019年2月15日5时40分40秒	通过fd发送了一次数据，fd为:1947
2019年2月15日5时40分40秒	通过fd发送了一次数据，fd为:1949
2019年2月15日5时40分40秒	通过fd发送了一次数据，fd为:1950
2019年2月15日5时40分40秒	通过fd发送了一次数据，fd为:
1951
2019年2月15日5时40分40秒	通过fd发送了一次数据，fd为:1952
2019年2月15日5时40分40秒	通过fd发送了一次数据，fd为:1951
2019年2月15日5时40分40秒	通过fd发送了一次数据，fd为:1953
2019年2月15日5时40分40秒	通过fd发送了一次数据，fd为:1954
2019年2月15日5时40分40秒	通过fd发送了一次数据，fd为:1955
2019年2月15日5时40分40秒	通过fd发送了一次数据，fd为:1956
2019年2月15日5时40分40秒	通过fd发送了一次数据，fd为:1957
2019年2月15日5时40分40秒	通过fd发送了一次数据，fd为:1958
2019年2月15日5时40分40秒	通过fd发送了一次数据，fd为:1959
2019年2月15日5时40分40秒	通过fd发送了一次数据，fd为:1960
2019年2月15日5时40分40秒	通过fd发送了一次数据，fd为:1961
2019年2月15日5时40分40秒	通过fd发送了一次数据，fd为:1962
2019年2月15日5时40分40秒	通过fd发送了一次数据，fd为:1963
2019年2月15日5时40分40秒	通过fd发送了一次数据，fd为:
2019年2月15日5时40分40秒	通过fd发送了一次数据，fd为:1965
2019年2月15日5时40分40秒	通过fd发送了一次数据，fd为:1966
2019年2月15日5时40分40秒	通过fd发送了一次数据，fd为:1965
2019年2月15日5时40分40秒	通过fd发送了一次数据，fd为:1966
2019年2月15日5时40分40秒	通过fd发送了一次数据，fd为:1967
2019年2月15日5时40分40秒	通过fd发送了一次数据，fd为:1968
2019年2月15日5时40分40秒	通过fd发送了一次数据，fd为:1969
2019年2月15日5时40分40秒	通过fd发送了一次数据，fd为:1970
2019年2月15日5时40分40秒	通过fd发送了一次数据，fd为:1971
2019年2月15日5时40分40秒	通过fd发送了一次数据，fd为:1972
2019年2月15日5时40分40秒	通过fd发送了一次数据，fd为:1973
2019年2月15日5时40分40秒	通过fd发送了一次数据，fd为:1972
2019年2月15日5时40分40秒	通过fd发送了一次数据，fd为:1974
2019年2月15日5时40分40秒	通过fd发送了一次数据，fd为:
2019年2月15日5时40分40秒	通过fd发送了一次数据，fd为:1976
2019年2月15日5时40分40秒	通过fd发送了一次数据，fd为:1977
2019年2月15日5时40分40秒	通过fd发送了一次数据，fd为:1978
2019年2月15日5时40分40秒	通过fd发送了一次数据，fd为:1979
2019年2月15日5时40分40秒	通过fd发送了一次数据，fd为:1980
2019年2月15日5时40分40秒	通过fd发送了一次数据，fd为:1979
2019年2月15日5时40分40秒	通过fd发送了一次数据，fd为:1980
2019年2月15日5时40分40秒	通过fd发送了一次数据，fd为:1981
2019年2月15日5时40分40秒	通过fd发送了一次数据，fd为:1982
2019年2月15日5时40分40秒	通过fd发送了一次数据，fd为:1983
2019年2月15日5时40分40秒	通过fd发送了一次数据，fd为:1984
2019年2月15日5时40分40秒	通过fd发送了一次数据，fd为:1985
2019年2月15日5时40分40秒	通过fd发送了一次数据，fd为:1985
2019年2月15日5时40分40秒	通过fd发送了一次数据，fd为:
2019年2月15日5时40分40秒	通过fd发送了一次数据，fd为:1987
2019年2月15日5时40分40秒	通过fd发送了一次数据，fd为:1988
2019年2月15日5时40分40秒	通过fd发送了一次数据，fd为:1989
2019年2月15日5时40分40秒	通过fd发送了一次数据，fd为:1990
2019年2月15日5时40分40秒	通过fd发送了一次数据，fd为:1991
2019年2月15日5时40分40秒	通过fd发送了一次数据，fd为:1992
2019年2月15日5时40分40秒	通过fd发送了一次数据，fd为:1991
2019年2月15日5时40分40秒	通过fd发送了一次数据，fd为:1992
2019年2月15日5时40分40秒	通过fd发送了一次数据，fd为:1991
2019年2月15日5时40分40秒	通过fd发送了一次数据，fd为:1993
2019年2月15日5时40分40秒	通过fd发送了一次数据，fd为:1994
2019年2月15日5时40分40秒	通过fd发送了一次数据，fd为:1995
2019年2月15日5时40分40秒	通过fd发送了一次数据，fd为:1996
2019年2月15日5时40分40秒	通过fd发送了一次数据，fd为:
2019年2月15日5时40分40秒	通过fd发送了一次数据，fd为:1998
2019年2月15日5时40分40秒	通过fd发送了一次数据，fd为:1999
2019年2月15日5时40分40秒	通过fd发送了一次数据，fd为:1998
2019年2月15日5时40分40秒	通过fd发送了一次数据，fd为:2000
2019年2月15日5时40分40秒	通过fd发送了一次数据，fd为:2001
2019年2月15日5时40分40秒	通过fd发送了一次数据，fd为:2002
2019年2月15日5时40分40秒	通过fd发送了一次数据，fd为:2003
2019年2月15日5时40分40秒	通过fd发送了一次数据，fd为:2004
2019年2月15日5时40分40秒	通过fd发送了一次数据，fd为:2005
2019年2月15日5时40分40秒	通过fd发送了一次数据，fd为:2006
2019年2月15日5时40分40秒	通过fd发送了一次数据，fd为:2005
2019年2月15日5时40分40秒	通过fd发送了一次数据，fd为:2006
2019年2月15日5时40分40秒	通过fd发送了一次数据，fd为:2007
2019年2月15日5时40分40秒	通过fd发送了一次数据，fd为:
2019年2月15日5时40分40秒	通过fd发送了一次数据，fd为:2009
2019年2月15日5时40分40秒	通过fd发送了一次数据，fd为:2008
2019年2月15日5时40分40秒	通过fd发送了一次数据，fd为:2010
2019年2月15日5时40分40秒	通过fd发送了一次数据，fd为:2011
2019年2月15日5时40分40秒	通过fd发送了一次数据，fd为:2012
2019年2月15日5时40分40秒	通过fd发送了一次数据，fd为:2013
2019年2月15日5时40分40秒	通过fd发送了一次数据，fd为:2014
2019年2月15日5时40分40秒	通过fd发送了一次数据，fd为:2015
2019年2月15日5时40分40秒	通过fd发送了一次数据，fd为:2016
2019年2月15日5时40分40秒	通过fd发送了一次数据，fd为:2016
2019年2月15日5时40分40秒	通过fd发送了一次数据，fd为:2017
2019年2月15日5时40分40秒	通过fd发送了一次数据，fd为:2018
2019年2月15日5时40分40秒	通过fd发送了一次数据，fd为:2019
2019年2月15日5时40分40秒	通过fd发送了一次数据，fd为:
2019年2月15日5时40分40秒	通过fd发送了一次数据，fd为:2020
2019年2月15日5时40分40秒	通过fd发送了一次数据，fd为:2021
2019年2月15日5时40分40秒	通过fd发送了一次数据，fd为:2022
2019年2月15日5时40分40秒	通过fd发送了一次数据，fd为:2023
2019年2月15日5时40分40秒	通过fd发送了一次数据，fd为:2024
2019年2月15日5时40分40秒	通过fd发送了一次数据，fd为:2025
2019年2月15日5时40分40秒	通过fd发送了一次数据，fd为:2026
2019年2月15日5时40分40秒	通过fd发送了一次数据，fd为:2027
2019年2月15日5时40分40秒	通过fd发送了一次数据，fd为:2028
2019年2月15日5时40分40秒	通过fd发送了一次数据，fd为:2029
2019年2月15日5时40分40秒	通过fd发送了一次数据，fd为:2030
2019年2月15日5时40分40秒	通过fd发送了一次数据，fd为:2031
2019年2月15日5时40分40秒	通过fd发送了一次数据，fd为:2032
2019年2月15日5时40分40秒	通过fd发送了一次数据，fd为:
2019年2月15日5时40分40秒	通过fd发送了一次数据，fd为:2032
2019年2月15日5时40分40秒	通过fd发送了一次数据，fd为:2034
2019年2月15日5时40分40秒	通过fd发送了一次数据，fd为:2035
2019年2月15日5时40分40秒	通过fd发送了一次数据，fd为:2034
2019年2月15日5时40分40秒	通过fd发送了一次数据，fd为:2036
2019年2月15日5时40分40秒	通过fd发送了一次数据，fd为:2037
2019年2月15日5时40分40秒	通过fd发送了一次数据，fd为:2038
2019年2月15日5时40分40秒	通过fd发送了一次数据，fd为:2039
2019年2月15日5时40分40秒	通过fd发送了一次数据，fd为:2040
2019年2月15日5时40分40秒	通过fd发送了一次数据，fd为:2041
2019年2月15日5时40分40秒	通过fd发送了一次数据，fd为:2042
2019年2月15日5时40分40秒	通过fd发送了一次数据，fd为:2043
2019年2月15日5时40分40秒	通过fd发送了一次数据，fd为:2044
2019年2月15日5时40分40秒	通过fd发送了一次数据，fd为:
2019年2月15日5时40分40秒	通过fd发送了一次数据，fd为:2045
2019年2月15日5时40分40秒	通过fd发送了一次数据，fd为:2046
2019年2月15日5时40分40秒	通过fd发送了一次数据，fd为:2047
2019年2月15日5时40分40秒	通过fd发送了一次数据，fd为:2048
2019年2月15日5时40分40秒	通过fd发送了一次数据，fd为:2049
2019年2月15日5时40分40秒	通过fd发送了一次数据，fd为:2050
2019年2月15日5时40分40秒	通过fd发送了一次数据，fd为:2051
2019年2月15日5时40分40秒	通过fd发送了一次数据，fd为:2052
2019年2月15日5时40分40秒	通过fd发送了一次数据，fd为:2053
2019年2月15日5时40分40秒	通过fd发送了一次数据，fd为:2054
2019年2月15日5时40分40秒	通过fd发送了一次数据，fd为:2055
2019年2月15日5时40分40秒	通过fd发送了一次数据，fd为:2054
2019年2月15日5时40分40秒	通过fd发送了一次数据，fd为:2056
2019年2月15日5时40分40秒	通过fd发送了一次数据，fd为:
2019年2月15日5时40分40秒	通过fd发送了一次数据，fd为:2056
2019年2月15日5时40分40秒	通过fd发送了一次数据，fd为:2058
2019年2月15日5时40分40秒	通过fd发送了一次数据，fd为:2059
2019年2月15日5时40分40秒	通过fd发送了一次数据，fd为:2060
2019年2月15日5时40分40秒	通过fd发送了一次数据，fd为:2061
2019年2月15日5时40分40秒	通过fd发送了一次数据，fd为:2060
2019年2月15日5时40分40秒	通过fd发送了一次数据，fd为:2060
2019年2月15日5时40分40秒	通过fd发送了一次数据，fd为:2062
2019年2月15日5时40分40秒	通过fd发送了一次数据，fd为:2063
2019年2月15日5时40分40秒	通过fd发送了一次数据，fd为:2064
2019年2月15日5时40分40秒	通过fd发送了一次数据，fd为:2065
2019年2月15日5时40分40秒	通过fd发送了一次数据，fd为:2066
2019年2月15日5时40分40秒	通过fd发送了一次数据，fd为:2067
2019年2月15日5时40分40秒	通过fd发送了一次数据，fd为:
2019年2月15日5时40分40秒	通过fd发送了一次数据，fd为:2069
2019年2月15日5时40分40秒	通过fd发送了一次数据，fd为:2068
2019年2月15日5时40分40秒	通过fd发送了一次数据，fd为:2070
2019年2月15日5时40分40秒	通过fd发送了一次数据，fd为:2068
2019年2月15日5时40分40秒	通过fd发送了一次数据，fd为:2071
2019年2月15日5时40分40秒	通过fd发送了一次数据，fd为:2072
2019年2月15日5时40分40秒	通过fd发送了一次数据，fd为:2073
2019年2月15日5时40分40秒	通过fd发送了一次数据，fd为:2074
2019年2月15日5时40分40秒	通过fd发送了一次数据，fd为:2075
2019年2月15日5时40分40秒	通过fd发送了一次数据，fd为:2076
2019年2月15日5时40分40秒	通过fd发送了一次数据，fd为:2077
2019年2月15日5时40分40秒	通过fd发送了一次数据，fd为:2076
2019年2月15日5时40分40秒	通过fd发送了一次数据，fd为:2078
2019年2月15日5时40分40秒	通过fd发送了一次数据，fd为:
2019年2月15日5时40分40秒	通过fd发送了一次数据，fd为:2078
2019年2月15日5时40分40秒	通过fd发送了一次数据，fd为:2079
2019年2月15日5时40分40秒	通过fd发送了一次数据，fd为:2080
2019年2月15日5时40分40秒	通过fd发送了一次数据，fd为:2081
2019年2月15日5时40分40秒	通过fd发送了一次数据，fd为:2081
2019年2月15日5时40分40秒	通过fd发送了一次数据，fd为:2082
2019年2月15日5时40分40秒	通过fd发送了一次数据，fd为:2083
2019年2月15日5时40分40秒	通过fd发送了一次数据，fd为:2084
2019年2月15日5时40分40秒	通过fd发送了一次数据，fd为:2085
2019年2月15日5时40分40秒	通过fd发送了一次数据，fd为:2086
2019年2月15日5时40分40秒	通过fd发送了一次数据，fd为:2087
2019年2月15日5时40分40秒	通过fd发送了一次数据，fd为:2088
2019年2月15日5时40分40秒	通过fd发送了一次数据，fd为:2089
2019年2月15日5时40分40秒	通过fd发送了一次数据，fd为:
2019年2月15日5时40分40秒	通过fd发送了一次数据，fd为:2089
2019年2月15日5时40分40秒	通过fd发送了一次数据，fd为:2090
2019年2月15日5时40分40秒	通过fd发送了一次数据，fd为:2091
2019年2月15日5时40分40秒	通过fd发送了一次数据，fd为:2090
2019年2月15日5时40分40秒	通过fd发送了一次数据，fd为:2092
2019年2月15日5时40分40秒	通过fd发送了一次数据，fd为:2093
2019年2月15日5时40分40秒	通过fd发送了一次数据，fd为:2094
2019年2月15日5时40分40秒	通过fd发送了一次数据，fd为:2095
2019年2月15日5时40分40秒	通过fd发送了一次数据，fd为:2096
2019年2月15日5时40分40秒	通过fd发送了一次数据，fd为:2097
2019年2月15日5时40分40秒	通过fd发送了一次数据，fd为:2097
2019年2月15日5时40分40秒	通过fd发送了一次数据，fd为:2098
2019年2月15日5时40分40秒	通过fd发送了一次数据，fd为:2099
2019年2月15日5时40分40秒	通过fd发送了一次数据，fd为:
2019年2月15日5时40分40秒	通过fd发送了一次数据，fd为:2101
2019年2月15日5时40分40秒	通过fd发送了一次数据，fd为:2102
2019年2月15日5时40分40秒	通过fd发送了一次数据，fd为:2100
2019年2月15日5时40分40秒	通过fd发送了一次数据，fd为:2103
2019年2月15日5时40分40秒	通过fd发送了一次数据，fd为:2104
2019年2月15日5时40分40秒	通过fd发送了一次数据，fd为:2105
2019年2月15日5时40分40秒	通过fd发送了一次数据，fd为:2106
2019年2月15日5时40分40秒	通过fd发送了一次数据，fd为:2107
2019年2月15日5时40分40秒	通过fd发送了一次数据，fd为:2108
2019年2月15日5时40分40秒	通过fd发送了一次数据，fd为:2109
2019年2月15日5时40分40秒	通过fd发送了一次数据，fd为:2110
2019年2月15日5时40分40秒	通过fd发送了一次数据，fd为:2111
2019年2月15日5时40分40秒	通过fd发送了一次数据，fd为:2112
2019年2月15日5时40分40秒	通过fd发送了一次数据，fd为:
2019年2月15日5时40分40秒	通过fd发送了一次数据，fd为:2114
2019年2月15日5时40分40秒	通过fd发送了一次数据，fd为:2115
2019年2月15日5时40分40秒	通过fd发送了一次数据，fd为:2116
2019年2月15日5时40分40秒	通过fd发送了一次数据，fd为:2117
2019年2月15日5时40分40秒	通过fd发送了一次数据，fd为:2118
2019年2月15日5时40分40秒	通过fd发送了一次数据，fd为:2117
2019年2月15日5时40分40秒	通过fd发送了一次数据，fd为:2118
2019年2月15日5时40分40秒	通过fd发送了一次数据，fd为:2119
2019年2月15日5时40分40秒	通过fd发送了一次数据，fd为:2119
2019年2月15日5时40分40秒	通过fd发送了一次数据，fd为:2120
2019年2月15日5时40分40秒	通过fd发送了一次数据，fd为:2120
2019年2月15日5时40分40秒	通过fd发送了一次数据，fd为:2121
2019年2月15日5时40分40秒	通过fd发送了一次数据，fd为:2122
2019年2月15日5时40分40秒	通过fd发送了一次数据，fd为:
2019年2月15日5时40分40秒	通过fd发送了一次数据，fd为:2124
2019年2月15日5时40分40秒	通过fd发送了一次数据，fd为:2123
2019年2月15日5时40分40秒	通过fd发送了一次数据，fd为:2125
2019年2月15日5时40分40秒	通过fd发送了一次数据，fd为:2126
2019年2月15日5时40分40秒	通过fd发送了一次数据，fd为:2126
2019年2月15日5时40分40秒	通过fd发送了一次数据，fd为:2127
2019年2月15日5时40分40秒	通过fd发送了一次数据，fd为:2128
2019年2月15日5时40分40秒	通过fd发送了一次数据，fd为:2129
2019年2月15日5时40分40秒	通过fd发送了一次数据，fd为:2130
2019年2月15日5时40分40秒	通过fd发送了一次数据，fd为:2129
2019年2月15日5时40分40秒	通过fd发送了一次数据，fd为:2131
2019年2月15日5时40分40秒	通过fd发送了一次数据，fd为:2132
2019年2月15日5时40分40秒	通过fd发送了一次数据，fd为:2133
2019年2月15日5时40分40秒	通过fd发送了一次数据，fd为:
2019年2月15日5时40分40秒	通过fd发送了一次数据，fd为:2135
2019年2月15日5时40分40秒	通过fd发送了一次数据，fd为:2136
2019年2月15日5时40分40秒	通过fd发送了一次数据，fd为:2137
2019年2月15日5时40分40秒	通过fd发送了一次数据，fd为:2135
2019年2月15日5时40分40秒	通过fd发送了一次数据，fd为:2136
2019年2月15日5时40分40秒	通过fd发送了一次数据，fd为:2138
2019年2月15日5时40分40秒	通过fd发送了一次数据，fd为:2139
2019年2月15日5时40分40秒	通过fd发送了一次数据，fd为:2140
2019年2月15日5时40分40秒	通过fd发送了一次数据，fd为:2141
2019年2月15日5时40分40秒	通过fd发送了一次数据，fd为:2142
2019年2月15日5时40分40秒	通过fd发送了一次数据，fd为:2143
2019年2月15日5时40分40秒	通过fd发送了一次数据，fd为:2144
2019年2月15日5时40分40秒	通过fd发送了一次数据，fd为:2145
2019年2月15日5时40分40秒	通过fd发送了一次数据，fd为:
2019年2月15日5时40分40秒	通过fd发送了一次数据，fd为:2147
2019年2月15日5时40分40秒	通过fd发送了一次数据，fd为:2148
2019年2月15日5时40分40秒	通过fd发送了一次数据，fd为:2149
2019年2月15日5时40分40秒	通过fd发送了一次数据，fd为:2150
2019年2月15日5时40分40秒	通过fd发送了一次数据，fd为:2151
2019年2月15日5时40分40秒	通过fd发送了一次数据，fd为:2150
2019年2月15日5时40分40秒	通过fd发送了一次数据，fd为:2152
2019年2月15日5时40分40秒	通过fd发送了一次数据，fd为:2153
2019年2月15日5时40分40秒	通过fd发送了一次数据，fd为:2154
2019年2月15日5时40分40秒	通过fd发送了一次数据，fd为:2155
2019年2月15日5时40分40秒	通过fd发送了一次数据，fd为:2154
2019年2月15日5时40分40秒	通过fd发送了一次数据，fd为:2156
2019年2月15日5时40分40秒	通过fd发送了一次数据，fd为:2157
2019年2月15日5时40分40秒	通过fd发送了一次数据，fd为:
2019年2月15日5时40分40秒	通过fd发送了一次数据，fd为:2158
2019年2月15日5时40分40秒	通过fd发送了一次数据，fd为:2159
2019年2月15日5时40分40秒	通过fd发送了一次数据，fd为:2160
2019年2月15日5时40分40秒	通过fd发送了一次数据，fd为:2161
2019年2月15日5时40分40秒	通过fd发送了一次数据，fd为:2162
2019年2月15日5时40分40秒	通过fd发送了一次数据，fd为:2163
2019年2月15日5时40分40秒	通过fd发送了一次数据，fd为:2164
2019年2月15日5时40分40秒	通过fd发送了一次数据，fd为:2165
2019年2月15日5时40分40秒	通过fd发送了一次数据，fd为:2164
2019年2月15日5时40分40秒	通过fd发送了一次数据，fd为:2165
2019年2月15日5时40分40秒	通过fd发送了一次数据，fd为:2166
2019年2月15日5时40分40秒	通过fd发送了一次数据，fd为:2167
2019年2月15日5时40分40秒	通过fd发送了一次数据，fd为:2168
2019年2月15日5时40分40秒	通过fd发送了一次数据，fd为:
2019年2月15日5时40分40秒	通过fd发送了一次数据，fd为:2170
2019年2月15日5时40分40秒	通过fd发送了一次数据，fd为:2171
2019年2月15日5时40分40秒	通过fd发送了一次数据，fd为:2172
2019年2月15日5时40分40秒	通过fd发送了一次数据，fd为:2173
2019年2月15日5时40分40秒	通过fd发送了一次数据，fd为:2174
2019年2月15日5时40分40秒	通过fd发送了一次数据，fd为:2175
2019年2月15日5时40分40秒	通过fd发送了一次数据，fd为:2176
2019年2月15日5时40分40秒	通过fd发送了一次数据，fd为:2177
2019年2月15日5时40分40秒	通过fd发送了一次数据，fd为:2178
2019年2月15日5时40分40秒	通过fd发送了一次数据，fd为:2179
2019年2月15日5时40分40秒	通过fd发送了一次数据，fd为:2180
2019年2月15日5时40分40秒	通过fd发送了一次数据，fd为:2179
2019年2月15日5时40分40秒	通过fd发送了一次数据，fd为:2181
2019年2月15日5时40分40秒	通过fd发送了一次数据，fd为:
2182
2019年2月15日5时40分40秒	通过fd发送了一次数据，fd为:2183
2019年2月15日5时40分40秒	通过fd发送了一次数据，fd为:2182
2019年2月15日5时40分40秒	通过fd发送了一次数据，fd为:2184
2019年2月15日5时40分40秒	通过fd发送了一次数据，fd为:2185
2019年2月15日5时40分40秒	通过fd发送了一次数据，fd为:2184
2019年2月15日5时40分40秒	通过fd发送了一次数据，fd为:2186
2019年2月15日5时40分40秒	通过fd发送了一次数据，fd为:2187
2019年2月15日5时40分40秒	通过fd发送了一次数据，fd为:2188
2019年2月15日5时40分40秒	通过fd发送了一次数据，fd为:2189
2019年2月15日5时40分40秒	通过fd发送了一次数据，fd为:2188
2019年2月15日5时40分40秒	通过fd发送了一次数据，fd为:2190
2019年2月15日5时40分40秒	通过fd发送了一次数据，fd为:2191
2019年2月15日5时40分40秒	通过fd发送了一次数据，fd为:2192
2019年2月15日5时40分40秒	通过fd发送了一次数据，fd为:
2019年2月15日5时40分40秒	通过fd发送了一次数据，fd为:2194
2019年2月15日5时40分40秒	通过fd发送了一次数据，fd为:2195
2019年2月15日5时40分40秒	通过fd发送了一次数据，fd为:2196
2019年2月15日5时40分40秒	通过fd发送了一次数据，fd为:2197
2019年2月15日5时40分40秒	通过fd发送了一次数据，fd为:2198
2019年2月15日5时40分40秒	通过fd发送了一次数据，fd为:2199
2019年2月15日5时40分40秒	通过fd发送了一次数据，fd为:2200
2019年2月15日5时40分40秒	通过fd发送了一次数据，fd为:2201
2019年2月15日5时40分40秒	通过fd发送了一次数据，fd为:2202
2019年2月15日5时40分40秒	通过fd发送了一次数据，fd为:2203
2019年2月15日5时40分40秒	通过fd发送了一次数据，fd为:2202
2019年2月15日5时40分40秒	通过fd发送了一次数据，fd为:2203
2019年2月15日5时40分40秒	通过fd发送了一次数据，fd为:2202
2019年2月15日5时40分40秒	通过fd发送了一次数据，fd为:
2019年2月15日5时40分40秒	通过fd发送了一次数据，fd为:2204
2019年2月15日5时40分40秒	通过fd发送了一次数据，fd为:2205
2019年2月15日5时40分40秒	通过fd发送了一次数据，fd为:2206
2019年2月15日5时40分40秒	通过fd发送了一次数据，fd为:2207
2019年2月15日5时40分40秒	通过fd发送了一次数据，fd为:2208
2019年2月15日5时40分40秒	通过fd发送了一次数据，fd为:2209
2019年2月15日5时40分40秒	通过fd发送了一次数据，fd为:2210
2019年2月15日5时40分40秒	通过fd发送了一次数据，fd为:2211
2019年2月15日5时40分40秒	通过fd发送了一次数据，fd为:2212
2019年2月15日5时40分40秒	通过fd发送了一次数据，fd为:2213
2019年2月15日5时40分40秒	通过fd发送了一次数据，fd为:2214
2019年2月15日5时40分40秒	通过fd发送了一次数据，fd为:2213
2019年2月15日5时40分40秒	通过fd发送了一次数据，fd为:2215
2019年2月15日5时40分40秒	通过fd发送了一次数据，fd为:
2019年2月15日5时40分40秒	通过fd发送了一次数据，fd为:2216
2019年2月15日5时40分40秒	通过fd发送了一次数据，fd为:2217
2019年2月15日5时40分40秒	通过fd发送了一次数据，fd为:2216
2019年2月15日5时40分40秒	通过fd发送了一次数据，fd为:2218
2019年2月15日5时40分40秒	通过fd发送了一次数据，fd为:2219

2019年2月15日5时40分40秒	通过fd发送了一次数据，fd为:2218
2019年2月15日5时40分40秒	通过fd发送了一次数据，fd为:2219
2019年2月15日5时40分40秒	通过fd发送了一次数据，fd为:2220
2019年2月15日5时40分41秒	通过fd发送了一次数据，fd为:2220
2019年2月15日5时40分41秒	通过fd发送了一次数据，fd为:2221
2019年2月15日5时40分41秒	通过fd发送了一次数据，fd为:2222
2019年2月15日5时40分41秒	通过fd发送了一次数据，fd为:2223
2019年2月15日5时40分41秒	通过fd发送了一次数据，fd为:2222
2019年2月15日5时40分41秒	通过fd发送了一次数据，fd为:2224
2019年2月15日5时40分41秒	通过fd发送了一次数据，fd为:2225
2019年2月15日5时40分41秒	通过fd发送了一次数据，fd为:2226
2019年2月15日5时40分41秒	通过fd发送了一次数据，fd为:2227
2019年2月15日5时40分41秒	通过fd发送了一次数据，fd为:2228
2019年2月15日5时40分41秒	通过fd发送了一次数据，fd为:
2019年2月15日5时40分41秒	通过fd发送了一次数据，fd为:2230
2019年2月15日5时40分41秒	通过fd发送了一次数据，fd为:2231
2019年2月15日5时40分41秒	通过fd发送了一次数据，fd为:2232
2019年2月15日5时40分41秒	通过fd发送了一次数据，fd为:2233
2019年2月15日5时40分41秒	通过fd发送了一次数据，fd为:2234
2019年2月15日5时40分41秒	通过fd发送了一次数据，fd为:2235
2019年2月15日5时40分41秒	通过fd发送了一次数据，fd为:2236
2019年2月15日5时40分41秒	通过fd发送了一次数据，fd为:2237
2019年2月15日5时40分41秒	通过fd发送了一次数据，fd为:2238
2019年2月15日5时40分41秒	通过fd发送了一次数据，fd为:2237
2019年2月15日5时40分41秒	通过fd发送了一次数据，fd为:2239
2019年2月15日5时40分41秒	通过fd发送了一次数据，fd为:2237
2019年2月15日5时40分41秒	通过fd发送了一次数据，fd为:2239
2019年2月15日5时40分41秒	通过fd发送了一次数据，fd为:
2019年2月15日5时40分41秒	通过fd发送了一次数据，fd为:2241
2019年2月15日5时40分41秒	通过fd发送了一次数据，fd为:2242
2019年2月15日5时40分41秒	通过fd发送了一次数据，fd为:2243
2019年2月15日5时40分41秒	通过fd发送了一次数据，fd为:2244
2019年2月15日5时40分41秒	通过fd发送了一次数据，fd为:2243
2019年2月15日5时40分41秒	通过fd发送了一次数据，fd为:2245
2019年2月15日5时40分41秒	通过fd发送了一次数据，fd为:2246
2019年2月15日5时40分41秒	通过fd发送了一次数据，fd为:2247
2019年2月15日5时40分41秒	通过fd发送了一次数据，fd为:2248
2019年2月15日5时40分41秒	通过fd发送了一次数据，fd为:2249
2019年2月15日5时40分41秒	通过fd发送了一次数据，fd为:2250
2019年2月15日5时40分41秒	通过fd发送了一次数据，fd为:2251
2019年2月15日5时40分41秒	通过fd发送了一次数据，fd为:2252
2019年2月15日5时40分41秒	通过fd发送了一次数据，fd为:
2019年2月15日5时40分41秒	通过fd发送了一次数据，fd为:2253
2019年2月15日5时40分41秒	通过fd发送了一次数据，fd为:2251
2019年2月15日5时40分41秒	通过fd发送了一次数据，fd为:2254
2019年2月15日5时40分41秒	通过fd发送了一次数据，fd为:2255
2019年2月15日5时40分41秒	通过fd发送了一次数据，fd为:2256
2019年2月15日5时40分41秒	通过fd发送了一次数据，fd为:2257
2019年2月15日5时40分41秒	通过fd发送了一次数据，fd为:2258
2019年2月15日5时40分41秒	通过fd发送了一次数据，fd为:2259
2019年2月15日5时40分41秒	通过fd发送了一次数据，fd为:2257
2019年2月15日5时40分41秒	通过fd发送了一次数据，fd为:2258
2019年2月15日5时40分41秒	通过fd发送了一次数据，fd为:2260
2019年2月15日5时40分41秒	通过fd发送了一次数据，fd为:2258
2019年2月15日5时40分41秒	通过fd发送了一次数据，fd为:2260
2019年2月15日5时40分41秒	通过fd发送了一次数据，fd为:
2019年2月15日5时40分41秒	通过fd发送了一次数据，fd为:2262
2019年2月15日5时40分41秒	通过fd发送了一次数据，fd为:2260
2019年2月15日5时40分41秒	通过fd发送了一次数据，fd为:2261
2019年2月15日5时40分41秒	通过fd发送了一次数据，fd为:2263
2019年2月15日5时40分41秒	通过fd发送了一次数据，fd为:2264
2019年2月15日5时40分41秒	通过fd发送了一次数据，fd为:2265
2019年2月15日5时40分41秒	通过fd发送了一次数据，fd为:2266
2019年2月15日5时40分41秒	通过fd发送了一次数据，fd为:2265
2019年2月15日5时40分41秒	通过fd发送了一次数据，fd为:2266
2019年2月15日5时40分41秒	通过fd发送了一次数据，fd为:2266
2019年2月15日5时40分41秒	通过fd发送了一次数据，fd为:2266
2019年2月15日5时40分41秒	通过fd发送了一次数据，fd为:2267
2019年2月15日5时40分41秒	通过fd发送了一次数据，fd为:2267
2019年2月15日5时40分41秒	通过fd发送了一次数据，fd为:
2019年2月15日5时40分41秒	通过fd发送了一次数据，fd为:2269
2019年2月15日5时40分41秒	通过fd发送了一次数据，fd为:2268
2019年2月15日5时40分41秒	通过fd发送了一次数据，fd为:2270
2019年2月15日5时40分41秒	通过fd发送了一次数据，fd为:2268
2019年2月15日5时40分41秒	通过fd发送了一次数据，fd为:2271
2019年2月15日5时40分41秒	通过fd发送了一次数据，fd为:2271
2019年2月15日5时40分41秒	通过fd发送了一次数据，fd为:2272
2019年2月15日5时40分41秒	通过fd发送了一次数据，fd为:2271
2019年2月15日5时40分41秒	通过fd发送了一次数据，fd为:2271
2019年2月15日5时40分41秒	通过fd发送了一次数据，fd为:2273
2019年2月15日5时40分41秒	通过fd发送了一次数据，fd为:2274
2019年2月15日5时40分41秒	通过fd发送了一次数据，fd为:2275
2019年2月15日5时40分41秒	通过fd发送了一次数据，fd为:2276
2019年2月15日5时40分41秒	通过fd发送了一次数据，fd为:
2019年2月15日5时40分41秒	通过fd发送了一次数据，fd为:2277
2019年2月15日5时40分41秒	通过fd发送了一次数据，fd为:2278
2019年2月15日5时40分41秒	通过fd发送了一次数据，fd为:2279
2019年2月15日5时40分41秒	通过fd发送了一次数据，fd为:2280
2019年2月15日5时40分41秒	通过fd发送了一次数据，fd为:2281
2019年2月15日5时40分41秒	通过fd发送了一次数据，fd为:2282
2019年2月15日5时40分41秒	通过fd发送了一次数据，fd为:2283
2019年2月15日5时40分41秒	通过fd发送了一次数据，fd为:2284
2019年2月15日5时40分41秒	通过fd发送了一次数据，fd为:2284
2019年2月15日5时40分41秒	通过fd发送了一次数据，fd为:2285
2019年2月15日5时40分41秒	通过fd发送了一次数据，fd为:2285
2019年2月15日5时40分41秒	通过fd发送了一次数据，fd为:2286
2019年2月15日5时40分41秒	通过fd发送了一次数据，fd为:2287
2019年2月15日5时40分41秒	通过fd发送了一次数据，fd为:
2019年2月15日5时40分41秒	通过fd发送了一次数据，fd为:2288
2019年2月15日5时40分41秒	通过fd发送了一次数据，fd为:2286
2019年2月15日5时40分41秒	通过fd发送了一次数据，fd为:2289
2019年2月15日5时40分41秒	通过fd发送了一次数据，fd为:2290
2019年2月15日5时40分41秒	通过fd发送了一次数据，fd为:2289
2019年2月15日5时40分41秒	通过fd发送了一次数据，fd为:2291
2019年2月15日5时40分41秒	通过fd发送了一次数据，fd为:2292
2019年2月15日5时40分41秒	通过fd发送了一次数据，fd为:2293
2019年2月15日5时40分41秒	通过fd发送了一次数据，fd为:2294
2019年2月15日5时40分41秒	通过fd发送了一次数据，fd为:2295
2019年2月15日5时40分41秒	通过fd发送了一次数据，fd为:2296
2019年2月15日5时40分41秒	通过fd发送了一次数据，fd为:2297
2019年2月15日5时40分41秒	通过fd发送了一次数据，fd为:2298
2019年2月15日5时40分41秒	通过fd发送了一次数据，fd为:
2019年2月15日5时40分41秒	通过fd发送了一次数据，fd为:2300
2019年2月15日5时40分41秒	通过fd发送了一次数据，fd为:2301
2019年2月15日5时40分41秒	通过fd发送了一次数据，fd为:2302
2019年2月15日5时40分41秒	通过fd发送了一次数据，fd为:2303
2019年2月15日5时40分41秒	通过fd发送了一次数据，fd为:2302
2019年2月15日5时40分41秒	通过fd发送了一次数据，fd为:2304
2019年2月15日5时40分41秒	通过fd发送了一次数据，fd为:2305
2019年2月15日5时40分41秒	通过fd发送了一次数据，fd为:2306
2019年2月15日5时40分41秒	通过fd发送了一次数据，fd为:2307
2019年2月15日5时40分41秒	通过fd发送了一次数据，fd为:2306
2019年2月15日5时40分41秒	通过fd发送了一次数据，fd为:2308
2019年2月15日5时40分41秒	通过fd发送了一次数据，fd为:2306
2019年2月15日5时40分41秒	通过fd发送了一次数据，fd为:2309
2019年2月15日5时40分41秒	通过fd发送了一次数据，fd为:
2310
2019年2月15日5时40分41秒	通过fd发送了一次数据，fd为:2310
2019年2月15日5时40分41秒	通过fd发送了一次数据，fd为:2311
2019年2月15日5时40分41秒	通过fd发送了一次数据，fd为:2312
2019年2月15日5时40分41秒	通过fd发送了一次数据，fd为:2312
2019年2月15日5时40分41秒	通过fd发送了一次数据，fd为:2313
2019年2月15日5时40分41秒	通过fd发送了一次数据，fd为:2314
2019年2月15日5时40分41秒	通过fd发送了一次数据，fd为:2315
2019年2月15日5时40分41秒	通过fd发送了一次数据，fd为:2316
2019年2月15日5时40分41秒	通过fd发送了一次数据，fd为:2316
2019年2月15日5时40分41秒	通过fd发送了一次数据，fd为:2317
2019年2月15日5时40分41秒	通过fd发送了一次数据，fd为:2318
2019年2月15日5时40分41秒	通过fd发送了一次数据，fd为:2319
2019年2月15日5时40分41秒	通过fd发送了一次数据，fd为:2320
2019年2月15日5时40分41秒	通过fd发送了一次数据，fd为:
2019年2月15日5时40分41秒	通过fd发送了一次数据，fd为:2322
2019年2月15日5时40分41秒	通过fd发送了一次数据，fd为:2321
2019年2月15日5时40分41秒	通过fd发送了一次数据，fd为:2322
2019年2月15日5时40分41秒	通过fd发送了一次数据，fd为:2323
2019年2月15日5时40分41秒	通过fd发送了一次数据，fd为:2324
2019年2月15日5时40分41秒	通过fd发送了一次数据，fd为:2325
2019年2月15日5时40分41秒	通过fd发送了一次数据，fd为:2326
2019年2月15日5时40分41秒	通过fd发送了一次数据，fd为:2327
2019年2月15日5时40分41秒	通过fd发送了一次数据，fd为:2328
2019年2月15日5时40分41秒	通过fd发送了一次数据，fd为:2329
2019年2月15日5时40分41秒	通过fd发送了一次数据，fd为:2328
2019年2月15日5时40分41秒	通过fd发送了一次数据，fd为:2330
2019年2月15日5时40分41秒	通过fd发送了一次数据，fd为:2331
2019年2月15日5时40分41秒	通过fd发送了一次数据，fd为:
2019年2月15日5时40分41秒	通过fd发送了一次数据，fd为:2333
2019年2月15日5时40分41秒	通过fd发送了一次数据，fd为:2332
2019年2月15日5时40分41秒	通过fd发送了一次数据，fd为:2334
2019年2月15日5时40分41秒	通过fd发送了一次数据，fd为:2335
2019年2月15日5时40分41秒	通过fd发送了一次数据，fd为:2336
2019年2月15日5时40分41秒	通过fd发送了一次数据，fd为:2337
2019年2月15日5时40分41秒	通过fd发送了一次数据，fd为:2338
2019年2月15日5时40分41秒	通过fd发送了一次数据，fd为:2339
2019年2月15日5时40分41秒	通过fd发送了一次数据，fd为:2340
2019年2月15日5时40分41秒	通过fd发送了一次数据，fd为:2341
2019年2月15日5时40分41秒	通过fd发送了一次数据，fd为:2342
2019年2月15日5时40分41秒	通过fd发送了一次数据，fd为:2343
2019年2月15日5时40分41秒	通过fd发送了一次数据，fd为:2344
2019年2月15日5时40分41秒	通过fd发送了一次数据，fd为:
2019年2月15日5时40分41秒	通过fd发送了一次数据，fd为:2346
2019年2月15日5时40分41秒	通过fd发送了一次数据，fd为:2347
2019年2月15日5时40分41秒	通过fd发送了一次数据，fd为:2348
2019年2月15日5时40分41秒	通过fd发送了一次数据，fd为:2349
2019年2月15日5时40分41秒	通过fd发送了一次数据，fd为:2350
2019年2月15日5时40分41秒	通过fd发送了一次数据，fd为:2351
2019年2月15日5时40分41秒	通过fd发送了一次数据，fd为:2352
2019年2月15日5时40分41秒	通过fd发送了一次数据，fd为:2353
2019年2月15日5时40分41秒	通过fd发送了一次数据，fd为:2352
2019年2月15日5时40分41秒	通过fd发送了一次数据，fd为:2354
2019年2月15日5时40分41秒	通过fd发送了一次数据，fd为:2355
2019年2月15日5时40分41秒	通过fd发送了一次数据，fd为:2356
2019年2月15日5时40分41秒	通过fd发送了一次数据，fd为:2355
2019年2月15日5时40分41秒	通过fd发送了一次数据，fd为:
2019年2月15日5时40分41秒	通过fd发送了一次数据，fd为:2358
2019年2月15日5时40分41秒	通过fd发送了一次数据，fd为:2357
2019年2月15日5时40分41秒	通过fd发送了一次数据，fd为:2359
2019年2月15日5时40分41秒	通过fd发送了一次数据，fd为:2360
2019年2月15日5时40分41秒	通过fd发送了一次数据，fd为:2360
2019年2月15日5时40分41秒	通过fd发送了一次数据，fd为:2361
2019年2月15日5时40分41秒	通过fd发送了一次数据，fd为:2362
2019年2月15日5时40分41秒	通过fd发送了一次数据，fd为:2363
2019年2月15日5时40分41秒	通过fd发送了一次数据，fd为:2364
2019年2月15日5时40分41秒	通过fd发送了一次数据，fd为:2364
2019年2月15日5时40分41秒	通过fd发送了一次数据，fd为:2365
2019年2月15日5时40分41秒	通过fd发送了一次数据，fd为:2366
2019年2月15日5时40分41秒	通过fd发送了一次数据，fd为:2367
2019年2月15日5时40分41秒	通过fd发送了一次数据，fd为:
2019年2月15日5时40分41秒	通过fd发送了一次数据，fd为:2369
2019年2月15日5时40分41秒	通过fd发送了一次数据，fd为:2370
2019年2月15日5时40分41秒	通过fd发送了一次数据，fd为:2371
2019年2月15日5时40分41秒	通过fd发送了一次数据，fd为:2372
2019年2月15日5时40分41秒	通过fd发送了一次数据，fd为:2371
2019年2月15日5时40分41秒	通过fd发送了一次数据，fd为:2373
2019年2月15日5时40分41秒	通过fd发送了一次数据，fd为:2374
2019年2月15日5时40分41秒	通过fd发送了一次数据，fd为:2375
2019年2月15日5时40分41秒	通过fd发送了一次数据，fd为:2376
2019年2月15日5时40分41秒	通过fd发送了一次数据，fd为:2377
2019年2月15日5时40分41秒	通过fd发送了一次数据，fd为:2378
2019年2月15日5时40分41秒	通过fd发送了一次数据，fd为:2379
2019年2月15日5时40分41秒	通过fd发送了一次数据，fd为:2378
2019年2月15日5时40分41秒	通过fd发送了一次数据，fd为:
2380
2019年2月15日5时40分41秒	通过fd发送了一次数据，fd为:2381
2019年2月15日5时40分41秒	通过fd发送了一次数据，fd为:2382
2019年2月15日5时40分41秒	通过fd发送了一次数据，fd为:2383
2019年2月15日5时40分41秒	通过fd发送了一次数据，fd为:2384
2019年2月15日5时40分41秒	通过fd发送了一次数据，fd为:2385
2019年2月15日5时40分41秒	通过fd发送了一次数据，fd为:2386
2019年2月15日5时40分41秒	通过fd发送了一次数据，fd为:2385
2019年2月15日5时40分41秒	通过fd发送了一次数据，fd为:2385
2019年2月15日5时40分41秒	通过fd发送了一次数据，fd为:2387
2019年2月15日5时40分41秒	通过fd发送了一次数据，fd为:2388
2019年2月15日5时40分41秒	通过fd发送了一次数据，fd为:2389
2019年2月15日5时40分41秒	通过fd发送了一次数据，fd为:2390
2019年2月15日5时40分41秒	通过fd发送了一次数据，fd为:2391
2019年2月15日5时40分41秒	通过fd发送了一次数据，fd为:
2019年2月15日5时40分41秒	通过fd发送了一次数据，fd为:2393
2019年2月15日5时40分41秒	通过fd发送了一次数据，fd为:2394
2019年2月15日5时40分41秒	通过fd发送了一次数据，fd为:2395
2019年2月15日5时40分41秒	通过fd发送了一次数据，fd为:2396
2019年2月15日5时40分41秒	通过fd发送了一次数据，fd为:2397
2019年2月15日5时40分41秒	通过fd发送了一次数据，fd为:2398
2019年2月15日5时40分41秒	通过fd发送了一次数据，fd为:2399
2019年2月15日5时40分41秒	通过fd发送了一次数据，fd为:2400
2019年2月15日5时40分41秒	通过fd发送了一次数据，fd为:2399
2019年2月15日5时40分41秒	通过fd发送了一次数据，fd为:2401
2019年2月15日5时40分41秒	通过fd发送了一次数据，fd为:2402
2019年2月15日5时40分41秒	通过fd发送了一次数据，fd为:2403
2019年2月15日5时40分41秒	通过fd发送了一次数据，fd为:2404
2019年2月15日5时40分41秒	通过fd发送了一次数据，fd为:
2019年2月15日5时40分41秒	通过fd发送了一次数据，fd为:2403
2019年2月15日5时40分41秒	通过fd发送了一次数据，fd为:2406
2019年2月15日5时40分41秒	通过fd发送了一次数据，fd为:2403
2019年2月15日5时40分41秒	通过fd发送了一次数据，fd为:2407
2019年2月15日5时40分41秒	通过fd发送了一次数据，fd为:2408
2019年2月15日5时40分41秒	通过fd发送了一次数据，fd为:2409
2019年2月15日5时40分41秒	通过fd发送了一次数据，fd为:2410
2019年2月15日5时40分41秒	通过fd发送了一次数据，fd为:2411
2019年2月15日5时40分41秒	通过fd发送了一次数据，fd为:2410
2019年2月15日5时40分41秒	通过fd发送了一次数据，fd为:2412
2019年2月15日5时40分41秒	通过fd发送了一次数据，fd为:2413
2019年2月15日5时40分41秒	通过fd发送了一次数据，fd为:2414
2019年2月15日5时40分41秒	通过fd发送了一次数据，fd为:2415
2019年2月15日5时40分41秒	通过fd发送了一次数据，fd为:
2019年2月15日5时40分41秒	通过fd发送了一次数据，fd为:2417
2019年2月15日5时40分41秒	通过fd发送了一次数据，fd为:2418
2019年2月15日5时40分41秒	通过fd发送了一次数据，fd为:2419
2019年2月15日5时40分41秒	通过fd发送了一次数据，fd为:2420
2019年2月15日5时40分41秒	通过fd发送了一次数据，fd为:2421
2019年2月15日5时40分41秒	通过fd发送了一次数据，fd为:2422
2019年2月15日5时40分41秒	通过fd发送了一次数据，fd为:2423
2019年2月15日5时40分41秒	通过fd发送了一次数据，fd为:2424
2019年2月15日5时40分41秒	通过fd发送了一次数据，fd为:2425
2019年2月15日5时40分41秒	通过fd发送了一次数据，fd为:2426
2019年2月15日5时40分41秒	通过fd发送了一次数据，fd为:2427
2019年2月15日5时40分41秒	通过fd发送了一次数据，fd为:2428
2019年2月15日5时40分41秒	通过fd发送了一次数据，fd为:2428
2019年2月15日5时40分41秒	通过fd发送了一次数据，fd为:
2019年2月15日5时40分41秒	通过fd发送了一次数据，fd为:2430
2019年2月15日5时40分41秒	通过fd发送了一次数据，fd为:2431
2019年2月15日5时40分41秒	通过fd发送了一次数据，fd为:2432
2019年2月15日5时40分41秒	通过fd发送了一次数据，fd为:2433
2019年2月15日5时40分41秒	通过fd发送了一次数据，fd为:2434
2019年2月15日5时40分41秒	通过fd发送了一次数据，fd为:2435
2019年2月15日5时40分41秒	通过fd发送了一次数据，fd为:2436
2019年2月15日5时40分41秒	通过fd发送了一次数据，fd为:2437
2019年2月15日5时40分41秒	通过fd发送了一次数据，fd为:2438
2019年2月15日5时40分41秒	通过fd发送了一次数据，fd为:2439
2019年2月15日5时40分41秒	通过fd发送了一次数据，fd为:2440
2019年2月15日5时40分41秒	通过fd发送了一次数据，fd为:2441
2019年2月15日5时40分41秒	通过fd发送了一次数据，fd为:2441
2019年2月15日5时40分41秒	通过fd发送了一次数据，fd为:
2442
2019年2月15日5时40分41秒	通过fd发送了一次数据，fd为:2443
2019年2月15日5时40分41秒	通过fd发送了一次数据，fd为:2442
2019年2月15日5时40分41秒	通过fd发送了一次数据，fd为:2443
2019年2月15日5时40分41秒	通过fd发送了一次数据，fd为:2444
2019年2月15日5时40分41秒	通过fd发送了一次数据，fd为:2443
2019年2月15日5时40分41秒	通过fd发送了一次数据，fd为:2445
2019年2月15日5时40分41秒	通过fd发送了一次数据，fd为:2446
2019年2月15日5时40分41秒	通过fd发送了一次数据，fd为:2447
2019年2月15日5时40分41秒	通过fd发送了一次数据，fd为:2448
2019年2月15日5时40分41秒	通过fd发送了一次数据，fd为:2449
2019年2月15日5时40分41秒	通过fd发送了一次数据，fd为:2450
2019年2月15日5时40分41秒	通过fd发送了一次数据，fd为:2451
2019年2月15日5时40分41秒	通过fd发送了一次数据，fd为:2452
2019年2月15日5时40分41秒	通过fd发送了一次数据，fd为:
2019年2月15日5时40分41秒	通过fd发送了一次数据，fd为:2454
2019年2月15日5时40分41秒	通过fd发送了一次数据，fd为:2455
2019年2月15日5时40分41秒	通过fd发送了一次数据，fd为:2456
2019年2月15日5时40分41秒	通过fd发送了一次数据，fd为:2455
2019年2月15日5时40分41秒	通过fd发送了一次数据，fd为:2457
2019年2月15日5时40分41秒	通过fd发送了一次数据，fd为:2455
2019年2月15日5时40分41秒	通过fd发送了一次数据，fd为:2457
2019年2月15日5时40分41秒	通过fd发送了一次数据，fd为:2455
2019年2月15日5时40分41秒	通过fd发送了一次数据，fd为:2458
2019年2月15日5时40分41秒	通过fd发送了一次数据，fd为:2459
2019年2月15日5时40分41秒	通过fd发送了一次数据，fd为:2460
2019年2月15日5时40分41秒	通过fd发送了一次数据，fd为:2461
2019年2月15日5时40分41秒	通过fd发送了一次数据，fd为:2462
2019年2月15日5时40分41秒	通过fd发送了一次数据，fd为:
2019年2月15日5时40分41秒	通过fd发送了一次数据，fd为:2464
2019年2月15日5时40分41秒	通过fd发送了一次数据，fd为:2463
2019年2月15日5时40分41秒	通过fd发送了一次数据，fd为:2464
2019年2月15日5时40分41秒	通过fd发送了一次数据，fd为:2465
2019年2月15日5时40分41秒	通过fd发送了一次数据，fd为:2466
2019年2月15日5时40分41秒	通过fd发送了一次数据，fd为:2467
2019年2月15日5时40分41秒	通过fd发送了一次数据，fd为:2468
2019年2月15日5时40分41秒	通过fd发送了一次数据，fd为:2468
2019年2月15日5时40分41秒	通过fd发送了一次数据，fd为:2469
2019年2月15日5时40分41秒	通过fd发送了一次数据，fd为:2470
2019年2月15日5时40分41秒	通过fd发送了一次数据，fd为:2471
2019年2月15日5时40分41秒	通过fd发送了一次数据，fd为:2471
2019年2月15日5时40分41秒	通过fd发送了一次数据，fd为:2472
2019年2月15日5时40分41秒	通过fd发送了一次数据，fd为:
2473
2019年2月15日5时40分41秒	通过fd发送了一次数据，fd为:2474
2019年2月15日5时40分41秒	通过fd发送了一次数据，fd为:2475
2019年2月15日5时40分41秒	通过fd发送了一次数据，fd为:2476
2019年2月15日5时40分41秒	通过fd发送了一次数据，fd为:2477
2019年2月15日5时40分41秒	通过fd发送了一次数据，fd为:2478
2019年2月15日5时40分41秒	通过fd发送了一次数据，fd为:2479
2019年2月15日5时40分41秒	通过fd发送了一次数据，fd为:2480
2019年2月15日5时40分41秒	通过fd发送了一次数据，fd为:2481
2019年2月15日5时40分41秒	通过fd发送了一次数据，fd为:2482
2019年2月15日5时40分41秒	通过fd发送了一次数据，fd为:2483
2019年2月15日5时40分41秒	通过fd发送了一次数据，fd为:2484
2019年2月15日5时40分41秒	通过fd发送了一次数据，fd为:2485
2019年2月15日5时40分41秒	通过fd发送了一次数据，fd为:2486
2019年2月15日5时40分41秒	通过fd发送了一次数据，fd为:
2019年2月15日5时40分41秒	通过fd发送了一次数据，fd为:2488
2019年2月15日5时40分41秒	通过fd发送了一次数据，fd为:2487
2019年2月15日5时40分41秒	通过fd发送了一次数据，fd为:2489
2019年2月15日5时40分41秒	通过fd发送了一次数据，fd为:2487
2019年2月15日5时40分41秒	通过fd发送了一次数据，fd为:2490
2019年2月15日5时40分41秒	通过fd发送了一次数据，fd为:2491
2019年2月15日5时40分41秒	通过fd发送了一次数据，fd为:2490
2019年2月15日5时40分41秒	通过fd发送了一次数据，fd为:2492
2019年2月15日5时40分41秒	通过fd发送了一次数据，fd为:2493
2019年2月15日5时40分41秒	通过fd发送了一次数据，fd为:2494
2019年2月15日5时40分41秒	通过fd发送了一次数据，fd为:2495
2019年2月15日5时40分41秒	通过fd发送了一次数据，fd为:2496
2019年2月15日5时40分41秒	通过fd发送了一次数据，fd为:2497
2019年2月15日5时40分41秒	通过fd发送了一次数据，fd为:
2019年2月15日5时40分41秒	通过fd发送了一次数据，fd为:2498
2019年2月15日5时40分41秒	通过fd发送了一次数据，fd为:2496
2019年2月15日5时40分41秒	通过fd发送了一次数据，fd为:2499
2019年2月15日5时40分41秒	通过fd发送了一次数据，fd为:2500
2019年2月15日5时40分41秒	通过fd发送了一次数据，fd为:2501
2019年2月15日5时40分41秒	通过fd发送了一次数据，fd为:2502
2019年2月15日5时40分41秒	通过fd发送了一次数据，fd为:2503
2019年2月15日5时40分41秒	通过fd发送了一次数据，fd为:2504
2019年2月15日5时40分41秒	通过fd发送了一次数据，fd为:2503
2019年2月15日5时40分41秒	通过fd发送了一次数据，fd为:2505
2019年2月15日5时40分41秒	通过fd发送了一次数据，fd为:2505
2019年2月15日5时40分41秒	通过fd发送了一次数据，fd为:2506
2019年2月15日5时40分41秒	通过fd发送了一次数据，fd为:2505
2019年2月15日5时40分41秒	通过fd发送了一次数据，fd为:
2507
2019年2月15日5时40分41秒	通过fd发送了一次数据，fd为:2508
2019年2月15日5时40分41秒	通过fd发送了一次数据，fd为:2509
2019年2月15日5时40分41秒	通过fd发送了一次数据，fd为:2510
2019年2月15日5时40分41秒	通过fd发送了一次数据，fd为:2509
2019年2月15日5时40分41秒	通过fd发送了一次数据，fd为:2511
2019年2月15日5时40分41秒	通过fd发送了一次数据，fd为:2512
2019年2月15日5时40分41秒	通过fd发送了一次数据，fd为:2513
2019年2月15日5时40分41秒	通过fd发送了一次数据，fd为:2514
2019年2月15日5时40分41秒	通过fd发送了一次数据，fd为:2515
2019年2月15日5时40分41秒	通过fd发送了一次数据，fd为:2516
2019年2月15日5时40分41秒	通过fd发送了一次数据，fd为:2517
2019年2月15日5时40分41秒	通过fd发送了一次数据，fd为:2518
2019年2月15日5时40分41秒	通过fd发送了一次数据，fd为:2519
2019年2月15日5时40分41秒	通过fd发送了一次数据，fd为:
2019年2月15日5时40分41秒	通过fd发送了一次数据，fd为:2521
2019年2月15日5时40分41秒	通过fd发送了一次数据，fd为:2522
2019年2月15日5时40分41秒	通过fd发送了一次数据，fd为:2522
2019年2月15日5时40分41秒	通过fd发送了一次数据，fd为:2523
2019年2月15日5时40分41秒	通过fd发送了一次数据，fd为:2524
2019年2月15日5时40分41秒	通过fd发送了一次数据，fd为:2525
2019年2月15日5时40分41秒	通过fd发送了一次数据，fd为:2524
2019年2月15日5时40分41秒	通过fd发送了一次数据，fd为:2526
2019年2月15日5时40分41秒	通过fd发送了一次数据，fd为:2526
2019年2月15日5时40分41秒	通过fd发送了一次数据，fd为:2527
2019年2月15日5时40分41秒	通过fd发送了一次数据，fd为:2528
2019年2月15日5时40分41秒	通过fd发送了一次数据，fd为:2529
2019年2月15日5时40分41秒	通过fd发送了一次数据，fd为:2530
2019年2月15日5时40分41秒	通过fd发送了一次数据，fd为:
2531
2019年2月15日5时40分41秒	通过fd发送了一次数据，fd为:2532
2019年2月15日5时40分41秒	通过fd发送了一次数据，fd为:2533
2019年2月15日5时40分41秒	通过fd发送了一次数据，fd为:2534
2019年2月15日5时40分41秒	通过fd发送了一次数据，fd为:2535
2019年2月15日5时40分41秒	通过fd发送了一次数据，fd为:2535
2019年2月15日5时40分41秒	通过fd发送了一次数据，fd为:2536
2019年2月15日5时40分41秒	通过fd发送了一次数据，fd为:2537
2019年2月15日5时40分41秒	通过fd发送了一次数据，fd为:2538
2019年2月15日5时40分41秒	通过fd发送了一次数据，fd为:2539
2019年2月15日5时40分41秒	通过fd发送了一次数据，fd为:2540
2019年2月15日5时40分41秒	通过fd发送了一次数据，fd为:2541
2019年2月15日5时40分41秒	通过fd发送了一次数据，fd为:2542
2019年2月15日5时40分41秒	通过fd发送了一次数据，fd为:2543
2019年2月15日5时40分41秒	通过fd发送了一次数据，fd为:
2544
2019年2月15日5时40分41秒	通过fd发送了一次数据，fd为:2545
2019年2月15日5时40分41秒	通过fd发送了一次数据，fd为:2546
2019年2月15日5时40分41秒	通过fd发送了一次数据，fd为:2547
2019年2月15日5时40分41秒	通过fd发送了一次数据，fd为:2547
2019年2月15日5时40分41秒	通过fd发送了一次数据，fd为:2548
2019年2月15日5时40分41秒	通过fd发送了一次数据，fd为:2549
2019年2月15日5时40分41秒	通过fd发送了一次数据，fd为:2550
2019年2月15日5时40分41秒	通过fd发送了一次数据，fd为:2551
2019年2月15日5时40分41秒	通过fd发送了一次数据，fd为:2552
2019年2月15日5时40分41秒	通过fd发送了一次数据，fd为:2553
2019年2月15日5时40分41秒	通过fd发送了一次数据，fd为:2552
2019年2月15日5时40分41秒	通过fd发送了一次数据，fd为:2554
2019年2月15日5时40分41秒	通过fd发送了一次数据，fd为:2555
2019年2月15日5时40分41秒	通过fd发送了一次数据，fd为:
2019年2月15日5时40分41秒	通过fd发送了一次数据，fd为:2557
2019年2月15日5时40分41秒	通过fd发送了一次数据，fd为:2558
2019年2月15日5时40分41秒	通过fd发送了一次数据，fd为:2558
2019年2月15日5时40分41秒	通过fd发送了一次数据，fd为:2559
2019年2月15日5时40分41秒	通过fd发送了一次数据，fd为:2560
2019年2月15日5时40分41秒	通过fd发送了一次数据，fd为:2561
2019年2月15日5时40分41秒	通过fd发送了一次数据，fd为:2562
2019年2月15日5时40分41秒	通过fd发送了一次数据，fd为:2563
2019年2月15日5时40分41秒	通过fd发送了一次数据，fd为:2564
2019年2月15日5时40分41秒	通过fd发送了一次数据，fd为:2565
2019年2月15日5时40分41秒	通过fd发送了一次数据，fd为:2566
2019年2月15日5时40分41秒	通过fd发送了一次数据，fd为:2567
2019年2月15日5时40分41秒	通过fd发送了一次数据，fd为:2568
2019年2月15日5时40分41秒	通过fd发送了一次数据，fd为:
2567
2019年2月15日5时40分41秒	通过fd发送了一次数据，fd为:2569
2019年2月15日5时40分41秒	通过fd发送了一次数据，fd为:2570
2019年2月15日5时40分41秒	通过fd发送了一次数据，fd为:2571
2019年2月15日5时40分41秒	通过fd发送了一次数据，fd为:2572
2019年2月15日5时40分41秒	通过fd发送了一次数据，fd为:2573
2019年2月15日5时40分41秒	通过fd发送了一次数据，fd为:2574
2019年2月15日5时40分41秒	通过fd发送了一次数据，fd为:2575
2019年2月15日5时40分41秒	通过fd发送了一次数据，fd为:2576
2019年2月15日5时40分41秒	通过fd发送了一次数据，fd为:2577
2019年2月15日5时40分41秒	通过fd发送了一次数据，fd为:2577
2019年2月15日5时40分42秒	通过fd发送了一次数据，fd为:2578
2019年2月15日5时40分42秒	通过fd发送了一次数据，fd为:2579
2019年2月15日5时40分42秒	通过fd发送了一次数据，fd为:2580
2019年2月15日5时40分42秒	通过fd发送了一次数据，fd为:
2019年2月15日5时40分42秒	通过fd发送了一次数据，fd为:2581
2019年2月15日5时40分42秒	通过fd发送了一次数据，fd为:2580
2019年2月15日5时40分42秒	通过fd发送了一次数据，fd为:2582
2019年2月15日5时40分42秒	通过fd发送了一次数据，fd为:2583
2019年2月15日5时40分42秒	通过fd发送了一次数据，fd为:2582
2019年2月15日5时40分42秒	通过fd发送了一次数据，fd为:2583
2019年2月15日5时40分42秒	通过fd发送了一次数据，fd为:2582
2019年2月15日5时40分42秒	通过fd发送了一次数据，fd为:2584
2019年2月15日5时40分42秒	通过fd发送了一次数据，fd为:2585
2019年2月15日5时40分42秒	通过fd发送了一次数据，fd为:2586
2019年2月15日5时40分42秒	通过fd发送了一次数据，fd为:2587
2019年2月15日5时40分42秒	通过fd发送了一次数据，fd为:2588
2019年2月15日5时40分42秒	通过fd发送了一次数据，fd为:2589
2019年2月15日5时40分42秒	通过fd发送了一次数据，fd为:
2019年2月15日5时40分42秒	通过fd发送了一次数据，fd为:2588
2019年2月15日5时40分42秒	通过fd发送了一次数据，fd为:2590
2019年2月15日5时40分42秒	通过fd发送了一次数据，fd为:2591
2019年2月15日5时40分42秒	通过fd发送了一次数据，fd为:2590
2019年2月15日5时40分42秒	通过fd发送了一次数据，fd为:2591
2019年2月15日5时40分42秒	通过fd发送了一次数据，fd为:2590
2019年2月15日5时40分42秒	通过fd发送了一次数据，fd为:2592
2019年2月15日5时40分42秒	通过fd发送了一次数据，fd为:2593
2019年2月15日5时40分42秒	通过fd发送了一次数据，fd为:2594
2019年2月15日5时40分42秒	通过fd发送了一次数据，fd为:2595
2019年2月15日5时40分42秒	通过fd发送了一次数据，fd为:2596
2019年2月15日5时40分42秒	通过fd发送了一次数据，fd为:2597
2019年2月15日5时40分42秒	通过fd发送了一次数据，fd为:2597
2019年2月15日5时40分42秒	通过fd发送了一次数据，fd为:
2019年2月15日5时40分42秒	通过fd发送了一次数据，fd为:2600
2019年2月15日5时40分42秒	通过fd发送了一次数据，fd为:2601
2019年2月15日5时40分42秒	通过fd发送了一次数据，fd为:2602
2019年2月15日5时40分42秒	通过fd发送了一次数据，fd为:2603
2019年2月15日5时40分42秒	通过fd发送了一次数据，fd为:2602
2019年2月15日5时40分42秒	通过fd发送了一次数据，fd为:2603
2019年2月15日5时40分42秒	通过fd发送了一次数据，fd为:2604
2019年2月15日5时40分42秒	通过fd发送了一次数据，fd为:2605
2019年2月15日5时40分42秒	通过fd发送了一次数据，fd为:2606
2019年2月15日5时40分42秒	通过fd发送了一次数据，fd为:2605
2019年2月15日5时40分42秒	通过fd发送了一次数据，fd为:2606
2019年2月15日5时40分42秒	通过fd发送了一次数据，fd为:2607
2019年2月15日5时40分42秒	通过fd发送了一次数据，fd为:2608
2019年2月15日5时40分42秒	通过fd发送了一次数据，fd为:
2019年2月15日5时40分42秒	通过fd发送了一次数据，fd为:2608
2019年2月15日5时40分42秒	通过fd发送了一次数据，fd为:2609
2019年2月15日5时40分42秒	通过fd发送了一次数据，fd为:2610
2019年2月15日5时40分42秒	通过fd发送了一次数据，fd为:2611
2019年2月15日5时40分42秒	通过fd发送了一次数据，fd为:2612
2019年2月15日5时40分42秒	通过fd发送了一次数据，fd为:2613
2019年2月15日5时40分42秒	通过fd发送了一次数据，fd为:2614
2019年2月15日5时40分42秒	通过fd发送了一次数据，fd为:2615
2019年2月15日5时40分42秒	通过fd发送了一次数据，fd为:2614
2019年2月15日5时40分42秒	通过fd发送了一次数据，fd为:2616
2019年2月15日5时40分42秒	通过fd发送了一次数据，fd为:2617
2019年2月15日5时40分42秒	通过fd发送了一次数据，fd为:2617
2019年2月15日5时40分42秒	通过fd发送了一次数据，fd为:2618
2019年2月15日5时40分42秒	通过fd发送了一次数据，fd为:
43
2019年2月15日5时40分34秒	通过fd发送了一次数据，fd为:98
2019年2月15日5时40分34秒	133
144
157
167
172
179
201
221
234
246
255
276
287
299
309
321
332
343
350
363
371
380
402
424
436
460
470
481
492
505
515
528
541
552
574
583
595
606
629
639
650
662
684
694
708
714
726
737
764
777
786
811
821
830
843
852
873
884
926
938
957
966
986
996
1007
1044
1053
1060
1068
1081
1115
1126
1137
1168
1213
1223
1236
1246
1257
1269
1281
1292
1301
1308
1319
1327
1346
1357
1379
1403
1415
1424
1435
1449
1459
1469
1479
1486
1498
1521
1532
1562
1574
1585
1594
1622
1632
1644
1672
1683
1689
1720
1731
1743
1754
1772
1782
1795
1815
1833
1844
1869
1881
1891
1903
1914
1923
1964
1975
1986
1997
2008
2018
2033
2044
2057
2068
2076
2088
2100
2113
2123
2134
2146
2158
2169
2193
2203
2216
2229
2240
2251
2261
2268
2277
2286
2299
2321
2332
2345
2357
2368
2392
2405
2416
2429
2453
2463
2487
2496
2520
2556
2580
2588
2598
2019年2月15日5时40分42秒	通过fd发送了一次数据，fd为:2599
2609
2619

2019年2月15日5时40分42秒	通过fd发送了一次数据，fd为:2620
2019年2月15日5时40分42秒	通过fd发送了一次数据，fd为:2621
2019年2月15日5时40分42秒	通过fd发送了一次数据，fd为:2620
2019年2月15日5时40分42秒	通过fd发送了一次数据，fd为:2622
2019年2月15日5时40分42秒	通过fd发送了一次数据，fd为:2623
2019年2月15日5时40分42秒	通过fd发送了一次数据，fd为:2624
2019年2月15日5时40分42秒	通过fd发送了一次数据，fd为:2625
2019年2月15日5时40分42秒	通过fd发送了一次数据，fd为:2626
2019年2月15日5时40分42秒	通过fd发送了一次数据，fd为:2627
2019年2月15日5时40分42秒	通过fd发送了一次数据，fd为:2628
2019年2月15日5时40分42秒	通过fd发送了一次数据，fd为:2629
2019年2月15日5时40分42秒	通过fd发送了一次数据，fd为:2629
2019年2月15日5时40分42秒	通过fd发送了一次数据，fd为:2630
2019年2月15日5时40分42秒	通过fd发送了一次数据，fd为:
2631
2019年2月15日5时40分42秒	通过fd发送了一次数据，fd为:2632
2019年2月15日5时40分42秒	通过fd发送了一次数据，fd为:2633
2019年2月15日5时40分42秒	通过fd发送了一次数据，fd为:2632
2019年2月15日5时40分42秒	通过fd发送了一次数据，fd为:2634
2019年2月15日5时40分42秒	通过fd发送了一次数据，fd为:2635
2019年2月15日5时40分42秒	通过fd发送了一次数据，fd为:2634
2019年2月15日5时40分42秒	通过fd发送了一次数据，fd为:2636
2019年2月15日5时40分42秒	通过fd发送了一次数据，fd为:2637
2019年2月15日5时40分42秒	通过fd发送了一次数据，fd为:2636
2019年2月15日5时40分42秒	通过fd发送了一次数据，fd为:2637
2019年2月15日5时40分42秒	通过fd发送了一次数据，fd为:2638
2019年2月15日5时40分42秒	通过fd发送了一次数据，fd为:2639
2019年2月15日5时40分42秒	通过fd发送了一次数据，fd为:2638
2019年2月15日5时40分42秒	通过fd发送了一次数据，fd为:2640

2631
2019年2月15日5时40分42秒	通过fd发送了一次数据，fd为:2632
2019年2月15日5时40分42秒	通过fd发送了一次数据，fd为:2633
2019年2月15日5时40分42秒	通过fd发送了一次数据，fd为:2632
2019年2月15日5时40分42秒	通过fd发送了一次数据，fd为:2634
2019年2月15日5时40分42秒	通过fd发送了一次数据，fd为:2635
2019年2月15日5时40分42秒	通过fd发送了一次数据，fd为:2634
2019年2月15日5时40分42秒	通过fd发送了一次数据，fd为:2636
2019年2月15日5时40分42秒	通过fd发送了一次数据，fd为:2637
2019年2月15日5时40分42秒	通过fd发送了一次数据，fd为:2636
2019年2月15日5时40分42秒	通过fd发送了一次数据，fd为:2637
2019年2月15日5时40分42秒	通过fd发送了一次数据，fd为:2638
2019年2月15日5时40分42秒	通过fd发送了一次数据，fd为:2639
2019年2月15日5时40分42秒	通过fd发送了一次数据，fd为:2638
2019年2月15日5时40分42秒	通过fd发送了一次数据，fd为:2640

2631
2019年2月15日5时40分42秒	通过fd发送了一次数据，fd为:2632
2019年2月15日5时40分42秒	通过fd发送了一次数据，fd为:2633
2019年2月15日5时40分42秒	通过fd发送了一次数据，fd为:2632
2019年2月15日5时40分42秒	通过fd发送了一次数据，fd为:2634
2019年2月15日5时40分42秒	通过fd发送了一次数据，fd为:2635
2019年2月15日5时40分42秒	通过fd发送了一次数据，fd为:2634
2019年2月15日5时40分42秒	通过fd发送了一次数据，fd为:2636
2019年2月15日5时40分42秒	通过fd发送了一次数据，fd为:2637
2019年2月15日5时40分42秒	通过fd发送了一次数据，fd为:2636
2019年2月15日5时40分42秒	通过fd发送了一次数据，fd为:2637
2019年2月15日5时40分42秒	通过fd发送了一次数据，fd为:2638
2019年2月15日5时40分42秒	通过fd发送了一次数据，fd为:2639
2019年2月15日5时40分42秒	通过fd发送了一次数据，fd为:2638
2019年2月15日5时40分42秒	通过fd发送了一次数据，fd为:2640

2019年2月15日5时40分42秒	通过fd发送了一次数据，fd为:2638
2019年2月15日5时40分42秒	通过fd发送了一次数据，fd为:2640
2019年2月15日5时40分42秒	通过fd发送了一次数据，fd为:2641
2019年2月15日5时40分42秒	通过fd发送了一次数据，fd为:2642
2019年2月15日5时40分42秒	通过fd发送了一次数据，fd为:2643
2019年2月15日5时40分42秒	通过fd发送了一次数据，fd为:2644
2019年2月15日5时40分42秒	通过fd发送了一次数据，fd为:2643
2019年2月15日5时40分42秒	通过fd发送了一次数据，fd为:2645
2019年2月15日5时40分42秒	通过fd发送了一次数据，fd为:2646
2019年2月15日5时40分42秒	通过fd发送了一次数据，fd为:2647
2019年2月15日5时40分42秒	通过fd发送了一次数据，fd为:2648
2019年2月15日5时40分42秒	通过fd发送了一次数据，fd为:2647
2019年2月15日5时40分42秒	通过fd发送了一次数据，fd为:2649
2019年2月15日5时40分42秒	通过fd发送了一次数据，fd为:
2650
2019年2月15日5时40分42秒	通过fd发送了一次数据，fd为:2651
2019年2月15日5时40分42秒	通过fd发送了一次数据，fd为:2650
2019年2月15日5时40分42秒	通过fd发送了一次数据，fd为:2652
2019年2月15日5时40分42秒	通过fd发送了一次数据，fd为:2650
2019年2月15日5时40分42秒	通过fd发送了一次数据，fd为:2653
2019年2月15日5时40分42秒	通过fd发送了一次数据，fd为:2654
2019年2月15日5时40分42秒	通过fd发送了一次数据，fd为:2655
2019年2月15日5时40分42秒	通过fd发送了一次数据，fd为:2654
2019年2月15日5时40分42秒	通过fd发送了一次数据，fd为:2656
2019年2月15日5时40分42秒	通过fd发送了一次数据，fd为:2657
2019年2月15日5时40分42秒	通过fd发送了一次数据，fd为:2658
2019年2月15日5时40分42秒	通过fd发送了一次数据，fd为:2659
2019年2月15日5时40分42秒	通过fd发送了一次数据，fd为:2658
2019年2月15日5时40分42秒	通过fd发送了一次数据，fd为:
2660
2019年2月15日5时40分42秒	通过fd发送了一次数据，fd为:2661
2019年2月15日5时40分42秒	通过fd发送了一次数据，fd为:2662
2019年2月15日5时40分42秒	通过fd发送了一次数据，fd为:2663
2019年2月15日5时40分42秒	通过fd发送了一次数据，fd为:2664
2019年2月15日5时40分42秒	通过fd发送了一次数据，fd为:2665
2019年2月15日5时40分42秒	通过fd发送了一次数据，fd为:2666
2019年2月15日5时40分42秒	通过fd发送了一次数据，fd为:2667
2019年2月15日5时40分42秒	通过fd发送了一次数据，fd为:2668
2019年2月15日5时40分42秒	通过fd发送了一次数据，fd为:2669
2019年2月15日5时40分42秒	通过fd发送了一次数据，fd为:2670
2019年2月15日5时40分42秒	通过fd发送了一次数据，fd为:2669
2019年2月15日5时40分42秒	通过fd发送了一次数据，fd为:2671
2019年2月15日5时40分42秒	通过fd发送了一次数据，fd为:2672
2019年2月15日5时40分42秒	通过fd发送了一次数据，fd为:
2673
2019年2月15日5时40分42秒	通过fd发送了一次数据，fd为:2674
2019年2月15日5时40分42秒	通过fd发送了一次数据，fd为:2675
2019年2月15日5时40分42秒	通过fd发送了一次数据，fd为:2676
2019年2月15日5时40分42秒	通过fd发送了一次数据，fd为:2677
2019年2月15日5时40分42秒	通过fd发送了一次数据，fd为:2678
2019年2月15日5时40分42秒	通过fd发送了一次数据，fd为:2679
2019年2月15日5时40分42秒	通过fd发送了一次数据，fd为:2680
2019年2月15日5时40分42秒	通过fd发送了一次数据，fd为:2681
2019年2月15日5时40分42秒	通过fd发送了一次数据，fd为:2682
2019年2月15日5时40分42秒	通过fd发送了一次数据，fd为:2683
2019年2月15日5时40分42秒	通过fd发送了一次数据，fd为:2684
2019年2月15日5时40分42秒	通过fd发送了一次数据，fd为:2685
2019年2月15日5时40分42秒	通过fd发送了一次数据，fd为:2686
2019年2月15日5时40分42秒	通过fd发送了一次数据，fd为:2687

2673
2019年2月15日5时40分42秒	通过fd发送了一次数据，fd为:2674
2019年2月15日5时40分42秒	通过fd发送了一次数据，fd为:2675
2019年2月15日5时40分42秒	通过fd发送了一次数据，fd为:2676
2019年2月15日5时40分42秒	通过fd发送了一次数据，fd为:2677
2019年2月15日5时40分42秒	通过fd发送了一次数据，fd为:2678
2019年2月15日5时40分42秒	通过fd发送了一次数据，fd为:2679
2019年2月15日5时40分42秒	通过fd发送了一次数据，fd为:2680
2019年2月15日5时40分42秒	通过fd发送了一次数据，fd为:2681
2019年2月15日5时40分42秒	通过fd发送了一次数据，fd为:2682
2019年2月15日5时40分42秒	通过fd发送了一次数据，fd为:2683
2019年2月15日5时40分42秒	通过fd发送了一次数据，fd为:2684
2019年2月15日5时40分42秒	通过fd发送了一次数据，fd为:2685
2019年2月15日5时40分42秒	通过fd发送了一次数据，fd为:2686
2019年2月15日5时40分42秒	通过fd发送了一次数据，fd为:2687

2673
2019年2月15日5时40分42秒	通过fd发送了一次数据，fd为:2674
2019年2月15日5时40分42秒	通过fd发送了一次数据，fd为:2675
2019年2月15日5时40分42秒	通过fd发送了一次数据，fd为:2676
2019年2月15日5时40分42秒	通过fd发送了一次数据，fd为:2677
2019年2月15日5时40分42秒	通过fd发送了一次数据，fd为:2678
2019年2月15日5时40分42秒	通过fd发送了一次数据，fd为:2679
2019年2月15日5时40分42秒	通过fd发送了一次数据，fd为:2680
2019年2月15日5时40分42秒	通过fd发送了一次数据，fd为:2681
2019年2月15日5时40分42秒	通过fd发送了一次数据，fd为:2682
2019年2月15日5时40分42秒	通过fd发送了一次数据，fd为:2683
2019年2月15日5时40分42秒	通过fd发送了一次数据，fd为:2684
2019年2月15日5时40分42秒	通过fd发送了一次数据，fd为:2685
2019年2月15日5时40分42秒	通过fd发送了一次数据，fd为:2686
2019年2月15日5时40分42秒	通过fd发送了一次数据，fd为:2687

2019年2月15日5时40分42秒	通过fd发送了一次数据，fd为:2686
2019年2月15日5时40分42秒	通过fd发送了一次数据，fd为:2687
2019年2月15日5时40分42秒	通过fd发送了一次数据，fd为:2687
2019年2月15日5时40分42秒	通过fd发送了一次数据，fd为:2688
2019年2月15日5时40分42秒	通过fd发送了一次数据，fd为:2689
2019年2月15日5时40分42秒	通过fd发送了一次数据，fd为:2688
2019年2月15日5时40分42秒	通过fd发送了一次数据，fd为:2690
2019年2月15日5时40分42秒	通过fd发送了一次数据，fd为:2691
2019年2月15日5时40分42秒	通过fd发送了一次数据，fd为:2692
2019年2月15日5时40分42秒	通过fd发送了一次数据，fd为:2693
2019年2月15日5时40分42秒	通过fd发送了一次数据，fd为:2694
2019年2月15日5时40分42秒	通过fd发送了一次数据，fd为:2695
2019年2月15日5时40分42秒	通过fd发送了一次数据，fd为:2696
2019年2月15日5时40分42秒	通过fd发送了一次数据，fd为:
2697
2019年2月15日5时40分42秒	通过fd发送了一次数据，fd为:2698
2019年2月15日5时40分42秒	通过fd发送了一次数据，fd为:2699
2019年2月15日5时40分42秒	通过fd发送了一次数据，fd为:2700
2019年2月15日5时40分42秒	通过fd发送了一次数据，fd为:2701
2019年2月15日5时40分42秒	通过fd发送了一次数据，fd为:2702
2019年2月15日5时40分42秒	通过fd发送了一次数据，fd为:2703
2019年2月15日5时40分42秒	通过fd发送了一次数据，fd为:2704
2019年2月15日5时40分42秒	通过fd发送了一次数据，fd为:2705
2019年2月15日5时40分42秒	通过fd发送了一次数据，fd为:2706
2019年2月15日5时40分42秒	通过fd发送了一次数据，fd为:2707
2019年2月15日5时40分42秒	通过fd发送了一次数据，fd为:2708
2019年2月15日5时40分42秒	通过fd发送了一次数据，fd为:2709
2019年2月15日5时40分42秒	通过fd发送了一次数据，fd为:2710
2019年2月15日5时40分42秒	通过fd发送了一次数据，fd为:2711

2697
2019年2月15日5时40分42秒	通过fd发送了一次数据，fd为:2698
2019年2月15日5时40分42秒	通过fd发送了一次数据，fd为:2699
2019年2月15日5时40分42秒	通过fd发送了一次数据，fd为:2700
2019年2月15日5时40分42秒	通过fd发送了一次数据，fd为:2701
2019年2月15日5时40分42秒	通过fd发送了一次数据，fd为:2702
2019年2月15日5时40分42秒	通过fd发送了一次数据，fd为:2703
2019年2月15日5时40分42秒	通过fd发送了一次数据，fd为:2704
2019年2月15日5时40分42秒	通过fd发送了一次数据，fd为:2705
2019年2月15日5时40分42秒	通过fd发送了一次数据，fd为:2706
2019年2月15日5时40分42秒	通过fd发送了一次数据，fd为:2707
2019年2月15日5时40分42秒	通过fd发送了一次数据，fd为:2708
2019年2月15日5时40分42秒	通过fd发送了一次数据，fd为:2709
2019年2月15日5时40分42秒	通过fd发送了一次数据，fd为:2710
2019年2月15日5时40分42秒	通过fd发送了一次数据，fd为:2711

2697
2019年2月15日5时40分42秒	通过fd发送了一次数据，fd为:2698
2019年2月15日5时40分42秒	通过fd发送了一次数据，fd为:2699
2019年2月15日5时40分42秒	通过fd发送了一次数据，fd为:2700
2019年2月15日5时40分42秒	通过fd发送了一次数据，fd为:2701
2019年2月15日5时40分42秒	通过fd发送了一次数据，fd为:2702
2019年2月15日5时40分42秒	通过fd发送了一次数据，fd为:2703
2019年2月15日5时40分42秒	通过fd发送了一次数据，fd为:2704
2019年2月15日5时40分42秒	通过fd发送了一次数据，fd为:2705
2019年2月15日5时40分42秒	通过fd发送了一次数据，fd为:2706
2019年2月15日5时40分42秒	通过fd发送了一次数据，fd为:2707
2019年2月15日5时40分42秒	通过fd发送了一次数据，fd为:2708
2019年2月15日5时40分42秒	通过fd发送了一次数据，fd为:2709
2019年2月15日5时40分42秒	通过fd发送了一次数据，fd为:2710
2019年2月15日5时40分42秒	通过fd发送了一次数据，fd为:2711

2019年2月15日5时40分42秒	通过fd发送了一次数据，fd为:2712
2019年2月15日5时40分42秒	通过fd发送了一次数据，fd为:2713
2019年2月15日5时40分42秒	通过fd发送了一次数据，fd为:2714
2019年2月15日5时40分42秒	通过fd发送了一次数据，fd为:2715
2019年2月15日5时40分42秒	通过fd发送了一次数据，fd为:2716
2019年2月15日5时40分42秒	通过fd发送了一次数据，fd为:2717
2019年2月15日5时40分42秒	通过fd发送了一次数据，fd为:2716
2019年2月15日5时40分42秒	通过fd发送了一次数据，fd为:2718
2019年2月15日5时40分42秒	通过fd发送了一次数据，fd为:2719
2019年2月15日5时40分42秒	通过fd发送了一次数据，fd为:2720
2019年2月15日5时40分42秒	通过fd发送了一次数据，fd为:2721
2019年2月15日5时40分42秒	通过fd发送了一次数据，fd为:2722
2019年2月15日5时40分42秒	通过fd发送了一次数据，fd为:2723
2019年2月15日5时40分42秒	通过fd发送了一次数据，fd为:
2724
2019年2月15日5时40分42秒	通过fd发送了一次数据，fd为:2725
2019年2月15日5时40分42秒	通过fd发送了一次数据，fd为:2726
2019年2月15日5时40分42秒	通过fd发送了一次数据，fd为:2727
2019年2月15日5时40分42秒	通过fd发送了一次数据，fd为:2726
2019年2月15日5时40分42秒	通过fd发送了一次数据，fd为:2728
2019年2月15日5时40分42秒	通过fd发送了一次数据，fd为:2729
2019年2月15日5时40分42秒	通过fd发送了一次数据，fd为:2730
2019年2月15日5时40分42秒	通过fd发送了一次数据，fd为:2731
2019年2月15日5时40分42秒	通过fd发送了一次数据，fd为:2732
2019年2月15日5时40分42秒	通过fd发送了一次数据，fd为:2731
2019年2月15日5时40分42秒	通过fd发送了一次数据，fd为:2733
2019年2月15日5时40分42秒	通过fd发送了一次数据，fd为:2734
2019年2月15日5时40分42秒	通过fd发送了一次数据，fd为:2735
2019年2月15日5时40分42秒	通过fd发送了一次数据，fd为:
2736
2019年2月15日5时40分42秒	通过fd发送了一次数据，fd为:2737
2019年2月15日5时40分42秒	通过fd发送了一次数据，fd为:2736
2019年2月15日5时40分42秒	通过fd发送了一次数据，fd为:2738
2019年2月15日5时40分42秒	通过fd发送了一次数据，fd为:2736
2019年2月15日5时40分42秒	通过fd发送了一次数据，fd为:2739
2019年2月15日5时40分42秒	通过fd发送了一次数据，fd为:2740
2019年2月15日5时40分42秒	通过fd发送了一次数据，fd为:2739
2019年2月15日5时40分42秒	通过fd发送了一次数据，fd为:2741
2019年2月15日5时40分42秒	通过fd发送了一次数据，fd为:2742
2019年2月15日5时40分42秒	通过fd发送了一次数据，fd为:2741
2019年2月15日5时40分42秒	通过fd发送了一次数据，fd为:2743
2019年2月15日5时40分42秒	通过fd发送了一次数据，fd为:2741
2019年2月15日5时40分42秒	通过fd发送了一次数据，fd为:2743
2019年2月15日5时40分42秒	通过fd发送了一次数据，fd为:
2744
2019年2月15日5时40分42秒	通过fd发送了一次数据，fd为:2744
2019年2月15日5时40分42秒	通过fd发送了一次数据，fd为:2745
2019年2月15日5时40分42秒	通过fd发送了一次数据，fd为:2745
2019年2月15日5时40分42秒	通过fd发送了一次数据，fd为:2746
2019年2月15日5时40分42秒	通过fd发送了一次数据，fd为:2747
2019年2月15日5时40分42秒	通过fd发送了一次数据，fd为:2746
2019年2月15日5时40分42秒	通过fd发送了一次数据，fd为:2747
2019年2月15日5时40分42秒	通过fd发送了一次数据，fd为:2746
2019年2月15日5时40分42秒	通过fd发送了一次数据，fd为:2748
2019年2月15日5时40分42秒	通过fd发送了一次数据，fd为:2749
2019年2月15日5时40分42秒	通过fd发送了一次数据，fd为:2750
2019年2月15日5时40分42秒	通过fd发送了一次数据，fd为:2751
2019年2月15日5时40分42秒	通过fd发送了一次数据，fd为:2752
2019年2月15日5时40分42秒	通过fd发送了一次数据，fd为:
2753
2019年2月15日5时40分42秒	通过fd发送了一次数据，fd为:2754
2019年2月15日5时40分42秒	通过fd发送了一次数据，fd为:2755
2019年2月15日5时40分42秒	通过fd发送了一次数据，fd为:2754
2019年2月15日5时40分42秒	通过fd发送了一次数据，fd为:2756
2019年2月15日5时40分42秒	通过fd发送了一次数据，fd为:2754
2019年2月15日5时40分42秒	通过fd发送了一次数据，fd为:2756
2019年2月15日5时40分42秒	通过fd发送了一次数据，fd为:2757
2019年2月15日5时40分42秒	通过fd发送了一次数据，fd为:2758
2019年2月15日5时40分42秒	通过fd发送了一次数据，fd为:2759
2019年2月15日5时40分42秒	通过fd发送了一次数据，fd为:2760
2019年2月15日5时40分42秒	通过fd发送了一次数据，fd为:2759
2019年2月15日5时40分42秒	通过fd发送了一次数据，fd为:2761
2019年2月15日5时40分42秒	通过fd发送了一次数据，fd为:2759
2019年2月15日5时40分42秒	通过fd发送了一次数据，fd为:
2762
2019年2月15日5时40分42秒	通过fd发送了一次数据，fd为:2759
2019年2月15日5时40分42秒	通过fd发送了一次数据，fd为:2761
2019年2月15日5时40分42秒	通过fd发送了一次数据，fd为:2762
2019年2月15日5时40分42秒	通过fd发送了一次数据，fd为:2761
2019年2月15日5时40分42秒	通过fd发送了一次数据，fd为:2763
2019年2月15日5时40分42秒	通过fd发送了一次数据，fd为:2764
2019年2月15日5时40分42秒	通过fd发送了一次数据，fd为:2765
2019年2月15日5时40分42秒	通过fd发送了一次数据，fd为:2766
2019年2月15日5时40分42秒	通过fd发送了一次数据，fd为:2765
2019年2月15日5时40分42秒	通过fd发送了一次数据，fd为:2767
2019年2月15日5时40分42秒	通过fd发送了一次数据，fd为:2768
2019年2月15日5时40分42秒	通过fd发送了一次数据，fd为:2769
2019年2月15日5时40分42秒	通过fd发送了一次数据，fd为:2770
2019年2月15日5时40分42秒	通过fd发送了一次数据，fd为:2771

2762
2019年2月15日5时40分42秒	通过fd发送了一次数据，fd为:2759
2019年2月15日5时40分42秒	通过fd发送了一次数据，fd为:2761
2019年2月15日5时40分42秒	通过fd发送了一次数据，fd为:2762
2019年2月15日5时40分42秒	通过fd发送了一次数据，fd为:2761
2019年2月15日5时40分42秒	通过fd发送了一次数据，fd为:2763
2019年2月15日5时40分42秒	通过fd发送了一次数据，fd为:2764
2019年2月15日5时40分42秒	通过fd发送了一次数据，fd为:2765
2019年2月15日5时40分42秒	通过fd发送了一次数据，fd为:2766
2019年2月15日5时40分42秒	通过fd发送了一次数据，fd为:2765
2019年2月15日5时40分42秒	通过fd发送了一次数据，fd为:2767
2019年2月15日5时40分42秒	通过fd发送了一次数据，fd为:2768
2019年2月15日5时40分42秒	通过fd发送了一次数据，fd为:2769
2019年2月15日5时40分42秒	通过fd发送了一次数据，fd为:2770
2019年2月15日5时40分42秒	通过fd发送了一次数据，fd为:2771

2762
2019年2月15日5时40分42秒	通过fd发送了一次数据，fd为:2759
2019年2月15日5时40分42秒	通过fd发送了一次数据，fd为:2761
2019年2月15日5时40分42秒	通过fd发送了一次数据，fd为:2762
2019年2月15日5时40分42秒	通过fd发送了一次数据，fd为:2761
2019年2月15日5时40分42秒	通过fd发送了一次数据，fd为:2763
2019年2月15日5时40分42秒	通过fd发送了一次数据，fd为:2764
2019年2月15日5时40分42秒	通过fd发送了一次数据，fd为:2765
2019年2月15日5时40分42秒	通过fd发送了一次数据，fd为:2766
2019年2月15日5时40分42秒	通过fd发送了一次数据，fd为:2765
2019年2月15日5时40分42秒	通过fd发送了一次数据，fd为:2767
2019年2月15日5时40分42秒	通过fd发送了一次数据，fd为:2768
2019年2月15日5时40分42秒	通过fd发送了一次数据，fd为:2769
2019年2月15日5时40分42秒	通过fd发送了一次数据，fd为:2770
2019年2月15日5时40分42秒	通过fd发送了一次数据，fd为:2771

2019年2月15日5时40分42秒	通过fd发送了一次数据，fd为:2771
2019年2月15日5时40分42秒	通过fd发送了一次数据，fd为:2772
2019年2月15日5时40分42秒	通过fd发送了一次数据，fd为:2773
2019年2月15日5时40分42秒	通过fd发送了一次数据，fd为:2774
2019年2月15日5时40分42秒	通过fd发送了一次数据，fd为:2775
2019年2月15日5时40分42秒	通过fd发送了一次数据，fd为:2776
2019年2月15日5时40分42秒	通过fd发送了一次数据，fd为:2775
2019年2月15日5时40分42秒	通过fd发送了一次数据，fd为:2776
2019年2月15日5时40分42秒	通过fd发送了一次数据，fd为:2777
2019年2月15日5时40分42秒	通过fd发送了一次数据，fd为:2778
2019年2月15日5时40分42秒	通过fd发送了一次数据，fd为:2779
2019年2月15日5时40分42秒	通过fd发送了一次数据，fd为:2780
2019年2月15日5时40分42秒	通过fd发送了一次数据，fd为:2781
2019年2月15日5时40分42秒	通过fd发送了一次数据，fd为:
2782
2019年2月15日5时40分42秒	通过fd发送了一次数据，fd为:2781
2019年2月15日5时40分42秒	通过fd发送了一次数据，fd为:2782
2019年2月15日5时40分42秒	通过fd发送了一次数据，fd为:2783
2019年2月15日5时40分42秒	通过fd发送了一次数据，fd为:2782
2019年2月15日5时40分42秒	通过fd发送了一次数据，fd为:2784
2019年2月15日5时40分42秒	通过fd发送了一次数据，fd为:2785
2019年2月15日5时40分42秒	通过fd发送了一次数据，fd为:2786
2019年2月15日5时40分42秒	通过fd发送了一次数据，fd为:2787
2019年2月15日5时40分42秒	通过fd发送了一次数据，fd为:2786
2019年2月15日5时40分42秒	通过fd发送了一次数据，fd为:2787
2019年2月15日5时40分42秒	通过fd发送了一次数据，fd为:2788
2019年2月15日5时40分42秒	通过fd发送了一次数据，fd为:2789
2019年2月15日5时40分42秒	通过fd发送了一次数据，fd为:2790
2019年2月15日5时40分42秒	通过fd发送了一次数据，fd为:2789

2782
2019年2月15日5时40分42秒	通过fd发送了一次数据，fd为:2781
2019年2月15日5时40分42秒	通过fd发送了一次数据，fd为:2782
2019年2月15日5时40分42秒	通过fd发送了一次数据，fd为:2783
2019年2月15日5时40分42秒	通过fd发送了一次数据，fd为:2782
2019年2月15日5时40分42秒	通过fd发送了一次数据，fd为:2784
2019年2月15日5时40分42秒	通过fd发送了一次数据，fd为:2785
2019年2月15日5时40分42秒	通过fd发送了一次数据，fd为:2786
2019年2月15日5时40分42秒	通过fd发送了一次数据，fd为:2787
2019年2月15日5时40分42秒	通过fd发送了一次数据，fd为:2786
2019年2月15日5时40分42秒	通过fd发送了一次数据，fd为:2787
2019年2月15日5时40分42秒	通过fd发送了一次数据，fd为:2788
2019年2月15日5时40分42秒	通过fd发送了一次数据，fd为:2789
2019年2月15日5时40分42秒	通过fd发送了一次数据，fd为:2790
2019年2月15日5时40分42秒	通过fd发送了一次数据，fd为:2789

2782
2019年2月15日5时40分42秒	通过fd发送了一次数据，fd为:2781
2019年2月15日5时40分42秒	通过fd发送了一次数据，fd为:2782
2019年2月15日5时40分42秒	通过fd发送了一次数据，fd为:2783
2019年2月15日5时40分42秒	通过fd发送了一次数据，fd为:2782
2019年2月15日5时40分42秒	通过fd发送了一次数据，fd为:2784
2019年2月15日5时40分42秒	通过fd发送了一次数据，fd为:2785
2019年2月15日5时40分42秒	通过fd发送了一次数据，fd为:2786
2019年2月15日5时40分42秒	通过fd发送了一次数据，fd为:2787
2019年2月15日5时40分42秒	通过fd发送了一次数据，fd为:2786
2019年2月15日5时40分42秒	通过fd发送了一次数据，fd为:2787
2019年2月15日5时40分42秒	通过fd发送了一次数据，fd为:2788
2019年2月15日5时40分42秒	通过fd发送了一次数据，fd为:2789
2019年2月15日5时40分42秒	通过fd发送了一次数据，fd为:2790
2019年2月15日5时40分42秒	通过fd发送了一次数据，fd为:2789

2019年2月15日5时40分42秒	通过fd发送了一次数据，fd为:2790
2019年2月15日5时40分42秒	通过fd发送了一次数据，fd为:2789
2019年2月15日5时40分42秒	通过fd发送了一次数据，fd为:2791
2019年2月15日5时40分42秒	通过fd发送了一次数据，fd为:2789
2019年2月15日5时40分42秒	通过fd发送了一次数据，fd为:2791
2019年2月15日5时40分42秒	通过fd发送了一次数据，fd为:2792
2019年2月15日5时40分42秒	通过fd发送了一次数据，fd为:2793
2019年2月15日5时40分42秒	通过fd发送了一次数据，fd为:2794
2019年2月15日5时40分42秒	通过fd发送了一次数据，fd为:2794
2019年2月15日5时40分42秒	通过fd发送了一次数据，fd为:2795
2019年2月15日5时40分42秒	通过fd发送了一次数据，fd为:2796
2019年2月15日5时40分42秒	通过fd发送了一次数据，fd为:2797
2019年2月15日5时40分42秒	通过fd发送了一次数据，fd为:2798
2019年2月15日5时40分42秒	通过fd发送了一次数据，fd为:
2798
2019年2月15日5时40分42秒	通过fd发送了一次数据，fd为:2799
2019年2月15日5时40分42秒	通过fd发送了一次数据，fd为:2800
2019年2月15日5时40分42秒	通过fd发送了一次数据，fd为:2801
2019年2月15日5时40分42秒	通过fd发送了一次数据，fd为:2802
2019年2月15日5时40分42秒	通过fd发送了一次数据，fd为:2803
2019年2月15日5时40分42秒	通过fd发送了一次数据，fd为:2802
2019年2月15日5时40分42秒	通过fd发送了一次数据，fd为:2804
2019年2月15日5时40分42秒	通过fd发送了一次数据，fd为:2802
2019年2月15日5时40分42秒	通过fd发送了一次数据，fd为:2805
2019年2月15日5时40分42秒	通过fd发送了一次数据，fd为:2806
2019年2月15日5时40分42秒	通过fd发送了一次数据，fd为:2805
2019年2月15日5时40分42秒	通过fd发送了一次数据，fd为:2807
2019年2月15日5时40分42秒	通过fd发送了一次数据，fd为:2808
2019年2月15日5时40分42秒	通过fd发送了一次数据，fd为:2809

2798
2019年2月15日5时40分42秒	通过fd发送了一次数据，fd为:2799
2019年2月15日5时40分42秒	通过fd发送了一次数据，fd为:2800
2019年2月15日5时40分42秒	通过fd发送了一次数据，fd为:2801
2019年2月15日5时40分42秒	通过fd发送了一次数据，fd为:2802
2019年2月15日5时40分42秒	通过fd发送了一次数据，fd为:2803
2019年2月15日5时40分42秒	通过fd发送了一次数据，fd为:2802
2019年2月15日5时40分42秒	通过fd发送了一次数据，fd为:2804
2019年2月15日5时40分42秒	通过fd发送了一次数据，fd为:2802
2019年2月15日5时40分42秒	通过fd发送了一次数据，fd为:2805
2019年2月15日5时40分42秒	通过fd发送了一次数据，fd为:2806
2019年2月15日5时40分42秒	通过fd发送了一次数据，fd为:2805
2019年2月15日5时40分42秒	通过fd发送了一次数据，fd为:2807
2019年2月15日5时40分42秒	通过fd发送了一次数据，fd为:2808
2019年2月15日5时40分42秒	通过fd发送了一次数据，fd为:2809

2798
2019年2月15日5时40分42秒	通过fd发送了一次数据，fd为:2799
2019年2月15日5时40分42秒	通过fd发送了一次数据，fd为:2800
2019年2月15日5时40分42秒	通过fd发送了一次数据，fd为:2801
2019年2月15日5时40分42秒	通过fd发送了一次数据，fd为:2802
2019年2月15日5时40分42秒	通过fd发送了一次数据，fd为:2803
2019年2月15日5时40分42秒	通过fd发送了一次数据，fd为:2802
2019年2月15日5时40分42秒	通过fd发送了一次数据，fd为:2804
2019年2月15日5时40分42秒	通过fd发送了一次数据，fd为:2802
2019年2月15日5时40分42秒	通过fd发送了一次数据，fd为:2805
2019年2月15日5时40分42秒	通过fd发送了一次数据，fd为:2806
2019年2月15日5时40分42秒	通过fd发送了一次数据，fd为:2805
2019年2月15日5时40分42秒	通过fd发送了一次数据，fd为:2807
2019年2月15日5时40分42秒	通过fd发送了一次数据，fd为:2808
2019年2月15日5时40分42秒	通过fd发送了一次数据，fd为:2809

2019年2月15日5时40分42秒	通过fd发送了一次数据，fd为:2810
2019年2月15日5时40分42秒	通过fd发送了一次数据，fd为:2811
2019年2月15日5时40分42秒	通过fd发送了一次数据，fd为:2811
2019年2月15日5时40分42秒	通过fd发送了一次数据，fd为:2812
2019年2月15日5时40分42秒	通过fd发送了一次数据，fd为:2811
2019年2月15日5时40分42秒	通过fd发送了一次数据，fd为:2813
2019年2月15日5时40分42秒	通过fd发送了一次数据，fd为:2814
2019年2月15日5时40分42秒	通过fd发送了一次数据，fd为:2815
2019年2月15日5时40分42秒	通过fd发送了一次数据，fd为:2816
2019年2月15日5时40分42秒	通过fd发送了一次数据，fd为:2817
2019年2月15日5时40分42秒	通过fd发送了一次数据，fd为:2818
2019年2月15日5时40分42秒	通过fd发送了一次数据，fd为:2817
2019年2月15日5时40分42秒	通过fd发送了一次数据，fd为:2817
2019年2月15日5时40分42秒	通过fd发送了一次数据，fd为:
2819
2019年2月15日5时40分42秒	通过fd发送了一次数据，fd为:2820
2019年2月15日5时40分42秒	通过fd发送了一次数据，fd为:2821
2019年2月15日5时40分42秒	通过fd发送了一次数据，fd为:2822
2019年2月15日5时40分42秒	通过fd发送了一次数据，fd为:2823
2019年2月15日5时40分42秒	通过fd发送了一次数据，fd为:2824
2019年2月15日5时40分42秒	通过fd发送了一次数据，fd为:2825
2019年2月15日5时40分42秒	通过fd发送了一次数据，fd为:2826
2019年2月15日5时40分42秒	通过fd发送了一次数据，fd为:2825
2019年2月15日5时40分42秒	通过fd发送了一次数据，fd为:2827
2019年2月15日5时40分42秒	通过fd发送了一次数据，fd为:2828
2019年2月15日5时40分42秒	通过fd发送了一次数据，fd为:2829
2019年2月15日5时40分42秒	通过fd发送了一次数据，fd为:2830
2019年2月15日5时40分42秒	通过fd发送了一次数据，fd为:2831
2019年2月15日5时40分42秒	通过fd发送了一次数据，fd为:2832

2819
2019年2月15日5时40分42秒	通过fd发送了一次数据，fd为:2820
2019年2月15日5时40分42秒	通过fd发送了一次数据，fd为:2821
2019年2月15日5时40分42秒	通过fd发送了一次数据，fd为:2822
2019年2月15日5时40分42秒	通过fd发送了一次数据，fd为:2823
2019年2月15日5时40分42秒	通过fd发送了一次数据，fd为:2824
2019年2月15日5时40分42秒	通过fd发送了一次数据，fd为:2825
2019年2月15日5时40分42秒	通过fd发送了一次数据，fd为:2826
2019年2月15日5时40分42秒	通过fd发送了一次数据，fd为:2825
2019年2月15日5时40分42秒	通过fd发送了一次数据，fd为:2827
2019年2月15日5时40分42秒	通过fd发送了一次数据，fd为:2828
2019年2月15日5时40分42秒	通过fd发送了一次数据，fd为:2829
2019年2月15日5时40分42秒	通过fd发送了一次数据，fd为:2830
2019年2月15日5时40分42秒	通过fd发送了一次数据，fd为:2831
2019年2月15日5时40分42秒	通过fd发送了一次数据，fd为:2832

2819
2019年2月15日5时40分42秒	通过fd发送了一次数据，fd为:2820
2019年2月15日5时40分42秒	通过fd发送了一次数据，fd为:2821
2019年2月15日5时40分42秒	通过fd发送了一次数据，fd为:2822
2019年2月15日5时40分42秒	通过fd发送了一次数据，fd为:2823
2019年2月15日5时40分42秒	通过fd发送了一次数据，fd为:2824
2019年2月15日5时40分42秒	通过fd发送了一次数据，fd为:2825
2019年2月15日5时40分42秒	通过fd发送了一次数据，fd为:2826
2019年2月15日5时40分42秒	通过fd发送了一次数据，fd为:2825
2019年2月15日5时40分42秒	通过fd发送了一次数据，fd为:2827
2019年2月15日5时40分42秒	通过fd发送了一次数据，fd为:2828
2019年2月15日5时40分42秒	通过fd发送了一次数据，fd为:2829
2019年2月15日5时40分42秒	通过fd发送了一次数据，fd为:2830
2019年2月15日5时40分42秒	通过fd发送了一次数据，fd为:2831
2019年2月15日5时40分42秒	通过fd发送了一次数据，fd为:2832

2019年2月15日5时40分42秒	通过fd发送了一次数据，fd为:2831
2019年2月15日5时40分42秒	通过fd发送了一次数据，fd为:2833
2019年2月15日5时40分42秒	通过fd发送了一次数据，fd为:2834
2019年2月15日5时40分42秒	通过fd发送了一次数据，fd为:2833
2019年2月15日5时40分42秒	通过fd发送了一次数据，fd为:2834
2019年2月15日5时40分42秒	通过fd发送了一次数据，fd为:2835
2019年2月15日5时40分42秒	通过fd发送了一次数据，fd为:2836
2019年2月15日5时40分42秒	通过fd发送了一次数据，fd为:2837
2019年2月15日5时40分42秒	通过fd发送了一次数据，fd为:2836
2019年2月15日5时40分42秒	通过fd发送了一次数据，fd为:2837
2019年2月15日5时40分42秒	通过fd发送了一次数据，fd为:2838
2019年2月15日5时40分42秒	通过fd发送了一次数据，fd为:2837
2019年2月15日5时40分42秒	通过fd发送了一次数据，fd为:2839
2019年2月15日5时40分42秒	通过fd发送了一次数据，fd为:
2840
2019年2月15日5时40分42秒	通过fd发送了一次数据，fd为:2841
2019年2月15日5时40分42秒	通过fd发送了一次数据，fd为:2842
2019年2月15日5时40分42秒	通过fd发送了一次数据，fd为:2843
2019年2月15日5时40分42秒	通过fd发送了一次数据，fd为:2842
2019年2月15日5时40分42秒	通过fd发送了一次数据，fd为:2842
2019年2月15日5时40分42秒	通过fd发送了一次数据，fd为:2844
2019年2月15日5时40分42秒	通过fd发送了一次数据，fd为:2845
2019年2月15日5时40分42秒	通过fd发送了一次数据，fd为:2846
2019年2月15日5时40分42秒	通过fd发送了一次数据，fd为:2847
2019年2月15日5时40分42秒	通过fd发送了一次数据，fd为:2848
2019年2月15日5时40分42秒	通过fd发送了一次数据，fd为:2847
2019年2月15日5时40分42秒	通过fd发送了一次数据，fd为:2849
2019年2月15日5时40分42秒	通过fd发送了一次数据，fd为:2850
2019年2月15日5时40分42秒	通过fd发送了一次数据，fd为:2849

2840
2019年2月15日5时40分42秒	通过fd发送了一次数据，fd为:2841
2019年2月15日5时40分42秒	通过fd发送了一次数据，fd为:2842
2019年2月15日5时40分42秒	通过fd发送了一次数据，fd为:2843
2019年2月15日5时40分42秒	通过fd发送了一次数据，fd为:2842
2019年2月15日5时40分42秒	通过fd发送了一次数据，fd为:2842
2019年2月15日5时40分42秒	通过fd发送了一次数据，fd为:2844
2019年2月15日5时40分42秒	通过fd发送了一次数据，fd为:2845
2019年2月15日5时40分42秒	通过fd发送了一次数据，fd为:2846
2019年2月15日5时40分42秒	通过fd发送了一次数据，fd为:2847
2019年2月15日5时40分42秒	通过fd发送了一次数据，fd为:2848
2019年2月15日5时40分42秒	通过fd发送了一次数据，fd为:2847
2019年2月15日5时40分42秒	通过fd发送了一次数据，fd为:2849
2019年2月15日5时40分42秒	通过fd发送了一次数据，fd为:2850
2019年2月15日5时40分42秒	通过fd发送了一次数据，fd为:2849

2840
2019年2月15日5时40分42秒	通过fd发送了一次数据，fd为:2841
2019年2月15日5时40分42秒	通过fd发送了一次数据，fd为:2842
2019年2月15日5时40分42秒	通过fd发送了一次数据，fd为:2843
2019年2月15日5时40分42秒	通过fd发送了一次数据，fd为:2842
2019年2月15日5时40分42秒	通过fd发送了一次数据，fd为:2842
2019年2月15日5时40分42秒	通过fd发送了一次数据，fd为:2844
2019年2月15日5时40分42秒	通过fd发送了一次数据，fd为:2845
2019年2月15日5时40分42秒	通过fd发送了一次数据，fd为:2846
2019年2月15日5时40分42秒	通过fd发送了一次数据，fd为:2847
2019年2月15日5时40分42秒	通过fd发送了一次数据，fd为:2848
2019年2月15日5时40分42秒	通过fd发送了一次数据，fd为:2847
2019年2月15日5时40分42秒	通过fd发送了一次数据，fd为:2849
2019年2月15日5时40分42秒	通过fd发送了一次数据，fd为:2850
2019年2月15日5时40分42秒	通过fd发送了一次数据，fd为:2849

2019年2月15日5时40分42秒	通过fd发送了一次数据，fd为:2851
2019年2月15日5时40分42秒	通过fd发送了一次数据，fd为:2852
2019年2月15日5时40分42秒	通过fd发送了一次数据，fd为:2853
2019年2月15日5时40分42秒	通过fd发送了一次数据，fd为:2852
2019年2月15日5时40分42秒	通过fd发送了一次数据，fd为:2854
2019年2月15日5时40分42秒	通过fd发送了一次数据，fd为:2855
2019年2月15日5时40分42秒	通过fd发送了一次数据，fd为:2854
2019年2月15日5时40分42秒	通过fd发送了一次数据，fd为:2856
2019年2月15日5时40分42秒	通过fd发送了一次数据，fd为:2857
2019年2月15日5时40分42秒	通过fd发送了一次数据，fd为:2858
2019年2月15日5时40分42秒	通过fd发送了一次数据，fd为:2857
2019年2月15日5时40分42秒	通过fd发送了一次数据，fd为:2859
2019年2月15日5时40分42秒	通过fd发送了一次数据，fd为:2859
2019年2月15日5时40分42秒	通过fd发送了一次数据，fd为:
2860
2019年2月15日5时40分42秒	通过fd发送了一次数据，fd为:2861
2019年2月15日5时40分42秒	通过fd发送了一次数据，fd为:2862
2019年2月15日5时40分42秒	通过fd发送了一次数据，fd为:2863
2019年2月15日5时40分42秒	通过fd发送了一次数据，fd为:2864
2019年2月15日5时40分42秒	通过fd发送了一次数据，fd为:2865
2019年2月15日5时40分42秒	通过fd发送了一次数据，fd为:2866
2019年2月15日5时40分42秒	通过fd发送了一次数据，fd为:2867
2019年2月15日5时40分42秒	通过fd发送了一次数据，fd为:2868
2019年2月15日5时40分42秒	通过fd发送了一次数据，fd为:2869
2019年2月15日5时40分42秒	通过fd发送了一次数据，fd为:2870
2019年2月15日5时40分42秒	通过fd发送了一次数据，fd为:2871
2019年2月15日5时40分42秒	通过fd发送了一次数据，fd为:2870
2019年2月15日5时40分42秒	通过fd发送了一次数据，fd为:2872
2019年2月15日5时40分42秒	通过fd发送了一次数据，fd为:2873

2860
2019年2月15日5时40分42秒	通过fd发送了一次数据，fd为:2861
2019年2月15日5时40分42秒	通过fd发送了一次数据，fd为:2862
2019年2月15日5时40分42秒	通过fd发送了一次数据，fd为:2863
2019年2月15日5时40分42秒	通过fd发送了一次数据，fd为:2864
2019年2月15日5时40分42秒	通过fd发送了一次数据，fd为:2865
2019年2月15日5时40分42秒	通过fd发送了一次数据，fd为:2866
2019年2月15日5时40分42秒	通过fd发送了一次数据，fd为:2867
2019年2月15日5时40分42秒	通过fd发送了一次数据，fd为:2868
2019年2月15日5时40分42秒	通过fd发送了一次数据，fd为:2869
2019年2月15日5时40分42秒	通过fd发送了一次数据，fd为:2870
2019年2月15日5时40分42秒	通过fd发送了一次数据，fd为:2871
2019年2月15日5时40分42秒	通过fd发送了一次数据，fd为:2870
2019年2月15日5时40分42秒	通过fd发送了一次数据，fd为:2872
2019年2月15日5时40分42秒	通过fd发送了一次数据，fd为:2873

2860
2019年2月15日5时40分42秒	通过fd发送了一次数据，fd为:2861
2019年2月15日5时40分42秒	通过fd发送了一次数据，fd为:2862
2019年2月15日5时40分42秒	通过fd发送了一次数据，fd为:2863
2019年2月15日5时40分42秒	通过fd发送了一次数据，fd为:2864
2019年2月15日5时40分42秒	通过fd发送了一次数据，fd为:2865
2019年2月15日5时40分42秒	通过fd发送了一次数据，fd为:2866
2019年2月15日5时40分42秒	通过fd发送了一次数据，fd为:2867
2019年2月15日5时40分42秒	通过fd发送了一次数据，fd为:2868
2019年2月15日5时40分42秒	通过fd发送了一次数据，fd为:2869
2019年2月15日5时40分42秒	通过fd发送了一次数据，fd为:2870
2019年2月15日5时40分42秒	通过fd发送了一次数据，fd为:2871
2019年2月15日5时40分42秒	通过fd发送了一次数据，fd为:2870
2019年2月15日5时40分42秒	通过fd发送了一次数据，fd为:2872
2019年2月15日5时40分42秒	通过fd发送了一次数据，fd为:2873

2019年2月15日5时40分42秒	通过fd发送了一次数据，fd为:2872
2019年2月15日5时40分42秒	通过fd发送了一次数据，fd为:2874
2019年2月15日5时40分42秒	通过fd发送了一次数据，fd为:2875
2019年2月15日5时40分42秒	通过fd发送了一次数据，fd为:2876
2019年2月15日5时40分42秒	通过fd发送了一次数据，fd为:2877
2019年2月15日5时40分42秒	通过fd发送了一次数据，fd为:2878
2019年2月15日5时40分42秒	通过fd发送了一次数据，fd为:2879
2019年2月15日5时40分42秒	通过fd发送了一次数据，fd为:2880
2019年2月15日5时40分42秒	通过fd发送了一次数据，fd为:2881
2019年2月15日5时40分42秒	通过fd发送了一次数据，fd为:2882
2019年2月15日5时40分42秒	通过fd发送了一次数据，fd为:2883
2019年2月15日5时40分42秒	通过fd发送了一次数据，fd为:2883
2019年2月15日5时40分42秒	通过fd发送了一次数据，fd为:2884
2019年2月15日5时40分42秒	通过fd发送了一次数据，fd为:
2885
2019年2月15日5时40分42秒	通过fd发送了一次数据，fd为:2884
2019年2月15日5时40分42秒	通过fd发送了一次数据，fd为:2886
2019年2月15日5时40分42秒	通过fd发送了一次数据，fd为:2886
2019年2月15日5时40分42秒	通过fd发送了一次数据，fd为:2886
2019年2月15日5时40分42秒	通过fd发送了一次数据，fd为:2887
2019年2月15日5时40分42秒	通过fd发送了一次数据，fd为:2888
2019年2月15日5时40分42秒	通过fd发送了一次数据，fd为:2887
2019年2月15日5时40分42秒	通过fd发送了一次数据，fd为:2889
2019年2月15日5时40分42秒	通过fd发送了一次数据，fd为:2890
2019年2月15日5时40分42秒	通过fd发送了一次数据，fd为:2891
2019年2月15日5时40分42秒	通过fd发送了一次数据，fd为:2891
2019年2月15日5时40分42秒	通过fd发送了一次数据，fd为:2892
2019年2月15日5时40分42秒	通过fd发送了一次数据，fd为:2893
2019年2月15日5时40分42秒	通过fd发送了一次数据，fd为:2892

2885
2019年2月15日5时40分42秒	通过fd发送了一次数据，fd为:2884
2019年2月15日5时40分42秒	通过fd发送了一次数据，fd为:2886
2019年2月15日5时40分42秒	通过fd发送了一次数据，fd为:2886
2019年2月15日5时40分42秒	通过fd发送了一次数据，fd为:2886
2019年2月15日5时40分42秒	通过fd发送了一次数据，fd为:2887
2019年2月15日5时40分42秒	通过fd发送了一次数据，fd为:2888
2019年2月15日5时40分42秒	通过fd发送了一次数据，fd为:2887
2019年2月15日5时40分42秒	通过fd发送了一次数据，fd为:2889
2019年2月15日5时40分42秒	通过fd发送了一次数据，fd为:2890
2019年2月15日5时40分42秒	通过fd发送了一次数据，fd为:2891
2019年2月15日5时40分42秒	通过fd发送了一次数据，fd为:2891
2019年2月15日5时40分42秒	通过fd发送了一次数据，fd为:2892
2019年2月15日5时40分42秒	通过fd发送了一次数据，fd为:2893
2019年2月15日5时40分42秒	通过fd发送了一次数据，fd为:2892

2885
2019年2月15日5时40分42秒	通过fd发送了一次数据，fd为:2884
2019年2月15日5时40分42秒	通过fd发送了一次数据，fd为:2886
2019年2月15日5时40分42秒	通过fd发送了一次数据，fd为:2886
2019年2月15日5时40分42秒	通过fd发送了一次数据，fd为:2886
2019年2月15日5时40分42秒	通过fd发送了一次数据，fd为:2887
2019年2月15日5时40分42秒	通过fd发送了一次数据，fd为:2888
2019年2月15日5时40分42秒	通过fd发送了一次数据，fd为:2887
2019年2月15日5时40分42秒	通过fd发送了一次数据，fd为:2889
2019年2月15日5时40分42秒	通过fd发送了一次数据，fd为:2890
2019年2月15日5时40分42秒	通过fd发送了一次数据，fd为:2891
2019年2月15日5时40分42秒	通过fd发送了一次数据，fd为:2891
2019年2月15日5时40分42秒	通过fd发送了一次数据，fd为:2892
2019年2月15日5时40分42秒	通过fd发送了一次数据，fd为:2893
2019年2月15日5时40分42秒	通过fd发送了一次数据，fd为:2892

2019年2月15日5时40分42秒	通过fd发送了一次数据，fd为:2894
2019年2月15日5时40分42秒	通过fd发送了一次数据，fd为:2895
2019年2月15日5时40分42秒	通过fd发送了一次数据，fd为:2896
2019年2月15日5时40分42秒	通过fd发送了一次数据，fd为:2897
2019年2月15日5时40分42秒	通过fd发送了一次数据，fd为:2896
2019年2月15日5时40分42秒	通过fd发送了一次数据，fd为:2898
2019年2月15日5时40分42秒	通过fd发送了一次数据，fd为:2899
2019年2月15日5时40分42秒	通过fd发送了一次数据，fd为:2900
2019年2月15日5时40分42秒	通过fd发送了一次数据，fd为:2901
2019年2月15日5时40分42秒	通过fd发送了一次数据，fd为:2900
2019年2月15日5时40分42秒	通过fd发送了一次数据，fd为:2902
2019年2月15日5时40分42秒	通过fd发送了一次数据，fd为:2903
2019年2月15日5时40分42秒	通过fd发送了一次数据，fd为:2904
2019年2月15日5时40分42秒	通过fd发送了一次数据，fd为:
2905
2019年2月15日5时40分42秒	通过fd发送了一次数据，fd为:2906
2019年2月15日5时40分42秒	通过fd发送了一次数据，fd为:2907
2019年2月15日5时40分42秒	通过fd发送了一次数据，fd为:2906
2019年2月15日5时40分42秒	通过fd发送了一次数据，fd为:2908
2019年2月15日5时40分42秒	通过fd发送了一次数据，fd为:2909
2019年2月15日5时40分42秒	通过fd发送了一次数据，fd为:2908
2019年2月15日5时40分42秒	通过fd发送了一次数据，fd为:2910
2019年2月15日5时40分43秒	通过fd发送了一次数据，fd为:2911
2019年2月15日5时40分43秒	通过fd发送了一次数据，fd为:2912
2019年2月15日5时40分43秒	通过fd发送了一次数据，fd为:2912
2019年2月15日5时40分43秒	通过fd发送了一次数据，fd为:2913
2019年2月15日5时40分43秒	通过fd发送了一次数据，fd为:2914
2019年2月15日5时40分43秒	通过fd发送了一次数据，fd为:2913
2019年2月15日5时40分43秒	通过fd发送了一次数据，fd为:
2915
2019年2月15日5时40分43秒	通过fd发送了一次数据，fd为:2916
2019年2月15日5时40分43秒	通过fd发送了一次数据，fd为:2917
2019年2月15日5时40分43秒	通过fd发送了一次数据，fd为:2918
2019年2月15日5时40分43秒	通过fd发送了一次数据，fd为:2919
2019年2月15日5时40分43秒	通过fd发送了一次数据，fd为:2920
2019年2月15日5时40分43秒	通过fd发送了一次数据，fd为:2921
2019年2月15日5时40分43秒	通过fd发送了一次数据，fd为:2922
2019年2月15日5时40分43秒	通过fd发送了一次数据，fd为:2921
2019年2月15日5时40分43秒	通过fd发送了一次数据，fd为:2923
2019年2月15日5时40分43秒	通过fd发送了一次数据，fd为:2923
2019年2月15日5时40分43秒	通过fd发送了一次数据，fd为:2924
2019年2月15日5时40分43秒	通过fd发送了一次数据，fd为:2925
2019年2月15日5时40分43秒	通过fd发送了一次数据，fd为:2926
2019年2月15日5时40分43秒	通过fd发送了一次数据，fd为:
2927
2019年2月15日5时40分43秒	通过fd发送了一次数据，fd为:2928
2019年2月15日5时40分43秒	通过fd发送了一次数据，fd为:2929
2019年2月15日5时40分43秒	通过fd发送了一次数据，fd为:2930
2019年2月15日5时40分43秒	通过fd发送了一次数据，fd为:2929
2019年2月15日5时40分43秒	通过fd发送了一次数据，fd为:2931
2019年2月15日5时40分43秒	通过fd发送了一次数据，fd为:2929
2019年2月15日5时40分43秒	通过fd发送了一次数据，fd为:2932
2019年2月15日5时40分43秒	通过fd发送了一次数据，fd为:2933
2019年2月15日5时40分43秒	通过fd发送了一次数据，fd为:2934
2019年2月15日5时40分43秒	通过fd发送了一次数据，fd为:2935
2019年2月15日5时40分43秒	通过fd发送了一次数据，fd为:2936
2019年2月15日5时40分43秒	通过fd发送了一次数据，fd为:2937
2019年2月15日5时40分43秒	通过fd发送了一次数据，fd为:2938
2019年2月15日5时40分43秒	通过fd发送了一次数据，fd为:2939

2927
2019年2月15日5时40分43秒	通过fd发送了一次数据，fd为:2928
2019年2月15日5时40分43秒	通过fd发送了一次数据，fd为:2929
2019年2月15日5时40分43秒	通过fd发送了一次数据，fd为:2930
2019年2月15日5时40分43秒	通过fd发送了一次数据，fd为:2929
2019年2月15日5时40分43秒	通过fd发送了一次数据，fd为:2931
2019年2月15日5时40分43秒	通过fd发送了一次数据，fd为:2929
2019年2月15日5时40分43秒	通过fd发送了一次数据，fd为:2932
2019年2月15日5时40分43秒	通过fd发送了一次数据，fd为:2933
2019年2月15日5时40分43秒	通过fd发送了一次数据，fd为:2934
2019年2月15日5时40分43秒	通过fd发送了一次数据，fd为:2935
2019年2月15日5时40分43秒	通过fd发送了一次数据，fd为:2936
2019年2月15日5时40分43秒	通过fd发送了一次数据，fd为:2937
2019年2月15日5时40分43秒	通过fd发送了一次数据，fd为:2938
2019年2月15日5时40分43秒	通过fd发送了一次数据，fd为:2939

2927
2019年2月15日5时40分43秒	通过fd发送了一次数据，fd为:2928
2019年2月15日5时40分43秒	通过fd发送了一次数据，fd为:2929
2019年2月15日5时40分43秒	通过fd发送了一次数据，fd为:2930
2019年2月15日5时40分43秒	通过fd发送了一次数据，fd为:2929
2019年2月15日5时40分43秒	通过fd发送了一次数据，fd为:2931
2019年2月15日5时40分43秒	通过fd发送了一次数据，fd为:2929
2019年2月15日5时40分43秒	通过fd发送了一次数据，fd为:2932
2019年2月15日5时40分43秒	通过fd发送了一次数据，fd为:2933
2019年2月15日5时40分43秒	通过fd发送了一次数据，fd为:2934
2019年2月15日5时40分43秒	通过fd发送了一次数据，fd为:2935
2019年2月15日5时40分43秒	通过fd发送了一次数据，fd为:2936
2019年2月15日5时40分43秒	通过fd发送了一次数据，fd为:2937
2019年2月15日5时40分43秒	通过fd发送了一次数据，fd为:2938
2019年2月15日5时40分43秒	通过fd发送了一次数据，fd为:2939

2019年2月15日5时40分43秒	通过fd发送了一次数据，fd为:2940
2019年2月15日5时40分43秒	通过fd发送了一次数据，fd为:2941
2019年2月15日5时40分43秒	通过fd发送了一次数据，fd为:2942
2019年2月15日5时40分43秒	通过fd发送了一次数据，fd为:2943
2019年2月15日5时40分43秒	通过fd发送了一次数据，fd为:2944
2019年2月15日5时40分43秒	通过fd发送了一次数据，fd为:2945
2019年2月15日5时40分43秒	通过fd发送了一次数据，fd为:2946
2019年2月15日5时40分43秒	通过fd发送了一次数据，fd为:2947
2019年2月15日5时40分43秒	通过fd发送了一次数据，fd为:2948
2019年2月15日5时40分43秒	通过fd发送了一次数据，fd为:2949
2019年2月15日5时40分43秒	通过fd发送了一次数据，fd为:2950
2019年2月15日5时40分43秒	通过fd发送了一次数据，fd为:2951
2019年2月15日5时40分43秒	通过fd发送了一次数据，fd为:2952
2019年2月15日5时40分43秒	通过fd发送了一次数据，fd为:
2951
2019年2月15日5时40分43秒	通过fd发送了一次数据，fd为:2953
2019年2月15日5时40分43秒	通过fd发送了一次数据，fd为:2954
2019年2月15日5时40分43秒	通过fd发送了一次数据，fd为:2953
2019年2月15日5时40分43秒	通过fd发送了一次数据，fd为:2954
2019年2月15日5时40分43秒	通过fd发送了一次数据，fd为:2955
2019年2月15日5时40分43秒	通过fd发送了一次数据，fd为:2954
2019年2月15日5时40分43秒	通过fd发送了一次数据，fd为:2954
2019年2月15日5时40分43秒	通过fd发送了一次数据，fd为:2956
2019年2月15日5时40分43秒	通过fd发送了一次数据，fd为:2957
2019年2月15日5时40分43秒	通过fd发送了一次数据，fd为:2956
2019年2月15日5时40分43秒	通过fd发送了一次数据，fd为:2958
2019年2月15日5时40分43秒	通过fd发送了一次数据，fd为:2959
2019年2月15日5时40分43秒	通过fd发送了一次数据，fd为:2958
2019年2月15日5时40分43秒	通过fd发送了一次数据，fd为:2958

2951
2019年2月15日5时40分43秒	通过fd发送了一次数据，fd为:2953
2019年2月15日5时40分43秒	通过fd发送了一次数据，fd为:2954
2019年2月15日5时40分43秒	通过fd发送了一次数据，fd为:2953
2019年2月15日5时40分43秒	通过fd发送了一次数据，fd为:2954
2019年2月15日5时40分43秒	通过fd发送了一次数据，fd为:2955
2019年2月15日5时40分43秒	通过fd发送了一次数据，fd为:2954
2019年2月15日5时40分43秒	通过fd发送了一次数据，fd为:2954
2019年2月15日5时40分43秒	通过fd发送了一次数据，fd为:2956
2019年2月15日5时40分43秒	通过fd发送了一次数据，fd为:2957
2019年2月15日5时40分43秒	通过fd发送了一次数据，fd为:2956
2019年2月15日5时40分43秒	通过fd发送了一次数据，fd为:2958
2019年2月15日5时40分43秒	通过fd发送了一次数据，fd为:2959
2019年2月15日5时40分43秒	通过fd发送了一次数据，fd为:2958
2019年2月15日5时40分43秒	通过fd发送了一次数据，fd为:2958

2951
2019年2月15日5时40分43秒	通过fd发送了一次数据，fd为:2953
2019年2月15日5时40分43秒	通过fd发送了一次数据，fd为:2954
2019年2月15日5时40分43秒	通过fd发送了一次数据，fd为:2953
2019年2月15日5时40分43秒	通过fd发送了一次数据，fd为:2954
2019年2月15日5时40分43秒	通过fd发送了一次数据，fd为:2955
2019年2月15日5时40分43秒	通过fd发送了一次数据，fd为:2954
2019年2月15日5时40分43秒	通过fd发送了一次数据，fd为:2954
2019年2月15日5时40分43秒	通过fd发送了一次数据，fd为:2956
2019年2月15日5时40分43秒	通过fd发送了一次数据，fd为:2957
2019年2月15日5时40分43秒	通过fd发送了一次数据，fd为:2956
2019年2月15日5时40分43秒	通过fd发送了一次数据，fd为:2958
2019年2月15日5时40分43秒	通过fd发送了一次数据，fd为:2959
2019年2月15日5时40分43秒	通过fd发送了一次数据，fd为:2958
2019年2月15日5时40分43秒	通过fd发送了一次数据，fd为:2958

2019年2月15日5时40分43秒	通过fd发送了一次数据，fd为:2958
2019年2月15日5时40分43秒	通过fd发送了一次数据，fd为:2960
2019年2月15日5时40分43秒	通过fd发送了一次数据，fd为:2961
2019年2月15日5时40分43秒	通过fd发送了一次数据，fd为:2962
2019年2月15日5时40分43秒	通过fd发送了一次数据，fd为:2961
2019年2月15日5时40分43秒	通过fd发送了一次数据，fd为:2963
2019年2月15日5时40分43秒	通过fd发送了一次数据，fd为:2964
2019年2月15日5时40分43秒	通过fd发送了一次数据，fd为:2965
2019年2月15日5时40分43秒	通过fd发送了一次数据，fd为:2966
2019年2月15日5时40分43秒	通过fd发送了一次数据，fd为:2967
2019年2月15日5时40分43秒	通过fd发送了一次数据，fd为:2968
2019年2月15日5时40分43秒	通过fd发送了一次数据，fd为:2969
2019年2月15日5时40分43秒	通过fd发送了一次数据，fd为:2970
2019年2月15日5时40分43秒	通过fd发送了一次数据，fd为:
2971
2019年2月15日5时40分43秒	通过fd发送了一次数据，fd为:2972
2019年2月15日5时40分43秒	通过fd发送了一次数据，fd为:2973
2019年2月15日5时40分43秒	通过fd发送了一次数据，fd为:2974
2019年2月15日5时40分43秒	通过fd发送了一次数据，fd为:2975
2019年2月15日5时40分43秒	通过fd发送了一次数据，fd为:2976
2019年2月15日5时40分43秒	通过fd发送了一次数据，fd为:2977
2019年2月15日5时40分43秒	通过fd发送了一次数据，fd为:2978
2019年2月15日5时40分43秒	通过fd发送了一次数据，fd为:2979
2019年2月15日5时40分43秒	通过fd发送了一次数据，fd为:2980
2019年2月15日5时40分43秒	通过fd发送了一次数据，fd为:2981
2019年2月15日5时40分43秒	通过fd发送了一次数据，fd为:2980
2019年2月15日5时40分43秒	通过fd发送了一次数据，fd为:2982
2019年2月15日5时40分43秒	通过fd发送了一次数据，fd为:2983
2019年2月15日5时40分43秒	通过fd发送了一次数据，fd为:
2984
2019年2月15日5时40分43秒	通过fd发送了一次数据，fd为:2984
2019年2月15日5时40分43秒	通过fd发送了一次数据，fd为:2985
2019年2月15日5时40分43秒	通过fd发送了一次数据，fd为:2986
2019年2月15日5时40分43秒	通过fd发送了一次数据，fd为:2985
2019年2月15日5时40分43秒	通过fd发送了一次数据，fd为:2986
2019年2月15日5时40分43秒	通过fd发送了一次数据，fd为:2987
2019年2月15日5时40分43秒	通过fd发送了一次数据，fd为:2986
2019年2月15日5时40分43秒	通过fd发送了一次数据，fd为:2988
2019年2月15日5时40分43秒	通过fd发送了一次数据，fd为:2986
2019年2月15日5时40分43秒	通过fd发送了一次数据，fd为:2989
2019年2月15日5时40分43秒	通过fd发送了一次数据，fd为:2990
2019年2月15日5时40分43秒	通过fd发送了一次数据，fd为:2991
2019年2月15日5时40分43秒	通过fd发送了一次数据，fd为:2992
2019年2月15日5时40分43秒	通过fd发送了一次数据，fd为:
2993
2019年2月15日5时40分43秒	通过fd发送了一次数据，fd为:2994
2019年2月15日5时40分43秒	通过fd发送了一次数据，fd为:2993
2019年2月15日5时40分43秒	通过fd发送了一次数据，fd为:2995
2019年2月15日5时40分43秒	通过fd发送了一次数据，fd为:2996
2019年2月15日5时40分43秒	通过fd发送了一次数据，fd为:2997
2019年2月15日5时40分43秒	通过fd发送了一次数据，fd为:2998
2019年2月15日5时40分43秒	通过fd发送了一次数据，fd为:2997
2019年2月15日5时40分43秒	通过fd发送了一次数据，fd为:2998
2019年2月15日5时40分43秒	通过fd发送了一次数据，fd为:2999
2019年2月15日5时40分43秒	通过fd发送了一次数据，fd为:3000
2019年2月15日5时40分43秒	通过fd发送了一次数据，fd为:2999
2019年2月15日5时40分43秒	通过fd发送了一次数据，fd为:2999
2019年2月15日5时40分43秒	通过fd发送了一次数据，fd为:3001
2019年2月15日5时40分43秒	通过fd发送了一次数据，fd为:
3002
2019年2月15日5时40分43秒	通过fd发送了一次数据，fd为:3002
2019年2月15日5时40分43秒	通过fd发送了一次数据，fd为:3003
2019年2月15日5时40分43秒	通过fd发送了一次数据，fd为:3002
2019年2月15日5时40分43秒	通过fd发送了一次数据，fd为:3004
2019年2月15日5时40分43秒	通过fd发送了一次数据，fd为:3005
2019年2月15日5时40分43秒	通过fd发送了一次数据，fd为:3006
2019年2月15日5时40分43秒	通过fd发送了一次数据，fd为:3007
2019年2月15日5时40分43秒	通过fd发送了一次数据，fd为:3007
2019年2月15日5时40分43秒	通过fd发送了一次数据，fd为:3008
2019年2月15日5时40分43秒	通过fd发送了一次数据，fd为:3009
2019年2月15日5时40分43秒	通过fd发送了一次数据，fd为:3009
2019年2月15日5时40分43秒	通过fd发送了一次数据，fd为:3010
2019年2月15日5时40分43秒	通过fd发送了一次数据，fd为:3009
2019年2月15日5时40分43秒	通过fd发送了一次数据，fd为:
3011
2019年2月15日5时40分43秒	通过fd发送了一次数据，fd为:3011
2019年2月15日5时40分43秒	通过fd发送了一次数据，fd为:3012
2019年2月15日5时40分43秒	通过fd发送了一次数据，fd为:3013
2019年2月15日5时40分43秒	通过fd发送了一次数据，fd为:3014
2019年2月15日5时40分43秒	通过fd发送了一次数据，fd为:3013
2019年2月15日5时40分43秒	通过fd发送了一次数据，fd为:3014
2019年2月15日5时40分43秒	通过fd发送了一次数据，fd为:3015
2019年2月15日5时40分43秒	通过fd发送了一次数据，fd为:3016
2019年2月15日5时40分43秒	通过fd发送了一次数据，fd为:3015
2019年2月15日5时40分43秒	通过fd发送了一次数据，fd为:3017
2019年2月15日5时40分43秒	通过fd发送了一次数据，fd为:3018
2019年2月15日5时40分43秒	通过fd发送了一次数据，fd为:3019
2019年2月15日5时40分43秒	通过fd发送了一次数据，fd为:3020
2019年2月15日5时40分43秒	通过fd发送了一次数据，fd为:
3021
2019年2月15日5时40分43秒	通过fd发送了一次数据，fd为:3020
2019年2月15日5时40分43秒	通过fd发送了一次数据，fd为:3022
2019年2月15日5时40分43秒	通过fd发送了一次数据，fd为:3023
2019年2月15日5时40分43秒	通过fd发送了一次数据，fd为:3024
2019年2月15日5时40分43秒	通过fd发送了一次数据，fd为:3025
2019年2月15日5时40分43秒	通过fd发送了一次数据，fd为:3026
2019年2月15日5时40分43秒	通过fd发送了一次数据，fd为:3027
2019年2月15日5时40分43秒	通过fd发送了一次数据，fd为:3028
2019年2月15日5时40分43秒	通过fd发送了一次数据，fd为:3029
2019年2月15日5时40分43秒	通过fd发送了一次数据，fd为:3030
2019年2月15日5时40分43秒	通过fd发送了一次数据，fd为:3030
2019年2月15日5时40分43秒	通过fd发送了一次数据，fd为:3031
2019年2月15日5时40分43秒	通过fd发送了一次数据，fd为:3032
2019年2月15日5时40分43秒	通过fd发送了一次数据，fd为:
3033
2019年2月15日5时40分43秒	通过fd发送了一次数据，fd为:3034
2019年2月15日5时40分43秒	通过fd发送了一次数据，fd为:3035
2019年2月15日5时40分43秒	通过fd发送了一次数据，fd为:3036
2019年2月15日5时40分43秒	通过fd发送了一次数据，fd为:3036
2019年2月15日5时40分43秒	通过fd发送了一次数据，fd为:3037
2019年2月15日5时40分43秒	通过fd发送了一次数据，fd为:3038
2019年2月15日5时40分43秒	通过fd发送了一次数据，fd为:3039
2019年2月15日5时40分43秒	通过fd发送了一次数据，fd为:3040
2019年2月15日5时40分43秒	通过fd发送了一次数据，fd为:3041
2019年2月15日5时40分43秒	通过fd发送了一次数据，fd为:3040
2019年2月15日5时40分43秒	通过fd发送了一次数据，fd为:3042
2019年2月15日5时40分43秒	通过fd发送了一次数据，fd为:3043
2019年2月15日5时40分43秒	通过fd发送了一次数据，fd为:3044
2019年2月15日5时40分43秒	通过fd发送了一次数据，fd为:3045

3033
2019年2月15日5时40分43秒	通过fd发送了一次数据，fd为:3034
2019年2月15日5时40分43秒	通过fd发送了一次数据，fd为:3035
2019年2月15日5时40分43秒	通过fd发送了一次数据，fd为:3036
2019年2月15日5时40分43秒	通过fd发送了一次数据，fd为:3036
2019年2月15日5时40分43秒	通过fd发送了一次数据，fd为:3037
2019年2月15日5时40分43秒	通过fd发送了一次数据，fd为:3038
2019年2月15日5时40分43秒	通过fd发送了一次数据，fd为:3039
2019年2月15日5时40分43秒	通过fd发送了一次数据，fd为:3040
2019年2月15日5时40分43秒	通过fd发送了一次数据，fd为:3041
2019年2月15日5时40分43秒	通过fd发送了一次数据，fd为:3040
2019年2月15日5时40分43秒	通过fd发送了一次数据，fd为:3042
2019年2月15日5时40分43秒	通过fd发送了一次数据，fd为:3043
2019年2月15日5时40分43秒	通过fd发送了一次数据，fd为:3044
2019年2月15日5时40分43秒	通过fd发送了一次数据，fd为:3045

3033
2019年2月15日5时40分43秒	通过fd发送了一次数据，fd为:3034
2019年2月15日5时40分43秒	通过fd发送了一次数据，fd为:3035
2019年2月15日5时40分43秒	通过fd发送了一次数据，fd为:3036
2019年2月15日5时40分43秒	通过fd发送了一次数据，fd为:3036
2019年2月15日5时40分43秒	通过fd发送了一次数据，fd为:3037
2019年2月15日5时40分43秒	通过fd发送了一次数据，fd为:3038
2019年2月15日5时40分43秒	通过fd发送了一次数据，fd为:3039
2019年2月15日5时40分43秒	通过fd发送了一次数据，fd为:3040
2019年2月15日5时40分43秒	通过fd发送了一次数据，fd为:3041
2019年2月15日5时40分43秒	通过fd发送了一次数据，fd为:3040
2019年2月15日5时40分43秒	通过fd发送了一次数据，fd为:3042
2019年2月15日5时40分43秒	通过fd发送了一次数据，fd为:3043
2019年2月15日5时40分43秒	通过fd发送了一次数据，fd为:3044
2019年2月15日5时40分43秒	通过fd发送了一次数据，fd为:3045

2019年2月15日5时40分43秒	通过fd发送了一次数据，fd为:3045
2019年2月15日5时40分43秒	通过fd发送了一次数据，fd为:3045
2019年2月15日5时40分43秒	通过fd发送了一次数据，fd为:3046
2019年2月15日5时40分43秒	通过fd发送了一次数据，fd为:3047
2019年2月15日5时40分43秒	通过fd发送了一次数据，fd为:3048
2019年2月15日5时40分43秒	通过fd发送了一次数据，fd为:3049
2019年2月15日5时40分43秒	通过fd发送了一次数据，fd为:3050
2019年2月15日5时40分43秒	通过fd发送了一次数据，fd为:3051
2019年2月15日5时40分43秒	通过fd发送了一次数据，fd为:3052
2019年2月15日5时40分43秒	通过fd发送了一次数据，fd为:3051
2019年2月15日5时40分43秒	通过fd发送了一次数据，fd为:3053
2019年2月15日5时40分43秒	通过fd发送了一次数据，fd为:3054
2019年2月15日5时40分43秒	通过fd发送了一次数据，fd为:3055
2019年2月15日5时40分43秒	通过fd发送了一次数据，fd为:
3056
2019年2月15日5时40分43秒	通过fd发送了一次数据，fd为:3057
2019年2月15日5时40分43秒	通过fd发送了一次数据，fd为:3058
2019年2月15日5时40分43秒	通过fd发送了一次数据，fd为:3057
2019年2月15日5时40分43秒	通过fd发送了一次数据，fd为:3058
2019年2月15日5时40分43秒	通过fd发送了一次数据，fd为:3059
2019年2月15日5时40分43秒	通过fd发送了一次数据，fd为:3060
2019年2月15日5时40分43秒	通过fd发送了一次数据，fd为:3061
2019年2月15日5时40分43秒	通过fd发送了一次数据，fd为:3062
2019年2月15日5时40分43秒	通过fd发送了一次数据，fd为:3062
2019年2月15日5时40分43秒	通过fd发送了一次数据，fd为:3063
2019年2月15日5时40分43秒	通过fd发送了一次数据，fd为:3062
2019年2月15日5时40分43秒	通过fd发送了一次数据，fd为:3064
2019年2月15日5时40分43秒	通过fd发送了一次数据，fd为:3064
2019年2月15日5时40分43秒	通过fd发送了一次数据，fd为:3065

3056
2019年2月15日5时40分43秒	通过fd发送了一次数据，fd为:3057
2019年2月15日5时40分43秒	通过fd发送了一次数据，fd为:3058
2019年2月15日5时40分43秒	通过fd发送了一次数据，fd为:3057
2019年2月15日5时40分43秒	通过fd发送了一次数据，fd为:3058
2019年2月15日5时40分43秒	通过fd发送了一次数据，fd为:3059
2019年2月15日5时40分43秒	通过fd发送了一次数据，fd为:3060
2019年2月15日5时40分43秒	通过fd发送了一次数据，fd为:3061
2019年2月15日5时40分43秒	通过fd发送了一次数据，fd为:3062
2019年2月15日5时40分43秒	通过fd发送了一次数据，fd为:3062
2019年2月15日5时40分43秒	通过fd发送了一次数据，fd为:3063
2019年2月15日5时40分43秒	通过fd发送了一次数据，fd为:3062
2019年2月15日5时40分43秒	通过fd发送了一次数据，fd为:3064
2019年2月15日5时40分43秒	通过fd发送了一次数据，fd为:3064
2019年2月15日5时40分43秒	通过fd发送了一次数据，fd为:3065

3056
2019年2月15日5时40分43秒	通过fd发送了一次数据，fd为:3057
2019年2月15日5时40分43秒	通过fd发送了一次数据，fd为:3058
2019年2月15日5时40分43秒	通过fd发送了一次数据，fd为:3057
2019年2月15日5时40分43秒	通过fd发送了一次数据，fd为:3058
2019年2月15日5时40分43秒	通过fd发送了一次数据，fd为:3059
2019年2月15日5时40分43秒	通过fd发送了一次数据，fd为:3060
2019年2月15日5时40分43秒	通过fd发送了一次数据，fd为:3061
2019年2月15日5时40分43秒	通过fd发送了一次数据，fd为:3062
2019年2月15日5时40分43秒	通过fd发送了一次数据，fd为:3062
2019年2月15日5时40分43秒	通过fd发送了一次数据，fd为:3063
2019年2月15日5时40分43秒	通过fd发送了一次数据，fd为:3062
2019年2月15日5时40分43秒	通过fd发送了一次数据，fd为:3064
2019年2月15日5时40分43秒	通过fd发送了一次数据，fd为:3064
2019年2月15日5时40分43秒	通过fd发送了一次数据，fd为:3065

2019年2月15日5时40分43秒	通过fd发送了一次数据，fd为:3066
2019年2月15日5时40分43秒	通过fd发送了一次数据，fd为:3066
2019年2月15日5时40分43秒	通过fd发送了一次数据，fd为:3067
2019年2月15日5时40分43秒	通过fd发送了一次数据，fd为:3068
2019年2月15日5时40分43秒	通过fd发送了一次数据，fd为:3069
2019年2月15日5时40分43秒	通过fd发送了一次数据，fd为:3070
2019年2月15日5时40分43秒	通过fd发送了一次数据，fd为:3071
2019年2月15日5时40分43秒	通过fd发送了一次数据，fd为:3071
2019年2月15日5时40分43秒	通过fd发送了一次数据，fd为:3072
2019年2月15日5时40分43秒	通过fd发送了一次数据，fd为:3073
2019年2月15日5时40分43秒	通过fd发送了一次数据，fd为:3073
2019年2月15日5时40分43秒	通过fd发送了一次数据，fd为:3074
2019年2月15日5时40分43秒	通过fd发送了一次数据，fd为:3075
2019年2月15日5时40分43秒	通过fd发送了一次数据，fd为:
3076
2019年2月15日5时40分43秒	通过fd发送了一次数据，fd为:3077
2019年2月15日5时40分43秒	通过fd发送了一次数据，fd为:3078
2019年2月15日5时40分43秒	通过fd发送了一次数据，fd为:3077
2019年2月15日5时40分43秒	通过fd发送了一次数据，fd为:3079
2019年2月15日5时40分43秒	通过fd发送了一次数据，fd为:3080
2019年2月15日5时40分43秒	通过fd发送了一次数据，fd为:3081
2019年2月15日5时40分43秒	通过fd发送了一次数据，fd为:3082
2019年2月15日5时40分43秒	通过fd发送了一次数据，fd为:3081
2019年2月15日5时40分43秒	通过fd发送了一次数据，fd为:3083
2019年2月15日5时40分43秒	通过fd发送了一次数据，fd为:3084
2019年2月15日5时40分43秒	通过fd发送了一次数据，fd为:3085
2019年2月15日5时40分43秒	通过fd发送了一次数据，fd为:3086
2019年2月15日5时40分43秒	通过fd发送了一次数据，fd为:3085
2019年2月15日5时40分43秒	通过fd发送了一次数据，fd为:
3087
2019年2月15日5时40分43秒	通过fd发送了一次数据，fd为:3088
2019年2月15日5时40分43秒	通过fd发送了一次数据，fd为:3089
2019年2月15日5时40分43秒	通过fd发送了一次数据，fd为:3090
2019年2月15日5时40分43秒	通过fd发送了一次数据，fd为:3091
2019年2月15日5时40分43秒	通过fd发送了一次数据，fd为:3090
2019年2月15日5时40分43秒	通过fd发送了一次数据，fd为:3092
2019年2月15日5时40分43秒	通过fd发送了一次数据，fd为:3092
2019年2月15日5时40分43秒	通过fd发送了一次数据，fd为:3093
2019年2月15日5时40分43秒	通过fd发送了一次数据，fd为:3092
2019年2月15日5时40分43秒	通过fd发送了一次数据，fd为:3094
2019年2月15日5时40分43秒	通过fd发送了一次数据，fd为:3095
2019年2月15日5时40分43秒	通过fd发送了一次数据，fd为:3096
2019年2月15日5时40分43秒	通过fd发送了一次数据，fd为:3097
2019年2月15日5时40分43秒	通过fd发送了一次数据，fd为:
3098
2019年2月15日5时40分43秒	通过fd发送了一次数据，fd为:3097
2019年2月15日5时40分43秒	通过fd发送了一次数据，fd为:3099
2019年2月15日5时40分43秒	通过fd发送了一次数据，fd为:3097
2019年2月15日5时40分43秒	通过fd发送了一次数据，fd为:3100
2019年2月15日5时40分43秒	通过fd发送了一次数据，fd为:3101
2019年2月15日5时40分43秒	通过fd发送了一次数据，fd为:3100
2019年2月15日5时40分43秒	通过fd发送了一次数据，fd为:3102
2019年2月15日5时40分43秒	通过fd发送了一次数据，fd为:3103
2019年2月15日5时40分43秒	通过fd发送了一次数据，fd为:3104
2019年2月15日5时40分43秒	通过fd发送了一次数据，fd为:3105
2019年2月15日5时40分43秒	通过fd发送了一次数据，fd为:3106
2019年2月15日5时40分43秒	通过fd发送了一次数据，fd为:3105
2019年2月15日5时40分43秒	通过fd发送了一次数据，fd为:3106
2019年2月15日5时40分43秒	通过fd发送了一次数据，fd为:3107

3098
2019年2月15日5时40分43秒	通过fd发送了一次数据，fd为:3097
2019年2月15日5时40分43秒	通过fd发送了一次数据，fd为:3099
2019年2月15日5时40分43秒	通过fd发送了一次数据，fd为:3097
2019年2月15日5时40分43秒	通过fd发送了一次数据，fd为:3100
2019年2月15日5时40分43秒	通过fd发送了一次数据，fd为:3101
2019年2月15日5时40分43秒	通过fd发送了一次数据，fd为:3100
2019年2月15日5时40分43秒	通过fd发送了一次数据，fd为:3102
2019年2月15日5时40分43秒	通过fd发送了一次数据，fd为:3103
2019年2月15日5时40分43秒	通过fd发送了一次数据，fd为:3104
2019年2月15日5时40分43秒	通过fd发送了一次数据，fd为:3105
2019年2月15日5时40分43秒	通过fd发送了一次数据，fd为:3106
2019年2月15日5时40分43秒	通过fd发送了一次数据，fd为:3105
2019年2月15日5时40分43秒	通过fd发送了一次数据，fd为:3106
2019年2月15日5时40分43秒	通过fd发送了一次数据，fd为:3107

3098
2019年2月15日5时40分43秒	通过fd发送了一次数据，fd为:3097
2019年2月15日5时40分43秒	通过fd发送了一次数据，fd为:3099
2019年2月15日5时40分43秒	通过fd发送了一次数据，fd为:3097
2019年2月15日5时40分43秒	通过fd发送了一次数据，fd为:3100
2019年2月15日5时40分43秒	通过fd发送了一次数据，fd为:3101
2019年2月15日5时40分43秒	通过fd发送了一次数据，fd为:3100
2019年2月15日5时40分43秒	通过fd发送了一次数据，fd为:3102
2019年2月15日5时40分43秒	通过fd发送了一次数据，fd为:3103
2019年2月15日5时40分43秒	通过fd发送了一次数据，fd为:3104
2019年2月15日5时40分43秒	通过fd发送了一次数据，fd为:3105
2019年2月15日5时40分43秒	通过fd发送了一次数据，fd为:3106
2019年2月15日5时40分43秒	通过fd发送了一次数据，fd为:3105
2019年2月15日5时40分43秒	通过fd发送了一次数据，fd为:3106
2019年2月15日5时40分43秒	通过fd发送了一次数据，fd为:3107

2019年2月15日5时40分43秒	通过fd发送了一次数据，fd为:3106
2019年2月15日5时40分43秒	通过fd发送了一次数据，fd为:3108
2019年2月15日5时40分43秒	通过fd发送了一次数据，fd为:3106
2019年2月15日5时40分43秒	通过fd发送了一次数据，fd为:3109
2019年2月15日5时40分43秒	通过fd发送了一次数据，fd为:3106
2019年2月15日5时40分43秒	通过fd发送了一次数据，fd为:3106
2019年2月15日5时40分43秒	通过fd发送了一次数据，fd为:3110
2019年2月15日5时40分43秒	通过fd发送了一次数据，fd为:3111
2019年2月15日5时40分43秒	通过fd发送了一次数据，fd为:3112
2019年2月15日5时40分43秒	通过fd发送了一次数据，fd为:3113
2019年2月15日5时40分43秒	通过fd发送了一次数据，fd为:3114
2019年2月15日5时40分43秒	通过fd发送了一次数据，fd为:3115
2019年2月15日5时40分43秒	通过fd发送了一次数据，fd为:3116
2019年2月15日5时40分43秒	通过fd发送了一次数据，fd为:
3117
2019年2月15日5时40分43秒	通过fd发送了一次数据，fd为:3116
2019年2月15日5时40分43秒	通过fd发送了一次数据，fd为:3117
2019年2月15日5时40分43秒	通过fd发送了一次数据，fd为:3118
2019年2月15日5时40分43秒	通过fd发送了一次数据，fd为:3119
2019年2月15日5时40分43秒	通过fd发送了一次数据，fd为:3120
2019年2月15日5时40分43秒	通过fd发送了一次数据，fd为:3121
2019年2月15日5时40分43秒	通过fd发送了一次数据，fd为:3122
2019年2月15日5时40分43秒	通过fd发送了一次数据，fd为:3121
2019年2月15日5时40分43秒	通过fd发送了一次数据，fd为:3123
2019年2月15日5时40分43秒	通过fd发送了一次数据，fd为:3124
2019年2月15日5时40分43秒	通过fd发送了一次数据，fd为:3125
2019年2月15日5时40分43秒	通过fd发送了一次数据，fd为:3126
2019年2月15日5时40分43秒	通过fd发送了一次数据，fd为:3127
2019年2月15日5时40分43秒	通过fd发送了一次数据，fd为:3128

3117
2019年2月15日5时40分43秒	通过fd发送了一次数据，fd为:3116
2019年2月15日5时40分43秒	通过fd发送了一次数据，fd为:3117
2019年2月15日5时40分43秒	通过fd发送了一次数据，fd为:3118
2019年2月15日5时40分43秒	通过fd发送了一次数据，fd为:3119
2019年2月15日5时40分43秒	通过fd发送了一次数据，fd为:3120
2019年2月15日5时40分43秒	通过fd发送了一次数据，fd为:3121
2019年2月15日5时40分43秒	通过fd发送了一次数据，fd为:3122
2019年2月15日5时40分43秒	通过fd发送了一次数据，fd为:3121
2019年2月15日5时40分43秒	通过fd发送了一次数据，fd为:3123
2019年2月15日5时40分43秒	通过fd发送了一次数据，fd为:3124
2019年2月15日5时40分43秒	通过fd发送了一次数据，fd为:3125
2019年2月15日5时40分43秒	通过fd发送了一次数据，fd为:3126
2019年2月15日5时40分43秒	通过fd发送了一次数据，fd为:3127
2019年2月15日5时40分43秒	通过fd发送了一次数据，fd为:3128

3117
2019年2月15日5时40分43秒	通过fd发送了一次数据，fd为:3116
2019年2月15日5时40分43秒	通过fd发送了一次数据，fd为:3117
2019年2月15日5时40分43秒	通过fd发送了一次数据，fd为:3118
2019年2月15日5时40分43秒	通过fd发送了一次数据，fd为:3119
2019年2月15日5时40分43秒	通过fd发送了一次数据，fd为:3120
2019年2月15日5时40分43秒	通过fd发送了一次数据，fd为:3121
2019年2月15日5时40分43秒	通过fd发送了一次数据，fd为:3122
2019年2月15日5时40分43秒	通过fd发送了一次数据，fd为:3121
2019年2月15日5时40分43秒	通过fd发送了一次数据，fd为:3123
2019年2月15日5时40分43秒	通过fd发送了一次数据，fd为:3124
2019年2月15日5时40分43秒	通过fd发送了一次数据，fd为:3125
2019年2月15日5时40分43秒	通过fd发送了一次数据，fd为:3126
2019年2月15日5时40分43秒	通过fd发送了一次数据，fd为:3127
2019年2月15日5时40分43秒	通过fd发送了一次数据，fd为:3128

2019年2月15日5时40分43秒	通过fd发送了一次数据，fd为:3129
2019年2月15日5时40分43秒	通过fd发送了一次数据，fd为:3128
2019年2月15日5时40分43秒	通过fd发送了一次数据，fd为:3130
2019年2月15日5时40分43秒	通过fd发送了一次数据，fd为:3131
2019年2月15日5时40分43秒	通过fd发送了一次数据，fd为:3130
2019年2月15日5时40分43秒	通过fd发送了一次数据，fd为:3132
2019年2月15日5时40分43秒	通过fd发送了一次数据，fd为:3133
2019年2月15日5时40分43秒	通过fd发送了一次数据，fd为:3134
2019年2月15日5时40分43秒	通过fd发送了一次数据，fd为:3135
2019年2月15日5时40分43秒	通过fd发送了一次数据，fd为:3136
2019年2月15日5时40分43秒	通过fd发送了一次数据，fd为:3135
2019年2月15日5时40分43秒	通过fd发送了一次数据，fd为:3137
2019年2月15日5时40分43秒	通过fd发送了一次数据，fd为:3138
2019年2月15日5时40分43秒	通过fd发送了一次数据，fd为:
3139
2019年2月15日5时40分43秒	通过fd发送了一次数据，fd为:3140
2019年2月15日5时40分43秒	通过fd发送了一次数据，fd为:3141
2019年2月15日5时40分43秒	通过fd发送了一次数据，fd为:3142
2019年2月15日5时40分43秒	通过fd发送了一次数据，fd为:3143
2019年2月15日5时40分43秒	通过fd发送了一次数据，fd为:3144
2019年2月15日5时40分43秒	通过fd发送了一次数据，fd为:3145
2019年2月15日5时40分43秒	通过fd发送了一次数据，fd为:3146
2019年2月15日5时40分43秒	通过fd发送了一次数据，fd为:3147
2019年2月15日5时40分43秒	通过fd发送了一次数据，fd为:3148
2019年2月15日5时40分43秒	通过fd发送了一次数据，fd为:3149
2019年2月15日5时40分43秒	通过fd发送了一次数据，fd为:3150
2019年2月15日5时40分43秒	通过fd发送了一次数据，fd为:3149
2019年2月15日5时40分43秒	通过fd发送了一次数据，fd为:3151
2019年2月15日5时40分43秒	通过fd发送了一次数据，fd为:3152

3139
2019年2月15日5时40分43秒	通过fd发送了一次数据，fd为:3140
2019年2月15日5时40分43秒	通过fd发送了一次数据，fd为:3141
2019年2月15日5时40分43秒	通过fd发送了一次数据，fd为:3142
2019年2月15日5时40分43秒	通过fd发送了一次数据，fd为:3143
2019年2月15日5时40分43秒	通过fd发送了一次数据，fd为:3144
2019年2月15日5时40分43秒	通过fd发送了一次数据，fd为:3145
2019年2月15日5时40分43秒	通过fd发送了一次数据，fd为:3146
2019年2月15日5时40分43秒	通过fd发送了一次数据，fd为:3147
2019年2月15日5时40分43秒	通过fd发送了一次数据，fd为:3148
2019年2月15日5时40分43秒	通过fd发送了一次数据，fd为:3149
2019年2月15日5时40分43秒	通过fd发送了一次数据，fd为:3150
2019年2月15日5时40分43秒	通过fd发送了一次数据，fd为:3149
2019年2月15日5时40分43秒	通过fd发送了一次数据，fd为:3151
2019年2月15日5时40分43秒	通过fd发送了一次数据，fd为:3152

3139
2019年2月15日5时40分43秒	通过fd发送了一次数据，fd为:3140
2019年2月15日5时40分43秒	通过fd发送了一次数据，fd为:3141
2019年2月15日5时40分43秒	通过fd发送了一次数据，fd为:3142
2019年2月15日5时40分43秒	通过fd发送了一次数据，fd为:3143
2019年2月15日5时40分43秒	通过fd发送了一次数据，fd为:3144
2019年2月15日5时40分43秒	通过fd发送了一次数据，fd为:3145
2019年2月15日5时40分43秒	通过fd发送了一次数据，fd为:3146
2019年2月15日5时40分43秒	通过fd发送了一次数据，fd为:3147
2019年2月15日5时40分43秒	通过fd发送了一次数据，fd为:3148
2019年2月15日5时40分43秒	通过fd发送了一次数据，fd为:3149
2019年2月15日5时40分43秒	通过fd发送了一次数据，fd为:3150
2019年2月15日5时40分43秒	通过fd发送了一次数据，fd为:3149
2019年2月15日5时40分43秒	通过fd发送了一次数据，fd为:3151
2019年2月15日5时40分43秒	通过fd发送了一次数据，fd为:3152

2019年2月15日5时40分43秒	通过fd发送了一次数据，fd为:3153
2019年2月15日5时40分43秒	通过fd发送了一次数据，fd为:3154
2019年2月15日5时40分43秒	通过fd发送了一次数据，fd为:3155
2019年2月15日5时40分43秒	通过fd发送了一次数据，fd为:3156
2019年2月15日5时40分43秒	通过fd发送了一次数据，fd为:3157
2019年2月15日5时40分43秒	通过fd发送了一次数据，fd为:3158
2019年2月15日5时40分43秒	通过fd发送了一次数据，fd为:3159
2019年2月15日5时40分43秒	通过fd发送了一次数据，fd为:3158
2019年2月15日5时40分43秒	通过fd发送了一次数据，fd为:3160
2019年2月15日5时40分43秒	通过fd发送了一次数据，fd为:3161
2019年2月15日5时40分43秒	通过fd发送了一次数据，fd为:3162
2019年2月15日5时40分43秒	通过fd发送了一次数据，fd为:3163
2019年2月15日5时40分43秒	通过fd发送了一次数据，fd为:3162
2019年2月15日5时40分43秒	通过fd发送了一次数据，fd为:
3163
2019年2月15日5时40分43秒	通过fd发送了一次数据，fd为:3162
2019年2月15日5时40分43秒	通过fd发送了一次数据，fd为:3162
2019年2月15日5时40分43秒	通过fd发送了一次数据，fd为:3163
2019年2月15日5时40分43秒	通过fd发送了一次数据，fd为:3164
2019年2月15日5时40分43秒	通过fd发送了一次数据，fd为:3165
2019年2月15日5时40分43秒	通过fd发送了一次数据，fd为:3164
2019年2月15日5时40分43秒	通过fd发送了一次数据，fd为:3166
2019年2月15日5时40分43秒	通过fd发送了一次数据，fd为:3167
2019年2月15日5时40分43秒	通过fd发送了一次数据，fd为:3166
2019年2月15日5时40分43秒	通过fd发送了一次数据，fd为:3167
2019年2月15日5时40分43秒	通过fd发送了一次数据，fd为:3168
2019年2月15日5时40分43秒	通过fd发送了一次数据，fd为:3169
2019年2月15日5时40分43秒	通过fd发送了一次数据，fd为:3170
2019年2月15日5时40分43秒	通过fd发送了一次数据，fd为:3170

3163
2019年2月15日5时40分43秒	通过fd发送了一次数据，fd为:3162
2019年2月15日5时40分43秒	通过fd发送了一次数据，fd为:3162
2019年2月15日5时40分43秒	通过fd发送了一次数据，fd为:3163
2019年2月15日5时40分43秒	通过fd发送了一次数据，fd为:3164
2019年2月15日5时40分43秒	通过fd发送了一次数据，fd为:3165
2019年2月15日5时40分43秒	通过fd发送了一次数据，fd为:3164
2019年2月15日5时40分43秒	通过fd发送了一次数据，fd为:3166
2019年2月15日5时40分43秒	通过fd发送了一次数据，fd为:3167
2019年2月15日5时40分43秒	通过fd发送了一次数据，fd为:3166
2019年2月15日5时40分43秒	通过fd发送了一次数据，fd为:3167
2019年2月15日5时40分43秒	通过fd发送了一次数据，fd为:3168
2019年2月15日5时40分43秒	通过fd发送了一次数据，fd为:3169
2019年2月15日5时40分43秒	通过fd发送了一次数据，fd为:3170
2019年2月15日5时40分43秒	通过fd发送了一次数据，fd为:3170

3163
2019年2月15日5时40分43秒	通过fd发送了一次数据，fd为:3162
2019年2月15日5时40分43秒	通过fd发送了一次数据，fd为:3162
2019年2月15日5时40分43秒	通过fd发送了一次数据，fd为:3163
2019年2月15日5时40分43秒	通过fd发送了一次数据，fd为:3164
2019年2月15日5时40分43秒	通过fd发送了一次数据，fd为:3165
2019年2月15日5时40分43秒	通过fd发送了一次数据，fd为:3164
2019年2月15日5时40分43秒	通过fd发送了一次数据，fd为:3166
2019年2月15日5时40分43秒	通过fd发送了一次数据，fd为:3167
2019年2月15日5时40分43秒	通过fd发送了一次数据，fd为:3166
2019年2月15日5时40分43秒	通过fd发送了一次数据，fd为:3167
2019年2月15日5时40分43秒	通过fd发送了一次数据，fd为:3168
2019年2月15日5时40分43秒	通过fd发送了一次数据，fd为:3169
2019年2月15日5时40分43秒	通过fd发送了一次数据，fd为:3170
2019年2月15日5时40分43秒	通过fd发送了一次数据，fd为:3170

2019年2月15日5时40分43秒	通过fd发送了一次数据，fd为:3171
2019年2月15日5时40分43秒	通过fd发送了一次数据，fd为:3170
2019年2月15日5时40分43秒	通过fd发送了一次数据，fd为:3172
2019年2月15日5时40分43秒	通过fd发送了一次数据，fd为:3173
2019年2月15日5时40分43秒	通过fd发送了一次数据，fd为:3173
2019年2月15日5时40分43秒	通过fd发送了一次数据，fd为:3174
2019年2月15日5时40分43秒	通过fd发送了一次数据，fd为:3175
2019年2月15日5时40分43秒	通过fd发送了一次数据，fd为:3176
2019年2月15日5时40分43秒	通过fd发送了一次数据，fd为:3177
2019年2月15日5时40分43秒	通过fd发送了一次数据，fd为:3176
2019年2月15日5时40分43秒	通过fd发送了一次数据，fd为:3178
2019年2月15日5时40分43秒	通过fd发送了一次数据，fd为:3179
2019年2月15日5时40分43秒	通过fd发送了一次数据，fd为:3180
2019年2月15日5时40分43秒	通过fd发送了一次数据，fd为:
3181
2019年2月15日5时40分43秒	通过fd发送了一次数据，fd为:3182
2019年2月15日5时40分43秒	通过fd发送了一次数据，fd为:3181
2019年2月15日5时40分43秒	通过fd发送了一次数据，fd为:3183
2019年2月15日5时40分43秒	通过fd发送了一次数据，fd为:3183
2019年2月15日5时40分43秒	通过fd发送了一次数据，fd为:3184
2019年2月15日5时40分43秒	通过fd发送了一次数据，fd为:3185
2019年2月15日5时40分43秒	通过fd发送了一次数据，fd为:3184
2019年2月15日5时40分43秒	通过fd发送了一次数据，fd为:3186
2019年2月15日5时40分43秒	通过fd发送了一次数据，fd为:3187
2019年2月15日5时40分43秒	通过fd发送了一次数据，fd为:3188
2019年2月15日5时40分43秒	通过fd发送了一次数据，fd为:3189
2019年2月15日5时40分43秒	通过fd发送了一次数据，fd为:3190
2019年2月15日5时40分43秒	通过fd发送了一次数据，fd为:3191
2019年2月15日5时40分43秒	通过fd发送了一次数据，fd为:3191

3181
2019年2月15日5时40分43秒	通过fd发送了一次数据，fd为:3182
2019年2月15日5时40分43秒	通过fd发送了一次数据，fd为:3181
2019年2月15日5时40分43秒	通过fd发送了一次数据，fd为:3183
2019年2月15日5时40分43秒	通过fd发送了一次数据，fd为:3183
2019年2月15日5时40分43秒	通过fd发送了一次数据，fd为:3184
2019年2月15日5时40分43秒	通过fd发送了一次数据，fd为:3185
2019年2月15日5时40分43秒	通过fd发送了一次数据，fd为:3184
2019年2月15日5时40分43秒	通过fd发送了一次数据，fd为:3186
2019年2月15日5时40分43秒	通过fd发送了一次数据，fd为:3187
2019年2月15日5时40分43秒	通过fd发送了一次数据，fd为:3188
2019年2月15日5时40分43秒	通过fd发送了一次数据，fd为:3189
2019年2月15日5时40分43秒	通过fd发送了一次数据，fd为:3190
2019年2月15日5时40分43秒	通过fd发送了一次数据，fd为:3191
2019年2月15日5时40分43秒	通过fd发送了一次数据，fd为:3191

3181
2019年2月15日5时40分43秒	通过fd发送了一次数据，fd为:3182
2019年2月15日5时40分43秒	通过fd发送了一次数据，fd为:3181
2019年2月15日5时40分43秒	通过fd发送了一次数据，fd为:3183
2019年2月15日5时40分43秒	通过fd发送了一次数据，fd为:3183
2019年2月15日5时40分43秒	通过fd发送了一次数据，fd为:3184
2019年2月15日5时40分43秒	通过fd发送了一次数据，fd为:3185
2019年2月15日5时40分43秒	通过fd发送了一次数据，fd为:3184
2019年2月15日5时40分43秒	通过fd发送了一次数据，fd为:3186
2019年2月15日5时40分43秒	通过fd发送了一次数据，fd为:3187
2019年2月15日5时40分43秒	通过fd发送了一次数据，fd为:3188
2019年2月15日5时40分43秒	通过fd发送了一次数据，fd为:3189
2019年2月15日5时40分43秒	通过fd发送了一次数据，fd为:3190
2019年2月15日5时40分43秒	通过fd发送了一次数据，fd为:3191
2019年2月15日5时40分43秒	通过fd发送了一次数据，fd为:3191

2019年2月15日5时40分43秒	通过fd发送了一次数据，fd为:3192
2019年2月15日5时40分43秒	通过fd发送了一次数据，fd为:3191
2019年2月15日5时40分43秒	通过fd发送了一次数据，fd为:3191
2019年2月15日5时40分43秒	通过fd发送了一次数据，fd为:3193
2019年2月15日5时40分43秒	通过fd发送了一次数据，fd为:3194
2019年2月15日5时40分43秒	通过fd发送了一次数据，fd为:3195
2019年2月15日5时40分43秒	通过fd发送了一次数据，fd为:3196
2019年2月15日5时40分43秒	通过fd发送了一次数据，fd为:3197
2019年2月15日5时40分43秒	通过fd发送了一次数据，fd为:3198
2019年2月15日5时40分43秒	通过fd发送了一次数据，fd为:3199
2019年2月15日5时40分43秒	通过fd发送了一次数据，fd为:3200
2019年2月15日5时40分43秒	通过fd发送了一次数据，fd为:3199
2019年2月15日5时40分43秒	通过fd发送了一次数据，fd为:3201
2019年2月15日5时40分43秒	通过fd发送了一次数据，fd为:
3202
2019年2月15日5时40分43秒	通过fd发送了一次数据，fd为:3203
2019年2月15日5时40分43秒	通过fd发送了一次数据，fd为:3203
2019年2月15日5时40分43秒	通过fd发送了一次数据，fd为:3204
2019年2月15日5时40分43秒	通过fd发送了一次数据，fd为:3205
2019年2月15日5时40分43秒	通过fd发送了一次数据，fd为:3206
2019年2月15日5时40分43秒	通过fd发送了一次数据，fd为:3205
2019年2月15日5时40分43秒	通过fd发送了一次数据，fd为:3207
2019年2月15日5时40分43秒	通过fd发送了一次数据，fd为:3207
2019年2月15日5时40分43秒	通过fd发送了一次数据，fd为:3208
2019年2月15日5时40分43秒	通过fd发送了一次数据，fd为:3209
2019年2月15日5时40分43秒	通过fd发送了一次数据，fd为:3210
2019年2月15日5时40分43秒	通过fd发送了一次数据，fd为:3210
2019年2月15日5时40分43秒	通过fd发送了一次数据，fd为:3211
2019年2月15日5时40分43秒	通过fd发送了一次数据，fd为:3212

3202
2019年2月15日5时40分43秒	通过fd发送了一次数据，fd为:3203
2019年2月15日5时40分43秒	通过fd发送了一次数据，fd为:3203
2019年2月15日5时40分43秒	通过fd发送了一次数据，fd为:3204
2019年2月15日5时40分43秒	通过fd发送了一次数据，fd为:3205
2019年2月15日5时40分43秒	通过fd发送了一次数据，fd为:3206
2019年2月15日5时40分43秒	通过fd发送了一次数据，fd为:3205
2019年2月15日5时40分43秒	通过fd发送了一次数据，fd为:3207
2019年2月15日5时40分43秒	通过fd发送了一次数据，fd为:3207
2019年2月15日5时40分43秒	通过fd发送了一次数据，fd为:3208
2019年2月15日5时40分43秒	通过fd发送了一次数据，fd为:3209
2019年2月15日5时40分43秒	通过fd发送了一次数据，fd为:3210
2019年2月15日5时40分43秒	通过fd发送了一次数据，fd为:3210
2019年2月15日5时40分43秒	通过fd发送了一次数据，fd为:3211
2019年2月15日5时40分43秒	通过fd发送了一次数据，fd为:3212

3202
2019年2月15日5时40分43秒	通过fd发送了一次数据，fd为:3203
2019年2月15日5时40分43秒	通过fd发送了一次数据，fd为:3203
2019年2月15日5时40分43秒	通过fd发送了一次数据，fd为:3204
2019年2月15日5时40分43秒	通过fd发送了一次数据，fd为:3205
2019年2月15日5时40分43秒	通过fd发送了一次数据，fd为:3206
2019年2月15日5时40分43秒	通过fd发送了一次数据，fd为:3205
2019年2月15日5时40分43秒	通过fd发送了一次数据，fd为:3207
2019年2月15日5时40分43秒	通过fd发送了一次数据，fd为:3207
2019年2月15日5时40分43秒	通过fd发送了一次数据，fd为:3208
2019年2月15日5时40分43秒	通过fd发送了一次数据，fd为:3209
2019年2月15日5时40分43秒	通过fd发送了一次数据，fd为:3210
2019年2月15日5时40分43秒	通过fd发送了一次数据，fd为:3210
2019年2月15日5时40分43秒	通过fd发送了一次数据，fd为:3211
2019年2月15日5时40分43秒	通过fd发送了一次数据，fd为:3212

2019年2月15日5时40分43秒	通过fd发送了一次数据，fd为:3213
2019年2月15日5时40分43秒	通过fd发送了一次数据，fd为:3212
2019年2月15日5时40分43秒	通过fd发送了一次数据，fd为:3214
2019年2月15日5时40分43秒	通过fd发送了一次数据，fd为:3215
2019年2月15日5时40分43秒	通过fd发送了一次数据，fd为:3216
2019年2月15日5时40分43秒	通过fd发送了一次数据，fd为:3217
2019年2月15日5时40分43秒	通过fd发送了一次数据，fd为:3217
2019年2月15日5时40分43秒	通过fd发送了一次数据，fd为:3218
2019年2月15日5时40分43秒	通过fd发送了一次数据，fd为:3219
2019年2月15日5时40分43秒	通过fd发送了一次数据，fd为:3220
2019年2月15日5时40分43秒	通过fd发送了一次数据，fd为:3220
2019年2月15日5时40分43秒	通过fd发送了一次数据，fd为:3221
2019年2月15日5时40分43秒	通过fd发送了一次数据，fd为:3222
2019年2月15日5时40分43秒	通过fd发送了一次数据，fd为:
3223
2019年2月15日5时40分43秒	通过fd发送了一次数据，fd为:3222
2019年2月15日5时40分43秒	通过fd发送了一次数据，fd为:3224
2019年2月15日5时40分43秒	通过fd发送了一次数据，fd为:3222
2019年2月15日5时40分43秒	通过fd发送了一次数据，fd为:3225
2019年2月15日5时40分43秒	通过fd发送了一次数据，fd为:3226
2019年2月15日5时40分43秒	通过fd发送了一次数据，fd为:3227
2019年2月15日5时40分43秒	通过fd发送了一次数据，fd为:3228
2019年2月15日5时40分43秒	通过fd发送了一次数据，fd为:3229
2019年2月15日5时40分43秒	通过fd发送了一次数据，fd为:3230
2019年2月15日5时40分43秒	通过fd发送了一次数据，fd为:3231
2019年2月15日5时40分43秒	通过fd发送了一次数据，fd为:3232
2019年2月15日5时40分43秒	通过fd发送了一次数据，fd为:3231
2019年2月15日5时40分43秒	通过fd发送了一次数据，fd为:3233
2019年2月15日5时40分43秒	通过fd发送了一次数据，fd为:
3234
2019年2月15日5时40分43秒	通过fd发送了一次数据，fd为:3235
2019年2月15日5时40分43秒	通过fd发送了一次数据，fd为:3234
2019年2月15日5时40分43秒	通过fd发送了一次数据，fd为:3236
2019年2月15日5时40分43秒	通过fd发送了一次数据，fd为:3237

2019年2月15日5时40分43秒	通过fd发送了一次数据，fd为:3238
2019年2月15日5时40分43秒	通过fd发送了一次数据，fd为:3239
2019年2月15日5时40分43秒	通过fd发送了一次数据，fd为:3240
2019年2月15日5时40分44秒	通过fd发送了一次数据，fd为:3241
2019年2月15日5时40分44秒	通过fd发送了一次数据，fd为:3240
2019年2月15日5时40分44秒	通过fd发送了一次数据，fd为:3242
2019年2月15日5时40分44秒	通过fd发送了一次数据，fd为:3243
2019年2月15日5时40分44秒	通过fd发送了一次数据，fd为:3244
2019年2月15日5时40分44秒	通过fd发送了一次数据，fd为:3245
2019年2月15日5时40分44秒	通过fd发送了一次数据，fd为:3245
2019年2月15日5时40分44秒	通过fd发送了一次数据，fd为:3246
2019年2月15日5时40分44秒	通过fd发送了一次数据，fd为:3247
2019年2月15日5时40分44秒	通过fd发送了一次数据，fd为:3248
2019年2月15日5时40分44秒	通过fd发送了一次数据，fd为:3249

2019年2月15日5时40分43秒	通过fd发送了一次数据，fd为:3238
2019年2月15日5时40分43秒	通过fd发送了一次数据，fd为:3239
2019年2月15日5时40分43秒	通过fd发送了一次数据，fd为:3240
2019年2月15日5时40分44秒	通过fd发送了一次数据，fd为:3241
2019年2月15日5时40分44秒	通过fd发送了一次数据，fd为:3240
2019年2月15日5时40分44秒	通过fd发送了一次数据，fd为:3242
2019年2月15日5时40分44秒	通过fd发送了一次数据，fd为:3243
2019年2月15日5时40分44秒	通过fd发送了一次数据，fd为:3244
2019年2月15日5时40分44秒	通过fd发送了一次数据，fd为:3245
2019年2月15日5时40分44秒	通过fd发送了一次数据，fd为:3245
2019年2月15日5时40分44秒	通过fd发送了一次数据，fd为:3246
2019年2月15日5时40分44秒	通过fd发送了一次数据，fd为:3247
2019年2月15日5时40分44秒	通过fd发送了一次数据，fd为:3248
2019年2月15日5时40分44秒	通过fd发送了一次数据，fd为:3249

2019年2月15日5时40分43秒	通过fd发送了一次数据，fd为:3238
2019年2月15日5时40分43秒	通过fd发送了一次数据，fd为:3239
2019年2月15日5时40分43秒	通过fd发送了一次数据，fd为:3240
2019年2月15日5时40分44秒	通过fd发送了一次数据，fd为:3241
2019年2月15日5时40分44秒	通过fd发送了一次数据，fd为:3240
2019年2月15日5时40分44秒	通过fd发送了一次数据，fd为:3242
2019年2月15日5时40分44秒	通过fd发送了一次数据，fd为:3243
2019年2月15日5时40分44秒	通过fd发送了一次数据，fd为:3244
2019年2月15日5时40分44秒	通过fd发送了一次数据，fd为:3245
2019年2月15日5时40分44秒	通过fd发送了一次数据，fd为:3245
2019年2月15日5时40分44秒	通过fd发送了一次数据，fd为:3246
2019年2月15日5时40分44秒	通过fd发送了一次数据，fd为:3247
2019年2月15日5时40分44秒	通过fd发送了一次数据，fd为:3248
2019年2月15日5时40分44秒	通过fd发送了一次数据，fd为:3249

2019年2月15日5时40分44秒	通过fd发送了一次数据，fd为:3248
2019年2月15日5时40分44秒	通过fd发送了一次数据，fd为:3249
2019年2月15日5时40分44秒	通过fd发送了一次数据，fd为:3250
2019年2月15日5时40分44秒	通过fd发送了一次数据，fd为:3251
2019年2月15日5时40分44秒	通过fd发送了一次数据，fd为:3252
2019年2月15日5时40分44秒	通过fd发送了一次数据，fd为:3253
2019年2月15日5时40分44秒	通过fd发送了一次数据，fd为:3252
2019年2月15日5时40分44秒	通过fd发送了一次数据，fd为:3254
2019年2月15日5时40分44秒	通过fd发送了一次数据，fd为:3255
2019年2月15日5时40分44秒	通过fd发送了一次数据，fd为:3254
2019年2月15日5时40分44秒	通过fd发送了一次数据，fd为:3255
2019年2月15日5时40分44秒	通过fd发送了一次数据，fd为:3256
2019年2月15日5时40分44秒	通过fd发送了一次数据，fd为:3257
2019年2月15日5时40分44秒	通过fd发送了一次数据，fd为:
3258
2019年2月15日5时40分44秒	通过fd发送了一次数据，fd为:3259
2019年2月15日5时40分44秒	通过fd发送了一次数据，fd为:3259
2019年2月15日5时40分44秒	通过fd发送了一次数据，fd为:3260
2019年2月15日5时40分44秒	通过fd发送了一次数据，fd为:3261
2019年2月15日5时40分44秒	通过fd发送了一次数据，fd为:3262
2019年2月15日5时40分44秒	通过fd发送了一次数据，fd为:3263
2019年2月15日5时40分44秒	通过fd发送了一次数据，fd为:3264
2019年2月15日5时40分44秒	通过fd发送了一次数据，fd为:3263
2019年2月15日5时40分44秒	通过fd发送了一次数据，fd为:3265
2019年2月15日5时40分44秒	通过fd发送了一次数据，fd为:3266
2019年2月15日5时40分44秒	通过fd发送了一次数据，fd为:3267
2019年2月15日5时40分44秒	通过fd发送了一次数据，fd为:3268
2019年2月15日5时40分44秒	通过fd发送了一次数据，fd为:3267
2019年2月15日5时40分44秒	通过fd发送了一次数据，fd为:3269

3258
2019年2月15日5时40分44秒	通过fd发送了一次数据，fd为:3259
2019年2月15日5时40分44秒	通过fd发送了一次数据，fd为:3259
2019年2月15日5时40分44秒	通过fd发送了一次数据，fd为:3260
2019年2月15日5时40分44秒	通过fd发送了一次数据，fd为:3261
2019年2月15日5时40分44秒	通过fd发送了一次数据，fd为:3262
2019年2月15日5时40分44秒	通过fd发送了一次数据，fd为:3263
2019年2月15日5时40分44秒	通过fd发送了一次数据，fd为:3264
2019年2月15日5时40分44秒	通过fd发送了一次数据，fd为:3263
2019年2月15日5时40分44秒	通过fd发送了一次数据，fd为:3265
2019年2月15日5时40分44秒	通过fd发送了一次数据，fd为:3266
2019年2月15日5时40分44秒	通过fd发送了一次数据，fd为:3267
2019年2月15日5时40分44秒	通过fd发送了一次数据，fd为:3268
2019年2月15日5时40分44秒	通过fd发送了一次数据，fd为:3267
2019年2月15日5时40分44秒	通过fd发送了一次数据，fd为:3269

3258
2019年2月15日5时40分44秒	通过fd发送了一次数据，fd为:3259
2019年2月15日5时40分44秒	通过fd发送了一次数据，fd为:3259
2019年2月15日5时40分44秒	通过fd发送了一次数据，fd为:3260
2019年2月15日5时40分44秒	通过fd发送了一次数据，fd为:3261
2019年2月15日5时40分44秒	通过fd发送了一次数据，fd为:3262
2019年2月15日5时40分44秒	通过fd发送了一次数据，fd为:3263
2019年2月15日5时40分44秒	通过fd发送了一次数据，fd为:3264
2019年2月15日5时40分44秒	通过fd发送了一次数据，fd为:3263
2019年2月15日5时40分44秒	通过fd发送了一次数据，fd为:3265
2019年2月15日5时40分44秒	通过fd发送了一次数据，fd为:3266
2019年2月15日5时40分44秒	通过fd发送了一次数据，fd为:3267
2019年2月15日5时40分44秒	通过fd发送了一次数据，fd为:3268
2019年2月15日5时40分44秒	通过fd发送了一次数据，fd为:3267
2019年2月15日5时40分44秒	通过fd发送了一次数据，fd为:3269

2019年2月15日5时40分44秒	通过fd发送了一次数据，fd为:3270
2019年2月15日5时40分44秒	通过fd发送了一次数据，fd为:3271
2019年2月15日5时40分44秒	通过fd发送了一次数据，fd为:3272
2019年2月15日5时40分44秒	通过fd发送了一次数据，fd为:3273
2019年2月15日5时40分44秒	通过fd发送了一次数据，fd为:3274
2019年2月15日5时40分44秒	通过fd发送了一次数据，fd为:3275
2019年2月15日5时40分44秒	通过fd发送了一次数据，fd为:3276
2019年2月15日5时40分44秒	通过fd发送了一次数据，fd为:3277
2019年2月15日5时40分44秒	通过fd发送了一次数据，fd为:3278
2019年2月15日5时40分44秒	通过fd发送了一次数据，fd为:3279
2019年2月15日5时40分44秒	通过fd发送了一次数据，fd为:3278
2019年2月15日5时40分44秒	通过fd发送了一次数据，fd为:3279
2019年2月15日5时40分44秒	通过fd发送了一次数据，fd为:3280
2019年2月15日5时40分44秒	通过fd发送了一次数据，fd为:
3281
2019年2月15日5时40分44秒	通过fd发送了一次数据，fd为:3282
2019年2月15日5时40分44秒	通过fd发送了一次数据，fd为:3283
2019年2月15日5时40分44秒	通过fd发送了一次数据，fd为:3284
2019年2月15日5时40分44秒	通过fd发送了一次数据，fd为:3283
2019年2月15日5时40分44秒	通过fd发送了一次数据，fd为:3285
2019年2月15日5时40分44秒	通过fd发送了一次数据，fd为:3286
2019年2月15日5时40分44秒	通过fd发送了一次数据，fd为:3287
2019年2月15日5时40分44秒	通过fd发送了一次数据，fd为:3288
2019年2月15日5时40分44秒	通过fd发送了一次数据，fd为:3287
2019年2月15日5时40分44秒	通过fd发送了一次数据，fd为:3289
2019年2月15日5时40分44秒	通过fd发送了一次数据，fd为:3290
2019年2月15日5时40分44秒	通过fd发送了一次数据，fd为:3291
2019年2月15日5时40分44秒	通过fd发送了一次数据，fd为:3292
2019年2月15日5时40分44秒	通过fd发送了一次数据，fd为:
3293
2019年2月15日5时40分44秒	通过fd发送了一次数据，fd为:3294
2019年2月15日5时40分44秒	通过fd发送了一次数据，fd为:3295
2019年2月15日5时40分44秒	通过fd发送了一次数据，fd为:3296
2019年2月15日5时40分44秒	通过fd发送了一次数据，fd为:3297
2019年2月15日5时40分44秒	通过fd发送了一次数据，fd为:3298
2019年2月15日5时40分44秒	通过fd发送了一次数据，fd为:3299
2019年2月15日5时40分44秒	通过fd发送了一次数据，fd为:3300
2019年2月15日5时40分44秒	通过fd发送了一次数据，fd为:3301
2019年2月15日5时40分44秒	通过fd发送了一次数据，fd为:3302
2019年2月15日5时40分44秒	通过fd发送了一次数据，fd为:3303
2019年2月15日5时40分44秒	通过fd发送了一次数据，fd为:3304
2019年2月15日5时40分44秒	通过fd发送了一次数据，fd为:3305
2019年2月15日5时40分44秒	通过fd发送了一次数据，fd为:3306
2019年2月15日5时40分44秒	通过fd发送了一次数据，fd为:
3307
2019年2月15日5时40分44秒	通过fd发送了一次数据，fd为:3308
2019年2月15日5时40分44秒	通过fd发送了一次数据，fd为:3309
2019年2月15日5时40分44秒	通过fd发送了一次数据，fd为:3308
2019年2月15日5时40分44秒	通过fd发送了一次数据，fd为:3310
2019年2月15日5时40分44秒	通过fd发送了一次数据，fd为:3311
2019年2月15日5时40分44秒	通过fd发送了一次数据，fd为:3312
2019年2月15日5时40分44秒	通过fd发送了一次数据，fd为:3313
2019年2月15日5时40分44秒	通过fd发送了一次数据，fd为:3314
2019年2月15日5时40分44秒	通过fd发送了一次数据，fd为:3315
2019年2月15日5时40分44秒	通过fd发送了一次数据，fd为:3316
2019年2月15日5时40分44秒	通过fd发送了一次数据，fd为:3317
2019年2月15日5时40分44秒	通过fd发送了一次数据，fd为:3318
2019年2月15日5时40分44秒	通过fd发送了一次数据，fd为:3318
2019年2月15日5时40分44秒	通过fd发送了一次数据，fd为:3318

3307
2019年2月15日5时40分44秒	通过fd发送了一次数据，fd为:3308
2019年2月15日5时40分44秒	通过fd发送了一次数据，fd为:3309
2019年2月15日5时40分44秒	通过fd发送了一次数据，fd为:3308
2019年2月15日5时40分44秒	通过fd发送了一次数据，fd为:3310
2019年2月15日5时40分44秒	通过fd发送了一次数据，fd为:3311
2019年2月15日5时40分44秒	通过fd发送了一次数据，fd为:3312
2019年2月15日5时40分44秒	通过fd发送了一次数据，fd为:3313
2019年2月15日5时40分44秒	通过fd发送了一次数据，fd为:3314
2019年2月15日5时40分44秒	通过fd发送了一次数据，fd为:3315
2019年2月15日5时40分44秒	通过fd发送了一次数据，fd为:3316
2019年2月15日5时40分44秒	通过fd发送了一次数据，fd为:3317
2019年2月15日5时40分44秒	通过fd发送了一次数据，fd为:3318
2019年2月15日5时40分44秒	通过fd发送了一次数据，fd为:3318
2019年2月15日5时40分44秒	通过fd发送了一次数据，fd为:3318

3307
2019年2月15日5时40分44秒	通过fd发送了一次数据，fd为:3308
2019年2月15日5时40分44秒	通过fd发送了一次数据，fd为:3309
2019年2月15日5时40分44秒	通过fd发送了一次数据，fd为:3308
2019年2月15日5时40分44秒	通过fd发送了一次数据，fd为:3310
2019年2月15日5时40分44秒	通过fd发送了一次数据，fd为:3311
2019年2月15日5时40分44秒	通过fd发送了一次数据，fd为:3312
2019年2月15日5时40分44秒	通过fd发送了一次数据，fd为:3313
2019年2月15日5时40分44秒	通过fd发送了一次数据，fd为:3314
2019年2月15日5时40分44秒	通过fd发送了一次数据，fd为:3315
2019年2月15日5时40分44秒	通过fd发送了一次数据，fd为:3316
2019年2月15日5时40分44秒	通过fd发送了一次数据，fd为:3317
2019年2月15日5时40分44秒	通过fd发送了一次数据，fd为:3318
2019年2月15日5时40分44秒	通过fd发送了一次数据，fd为:3318
2019年2月15日5时40分44秒	通过fd发送了一次数据，fd为:3318

2019年2月15日5时40分44秒	通过fd发送了一次数据，fd为:3318
2019年2月15日5时40分44秒	通过fd发送了一次数据，fd为:3318
2019年2月15日5时40分44秒	通过fd发送了一次数据，fd为:3319
2019年2月15日5时40分44秒	通过fd发送了一次数据，fd为:3320
2019年2月15日5时40分44秒	通过fd发送了一次数据，fd为:3319
2019年2月15日5时40分44秒	通过fd发送了一次数据，fd为:3321
2019年2月15日5时40分44秒	通过fd发送了一次数据，fd为:3322
2019年2月15日5时40分44秒	通过fd发送了一次数据，fd为:3321
2019年2月15日5时40分44秒	通过fd发送了一次数据，fd为:3322
2019年2月15日5时40分44秒	通过fd发送了一次数据，fd为:3323
2019年2月15日5时40分44秒	通过fd发送了一次数据，fd为:3322
2019年2月15日5时40分44秒	通过fd发送了一次数据，fd为:3324
2019年2月15日5时40分44秒	通过fd发送了一次数据，fd为:3325
2019年2月15日5时40分44秒	通过fd发送了一次数据，fd为:
3325
2019年2月15日5时40分44秒	通过fd发送了一次数据，fd为:3326
2019年2月15日5时40分44秒	通过fd发送了一次数据，fd为:3325
2019年2月15日5时40分44秒	通过fd发送了一次数据，fd为:3327
2019年2月15日5时40分44秒	通过fd发送了一次数据，fd为:3325
2019年2月15日5时40分44秒	通过fd发送了一次数据，fd为:3325
2019年2月15日5时40分44秒	通过fd发送了一次数据，fd为:3328
2019年2月15日5时40分44秒	通过fd发送了一次数据，fd为:3329
2019年2月15日5时40分44秒	通过fd发送了一次数据，fd为:3330
2019年2月15日5时40分44秒	通过fd发送了一次数据，fd为:3331
2019年2月15日5时40分44秒	通过fd发送了一次数据，fd为:3332
2019年2月15日5时40分44秒	通过fd发送了一次数据，fd为:3333
2019年2月15日5时40分44秒	通过fd发送了一次数据，fd为:3334
2019年2月15日5时40分44秒	通过fd发送了一次数据，fd为:3335
2019年2月15日5时40分44秒	通过fd发送了一次数据，fd为:
3336
2019年2月15日5时40分44秒	通过fd发送了一次数据，fd为:3336
2019年2月15日5时40分44秒	通过fd发送了一次数据，fd为:3337
2019年2月15日5时40分44秒	通过fd发送了一次数据，fd为:3338
2019年2月15日5时40分44秒	通过fd发送了一次数据，fd为:3339
2019年2月15日5时40分44秒	通过fd发送了一次数据，fd为:3340
2019年2月15日5时40分44秒	通过fd发送了一次数据，fd为:3341
2019年2月15日5时40分44秒	通过fd发送了一次数据，fd为:3342
2019年2月15日5时40分44秒	通过fd发送了一次数据，fd为:3343
2019年2月15日5时40分44秒	通过fd发送了一次数据，fd为:3344
2019年2月15日5时40分44秒	通过fd发送了一次数据，fd为:3343
2019年2月15日5时40分44秒	通过fd发送了一次数据，fd为:3343
2019年2月15日5时40分44秒	通过fd发送了一次数据，fd为:3344
2019年2月15日5时40分44秒	通过fd发送了一次数据，fd为:3345
2019年2月15日5时40分44秒	通过fd发送了一次数据，fd为:
3346
2019年2月15日5时40分44秒	通过fd发送了一次数据，fd为:3347
2019年2月15日5时40分44秒	通过fd发送了一次数据，fd为:3348
2019年2月15日5时40分44秒	通过fd发送了一次数据，fd为:3348
2019年2月15日5时40分44秒	通过fd发送了一次数据，fd为:3349
2019年2月15日5时40分44秒	通过fd发送了一次数据，fd为:3350
2019年2月15日5时40分44秒	通过fd发送了一次数据，fd为:3351
2019年2月15日5时40分44秒	通过fd发送了一次数据，fd为:3350
2019年2月15日5时40分44秒	通过fd发送了一次数据，fd为:3352
2019年2月15日5时40分44秒	通过fd发送了一次数据，fd为:3350
2019年2月15日5时40分44秒	通过fd发送了一次数据，fd为:3353
2019年2月15日5时40分44秒	通过fd发送了一次数据，fd为:3354
2019年2月15日5时40分44秒	通过fd发送了一次数据，fd为:3355
2019年2月15日5时40分44秒	通过fd发送了一次数据，fd为:3356
2019年2月15日5时40分44秒	通过fd发送了一次数据，fd为:3357

3346
2019年2月15日5时40分44秒	通过fd发送了一次数据，fd为:3347
2019年2月15日5时40分44秒	通过fd发送了一次数据，fd为:3348
2019年2月15日5时40分44秒	通过fd发送了一次数据，fd为:3348
2019年2月15日5时40分44秒	通过fd发送了一次数据，fd为:3349
2019年2月15日5时40分44秒	通过fd发送了一次数据，fd为:3350
2019年2月15日5时40分44秒	通过fd发送了一次数据，fd为:3351
2019年2月15日5时40分44秒	通过fd发送了一次数据，fd为:3350
2019年2月15日5时40分44秒	通过fd发送了一次数据，fd为:3352
2019年2月15日5时40分44秒	通过fd发送了一次数据，fd为:3350
2019年2月15日5时40分44秒	通过fd发送了一次数据，fd为:3353
2019年2月15日5时40分44秒	通过fd发送了一次数据，fd为:3354
2019年2月15日5时40分44秒	通过fd发送了一次数据，fd为:3355
2019年2月15日5时40分44秒	通过fd发送了一次数据，fd为:3356
2019年2月15日5时40分44秒	通过fd发送了一次数据，fd为:3357

3346
2019年2月15日5时40分44秒	通过fd发送了一次数据，fd为:3347
2019年2月15日5时40分44秒	通过fd发送了一次数据，fd为:3348
2019年2月15日5时40分44秒	通过fd发送了一次数据，fd为:3348
2019年2月15日5时40分44秒	通过fd发送了一次数据，fd为:3349
2019年2月15日5时40分44秒	通过fd发送了一次数据，fd为:3350
2019年2月15日5时40分44秒	通过fd发送了一次数据，fd为:3351
2019年2月15日5时40分44秒	通过fd发送了一次数据，fd为:3350
2019年2月15日5时40分44秒	通过fd发送了一次数据，fd为:3352
2019年2月15日5时40分44秒	通过fd发送了一次数据，fd为:3350
2019年2月15日5时40分44秒	通过fd发送了一次数据，fd为:3353
2019年2月15日5时40分44秒	通过fd发送了一次数据，fd为:3354
2019年2月15日5时40分44秒	通过fd发送了一次数据，fd为:3355
2019年2月15日5时40分44秒	通过fd发送了一次数据，fd为:3356
2019年2月15日5时40分44秒	通过fd发送了一次数据，fd为:3357

2019年2月15日5时40分44秒	通过fd发送了一次数据，fd为:3358
2019年2月15日5时40分44秒	通过fd发送了一次数据，fd为:3359
2019年2月15日5时40分44秒	通过fd发送了一次数据，fd为:3360
2019年2月15日5时40分44秒	通过fd发送了一次数据，fd为:3361
2019年2月15日5时40分44秒	通过fd发送了一次数据，fd为:3362
2019年2月15日5时40分44秒	通过fd发送了一次数据，fd为:3363
2019年2月15日5时40分44秒	通过fd发送了一次数据，fd为:3364
2019年2月15日5时40分44秒	通过fd发送了一次数据，fd为:3365
2019年2月15日5时40分44秒	通过fd发送了一次数据，fd为:3364
2019年2月15日5时40分44秒	通过fd发送了一次数据，fd为:3365
2019年2月15日5时40分44秒	通过fd发送了一次数据，fd为:3364
2019年2月15日5时40分44秒	通过fd发送了一次数据，fd为:3366
2019年2月15日5时40分44秒	通过fd发送了一次数据，fd为:3367
2019年2月15日5时40分44秒	通过fd发送了一次数据，fd为:
3368
2019年2月15日5时40分44秒	通过fd发送了一次数据，fd为:3369
2019年2月15日5时40分44秒	通过fd发送了一次数据，fd为:3369
2019年2月15日5时40分44秒	通过fd发送了一次数据，fd为:3370
2019年2月15日5时40分44秒	通过fd发送了一次数据，fd为:3369
2019年2月15日5时40分44秒	通过fd发送了一次数据，fd为:3371
2019年2月15日5时40分44秒	通过fd发送了一次数据，fd为:3371
2019年2月15日5时40分44秒	通过fd发送了一次数据，fd为:3372
2019年2月15日5时40分44秒	通过fd发送了一次数据，fd为:3373
2019年2月15日5时40分44秒	通过fd发送了一次数据，fd为:3374
2019年2月15日5时40分44秒	通过fd发送了一次数据，fd为:3375
2019年2月15日5时40分44秒	通过fd发送了一次数据，fd为:3376
2019年2月15日5时40分44秒	通过fd发送了一次数据，fd为:3375
2019年2月15日5时40分44秒	通过fd发送了一次数据，fd为:3377
2019年2月15日5时40分44秒	通过fd发送了一次数据，fd为:3378

3368
2019年2月15日5时40分44秒	通过fd发送了一次数据，fd为:3369
2019年2月15日5时40分44秒	通过fd发送了一次数据，fd为:3369
2019年2月15日5时40分44秒	通过fd发送了一次数据，fd为:3370
2019年2月15日5时40分44秒	通过fd发送了一次数据，fd为:3369
2019年2月15日5时40分44秒	通过fd发送了一次数据，fd为:3371
2019年2月15日5时40分44秒	通过fd发送了一次数据，fd为:3371
2019年2月15日5时40分44秒	通过fd发送了一次数据，fd为:3372
2019年2月15日5时40分44秒	通过fd发送了一次数据，fd为:3373
2019年2月15日5时40分44秒	通过fd发送了一次数据，fd为:3374
2019年2月15日5时40分44秒	通过fd发送了一次数据，fd为:3375
2019年2月15日5时40分44秒	通过fd发送了一次数据，fd为:3376
2019年2月15日5时40分44秒	通过fd发送了一次数据，fd为:3375
2019年2月15日5时40分44秒	通过fd发送了一次数据，fd为:3377
2019年2月15日5时40分44秒	通过fd发送了一次数据，fd为:3378

3368
2019年2月15日5时40分44秒	通过fd发送了一次数据，fd为:3369
2019年2月15日5时40分44秒	通过fd发送了一次数据，fd为:3369
2019年2月15日5时40分44秒	通过fd发送了一次数据，fd为:3370
2019年2月15日5时40分44秒	通过fd发送了一次数据，fd为:3369
2019年2月15日5时40分44秒	通过fd发送了一次数据，fd为:3371
2019年2月15日5时40分44秒	通过fd发送了一次数据，fd为:3371
2019年2月15日5时40分44秒	通过fd发送了一次数据，fd为:3372
2019年2月15日5时40分44秒	通过fd发送了一次数据，fd为:3373
2019年2月15日5时40分44秒	通过fd发送了一次数据，fd为:3374
2019年2月15日5时40分44秒	通过fd发送了一次数据，fd为:3375
2019年2月15日5时40分44秒	通过fd发送了一次数据，fd为:3376
2019年2月15日5时40分44秒	通过fd发送了一次数据，fd为:3375
2019年2月15日5时40分44秒	通过fd发送了一次数据，fd为:3377
2019年2月15日5时40分44秒	通过fd发送了一次数据，fd为:3378

2019年2月15日5时40分44秒	通过fd发送了一次数据，fd为:3379
2019年2月15日5时40分44秒	通过fd发送了一次数据，fd为:3380
2019年2月15日5时40分44秒	通过fd发送了一次数据，fd为:3381
2019年2月15日5时40分44秒	通过fd发送了一次数据，fd为:3382
2019年2月15日5时40分44秒	通过fd发送了一次数据，fd为:3383
2019年2月15日5时40分44秒	通过fd发送了一次数据，fd为:3382
2019年2月15日5时40分44秒	通过fd发送了一次数据，fd为:3384
2019年2月15日5时40分44秒	通过fd发送了一次数据，fd为:3382
2019年2月15日5时40分44秒	通过fd发送了一次数据，fd为:3384
2019年2月15日5时40分44秒	通过fd发送了一次数据，fd为:3385
2019年2月15日5时40分44秒	通过fd发送了一次数据，fd为:3386
2019年2月15日5时40分44秒	通过fd发送了一次数据，fd为:3387
2019年2月15日5时40分44秒	通过fd发送了一次数据，fd为:3388
2019年2月15日5时40分44秒	通过fd发送了一次数据，fd为:
3387
2019年2月15日5时40分44秒	通过fd发送了一次数据，fd为:3389
2019年2月15日5时40分44秒	通过fd发送了一次数据，fd为:3387
2019年2月15日5时40分44秒	通过fd发送了一次数据，fd为:3390
2019年2月15日5时40分44秒	通过fd发送了一次数据，fd为:3391
2019年2月15日5时40分44秒	通过fd发送了一次数据，fd为:3392
2019年2月15日5时40分44秒	通过fd发送了一次数据，fd为:3392
2019年2月15日5时40分44秒	通过fd发送了一次数据，fd为:3393
2019年2月15日5时40分44秒	通过fd发送了一次数据，fd为:3392
2019年2月15日5时40分44秒	通过fd发送了一次数据，fd为:3394
2019年2月15日5时40分44秒	通过fd发送了一次数据，fd为:3395
2019年2月15日5时40分44秒	通过fd发送了一次数据，fd为:3396
2019年2月15日5时40分44秒	通过fd发送了一次数据，fd为:3397
2019年2月15日5时40分44秒	通过fd发送了一次数据，fd为:3398
2019年2月15日5时40分44秒	通过fd发送了一次数据，fd为:3399

3387
2019年2月15日5时40分44秒	通过fd发送了一次数据，fd为:3389
2019年2月15日5时40分44秒	通过fd发送了一次数据，fd为:3387
2019年2月15日5时40分44秒	通过fd发送了一次数据，fd为:3390
2019年2月15日5时40分44秒	通过fd发送了一次数据，fd为:3391
2019年2月15日5时40分44秒	通过fd发送了一次数据，fd为:3392
2019年2月15日5时40分44秒	通过fd发送了一次数据，fd为:3392
2019年2月15日5时40分44秒	通过fd发送了一次数据，fd为:3393
2019年2月15日5时40分44秒	通过fd发送了一次数据，fd为:3392
2019年2月15日5时40分44秒	通过fd发送了一次数据，fd为:3394
2019年2月15日5时40分44秒	通过fd发送了一次数据，fd为:3395
2019年2月15日5时40分44秒	通过fd发送了一次数据，fd为:3396
2019年2月15日5时40分44秒	通过fd发送了一次数据，fd为:3397
2019年2月15日5时40分44秒	通过fd发送了一次数据，fd为:3398
2019年2月15日5时40分44秒	通过fd发送了一次数据，fd为:3399

3387
2019年2月15日5时40分44秒	通过fd发送了一次数据，fd为:3389
2019年2月15日5时40分44秒	通过fd发送了一次数据，fd为:3387
2019年2月15日5时40分44秒	通过fd发送了一次数据，fd为:3390
2019年2月15日5时40分44秒	通过fd发送了一次数据，fd为:3391
2019年2月15日5时40分44秒	通过fd发送了一次数据，fd为:3392
2019年2月15日5时40分44秒	通过fd发送了一次数据，fd为:3392
2019年2月15日5时40分44秒	通过fd发送了一次数据，fd为:3393
2019年2月15日5时40分44秒	通过fd发送了一次数据，fd为:3392
2019年2月15日5时40分44秒	通过fd发送了一次数据，fd为:3394
2019年2月15日5时40分44秒	通过fd发送了一次数据，fd为:3395
2019年2月15日5时40分44秒	通过fd发送了一次数据，fd为:3396
2019年2月15日5时40分44秒	通过fd发送了一次数据，fd为:3397
2019年2月15日5时40分44秒	通过fd发送了一次数据，fd为:3398
2019年2月15日5时40分44秒	通过fd发送了一次数据，fd为:3399

2019年2月15日5时40分44秒	通过fd发送了一次数据，fd为:3400
2019年2月15日5时40分44秒	通过fd发送了一次数据，fd为:3401
2019年2月15日5时40分44秒	通过fd发送了一次数据，fd为:3402
2019年2月15日5时40分44秒	通过fd发送了一次数据，fd为:3403
2019年2月15日5时40分44秒	通过fd发送了一次数据，fd为:3404
2019年2月15日5时40分44秒	通过fd发送了一次数据，fd为:3403
2019年2月15日5时40分44秒	通过fd发送了一次数据，fd为:3404
2019年2月15日5时40分44秒	通过fd发送了一次数据，fd为:3405
2019年2月15日5时40分44秒	通过fd发送了一次数据，fd为:3404
2019年2月15日5时40分44秒	通过fd发送了一次数据，fd为:3406
2019年2月15日5时40分44秒	通过fd发送了一次数据，fd为:3404
2019年2月15日5时40分44秒	通过fd发送了一次数据，fd为:3406
2019年2月15日5时40分44秒	通过fd发送了一次数据，fd为:3407
2019年2月15日5时40分44秒	通过fd发送了一次数据，fd为:
3408
2019年2月15日5时40分44秒	通过fd发送了一次数据，fd为:3409
2019年2月15日5时40分44秒	通过fd发送了一次数据，fd为:3410
2019年2月15日5时40分44秒	通过fd发送了一次数据，fd为:3411
2019年2月15日5时40分44秒	通过fd发送了一次数据，fd为:3412
2019年2月15日5时40分44秒	通过fd发送了一次数据，fd为:3413
2019年2月15日5时40分44秒	通过fd发送了一次数据，fd为:3412
2019年2月15日5时40分44秒	通过fd发送了一次数据，fd为:3414
2019年2月15日5时40分44秒	通过fd发送了一次数据，fd为:3415
2019年2月15日5时40分44秒	通过fd发送了一次数据，fd为:3416
2019年2月15日5时40分44秒	通过fd发送了一次数据，fd为:3417
2019年2月15日5时40分44秒	通过fd发送了一次数据，fd为:3418
2019年2月15日5时40分44秒	通过fd发送了一次数据，fd为:3417
2019年2月15日5时40分44秒	通过fd发送了一次数据，fd为:3419
2019年2月15日5时40分44秒	通过fd发送了一次数据，fd为:3420

3408
2019年2月15日5时40分44秒	通过fd发送了一次数据，fd为:3409
2019年2月15日5时40分44秒	通过fd发送了一次数据，fd为:3410
2019年2月15日5时40分44秒	通过fd发送了一次数据，fd为:3411
2019年2月15日5时40分44秒	通过fd发送了一次数据，fd为:3412
2019年2月15日5时40分44秒	通过fd发送了一次数据，fd为:3413
2019年2月15日5时40分44秒	通过fd发送了一次数据，fd为:3412
2019年2月15日5时40分44秒	通过fd发送了一次数据，fd为:3414
2019年2月15日5时40分44秒	通过fd发送了一次数据，fd为:3415
2019年2月15日5时40分44秒	通过fd发送了一次数据，fd为:3416
2019年2月15日5时40分44秒	通过fd发送了一次数据，fd为:3417
2019年2月15日5时40分44秒	通过fd发送了一次数据，fd为:3418
2019年2月15日5时40分44秒	通过fd发送了一次数据，fd为:3417
2019年2月15日5时40分44秒	通过fd发送了一次数据，fd为:3419
2019年2月15日5时40分44秒	通过fd发送了一次数据，fd为:3420

3408
2019年2月15日5时40分44秒	通过fd发送了一次数据，fd为:3409
2019年2月15日5时40分44秒	通过fd发送了一次数据，fd为:3410
2019年2月15日5时40分44秒	通过fd发送了一次数据，fd为:3411
2019年2月15日5时40分44秒	通过fd发送了一次数据，fd为:3412
2019年2月15日5时40分44秒	通过fd发送了一次数据，fd为:3413
2019年2月15日5时40分44秒	通过fd发送了一次数据，fd为:3412
2019年2月15日5时40分44秒	通过fd发送了一次数据，fd为:3414
2019年2月15日5时40分44秒	通过fd发送了一次数据，fd为:3415
2019年2月15日5时40分44秒	通过fd发送了一次数据，fd为:3416
2019年2月15日5时40分44秒	通过fd发送了一次数据，fd为:3417
2019年2月15日5时40分44秒	通过fd发送了一次数据，fd为:3418
2019年2月15日5时40分44秒	通过fd发送了一次数据，fd为:3417
2019年2月15日5时40分44秒	通过fd发送了一次数据，fd为:3419
2019年2月15日5时40分44秒	通过fd发送了一次数据，fd为:3420

2019年2月15日5时40分44秒	通过fd发送了一次数据，fd为:3419
2019年2月15日5时40分44秒	通过fd发送了一次数据，fd为:3420
2019年2月15日5时40分44秒	通过fd发送了一次数据，fd为:3419
2019年2月15日5时40分44秒	通过fd发送了一次数据，fd为:3421
2019年2月15日5时40分44秒	通过fd发送了一次数据，fd为:3422
2019年2月15日5时40分44秒	通过fd发送了一次数据，fd为:3423
2019年2月15日5时40分44秒	通过fd发送了一次数据，fd为:3424
2019年2月15日5时40分44秒	通过fd发送了一次数据，fd为:3425
2019年2月15日5时40分44秒	通过fd发送了一次数据，fd为:3426
2019年2月15日5时40分44秒	通过fd发送了一次数据，fd为:3427
2019年2月15日5时40分44秒	通过fd发送了一次数据，fd为:3428
2019年2月15日5时40分44秒	通过fd发送了一次数据，fd为:3427
2019年2月15日5时40分44秒	通过fd发送了一次数据，fd为:3428
2019年2月15日5时40分44秒	通过fd发送了一次数据，fd为:
3427
2019年2月15日5时40分44秒	通过fd发送了一次数据，fd为:3429
2019年2月15日5时40分44秒	通过fd发送了一次数据，fd为:3430
2019年2月15日5时40分44秒	通过fd发送了一次数据，fd为:3431
2019年2月15日5时40分44秒	通过fd发送了一次数据，fd为:3432
2019年2月15日5时40分44秒	通过fd发送了一次数据，fd为:3433
2019年2月15日5时40分44秒	通过fd发送了一次数据，fd为:3434
2019年2月15日5时40分44秒	通过fd发送了一次数据，fd为:3435
2019年2月15日5时40分44秒	通过fd发送了一次数据，fd为:3436
2019年2月15日5时40分44秒	通过fd发送了一次数据，fd为:3437
2019年2月15日5时40分44秒	通过fd发送了一次数据，fd为:3438
2019年2月15日5时40分44秒	通过fd发送了一次数据，fd为:3437
2019年2月15日5时40分44秒	通过fd发送了一次数据，fd为:3439
2019年2月15日5时40分44秒	通过fd发送了一次数据，fd为:3440
2019年2月15日5时40分44秒	通过fd发送了一次数据，fd为:3441

3427
2019年2月15日5时40分44秒	通过fd发送了一次数据，fd为:3429
2019年2月15日5时40分44秒	通过fd发送了一次数据，fd为:3430
2019年2月15日5时40分44秒	通过fd发送了一次数据，fd为:3431
2019年2月15日5时40分44秒	通过fd发送了一次数据，fd为:3432
2019年2月15日5时40分44秒	通过fd发送了一次数据，fd为:3433
2019年2月15日5时40分44秒	通过fd发送了一次数据，fd为:3434
2019年2月15日5时40分44秒	通过fd发送了一次数据，fd为:3435
2019年2月15日5时40分44秒	通过fd发送了一次数据，fd为:3436
2019年2月15日5时40分44秒	通过fd发送了一次数据，fd为:3437
2019年2月15日5时40分44秒	通过fd发送了一次数据，fd为:3438
2019年2月15日5时40分44秒	通过fd发送了一次数据，fd为:3437
2019年2月15日5时40分44秒	通过fd发送了一次数据，fd为:3439
2019年2月15日5时40分44秒	通过fd发送了一次数据，fd为:3440
2019年2月15日5时40分44秒	通过fd发送了一次数据，fd为:3441

3427
2019年2月15日5时40分44秒	通过fd发送了一次数据，fd为:3429
2019年2月15日5时40分44秒	通过fd发送了一次数据，fd为:3430
2019年2月15日5时40分44秒	通过fd发送了一次数据，fd为:3431
2019年2月15日5时40分44秒	通过fd发送了一次数据，fd为:3432
2019年2月15日5时40分44秒	通过fd发送了一次数据，fd为:3433
2019年2月15日5时40分44秒	通过fd发送了一次数据，fd为:3434
2019年2月15日5时40分44秒	通过fd发送了一次数据，fd为:3435
2019年2月15日5时40分44秒	通过fd发送了一次数据，fd为:3436
2019年2月15日5时40分44秒	通过fd发送了一次数据，fd为:3437
2019年2月15日5时40分44秒	通过fd发送了一次数据，fd为:3438
2019年2月15日5时40分44秒	通过fd发送了一次数据，fd为:3437
2019年2月15日5时40分44秒	通过fd发送了一次数据，fd为:3439
2019年2月15日5时40分44秒	通过fd发送了一次数据，fd为:3440
2019年2月15日5时40分44秒	通过fd发送了一次数据，fd为:3441

2019年2月15日5时40分44秒	通过fd发送了一次数据，fd为:3442
2019年2月15日5时40分44秒	通过fd发送了一次数据，fd为:3443
2019年2月15日5时40分44秒	通过fd发送了一次数据，fd为:3444
2019年2月15日5时40分44秒	通过fd发送了一次数据，fd为:3443
2019年2月15日5时40分44秒	通过fd发送了一次数据，fd为:3445
2019年2月15日5时40分44秒	通过fd发送了一次数据，fd为:3446
2019年2月15日5时40分44秒	通过fd发送了一次数据，fd为:3447
2019年2月15日5时40分44秒	通过fd发送了一次数据，fd为:3448
2019年2月15日5时40分44秒	通过fd发送了一次数据，fd为:3449
2019年2月15日5时40分44秒	通过fd发送了一次数据，fd为:3450
2019年2月15日5时40分44秒	通过fd发送了一次数据，fd为:3451
2019年2月15日5时40分44秒	通过fd发送了一次数据，fd为:3452
2019年2月15日5时40分44秒	通过fd发送了一次数据，fd为:3453
2019年2月15日5时40分44秒	通过fd发送了一次数据，fd为:
3454
2019年2月15日5时40分44秒	通过fd发送了一次数据，fd为:3455
2019年2月15日5时40分44秒	通过fd发送了一次数据，fd为:3456
2019年2月15日5时40分44秒	通过fd发送了一次数据，fd为:3457
2019年2月15日5时40分44秒	通过fd发送了一次数据，fd为:3458
2019年2月15日5时40分44秒	通过fd发送了一次数据，fd为:3457
2019年2月15日5时40分44秒	通过fd发送了一次数据，fd为:3459
2019年2月15日5时40分44秒	通过fd发送了一次数据，fd为:3460
2019年2月15日5时40分44秒	通过fd发送了一次数据，fd为:3461
2019年2月15日5时40分44秒	通过fd发送了一次数据，fd为:3462
2019年2月15日5时40分44秒	通过fd发送了一次数据，fd为:3463
2019年2月15日5时40分44秒	通过fd发送了一次数据，fd为:3462
2019年2月15日5时40分44秒	通过fd发送了一次数据，fd为:3464
2019年2月15日5时40分44秒	通过fd发送了一次数据，fd为:3465
2019年2月15日5时40分44秒	通过fd发送了一次数据，fd为:3466

3454
2019年2月15日5时40分44秒	通过fd发送了一次数据，fd为:3455
2019年2月15日5时40分44秒	通过fd发送了一次数据，fd为:3456
2019年2月15日5时40分44秒	通过fd发送了一次数据，fd为:3457
2019年2月15日5时40分44秒	通过fd发送了一次数据，fd为:3458
2019年2月15日5时40分44秒	通过fd发送了一次数据，fd为:3457
2019年2月15日5时40分44秒	通过fd发送了一次数据，fd为:3459
2019年2月15日5时40分44秒	通过fd发送了一次数据，fd为:3460
2019年2月15日5时40分44秒	通过fd发送了一次数据，fd为:3461
2019年2月15日5时40分44秒	通过fd发送了一次数据，fd为:3462
2019年2月15日5时40分44秒	通过fd发送了一次数据，fd为:3463
2019年2月15日5时40分44秒	通过fd发送了一次数据，fd为:3462
2019年2月15日5时40分44秒	通过fd发送了一次数据，fd为:3464
2019年2月15日5时40分44秒	通过fd发送了一次数据，fd为:3465
2019年2月15日5时40分44秒	通过fd发送了一次数据，fd为:3466

3454
2019年2月15日5时40分44秒	通过fd发送了一次数据，fd为:3455
2019年2月15日5时40分44秒	通过fd发送了一次数据，fd为:3456
2019年2月15日5时40分44秒	通过fd发送了一次数据，fd为:3457
2019年2月15日5时40分44秒	通过fd发送了一次数据，fd为:3458
2019年2月15日5时40分44秒	通过fd发送了一次数据，fd为:3457
2019年2月15日5时40分44秒	通过fd发送了一次数据，fd为:3459
2019年2月15日5时40分44秒	通过fd发送了一次数据，fd为:3460
2019年2月15日5时40分44秒	通过fd发送了一次数据，fd为:3461
2019年2月15日5时40分44秒	通过fd发送了一次数据，fd为:3462
2019年2月15日5时40分44秒	通过fd发送了一次数据，fd为:3463
2019年2月15日5时40分44秒	通过fd发送了一次数据，fd为:3462
2019年2月15日5时40分44秒	通过fd发送了一次数据，fd为:3464
2019年2月15日5时40分44秒	通过fd发送了一次数据，fd为:3465
2019年2月15日5时40分44秒	通过fd发送了一次数据，fd为:3466

2019年2月15日5时40分44秒	通过fd发送了一次数据，fd为:3467
2019年2月15日5时40分44秒	通过fd发送了一次数据，fd为:3468
2019年2月15日5时40分44秒	通过fd发送了一次数据，fd为:3469
2019年2月15日5时40分44秒	通过fd发送了一次数据，fd为:3470
2019年2月15日5时40分44秒	通过fd发送了一次数据，fd为:3471
2019年2月15日5时40分44秒	通过fd发送了一次数据，fd为:3470
2019年2月15日5时40分44秒	通过fd发送了一次数据，fd为:3472
2019年2月15日5时40分44秒	通过fd发送了一次数据，fd为:3470
2019年2月15日5时40分44秒	通过fd发送了一次数据，fd为:3473
2019年2月15日5时40分44秒	通过fd发送了一次数据，fd为:3474
2019年2月15日5时40分44秒	通过fd发送了一次数据，fd为:3475
2019年2月15日5时40分44秒	通过fd发送了一次数据，fd为:3476
2019年2月15日5时40分44秒	通过fd发送了一次数据，fd为:3477
2019年2月15日5时40分44秒	通过fd发送了一次数据，fd为:
3478
2019年2月15日5时40分44秒	通过fd发送了一次数据，fd为:3479
2019年2月15日5时40分44秒	通过fd发送了一次数据，fd为:3480
2019年2月15日5时40分44秒	通过fd发送了一次数据，fd为:3479
2019年2月15日5时40分44秒	通过fd发送了一次数据，fd为:3481
2019年2月15日5时40分44秒	通过fd发送了一次数据，fd为:3482
2019年2月15日5时40分44秒	通过fd发送了一次数据，fd为:3483
2019年2月15日5时40分44秒	通过fd发送了一次数据，fd为:3484
2019年2月15日5时40分44秒	通过fd发送了一次数据，fd为:3485
2019年2月15日5时40分44秒	通过fd发送了一次数据，fd为:3484
2019年2月15日5时40分44秒	通过fd发送了一次数据，fd为:3486
2019年2月15日5时40分44秒	通过fd发送了一次数据，fd为:3487
2019年2月15日5时40分44秒	通过fd发送了一次数据，fd为:3488
2019年2月15日5时40分44秒	通过fd发送了一次数据，fd为:3489
2019年2月15日5时40分44秒	通过fd发送了一次数据，fd为:3490

3478
2019年2月15日5时40分44秒	通过fd发送了一次数据，fd为:3479
2019年2月15日5时40分44秒	通过fd发送了一次数据，fd为:3480
2019年2月15日5时40分44秒	通过fd发送了一次数据，fd为:3479
2019年2月15日5时40分44秒	通过fd发送了一次数据，fd为:3481
2019年2月15日5时40分44秒	通过fd发送了一次数据，fd为:3482
2019年2月15日5时40分44秒	通过fd发送了一次数据，fd为:3483
2019年2月15日5时40分44秒	通过fd发送了一次数据，fd为:3484
2019年2月15日5时40分44秒	通过fd发送了一次数据，fd为:3485
2019年2月15日5时40分44秒	通过fd发送了一次数据，fd为:3484
2019年2月15日5时40分44秒	通过fd发送了一次数据，fd为:3486
2019年2月15日5时40分44秒	通过fd发送了一次数据，fd为:3487
2019年2月15日5时40分44秒	通过fd发送了一次数据，fd为:3488
2019年2月15日5时40分44秒	通过fd发送了一次数据，fd为:3489
2019年2月15日5时40分44秒	通过fd发送了一次数据，fd为:3490

3478
2019年2月15日5时40分44秒	通过fd发送了一次数据，fd为:3479
2019年2月15日5时40分44秒	通过fd发送了一次数据，fd为:3480
2019年2月15日5时40分44秒	通过fd发送了一次数据，fd为:3479
2019年2月15日5时40分44秒	通过fd发送了一次数据，fd为:3481
2019年2月15日5时40分44秒	通过fd发送了一次数据，fd为:3482
2019年2月15日5时40分44秒	通过fd发送了一次数据，fd为:3483
2019年2月15日5时40分44秒	通过fd发送了一次数据，fd为:3484
2019年2月15日5时40分44秒	通过fd发送了一次数据，fd为:3485
2019年2月15日5时40分44秒	通过fd发送了一次数据，fd为:3484
2019年2月15日5时40分44秒	通过fd发送了一次数据，fd为:3486
2019年2月15日5时40分44秒	通过fd发送了一次数据，fd为:3487
2019年2月15日5时40分44秒	通过fd发送了一次数据，fd为:3488
2019年2月15日5时40分44秒	通过fd发送了一次数据，fd为:3489
2019年2月15日5时40分44秒	通过fd发送了一次数据，fd为:3490

2019年2月15日5时40分44秒	通过fd发送了一次数据，fd为:3491
2019年2月15日5时40分44秒	通过fd发送了一次数据，fd为:3492
2019年2月15日5时40分44秒	通过fd发送了一次数据，fd为:3493
2019年2月15日5时40分44秒	通过fd发送了一次数据，fd为:3494
2019年2月15日5时40分44秒	通过fd发送了一次数据，fd为:3495
2019年2月15日5时40分44秒	通过fd发送了一次数据，fd为:3496
2019年2月15日5时40分44秒	通过fd发送了一次数据，fd为:3497
2019年2月15日5时40分44秒	通过fd发送了一次数据，fd为:3498
2019年2月15日5时40分44秒	通过fd发送了一次数据，fd为:3498
2019年2月15日5时40分44秒	通过fd发送了一次数据，fd为:3499
2019年2月15日5时40分44秒	通过fd发送了一次数据，fd为:3500
2019年2月15日5时40分44秒	通过fd发送了一次数据，fd为:3501
2019年2月15日5时40分44秒	通过fd发送了一次数据，fd为:3502
2019年2月15日5时40分44秒	通过fd发送了一次数据，fd为:
3503
2019年2月15日5时40分44秒	通过fd发送了一次数据，fd为:3504
2019年2月15日5时40分44秒	通过fd发送了一次数据，fd为:3503
2019年2月15日5时40分44秒	通过fd发送了一次数据，fd为:3505
2019年2月15日5时40分44秒	通过fd发送了一次数据，fd为:3506
2019年2月15日5时40分44秒	通过fd发送了一次数据，fd为:3507
2019年2月15日5时40分44秒	通过fd发送了一次数据，fd为:3508
2019年2月15日5时40分44秒	通过fd发送了一次数据，fd为:3509
2019年2月15日5时40分44秒	通过fd发送了一次数据，fd为:3510
2019年2月15日5时40分44秒	通过fd发送了一次数据，fd为:3511
2019年2月15日5时40分44秒	通过fd发送了一次数据，fd为:3512
2019年2月15日5时40分44秒	通过fd发送了一次数据，fd为:3513
2019年2月15日5时40分44秒	通过fd发送了一次数据，fd为:3514
2019年2月15日5时40分44秒	通过fd发送了一次数据，fd为:3515
2019年2月15日5时40分44秒	通过fd发送了一次数据，fd为:3516

3503
2019年2月15日5时40分44秒	通过fd发送了一次数据，fd为:3504
2019年2月15日5时40分44秒	通过fd发送了一次数据，fd为:3503
2019年2月15日5时40分44秒	通过fd发送了一次数据，fd为:3505
2019年2月15日5时40分44秒	通过fd发送了一次数据，fd为:3506
2019年2月15日5时40分44秒	通过fd发送了一次数据，fd为:3507
2019年2月15日5时40分44秒	通过fd发送了一次数据，fd为:3508
2019年2月15日5时40分44秒	通过fd发送了一次数据，fd为:3509
2019年2月15日5时40分44秒	通过fd发送了一次数据，fd为:3510
2019年2月15日5时40分44秒	通过fd发送了一次数据，fd为:3511
2019年2月15日5时40分44秒	通过fd发送了一次数据，fd为:3512
2019年2月15日5时40分44秒	通过fd发送了一次数据，fd为:3513
2019年2月15日5时40分44秒	通过fd发送了一次数据，fd为:3514
2019年2月15日5时40分44秒	通过fd发送了一次数据，fd为:3515
2019年2月15日5时40分44秒	通过fd发送了一次数据，fd为:3516

3503
2019年2月15日5时40分44秒	通过fd发送了一次数据，fd为:3504
2019年2月15日5时40分44秒	通过fd发送了一次数据，fd为:3503
2019年2月15日5时40分44秒	通过fd发送了一次数据，fd为:3505
2019年2月15日5时40分44秒	通过fd发送了一次数据，fd为:3506
2019年2月15日5时40分44秒	通过fd发送了一次数据，fd为:3507
2019年2月15日5时40分44秒	通过fd发送了一次数据，fd为:3508
2019年2月15日5时40分44秒	通过fd发送了一次数据，fd为:3509
2019年2月15日5时40分44秒	通过fd发送了一次数据，fd为:3510
2019年2月15日5时40分44秒	通过fd发送了一次数据，fd为:3511
2019年2月15日5时40分44秒	通过fd发送了一次数据，fd为:3512
2019年2月15日5时40分44秒	通过fd发送了一次数据，fd为:3513
2019年2月15日5时40分44秒	通过fd发送了一次数据，fd为:3514
2019年2月15日5时40分44秒	通过fd发送了一次数据，fd为:3515
2019年2月15日5时40分44秒	通过fd发送了一次数据，fd为:3516




































testlog




2019年2月15日5时42分43秒	通过fd发送了一次数据，fd为:23
2019年2月15日5时42分43秒	通过fd发送了一次数据，fd为:21
2019年2月15日5时42分43秒	通过fd发送了一次数据，fd为:25
2019年2月15日5时42分43秒	通过fd发送了一次数据，fd为:22
2019年2月15日5时42分43秒	通过fd发送了一次数据，fd为:27
2019年2月15日5时42分43秒	通过fd发送了一次数据，fd为:26
2019年2月15日5时42分43秒	通过fd发送了一次数据，fd为:28
2019年2月15日5时42分43秒	通过fd发送了一次数据，fd为:32
2019年2月15日5时42分43秒	通过fd发送了一次数据，fd为:31
2019年2月15日5时42分43秒	通过fd发送了一次数据，fd为:38
2019年2月15日5时42分43秒	通过fd发送了一次数据，fd为:33
2019年2月15日5时42分43秒	通过fd发送了一次数据，fd为:43
2019年2月15日5时42分43秒	通过fd发送了一次数据，fd为:47
2019年2月15日5时42分43秒	通过fd发送了一次数据，fd为:
50
2019年2月15日5时42分43秒	通过fd发送了一次数据，fd为:83
2019年2月15日5时42分43秒	通过fd发送了一次数据，fd为:81
2019年2月15日5时42分43秒	通过fd发送了一次数据，fd为:51
2019年2月15日5时42分43秒	通过fd发送了一次数据，fd为:84
2019年2月15日5时42分43秒	通过fd发送了一次数据，fd为:86
2019年2月15日5时42分43秒	通过fd发送了一次数据，fd为:29
2019年2月15日5时42分43秒	通过fd发送了一次数据，fd为:87
2019年2月15日5时42分43秒	通过fd发送了一次数据，fd为:34
2019年2月15日5时42分43秒	通过fd发送了一次数据，fd为:96
2019年2月15日5时42分43秒	通过fd发送了一次数据，fd为:49
2019年2月15日5时42分43秒	通过fd发送了一次数据，fd为:98
2019年2月15日5时42分43秒	通过fd发送了一次数据，fd为:302019年2月15日5时42分43秒	通过fd发送了一次数据，fd为:90

2019年2月15日5时42分43秒	通过fd发送了一次数据，fd为:
2019年2月15日5时42分43秒	通过fd发送了一次数据，fd为:92
2019年2月15日5时42分43秒	通过fd发送了一次数据，fd为:78
2019年2月15日5时42分43秒	2019年2月15日5时42分43秒	通过fd发送了一次数据，fd为:82
2019年2月15日5时42分43秒	通过fd发送了一次数据，fd为:94
通过fd发送了一次数据，fd为:103
2019年2月15日5时42分43秒	通过fd发送了一次数据，fd为:107
2019年2月15日5时42分43秒	通过fd发送了一次数据，fd为:105
2019年2月15日5时42分43秒	通过fd发送了一次数据，fd为:100
2019年2月15日5时42分43秒	通过fd发送了一次数据，fd为:102
2019年2月15日5时42分43秒	通过fd发送了一次数据，fd为:99
2019年2月15日5时42分43秒	通过fd发送了一次数据，fd为:54
2019年2月15日5时42分43秒	通过fd发送了一次数据，fd为:113
2019年2月15日5时42分43秒	通过fd发送了一次数据，fd为:80
2019年2月15日5时42分43秒	通过fd发送了一次数据，fd为:
2019年2月15日5时42分43秒	通过fd发送了一次数据，fd为:108
2019年2月15日5时42分43秒	通过fd发送了一次数据，fd为:115
2019年2月15日5时42分43秒	通过fd发送了一次数据，fd为:116
2019年2月15日5时42分43秒	通过fd发送了一次数据，fd为:114
2019年2月15日5时42分43秒	通过fd发送了一次数据，fd为:117
2019年2月15日5时42分43秒	通过fd发送了一次数据，fd为:119
2019年2月15日5时42分43秒	通过fd发送了一次数据，fd为:121
2019年2月15日5时42分43秒	通过fd发送了一次数据，fd为:112
2019年2月15日5时42分43秒	通过fd发送了一次数据，fd为:106
2019年2月15日5时42分43秒	通过fd发送了一次数据，fd为:125
2019年2月15日5时42分43秒	通过fd发送了一次数据，fd为:124
2019年2月15日5时42分43秒	通过fd发送了一次数据，fd为:122
2019年2月15日5时42分43秒	通过fd发送了一次数据，fd为:118
2019年2月15日5时42分43秒	通过fd发送了一次数据，fd为:
129
2019年2月15日5时42分43秒	通过fd发送了一次数据，fd为:131
2019年2月15日5时42分43秒	通过fd发送了一次数据，fd为:127
2019年2月15日5时42分43秒	通过fd发送了一次数据，fd为:120
2019年2月15日5时42分43秒	通过fd发送了一次数据，fd为:104
2019年2月15日5时42分43秒	通过fd发送了一次数据，fd为:128
2019年2月15日5时42分43秒	通过fd发送了一次数据，fd为:29
2019年2月15日5时42分43秒	通过fd发送了一次数据，fd为:130
2019年2月15日5时42分43秒	通过fd发送了一次数据，fd为:54
2019年2月15日5时42分43秒	通过fd发送了一次数据，fd为:132
2019年2月15日5时42分43秒	通过fd发送了一次数据，fd为:133







testlog

2019年2月15日5时43分13秒	通过fd发送了一次数据，fd为:21
2019年2月15日5时43分13秒	通过fd发送了一次数据，fd为:23
2019年2月15日5时43分13秒	通过fd发送了一次数据，fd为:22
2019年2月15日5时43分13秒	通过fd发送了一次数据，fd为:2019年2月15日5时43分13秒	通过fd发送了一次数据，fd为:26
25
2019年2月15日5时43分13秒	通过fd发送了一次数据，fd为:27
2019年2月15日5时43分13秒	通过fd发送了一次数据，fd为:28
2019年2月15日5时43分13秒	通过fd发送了一次数据，fd为:30
2019年2月15日5时43分13秒	通过fd发送了一次数据，fd为:31
2019年2月15日5时43分13秒	通过fd发送了一次数据，fd为:32
2019年2月15日5时43分13秒	通过fd发送了一次数据，fd为:33
2019年2月15日5时43分13秒	通过fd发送了一次数据，fd为:34
2019年2月15日5时43分13秒	通过fd发送了一次数据，fd为:38
2019年2月15日5时43分13秒	通过fd发送了一次数据，fd为:
2019年2月15日5时43分13秒	通过fd发送了一次数据，fd为:29
2019年2月15日5时43分13秒	通过fd发送了一次数据，fd为:50
2019年2月15日5时43分13秒	通过fd发送了一次数据，fd为:51
2019年2月15日5时43分13秒	通过fd发送了一次数据，fd为:43
2019年2月15日5时43分13秒	通过fd发送了一次数据，fd为:54
2019年2月15日5时43分13秒	通过fd发送了一次数据，fd为:87
2019年2月15日5时43分13秒	通过fd发送了一次数据，fd为:90
2019年2月15日5时43分13秒	通过fd发送了一次数据，fd为:78
2019年2月15日5时43分13秒	通过fd发送了一次数据，fd为:94
2019年2月15日5时43分13秒	通过fd发送了一次数据，fd为:82
2019年2月15日5时43分13秒	通过fd发送了一次数据，fd为:80
2019年2月15日5时43分13秒	通过fd发送了一次数据，fd为:92
2019年2月15日5时43分13秒	通过fd发送了一次数据，fd为:96
2019年2月15日5时43分13秒	通过fd发送了一次数据，fd为:
2019年2月15日5时43分13秒	通过fd发送了一次数据，fd为:83
2019年2月15日5时43分13秒	通过fd发送了一次数据，fd为:98
2019年2月15日5时43分13秒	通过fd发送了一次数据，fd为:92
2019年2月15日5时43分13秒	通过fd发送了一次数据，fd为:99
2019年2月15日5时43分13秒	通过fd发送了一次数据，fd为:101
2019年2月15日5时43分13秒	通过fd发送了一次数据，fd为:100
2019年2月15日5时43分13秒	通过fd发送了一次数据，fd为:104
2019年2月15日5时43分13秒	通过fd发送了一次数据，fd为:102
2019年2月15日5时43分13秒	通过fd发送了一次数据，fd为:107
2019年2月15日5时43分13秒	通过fd发送了一次数据，fd为:106
2019年2月15日5时43分13秒	通过fd发送了一次数据，fd为:103
2019年2月15日5时43分13秒	通过fd发送了一次数据，fd为:105
2019年2月15日5时43分13秒	通过fd发送了一次数据，fd为:114
2019年2月15日5时43分13秒	通过fd发送了一次数据，fd为:
2019年2月15日5时43分13秒	通过fd发送了一次数据，fd为:113
2019年2月15日5时43分13秒	通过fd发送了一次数据，fd为:86
2019年2月15日5时43分13秒	通过fd发送了一次数据，fd为:112
2019年2月15日5时43分13秒	通过fd发送了一次数据，fd为:119
2019年2月15日5时43分13秒	通过fd发送了一次数据，fd为:120
2019年2月15日5时43分13秒	通过fd发送了一次数据，fd为:122
2019年2月15日5时43分13秒	通过fd发送了一次数据，fd为:124
2019年2月15日5时43分13秒	通过fd发送了一次数据，fd为:118
2019年2月15日5时43分13秒	通过fd发送了一次数据，fd为:121
2019年2月15日5时43分13秒	通过fd发送了一次数据，fd为:125
2019年2月15日5时43分13秒	通过fd发送了一次数据，fd为:127
2019年2月15日5时43分13秒	通过fd发送了一次数据，fd为:128
2019年2月15日5时43分13秒	通过fd发送了一次数据，fd为:129
2019年2月15日5时43分13秒	通过fd发送了一次数据，fd为:
2019年2月15日5时43分13秒	通过fd发送了一次数据，fd为:133
2019年2月15日5时43分13秒	通过fd发送了一次数据，fd为:132
2019年2月15日5时43分13秒	通过fd发送了一次数据，fd为:134
2019年2月15日5时43分13秒	通过fd发送了一次数据，fd为:135
2019年2月15日5时43分13秒	通过fd发送了一次数据，fd为:136
2019年2月15日5时43分13秒	通过fd发送了一次数据，fd为:137
2019年2月15日5时43分13秒	通过fd发送了一次数据，fd为:138
2019年2月15日5时43分13秒	通过fd发送了一次数据，fd为:139
2019年2月15日5时43分13秒	通过fd发送了一次数据，fd为:140
2019年2月15日5时43分13秒	通过fd发送了一次数据，fd为:141
2019年2月15日5时43分13秒	通过fd发送了一次数据，fd为:143
2019年2月15日5时43分13秒	通过fd发送了一次数据，fd为:142
2019年2月15日5时43分13秒	通过fd发送了一次数据，fd为:144
2019年2月15日5时43分13秒	通过fd发送了一次数据，fd为:
2019年2月15日5时43分13秒	通过fd发送了一次数据，fd为:148
2019年2月15日5时43分13秒	通过fd发送了一次数据，fd为:146
2019年2月15日5时43分13秒	通过fd发送了一次数据，fd为:143
2019年2月15日5时43分13秒	通过fd发送了一次数据，fd为:150
2019年2月15日5时43分13秒	通过fd发送了一次数据，fd为:151
2019年2月15日5时43分13秒	通过fd发送了一次数据，fd为:157
2019年2月15日5时43分13秒	2019年2月15日5时43分13秒	通过fd发送了一次数据，fd为:153
通过fd发送了一次数据，fd为:150
2019年2月15日5时43分13秒	通过fd发送了一次数据，fd为:159
2019年2月15日5时43分13秒	通过fd发送了一次数据，fd为:161
2019年2月15日5时43分13秒	通过fd发送了一次数据，fd为:160
2019年2月15日5时43分13秒	通过fd发送了一次数据，fd为:162
2019年2月15日5时43分13秒	通过fd发送了一次数据，fd为:145
2019年2月15日5时43分13秒	通过fd发送了一次数据，fd为:
2019年2月15日5时43分13秒	通过fd发送了一次数据，fd为:159
2019年2月15日5时43分13秒	通过fd发送了一次数据，fd为:167
2019年2月15日5时43分13秒	通过fd发送了一次数据，fd为:168
2019年2月15日5时43分13秒	通过fd发送了一次数据，fd为:170
2019年2月15日5时43分13秒	通过fd发送了一次数据，fd为:173
2019年2月15日5时43分13秒	通过fd发送了一次数据，fd为:172
2019年2月15日5时43分13秒	通过fd发送了一次数据，fd为:174
2019年2月15日5时43分13秒	通过fd发送了一次数据，fd为:166
2019年2月15日5时43分13秒	通过fd发送了一次数据，fd为:176
2019年2月15日5时43分13秒	通过fd发送了一次数据，fd为:171
2019年2月15日5时43分13秒	通过fd发送了一次数据，fd为:163
2019年2月15日5时43分13秒	通过fd发送了一次数据，fd为:169
2019年2月15日5时43分13秒	通过fd发送了一次数据，fd为:180
2019年2月15日5时43分13秒	通过fd发送了一次数据，fd为:
177
2019年2月15日5时43分13秒	通过fd发送了一次数据，fd为:181
2019年2月15日5时43分13秒	通过fd发送了一次数据，fd为:175
2019年2月15日5时43分13秒	通过fd发送了一次数据，fd为:179
2019年2月15日5时43分13秒	通过fd发送了一次数据，fd为:178
2019年2月15日5时43分13秒	通过fd发送了一次数据，fd为:182
2019年2月15日5时43分13秒	通过fd发送了一次数据，fd为:184
2019年2月15日5时43分13秒	通过fd发送了一次数据，fd为:185
2019年2月15日5时43分13秒	通过fd发送了一次数据，fd为:183
2019年2月15日5时43分13秒	通过fd发送了一次数据，fd为:186
2019年2月15日5时43分13秒	通过fd发送了一次数据，fd为:188
2019年2月15日5时43分13秒	通过fd发送了一次数据，fd为:174
2019年2月15日5时43分13秒	通过fd发送了一次数据，fd为:190
2019年2月15日5时43分13秒	通过fd发送了一次数据，fd为:193
2019年2月15日5时43分13秒	通过fd发送了一次数据，fd为:
2019年2月15日5时43分13秒	通过fd发送了一次数据，fd为:196
2019年2月15日5时43分13秒	通过fd发送了一次数据，fd为:189
2019年2月15日5时43分13秒	通过fd发送了一次数据，fd为:195
2019年2月15日5时43分13秒	通过fd发送了一次数据，fd为:197
2019年2月15日5时43分13秒	通过fd发送了一次数据，fd为:192
2019年2月15日5时43分13秒	通过fd发送了一次数据，fd为:194
2019年2月15日5时43分13秒	通过fd发送了一次数据，fd为:200
2019年2月15日5时43分13秒	通过fd发送了一次数据，fd为:202
2019年2月15日5时43分13秒	通过fd发送了一次数据，fd为:203
2019年2月15日5时43分13秒	通过fd发送了一次数据，fd为:205
2019年2月15日5时43分13秒	通过fd发送了一次数据，fd为:191
2019年2月15日5时43分13秒	通过fd发送了一次数据，fd为:187
2019年2月15日5时43分13秒	通过fd发送了一次数据，fd为:206
2019年2月15日5时43分13秒	通过fd发送了一次数据，fd为:
199
2019年2月15日5时43分13秒	通过fd发送了一次数据，fd为:204
2019年2月15日5时43分13秒	通过fd发送了一次数据，fd为:198
2019年2月15日5时43分13秒	通过fd发送了一次数据，fd为:201
2019年2月15日5时43分13秒	通过fd发送了一次数据，fd为:207
2019年2月15日5时43分13秒	通过fd发送了一次数据，fd为:208
2019年2月15日5时43分13秒	通过fd发送了一次数据，fd为:210
2019年2月15日5时43分13秒	通过fd发送了一次数据，fd为:209
2019年2月15日5时43分13秒	通过fd发送了一次数据，fd为:193
2019年2月15日5时43分13秒	通过fd发送了一次数据，fd为:197
2019年2月15日5时43分13秒	通过fd发送了一次数据，fd为:211
2019年2月15日5时43分13秒	通过fd发送了一次数据，fd为:214
2019年2月15日5时43分13秒	通过fd发送了一次数据，fd为:215
2019年2月15日5时43分13秒	通过fd发送了一次数据，fd为:213
2019年2月15日5时43分13秒	通过fd发送了一次数据，fd为:
2019年2月15日5时43分13秒	通过fd发送了一次数据，fd为:218
2019年2月15日5时43分13秒	通过fd发送了一次数据，fd为:216
2019年2月15日5时43分13秒	通过fd发送了一次数据，fd为:220
2019年2月15日5时43分13秒	通过fd发送了一次数据，fd为:222
2019年2月15日5时43分13秒	通过fd发送了一次数据，fd为:212
2019年2月15日5时43分13秒	通过fd发送了一次数据，fd为:223
2019年2月15日5时43分13秒	通过fd发送了一次数据，fd为:227
2019年2月15日5时43分13秒	通过fd发送了一次数据，fd为:226
2019年2月15日5时43分13秒	通过fd发送了一次数据，fd为:219
2019年2月15日5时43分13秒	通过fd发送了一次数据，fd为:221
2019年2月15日5时43分13秒	通过fd发送了一次数据，fd为:229
2019年2月15日5时43分13秒	通过fd发送了一次数据，fd为:228
2019年2月15日5时43分13秒	通过fd发送了一次数据，fd为:230
2019年2月15日5时43分13秒	通过fd发送了一次数据，fd为:
2019年2月15日5时43分13秒	通过fd发送了一次数据，fd为:208
2019年2月15日5时43分13秒	通过fd发送了一次数据，fd为:231
2019年2月15日5时43分13秒	通过fd发送了一次数据，fd为:236
2019年2月15日5时43分13秒	通过fd发送了一次数据，fd为:233
2019年2月15日5时43分13秒	通过fd发送了一次数据，fd为:237
2019年2月15日5时43分13秒	通过fd发送了一次数据，fd为:238
2019年2月15日5时43分13秒	通过fd发送了一次数据，fd为:239
2019年2月15日5时43分13秒	通过fd发送了一次数据，fd为:241
2019年2月15日5时43分13秒	通过fd发送了一次数据，fd为:235
2019年2月15日5时43分13秒	通过fd发送了一次数据，fd为:232
2019年2月15日5时43分13秒	2019年2月15日5时43分13秒	通过fd发送了一次数据，fd为:224
2019年2月15日5时43分13秒	通过fd发送了一次数据，fd为:244
2019年2月15日5时43分13秒	通过fd发送了一次数据，fd为:242
2019年2月15日5时43分13秒	通过fd发送了一次数据，fd为:
2019年2月15日5时43分13秒	通过fd发送了一次数据，fd为:240
234
通过fd发送了一次数据，fd为:243
2019年2月15日5时43分13秒	通过fd发送了一次数据，fd为:246
2019年2月15日5时43分13秒	通过fd发送了一次数据，fd为:245
2019年2月15日5时43分13秒	通过fd发送了一次数据，fd为:247
2019年2月15日5时43分13秒	通过fd发送了一次数据，fd为:245
2019年2月15日5时43分13秒	通过fd发送了一次数据，fd为:248





testlog

2019年2月15日5时50分50秒	通过fd发送了一次数据，fd为:21
2019年2月15日5时50分50秒	通过fd发送了一次数据，fd为:22
2019年2月15日5时50分50秒	通过fd发送了一次数据，fd为:23
2019年2月15日5时50分50秒	通过fd发送了一次数据，fd为:25
2019年2月15日5时50分50秒	通过fd发送了一次数据，fd为:26
2019年2月15日5时50分50秒	通过fd发送了一次数据，fd为:27





2019年2月15日5时51分5秒	通过fd发送了一次数据，fd为:28
2019年2月15日5时51分5秒	通过fd发送了一次数据，fd为:30
2019年2月15日5时51分5秒	通过fd发送了一次数据，fd为:29
2019年2月15日5时51分5秒	通过fd发送了一次数据，fd为:31
2019年2月15日5时51分5秒	通过fd发送了一次数据，fd为:32
2019年2月15日5时51分5秒	通过fd发送了一次数据，fd为:33

2019年2月15日5时51分8秒	通过fd发送了一次数据，fd为:34
2019年2月15日5时51分8秒	通过fd发送了一次数据，fd为:38
2019年2月15日5时51分8秒	通过fd发送了一次数据，fd为:43

2019年2月15日5时51分12秒	通过fd发送了一次数据，fd为:47
2019年2月15日5时51分12秒	通过fd发送了一次数据，fd为:50
2019年2月15日5时51分13秒	通过fd发送了一次数据，fd为:47


2019年2月15日5时51分17秒	通过fd发送了一次数据，fd为:47


2019年2月15日5时51分25秒	通过fd发送了一次数据，fd为:47
2019年2月15日5时51分25秒	通过fd发送了一次数据，fd为:49


2019年2月15日5时51分30秒	通过fd发送了一次数据，fd为:47
2019年2月15日5时51分30秒	通过fd发送了一次数据，fd为:49
2019年2月15日5时51分30秒	通过fd发送了一次数据，fd为:47
























testlog

2019年2月15日5时53分43秒	通过fd发送了一次数据，fd为:21
2019年2月15日5时53分43秒	通过fd发送了一次数据，fd为:22
2019年2月15日5时53分43秒	通过fd发送了一次数据，fd为:23
2019年2月15日5时53分43秒	通过fd发送了一次数据，fd为:27
2019年2月15日5时53分43秒	通过fd发送了一次数据，fd为:26
2019年2月15日5时53分43秒	通过fd发送了一次数据，fd为:25



2019年2月15日5时53分52秒	通过fd发送了一次数据，fd为:30
2019年2月15日5时53分52秒	通过fd发送了一次数据，fd为:28
2019年2月15日5时53分52秒	通过fd发送了一次数据，fd为:28
2019年2月15日5时53分52秒	通过fd发送了一次数据，fd为:30

2019年2月15日5时53分54秒	通过fd发送了一次数据，fd为:29
2019年2月15日5时53分55秒	通过fd发送了一次数据，fd为:29


