2019年2月7日23时23分0秒

hello loghello loghello loghello loghello loghello loghello log

hello loghello loghello loghello loghello loghello loghello log

testlog


2019年2月14日4时34分51秒	关闭了fd:21

2019年2月14日4时34分52秒	fd为:21
2019年2月14日4时34分52秒	fd为:33
2019年2月14日4时34分52秒	fd为:23
2019年2月14日4时34分52秒	fd为:38
2019年2月14日4时34分52秒	fd为:2019年2月14日4时34分52秒	2019年2月14日4时34分52秒	fd为:32
fd为:27
2019年2月14日4时34分52秒	fd为:22
25
2019年2月14日4时34分52秒	fd为:34
2019年2月14日4时34分52秒	fd为:35



2019年2月14日4时35分2秒	关闭了fd:22
2019年2月14日4时35分2秒	关闭了fd:25
2019年2月14日4时35分2秒	关闭了fd:23
2019年2月14日4时35分2秒	关闭了fd:35
2019年2月14日4时35分2秒	fd为:49
2019年2月14日4时35分2秒	fd为:59
2019年2月14日4时35分2秒	fd为:66
2019年2月14日4时35分2秒	fd为:64
2019年2月14日4时35分2秒	关闭了fd:34
2019年2月14日4时35分2秒	关闭了fd:59
2019年2月14日4时35分2秒	2019年2月14日4时35分2秒	关闭了fd:38
关闭了fd:64
2019年2月14日4时35分2秒	关闭了fd:21
2019年2月14日4时35分2秒	关闭了fd:33
2019年2月14日4时35分2秒	fd为:76
2019年2月14日4时35分2秒	关闭了fd:76
2019年2月14日4时35分2秒	关闭了fd:27
2019年2月14日4时35分2秒	关闭了fd:49
2019年2月14日4时35分2秒	关闭了fd:66
2019年2月14日4时35分2秒	fd为:78
2019年2月14日4时35分2秒	关闭了fd:78
2019年2月14日4时35分2秒	fd为:79
2019年2月14日4时35分2秒	fd为:83
2019年2月14日4时35分2秒	关闭了fd:
2019年2月14日4时35分2秒	fd为:84
2019年2月14日4时35分2秒	关闭了fd:84
2019年2月14日4时35分2秒	fd为:88
2019年2月14日4时35分2秒	关闭了fd:88
2019年2月14日4时35分2秒	fd为:89
2019年2月14日4时35分2秒	关闭了fd:89
2019年2月14日4时35分2秒	关闭了fd:32
2019年2月14日4时35分2秒	fd为:87
2019年2月14日4时35分2秒	关闭了fd:79
2019年2月14日4时35分2秒	fd为:85
2019年2月14日4时35分2秒	fd为:86
2019年2月14日4时35分2秒	关闭了fd:86
2019年2月14日4时35分2秒	fd为:96
2019年2月14日4时35分2秒	关闭了fd:96
2019年2月14日4时35分2秒	关闭了fd:85
2019年2月14日4时35分2秒	fd为:90
2019年2月14日4时35分2秒	关闭了fd:90
2019年2月14日4时35分2秒	fd为:103
2019年2月14日4时35分2秒	关闭了fd:103
2019年2月14日4时35分2秒	fd为:26
2019年2月14日4时35分2秒	关闭了fd:26
2019年2月14日4时35分2秒	fd为:28
2019年2月14日4时35分2秒	关闭了fd:28
2019年2月14日4时35分2秒	fd为:
2019年2月14日4时35分2秒	关闭了fd:87
2019年2月14日4时35分2秒	fd为:74
2019年2月14日4时35分2秒	关闭了fd:74
2019年2月14日4时35分2秒	关闭了fd:99
2019年2月14日4时35分2秒	fd为:29
2019年2月14日4时35分2秒	fd为:92
2019年2月14日4时35分2秒	关闭了fd:92
2019年2月14日4时35分2秒	fd为:82
2019年2月14日4时35分2秒	关闭了fd:82
2019年2月14日4时35分2秒	fd为:81
2019年2月14日4时35分2秒	fd为:31
2019年2月14日4时35分2秒	关闭了fd:31
2019年2月14日4时35分2秒	关闭了fd:81
2019年2月14日4时35分2秒	fd为:102
2019年2月14日4时35分2秒	关闭了fd:2019年2月14日4时35分2秒	关闭了fd:29
2019年2月14日4时35分2秒	fd为:91
2019年2月14日4时35分2秒	关闭了fd:91
2019年2月14日4时35分2秒	fd为:101
2019年2月14日4时35分2秒	关闭了fd:101
2019年2月14日4时35分2秒	fd为:105
2019年2月14日4时35分2秒	关闭了fd:105
102
2019年2月14日4时35分2秒	fd为:104
2019年2月14日4时35分2秒	关闭了fd:
2019年2月14日4时35分2秒	fd为:80
2019年2月14日4时35分2秒	关闭了fd:80
2019年2月14日4时35分2秒	fd为:100
2019年2月14日4时35分2秒	关闭了fd:100



























